Archive member included because of file (symbol)

/home/cmatar/bin/gcc-arm-none-eabi-4_9-2015q2/bin/../lib/gcc/arm-none-eabi/4.9.3/armv7-m/libgcc.a(_arm_addsubdf3.o)
                              ./pwm.o (__aeabi_dsub)
/home/cmatar/bin/gcc-arm-none-eabi-4_9-2015q2/bin/../lib/gcc/arm-none-eabi/4.9.3/armv7-m/libgcc.a(_arm_muldivdf3.o)
                              ./pwm.o (__aeabi_dmul)
/home/cmatar/bin/gcc-arm-none-eabi-4_9-2015q2/bin/../lib/gcc/arm-none-eabi/4.9.3/armv7-m/libgcc.a(_arm_cmpdf2.o)
                              ./timer.o (__aeabi_dcmpge)
/home/cmatar/bin/gcc-arm-none-eabi-4_9-2015q2/bin/../lib/gcc/arm-none-eabi/4.9.3/armv7-m/libgcc.a(_arm_fixunsdfsi.o)
                              ./pwm.o (__aeabi_d2uiz)
/home/cmatar/bin/gcc-arm-none-eabi-4_9-2015q2/bin/../lib/gcc/arm-none-eabi/4.9.3/../../../../arm-none-eabi/lib/armv7-m/libg.a(lib_a-exit.o)
                              /home/cmatar/bin/gcc-arm-none-eabi-4_9-2015q2/bin/../lib/gcc/arm-none-eabi/4.9.3/../../../../arm-none-eabi/lib/armv7-m/crt0.o (exit)
/home/cmatar/bin/gcc-arm-none-eabi-4_9-2015q2/bin/../lib/gcc/arm-none-eabi/4.9.3/../../../../arm-none-eabi/lib/armv7-m/libg.a(lib_a-impure.o)
                              /home/cmatar/bin/gcc-arm-none-eabi-4_9-2015q2/bin/../lib/gcc/arm-none-eabi/4.9.3/../../../../arm-none-eabi/lib/armv7-m/libg.a(lib_a-exit.o) (_global_impure_ptr)
/home/cmatar/bin/gcc-arm-none-eabi-4_9-2015q2/bin/../lib/gcc/arm-none-eabi/4.9.3/../../../../arm-none-eabi/lib/armv7-m/libg.a(lib_a-init.o)
                              /home/cmatar/bin/gcc-arm-none-eabi-4_9-2015q2/bin/../lib/gcc/arm-none-eabi/4.9.3/../../../../arm-none-eabi/lib/armv7-m/crt0.o (__libc_init_array)
/home/cmatar/bin/gcc-arm-none-eabi-4_9-2015q2/bin/../lib/gcc/arm-none-eabi/4.9.3/../../../../arm-none-eabi/lib/armv7-m/libg.a(lib_a-memset.o)
                              /home/cmatar/bin/gcc-arm-none-eabi-4_9-2015q2/bin/../lib/gcc/arm-none-eabi/4.9.3/../../../../arm-none-eabi/lib/armv7-m/crt0.o (memset)
/home/cmatar/bin/gcc-arm-none-eabi-4_9-2015q2/bin/../lib/gcc/arm-none-eabi/4.9.3/../../../../arm-none-eabi/lib/armv7-m/libg.a(lib_a-strlen.o)
                              ./uart.o (strlen)
/home/cmatar/bin/gcc-arm-none-eabi-4_9-2015q2/bin/../lib/gcc/arm-none-eabi/4.9.3/../../../../arm-none-eabi/lib/armv7-m/libg.a(lib_a-__call_atexit.o)
                              /home/cmatar/bin/gcc-arm-none-eabi-4_9-2015q2/bin/../lib/gcc/arm-none-eabi/4.9.3/../../../../arm-none-eabi/lib/armv7-m/libg.a(lib_a-exit.o) (__call_exitprocs)
/home/cmatar/bin/gcc-arm-none-eabi-4_9-2015q2/bin/../lib/gcc/arm-none-eabi/4.9.3/../../../../arm-none-eabi/lib/armv7-m/libg.a(lib_a-atexit.o)
                              /home/cmatar/bin/gcc-arm-none-eabi-4_9-2015q2/bin/../lib/gcc/arm-none-eabi/4.9.3/../../../../arm-none-eabi/lib/armv7-m/libg.a(lib_a-__call_atexit.o) (atexit)
/home/cmatar/bin/gcc-arm-none-eabi-4_9-2015q2/bin/../lib/gcc/arm-none-eabi/4.9.3/../../../../arm-none-eabi/lib/armv7-m/libg.a(lib_a-fini.o)
                              /home/cmatar/bin/gcc-arm-none-eabi-4_9-2015q2/bin/../lib/gcc/arm-none-eabi/4.9.3/../../../../arm-none-eabi/lib/armv7-m/libg.a(lib_a-__call_atexit.o) (__libc_fini_array)
/home/cmatar/bin/gcc-arm-none-eabi-4_9-2015q2/bin/../lib/gcc/arm-none-eabi/4.9.3/../../../../arm-none-eabi/lib/armv7-m/libg.a(lib_a-__atexit.o)
                              /home/cmatar/bin/gcc-arm-none-eabi-4_9-2015q2/bin/../lib/gcc/arm-none-eabi/4.9.3/../../../../arm-none-eabi/lib/armv7-m/libg.a(lib_a-atexit.o) (__register_exitproc)

Allocating common symbols
Common symbol       size              file

timer_1             0xc               ./timer.o
timer_0             0xc               ./timer.o

Discarded input sections

 .text          0x00000000        0x0 /home/cmatar/bin/gcc-arm-none-eabi-4_9-2015q2/bin/../lib/gcc/arm-none-eabi/4.9.3/armv7-m/crti.o
 .data          0x00000000        0x0 /home/cmatar/bin/gcc-arm-none-eabi-4_9-2015q2/bin/../lib/gcc/arm-none-eabi/4.9.3/armv7-m/crti.o
 .bss           0x00000000        0x0 /home/cmatar/bin/gcc-arm-none-eabi-4_9-2015q2/bin/../lib/gcc/arm-none-eabi/4.9.3/armv7-m/crti.o
 .init          0x00000000        0x4 /home/cmatar/bin/gcc-arm-none-eabi-4_9-2015q2/bin/../lib/gcc/arm-none-eabi/4.9.3/armv7-m/crti.o
 .fini          0x00000000        0x4 /home/cmatar/bin/gcc-arm-none-eabi-4_9-2015q2/bin/../lib/gcc/arm-none-eabi/4.9.3/armv7-m/crti.o
 .ARM.attributes
                0x00000000       0x1d /home/cmatar/bin/gcc-arm-none-eabi-4_9-2015q2/bin/../lib/gcc/arm-none-eabi/4.9.3/armv7-m/crti.o
 .text          0x00000000       0x5c /home/cmatar/bin/gcc-arm-none-eabi-4_9-2015q2/bin/../lib/gcc/arm-none-eabi/4.9.3/armv7-m/crtbegin.o
 .data          0x00000000        0x4 /home/cmatar/bin/gcc-arm-none-eabi-4_9-2015q2/bin/../lib/gcc/arm-none-eabi/4.9.3/armv7-m/crtbegin.o
 .bss           0x00000000       0x1c /home/cmatar/bin/gcc-arm-none-eabi-4_9-2015q2/bin/../lib/gcc/arm-none-eabi/4.9.3/armv7-m/crtbegin.o
 .init_array    0x00000000        0x4 /home/cmatar/bin/gcc-arm-none-eabi-4_9-2015q2/bin/../lib/gcc/arm-none-eabi/4.9.3/armv7-m/crtbegin.o
 .fini_array    0x00000000        0x4 /home/cmatar/bin/gcc-arm-none-eabi-4_9-2015q2/bin/../lib/gcc/arm-none-eabi/4.9.3/armv7-m/crtbegin.o
 .eh_frame      0x00000000        0x0 /home/cmatar/bin/gcc-arm-none-eabi-4_9-2015q2/bin/../lib/gcc/arm-none-eabi/4.9.3/armv7-m/crtbegin.o
 .jcr           0x00000000        0x0 /home/cmatar/bin/gcc-arm-none-eabi-4_9-2015q2/bin/../lib/gcc/arm-none-eabi/4.9.3/armv7-m/crtbegin.o
 .ARM.attributes
                0x00000000       0x2d /home/cmatar/bin/gcc-arm-none-eabi-4_9-2015q2/bin/../lib/gcc/arm-none-eabi/4.9.3/armv7-m/crtbegin.o
 .text          0x00000000       0x74 /home/cmatar/bin/gcc-arm-none-eabi-4_9-2015q2/bin/../lib/gcc/arm-none-eabi/4.9.3/../../../../arm-none-eabi/lib/armv7-m/crt0.o
 .data          0x00000000        0x0 /home/cmatar/bin/gcc-arm-none-eabi-4_9-2015q2/bin/../lib/gcc/arm-none-eabi/4.9.3/../../../../arm-none-eabi/lib/armv7-m/crt0.o
 .bss           0x00000000        0x0 /home/cmatar/bin/gcc-arm-none-eabi-4_9-2015q2/bin/../lib/gcc/arm-none-eabi/4.9.3/../../../../arm-none-eabi/lib/armv7-m/crt0.o
 .ARM.extab     0x00000000        0x0 /home/cmatar/bin/gcc-arm-none-eabi-4_9-2015q2/bin/../lib/gcc/arm-none-eabi/4.9.3/../../../../arm-none-eabi/lib/armv7-m/crt0.o
 .ARM.exidx     0x00000000        0x8 /home/cmatar/bin/gcc-arm-none-eabi-4_9-2015q2/bin/../lib/gcc/arm-none-eabi/4.9.3/../../../../arm-none-eabi/lib/armv7-m/crt0.o
 .ARM.attributes
                0x00000000       0x1b /home/cmatar/bin/gcc-arm-none-eabi-4_9-2015q2/bin/../lib/gcc/arm-none-eabi/4.9.3/../../../../arm-none-eabi/lib/armv7-m/crt0.o
 .group         0x00000000        0x8 ./Libraries/SYS/src/cr_startup_lpc13.o
 .text          0x00000000        0x0 ./Libraries/SYS/src/cr_startup_lpc13.o
 .data          0x00000000        0x0 ./Libraries/SYS/src/cr_startup_lpc13.o
 .bss           0x00000000        0x0 ./Libraries/SYS/src/cr_startup_lpc13.o
 .group         0x00000000        0x8 ./Libraries/SYS/src/system_LPC13xx.o
 .group         0x00000000        0x8 ./Libraries/SYS/src/system_LPC13xx.o
 .group         0x00000000        0x8 ./Libraries/SYS/src/system_LPC13xx.o
 .group         0x00000000        0x8 ./Libraries/SYS/src/system_LPC13xx.o
 .group         0x00000000        0x8 ./Libraries/SYS/src/system_LPC13xx.o
 .group         0x00000000        0x8 ./Libraries/SYS/src/system_LPC13xx.o
 .group         0x00000000        0x8 ./Libraries/SYS/src/system_LPC13xx.o
 .group         0x00000000        0x8 ./Libraries/SYS/src/system_LPC13xx.o
 .group         0x00000000        0x8 ./Libraries/SYS/src/system_LPC13xx.o
 .group         0x00000000        0x8 ./Libraries/SYS/src/system_LPC13xx.o
 .group         0x00000000        0x8 ./Libraries/SYS/src/system_LPC13xx.o
 .text          0x00000000        0x0 ./Libraries/SYS/src/system_LPC13xx.o
 .data          0x00000000        0x0 ./Libraries/SYS/src/system_LPC13xx.o
 .bss           0x00000000        0x0 ./Libraries/SYS/src/system_LPC13xx.o
 .text.SystemCoreClockUpdate
                0x00000000      0x264 ./Libraries/SYS/src/system_LPC13xx.o
 .debug_macro   0x00000000      0x862 ./Libraries/SYS/src/system_LPC13xx.o
 .group         0x00000000        0x8 ./commands.o
 .group         0x00000000        0x8 ./commands.o
 .group         0x00000000        0x8 ./commands.o
 .group         0x00000000        0x8 ./commands.o
 .group         0x00000000        0x8 ./commands.o
 .group         0x00000000        0x8 ./commands.o
 .group         0x00000000        0x8 ./commands.o
 .group         0x00000000        0x8 ./commands.o
 .group         0x00000000        0x8 ./commands.o
 .group         0x00000000        0x8 ./commands.o
 .group         0x00000000        0x8 ./commands.o
 .group         0x00000000        0x8 ./commands.o
 .group         0x00000000        0x8 ./commands.o
 .group         0x00000000        0x8 ./commands.o
 .group         0x00000000        0x8 ./commands.o
 .group         0x00000000        0x8 ./commands.o
 .group         0x00000000        0x8 ./commands.o
 .group         0x00000000        0x8 ./commands.o
 .group         0x00000000        0x8 ./commands.o
 .group         0x00000000        0x8 ./commands.o
 .group         0x00000000        0x8 ./commands.o
 .group         0x00000000        0x8 ./commands.o
 .group         0x00000000        0x8 ./commands.o
 .group         0x00000000        0x8 ./commands.o
 .group         0x00000000        0x8 ./commands.o
 .group         0x00000000        0x8 ./commands.o
 .group         0x00000000        0x8 ./commands.o
 .group         0x00000000        0x8 ./commands.o
 .text          0x00000000        0x0 ./commands.o
 .data          0x00000000        0x0 ./commands.o
 .bss           0x00000000        0x0 ./commands.o
 .debug_macro   0x00000000      0x862 ./commands.o
 .debug_macro   0x00000000       0x1c ./commands.o
 .debug_macro   0x00000000       0x3a ./commands.o
 .debug_macro   0x00000000       0x22 ./commands.o
 .debug_macro   0x00000000       0x44 ./commands.o
 .debug_macro   0x00000000       0x58 ./commands.o
 .debug_macro   0x00000000       0x22 ./commands.o
 .debug_macro   0x00000000      0x1df ./commands.o
 .debug_macro   0x00000000       0x2d ./commands.o
 .debug_macro   0x00000000      0xbb1 ./commands.o
 .debug_macro   0x00000000      0x115 ./commands.o
 .group         0x00000000        0x8 ./crc.o
 .group         0x00000000        0x8 ./crc.o
 .group         0x00000000        0x8 ./crc.o
 .group         0x00000000        0x8 ./crc.o
 .group         0x00000000        0x8 ./crc.o
 .group         0x00000000        0x8 ./crc.o
 .group         0x00000000        0x8 ./crc.o
 .text          0x00000000        0x0 ./crc.o
 .data          0x00000000        0x0 ./crc.o
 .bss           0x00000000        0x0 ./crc.o
 .text.check_crc16
                0x00000000       0x50 ./crc.o
 .debug_macro   0x00000000      0x862 ./crc.o
 .debug_macro   0x00000000       0x22 ./crc.o
 .debug_macro   0x00000000       0x44 ./crc.o
 .debug_macro   0x00000000       0x58 ./crc.o
 .debug_macro   0x00000000       0x22 ./crc.o
 .debug_macro   0x00000000      0x1df ./crc.o
 .group         0x00000000        0x8 ./gpio.o
 .group         0x00000000        0x8 ./gpio.o
 .group         0x00000000        0x8 ./gpio.o
 .group         0x00000000        0x8 ./gpio.o
 .group         0x00000000        0x8 ./gpio.o
 .group         0x00000000        0x8 ./gpio.o
 .group         0x00000000        0x8 ./gpio.o
 .group         0x00000000        0x8 ./gpio.o
 .group         0x00000000        0x8 ./gpio.o
 .group         0x00000000        0x8 ./gpio.o
 .group         0x00000000        0x8 ./gpio.o
 .group         0x00000000        0x8 ./gpio.o
 .text          0x00000000        0x0 ./gpio.o
 .data          0x00000000        0x0 ./gpio.o
 .bss           0x00000000        0x0 ./gpio.o
 .text.GPIO_TurnOnLED
                0x00000000       0x20 ./gpio.o
 .text.GPIO_TurnOffLED
                0x00000000       0x20 ./gpio.o
 .debug_macro   0x00000000      0x862 ./gpio.o
 .debug_macro   0x00000000       0x1c ./gpio.o
 .debug_macro   0x00000000       0x3a ./gpio.o
 .debug_macro   0x00000000       0x22 ./gpio.o
 .debug_macro   0x00000000       0x44 ./gpio.o
 .debug_macro   0x00000000       0x58 ./gpio.o
 .debug_macro   0x00000000       0x22 ./gpio.o
 .debug_macro   0x00000000      0x1df ./gpio.o
 .debug_macro   0x00000000       0x2d ./gpio.o
 .debug_macro   0x00000000      0xbb1 ./gpio.o
 .debug_macro   0x00000000      0x115 ./gpio.o
 .group         0x00000000        0x8 ./main.o
 .group         0x00000000        0x8 ./main.o
 .group         0x00000000        0x8 ./main.o
 .group         0x00000000        0x8 ./main.o
 .group         0x00000000        0x8 ./main.o
 .group         0x00000000        0x8 ./main.o
 .group         0x00000000        0x8 ./main.o
 .group         0x00000000        0x8 ./main.o
 .group         0x00000000        0x8 ./main.o
 .group         0x00000000        0x8 ./main.o
 .group         0x00000000        0x8 ./main.o
 .group         0x00000000        0x8 ./main.o
 .group         0x00000000        0x8 ./main.o
 .group         0x00000000        0x8 ./main.o
 .group         0x00000000        0x8 ./main.o
 .group         0x00000000        0x8 ./main.o
 .group         0x00000000        0x8 ./main.o
 .group         0x00000000        0x8 ./main.o
 .group         0x00000000        0x8 ./main.o
 .group         0x00000000        0x8 ./main.o
 .group         0x00000000        0x8 ./main.o
 .group         0x00000000        0x8 ./main.o
 .group         0x00000000        0x8 ./main.o
 .group         0x00000000        0x8 ./main.o
 .group         0x00000000        0x8 ./main.o
 .group         0x00000000        0x8 ./main.o
 .group         0x00000000        0x8 ./main.o
 .group         0x00000000        0x8 ./main.o
 .group         0x00000000        0x8 ./main.o
 .group         0x00000000        0x8 ./main.o
 .text          0x00000000        0x0 ./main.o
 .data          0x00000000        0x0 ./main.o
 .bss           0x00000000        0x0 ./main.o
 .debug_macro   0x00000000      0x862 ./main.o
 .debug_macro   0x00000000       0x1c ./main.o
 .debug_macro   0x00000000       0x3a ./main.o
 .debug_macro   0x00000000       0x22 ./main.o
 .debug_macro   0x00000000       0x44 ./main.o
 .debug_macro   0x00000000       0x58 ./main.o
 .debug_macro   0x00000000       0x22 ./main.o
 .debug_macro   0x00000000      0x1df ./main.o
 .debug_macro   0x00000000       0x2d ./main.o
 .debug_macro   0x00000000      0xbb1 ./main.o
 .debug_macro   0x00000000      0x115 ./main.o
 .debug_macro   0x00000000       0x28 ./main.o
 .debug_macro   0x00000000       0x3a ./main.o
 .debug_macro   0x00000000       0x16 ./main.o
 .debug_macro   0x00000000       0x58 ./main.o
 .debug_macro   0x00000000       0x35 ./main.o
 .debug_macro   0x00000000       0x9c ./main.o
 .debug_macro   0x00000000      0x16d ./main.o
 .debug_macro   0x00000000       0x52 ./main.o
 .debug_macro   0x00000000       0x16 ./main.o
 .debug_macro   0x00000000       0x43 ./main.o
 .debug_macro   0x00000000      0x180 ./main.o
 .debug_macro   0x00000000      0x27a ./main.o
 .debug_macro   0x00000000       0x10 ./main.o
 .debug_macro   0x00000000       0x35 ./main.o
 .debug_macro   0x00000000       0x28 ./main.o
 .debug_macro   0x00000000       0x1c ./main.o
 .debug_macro   0x00000000       0xe2 ./main.o
 .group         0x00000000        0x8 ./pwm.o
 .group         0x00000000        0x8 ./pwm.o
 .group         0x00000000        0x8 ./pwm.o
 .group         0x00000000        0x8 ./pwm.o
 .group         0x00000000        0x8 ./pwm.o
 .group         0x00000000        0x8 ./pwm.o
 .group         0x00000000        0x8 ./pwm.o
 .group         0x00000000        0x8 ./pwm.o
 .group         0x00000000        0x8 ./pwm.o
 .group         0x00000000        0x8 ./pwm.o
 .group         0x00000000        0x8 ./pwm.o
 .group         0x00000000        0x8 ./pwm.o
 .group         0x00000000        0x8 ./pwm.o
 .text          0x00000000        0x0 ./pwm.o
 .data          0x00000000        0x0 ./pwm.o
 .bss           0x00000000        0x0 ./pwm.o
 .text.stopPWM  0x00000000       0x34 ./pwm.o
 .debug_macro   0x00000000      0x862 ./pwm.o
 .debug_macro   0x00000000       0x1c ./pwm.o
 .debug_macro   0x00000000       0x3a ./pwm.o
 .debug_macro   0x00000000       0x22 ./pwm.o
 .debug_macro   0x00000000       0x44 ./pwm.o
 .debug_macro   0x00000000       0x58 ./pwm.o
 .debug_macro   0x00000000       0x22 ./pwm.o
 .debug_macro   0x00000000      0x1df ./pwm.o
 .debug_macro   0x00000000       0x2d ./pwm.o
 .debug_macro   0x00000000      0xbb1 ./pwm.o
 .debug_macro   0x00000000      0x115 ./pwm.o
 .debug_macro   0x00000000       0x28 ./pwm.o
 .group         0x00000000        0x8 ./timer.o
 .group         0x00000000        0x8 ./timer.o
 .group         0x00000000        0x8 ./timer.o
 .group         0x00000000        0x8 ./timer.o
 .group         0x00000000        0x8 ./timer.o
 .group         0x00000000        0x8 ./timer.o
 .group         0x00000000        0x8 ./timer.o
 .group         0x00000000        0x8 ./timer.o
 .group         0x00000000        0x8 ./timer.o
 .group         0x00000000        0x8 ./timer.o
 .group         0x00000000        0x8 ./timer.o
 .group         0x00000000        0x8 ./timer.o
 .group         0x00000000        0x8 ./timer.o
 .group         0x00000000        0x8 ./timer.o
 .group         0x00000000        0x8 ./timer.o
 .group         0x00000000        0x8 ./timer.o
 .group         0x00000000        0x8 ./timer.o
 .group         0x00000000        0x8 ./timer.o
 .group         0x00000000        0x8 ./timer.o
 .group         0x00000000        0x8 ./timer.o
 .group         0x00000000        0x8 ./timer.o
 .group         0x00000000        0x8 ./timer.o
 .group         0x00000000        0x8 ./timer.o
 .group         0x00000000        0x8 ./timer.o
 .group         0x00000000        0x8 ./timer.o
 .group         0x00000000        0x8 ./timer.o
 .group         0x00000000        0x8 ./timer.o
 .group         0x00000000        0x8 ./timer.o
 .text          0x00000000        0x0 ./timer.o
 .data          0x00000000        0x0 ./timer.o
 .bss           0x00000000        0x0 ./timer.o
 .text.updateTimerPeriod
                0x00000000       0x3c ./timer.o
 .debug_macro   0x00000000      0x862 ./timer.o
 .debug_macro   0x00000000       0x1c ./timer.o
 .debug_macro   0x00000000       0x3a ./timer.o
 .debug_macro   0x00000000       0x22 ./timer.o
 .debug_macro   0x00000000       0x44 ./timer.o
 .debug_macro   0x00000000       0x58 ./timer.o
 .debug_macro   0x00000000       0x22 ./timer.o
 .debug_macro   0x00000000      0x1df ./timer.o
 .debug_macro   0x00000000       0x2d ./timer.o
 .debug_macro   0x00000000      0xbb1 ./timer.o
 .debug_macro   0x00000000      0x115 ./timer.o
 .debug_macro   0x00000000       0x58 ./timer.o
 .debug_macro   0x00000000       0x35 ./timer.o
 .debug_macro   0x00000000       0x9c ./timer.o
 .debug_macro   0x00000000      0x16d ./timer.o
 .debug_macro   0x00000000       0x52 ./timer.o
 .debug_macro   0x00000000       0x16 ./timer.o
 .debug_macro   0x00000000       0x43 ./timer.o
 .debug_macro   0x00000000      0x180 ./timer.o
 .debug_macro   0x00000000      0x27a ./timer.o
 .debug_macro   0x00000000       0x10 ./timer.o
 .debug_macro   0x00000000       0x35 ./timer.o
 .debug_macro   0x00000000       0x28 ./timer.o
 .debug_macro   0x00000000       0x28 ./timer.o
 .debug_macro   0x00000000       0x3a ./timer.o
 .debug_macro   0x00000000       0x16 ./timer.o
 .debug_macro   0x00000000       0xe2 ./timer.o
 .group         0x00000000        0x8 ./uart.o
 .group         0x00000000        0x8 ./uart.o
 .group         0x00000000        0x8 ./uart.o
 .group         0x00000000        0x8 ./uart.o
 .group         0x00000000        0x8 ./uart.o
 .group         0x00000000        0x8 ./uart.o
 .group         0x00000000        0x8 ./uart.o
 .group         0x00000000        0x8 ./uart.o
 .group         0x00000000        0x8 ./uart.o
 .group         0x00000000        0x8 ./uart.o
 .group         0x00000000        0x8 ./uart.o
 .group         0x00000000        0x8 ./uart.o
 .group         0x00000000        0x8 ./uart.o
 .group         0x00000000        0x8 ./uart.o
 .group         0x00000000        0x8 ./uart.o
 .group         0x00000000        0x8 ./uart.o
 .group         0x00000000        0x8 ./uart.o
 .group         0x00000000        0x8 ./uart.o
 .group         0x00000000        0x8 ./uart.o
 .group         0x00000000        0x8 ./uart.o
 .group         0x00000000        0x8 ./uart.o
 .group         0x00000000        0x8 ./uart.o
 .group         0x00000000        0x8 ./uart.o
 .group         0x00000000        0x8 ./uart.o
 .group         0x00000000        0x8 ./uart.o
 .group         0x00000000        0x8 ./uart.o
 .group         0x00000000        0x8 ./uart.o
 .group         0x00000000        0x8 ./uart.o
 .text          0x00000000        0x0 ./uart.o
 .data          0x00000000        0x0 ./uart.o
 .bss           0x00000000        0x0 ./uart.o
 .text.UART_getstr
                0x00000000       0x34 ./uart.o
 .debug_macro   0x00000000      0x862 ./uart.o
 .debug_macro   0x00000000       0x1c ./uart.o
 .debug_macro   0x00000000       0x3a ./uart.o
 .debug_macro   0x00000000       0x22 ./uart.o
 .debug_macro   0x00000000       0x44 ./uart.o
 .debug_macro   0x00000000       0x58 ./uart.o
 .debug_macro   0x00000000       0x22 ./uart.o
 .debug_macro   0x00000000      0x1df ./uart.o
 .debug_macro   0x00000000       0x2d ./uart.o
 .debug_macro   0x00000000      0xbb1 ./uart.o
 .debug_macro   0x00000000      0x115 ./uart.o
 .debug_macro   0x00000000       0x58 ./uart.o
 .debug_macro   0x00000000       0x35 ./uart.o
 .debug_macro   0x00000000       0x9c ./uart.o
 .debug_macro   0x00000000      0x16d ./uart.o
 .debug_macro   0x00000000       0x52 ./uart.o
 .debug_macro   0x00000000       0x16 ./uart.o
 .debug_macro   0x00000000       0x43 ./uart.o
 .debug_macro   0x00000000      0x180 ./uart.o
 .debug_macro   0x00000000      0x27a ./uart.o
 .debug_macro   0x00000000       0x10 ./uart.o
 .debug_macro   0x00000000       0x35 ./uart.o
 .debug_macro   0x00000000       0x28 ./uart.o
 .debug_macro   0x00000000       0x3a ./uart.o
 .debug_macro   0x00000000       0x16 ./uart.o
 .debug_macro   0x00000000       0xe2 ./uart.o
 .debug_macro   0x00000000       0x16 ./uart.o
 .data          0x00000000        0x0 /home/cmatar/bin/gcc-arm-none-eabi-4_9-2015q2/bin/../lib/gcc/arm-none-eabi/4.9.3/armv7-m/libgcc.a(_arm_addsubdf3.o)
 .bss           0x00000000        0x0 /home/cmatar/bin/gcc-arm-none-eabi-4_9-2015q2/bin/../lib/gcc/arm-none-eabi/4.9.3/armv7-m/libgcc.a(_arm_addsubdf3.o)
 .data          0x00000000        0x0 /home/cmatar/bin/gcc-arm-none-eabi-4_9-2015q2/bin/../lib/gcc/arm-none-eabi/4.9.3/armv7-m/libgcc.a(_arm_muldivdf3.o)
 .bss           0x00000000        0x0 /home/cmatar/bin/gcc-arm-none-eabi-4_9-2015q2/bin/../lib/gcc/arm-none-eabi/4.9.3/armv7-m/libgcc.a(_arm_muldivdf3.o)
 .data          0x00000000        0x0 /home/cmatar/bin/gcc-arm-none-eabi-4_9-2015q2/bin/../lib/gcc/arm-none-eabi/4.9.3/armv7-m/libgcc.a(_arm_cmpdf2.o)
 .bss           0x00000000        0x0 /home/cmatar/bin/gcc-arm-none-eabi-4_9-2015q2/bin/../lib/gcc/arm-none-eabi/4.9.3/armv7-m/libgcc.a(_arm_cmpdf2.o)
 .data          0x00000000        0x0 /home/cmatar/bin/gcc-arm-none-eabi-4_9-2015q2/bin/../lib/gcc/arm-none-eabi/4.9.3/armv7-m/libgcc.a(_arm_fixunsdfsi.o)
 .bss           0x00000000        0x0 /home/cmatar/bin/gcc-arm-none-eabi-4_9-2015q2/bin/../lib/gcc/arm-none-eabi/4.9.3/armv7-m/libgcc.a(_arm_fixunsdfsi.o)
 .text          0x00000000        0x0 /home/cmatar/bin/gcc-arm-none-eabi-4_9-2015q2/bin/../lib/gcc/arm-none-eabi/4.9.3/../../../../arm-none-eabi/lib/armv7-m/libg.a(lib_a-exit.o)
 .data          0x00000000        0x0 /home/cmatar/bin/gcc-arm-none-eabi-4_9-2015q2/bin/../lib/gcc/arm-none-eabi/4.9.3/../../../../arm-none-eabi/lib/armv7-m/libg.a(lib_a-exit.o)
 .bss           0x00000000        0x0 /home/cmatar/bin/gcc-arm-none-eabi-4_9-2015q2/bin/../lib/gcc/arm-none-eabi/4.9.3/../../../../arm-none-eabi/lib/armv7-m/libg.a(lib_a-exit.o)
 .text.exit     0x00000000       0x20 /home/cmatar/bin/gcc-arm-none-eabi-4_9-2015q2/bin/../lib/gcc/arm-none-eabi/4.9.3/../../../../arm-none-eabi/lib/armv7-m/libg.a(lib_a-exit.o)
 .debug_frame   0x00000000       0x28 /home/cmatar/bin/gcc-arm-none-eabi-4_9-2015q2/bin/../lib/gcc/arm-none-eabi/4.9.3/../../../../arm-none-eabi/lib/armv7-m/libg.a(lib_a-exit.o)
 .ARM.attributes
                0x00000000       0x2d /home/cmatar/bin/gcc-arm-none-eabi-4_9-2015q2/bin/../lib/gcc/arm-none-eabi/4.9.3/../../../../arm-none-eabi/lib/armv7-m/libg.a(lib_a-exit.o)
 .text          0x00000000        0x0 /home/cmatar/bin/gcc-arm-none-eabi-4_9-2015q2/bin/../lib/gcc/arm-none-eabi/4.9.3/../../../../arm-none-eabi/lib/armv7-m/libg.a(lib_a-impure.o)
 .data          0x00000000        0x0 /home/cmatar/bin/gcc-arm-none-eabi-4_9-2015q2/bin/../lib/gcc/arm-none-eabi/4.9.3/../../../../arm-none-eabi/lib/armv7-m/libg.a(lib_a-impure.o)
 .bss           0x00000000        0x0 /home/cmatar/bin/gcc-arm-none-eabi-4_9-2015q2/bin/../lib/gcc/arm-none-eabi/4.9.3/../../../../arm-none-eabi/lib/armv7-m/libg.a(lib_a-impure.o)
 .data.impure_data
                0x00000000      0x428 /home/cmatar/bin/gcc-arm-none-eabi-4_9-2015q2/bin/../lib/gcc/arm-none-eabi/4.9.3/../../../../arm-none-eabi/lib/armv7-m/libg.a(lib_a-impure.o)
 .data._impure_ptr
                0x00000000        0x4 /home/cmatar/bin/gcc-arm-none-eabi-4_9-2015q2/bin/../lib/gcc/arm-none-eabi/4.9.3/../../../../arm-none-eabi/lib/armv7-m/libg.a(lib_a-impure.o)
 .rodata.str1.4
                0x00000000        0x2 /home/cmatar/bin/gcc-arm-none-eabi-4_9-2015q2/bin/../lib/gcc/arm-none-eabi/4.9.3/../../../../arm-none-eabi/lib/armv7-m/libg.a(lib_a-impure.o)
 .rodata._global_impure_ptr
                0x00000000        0x4 /home/cmatar/bin/gcc-arm-none-eabi-4_9-2015q2/bin/../lib/gcc/arm-none-eabi/4.9.3/../../../../arm-none-eabi/lib/armv7-m/libg.a(lib_a-impure.o)
 .ARM.attributes
                0x00000000       0x2d /home/cmatar/bin/gcc-arm-none-eabi-4_9-2015q2/bin/../lib/gcc/arm-none-eabi/4.9.3/../../../../arm-none-eabi/lib/armv7-m/libg.a(lib_a-impure.o)
 .text          0x00000000        0x0 /home/cmatar/bin/gcc-arm-none-eabi-4_9-2015q2/bin/../lib/gcc/arm-none-eabi/4.9.3/../../../../arm-none-eabi/lib/armv7-m/libg.a(lib_a-init.o)
 .data          0x00000000        0x0 /home/cmatar/bin/gcc-arm-none-eabi-4_9-2015q2/bin/../lib/gcc/arm-none-eabi/4.9.3/../../../../arm-none-eabi/lib/armv7-m/libg.a(lib_a-init.o)
 .bss           0x00000000        0x0 /home/cmatar/bin/gcc-arm-none-eabi-4_9-2015q2/bin/../lib/gcc/arm-none-eabi/4.9.3/../../../../arm-none-eabi/lib/armv7-m/libg.a(lib_a-init.o)
 .text.__libc_init_array
                0x00000000       0x50 /home/cmatar/bin/gcc-arm-none-eabi-4_9-2015q2/bin/../lib/gcc/arm-none-eabi/4.9.3/../../../../arm-none-eabi/lib/armv7-m/libg.a(lib_a-init.o)
 .debug_frame   0x00000000       0x2c /home/cmatar/bin/gcc-arm-none-eabi-4_9-2015q2/bin/../lib/gcc/arm-none-eabi/4.9.3/../../../../arm-none-eabi/lib/armv7-m/libg.a(lib_a-init.o)
 .ARM.attributes
                0x00000000       0x2d /home/cmatar/bin/gcc-arm-none-eabi-4_9-2015q2/bin/../lib/gcc/arm-none-eabi/4.9.3/../../../../arm-none-eabi/lib/armv7-m/libg.a(lib_a-init.o)
 .text          0x00000000        0x0 /home/cmatar/bin/gcc-arm-none-eabi-4_9-2015q2/bin/../lib/gcc/arm-none-eabi/4.9.3/../../../../arm-none-eabi/lib/armv7-m/libg.a(lib_a-memset.o)
 .data          0x00000000        0x0 /home/cmatar/bin/gcc-arm-none-eabi-4_9-2015q2/bin/../lib/gcc/arm-none-eabi/4.9.3/../../../../arm-none-eabi/lib/armv7-m/libg.a(lib_a-memset.o)
 .bss           0x00000000        0x0 /home/cmatar/bin/gcc-arm-none-eabi-4_9-2015q2/bin/../lib/gcc/arm-none-eabi/4.9.3/../../../../arm-none-eabi/lib/armv7-m/libg.a(lib_a-memset.o)
 .text          0x00000000        0x0 /home/cmatar/bin/gcc-arm-none-eabi-4_9-2015q2/bin/../lib/gcc/arm-none-eabi/4.9.3/../../../../arm-none-eabi/lib/armv7-m/libg.a(lib_a-strlen.o)
 .data          0x00000000        0x0 /home/cmatar/bin/gcc-arm-none-eabi-4_9-2015q2/bin/../lib/gcc/arm-none-eabi/4.9.3/../../../../arm-none-eabi/lib/armv7-m/libg.a(lib_a-strlen.o)
 .bss           0x00000000        0x0 /home/cmatar/bin/gcc-arm-none-eabi-4_9-2015q2/bin/../lib/gcc/arm-none-eabi/4.9.3/../../../../arm-none-eabi/lib/armv7-m/libg.a(lib_a-strlen.o)
 .text.strlen   0x00000000       0x5c /home/cmatar/bin/gcc-arm-none-eabi-4_9-2015q2/bin/../lib/gcc/arm-none-eabi/4.9.3/../../../../arm-none-eabi/lib/armv7-m/libg.a(lib_a-strlen.o)
 .debug_frame   0x00000000       0x20 /home/cmatar/bin/gcc-arm-none-eabi-4_9-2015q2/bin/../lib/gcc/arm-none-eabi/4.9.3/../../../../arm-none-eabi/lib/armv7-m/libg.a(lib_a-strlen.o)
 .ARM.attributes
                0x00000000       0x2d /home/cmatar/bin/gcc-arm-none-eabi-4_9-2015q2/bin/../lib/gcc/arm-none-eabi/4.9.3/../../../../arm-none-eabi/lib/armv7-m/libg.a(lib_a-strlen.o)
 .text          0x00000000        0x0 /home/cmatar/bin/gcc-arm-none-eabi-4_9-2015q2/bin/../lib/gcc/arm-none-eabi/4.9.3/../../../../arm-none-eabi/lib/armv7-m/libg.a(lib_a-__call_atexit.o)
 .data          0x00000000        0x0 /home/cmatar/bin/gcc-arm-none-eabi-4_9-2015q2/bin/../lib/gcc/arm-none-eabi/4.9.3/../../../../arm-none-eabi/lib/armv7-m/libg.a(lib_a-__call_atexit.o)
 .bss           0x00000000        0x0 /home/cmatar/bin/gcc-arm-none-eabi-4_9-2015q2/bin/../lib/gcc/arm-none-eabi/4.9.3/../../../../arm-none-eabi/lib/armv7-m/libg.a(lib_a-__call_atexit.o)
 .text.startup.register_fini
                0x00000000       0x14 /home/cmatar/bin/gcc-arm-none-eabi-4_9-2015q2/bin/../lib/gcc/arm-none-eabi/4.9.3/../../../../arm-none-eabi/lib/armv7-m/libg.a(lib_a-__call_atexit.o)
 .init_array.00000
                0x00000000        0x4 /home/cmatar/bin/gcc-arm-none-eabi-4_9-2015q2/bin/../lib/gcc/arm-none-eabi/4.9.3/../../../../arm-none-eabi/lib/armv7-m/libg.a(lib_a-__call_atexit.o)
 .text.__call_exitprocs
                0x00000000       0xd4 /home/cmatar/bin/gcc-arm-none-eabi-4_9-2015q2/bin/../lib/gcc/arm-none-eabi/4.9.3/../../../../arm-none-eabi/lib/armv7-m/libg.a(lib_a-__call_atexit.o)
 .debug_frame   0x00000000       0x50 /home/cmatar/bin/gcc-arm-none-eabi-4_9-2015q2/bin/../lib/gcc/arm-none-eabi/4.9.3/../../../../arm-none-eabi/lib/armv7-m/libg.a(lib_a-__call_atexit.o)
 .ARM.attributes
                0x00000000       0x2d /home/cmatar/bin/gcc-arm-none-eabi-4_9-2015q2/bin/../lib/gcc/arm-none-eabi/4.9.3/../../../../arm-none-eabi/lib/armv7-m/libg.a(lib_a-__call_atexit.o)
 .text          0x00000000        0x0 /home/cmatar/bin/gcc-arm-none-eabi-4_9-2015q2/bin/../lib/gcc/arm-none-eabi/4.9.3/../../../../arm-none-eabi/lib/armv7-m/libg.a(lib_a-atexit.o)
 .data          0x00000000        0x0 /home/cmatar/bin/gcc-arm-none-eabi-4_9-2015q2/bin/../lib/gcc/arm-none-eabi/4.9.3/../../../../arm-none-eabi/lib/armv7-m/libg.a(lib_a-atexit.o)
 .bss           0x00000000        0x0 /home/cmatar/bin/gcc-arm-none-eabi-4_9-2015q2/bin/../lib/gcc/arm-none-eabi/4.9.3/../../../../arm-none-eabi/lib/armv7-m/libg.a(lib_a-atexit.o)
 .text.atexit   0x00000000        0xc /home/cmatar/bin/gcc-arm-none-eabi-4_9-2015q2/bin/../lib/gcc/arm-none-eabi/4.9.3/../../../../arm-none-eabi/lib/armv7-m/libg.a(lib_a-atexit.o)
 .debug_frame   0x00000000       0x20 /home/cmatar/bin/gcc-arm-none-eabi-4_9-2015q2/bin/../lib/gcc/arm-none-eabi/4.9.3/../../../../arm-none-eabi/lib/armv7-m/libg.a(lib_a-atexit.o)
 .ARM.attributes
                0x00000000       0x2d /home/cmatar/bin/gcc-arm-none-eabi-4_9-2015q2/bin/../lib/gcc/arm-none-eabi/4.9.3/../../../../arm-none-eabi/lib/armv7-m/libg.a(lib_a-atexit.o)
 .text          0x00000000        0x0 /home/cmatar/bin/gcc-arm-none-eabi-4_9-2015q2/bin/../lib/gcc/arm-none-eabi/4.9.3/../../../../arm-none-eabi/lib/armv7-m/libg.a(lib_a-fini.o)
 .data          0x00000000        0x0 /home/cmatar/bin/gcc-arm-none-eabi-4_9-2015q2/bin/../lib/gcc/arm-none-eabi/4.9.3/../../../../arm-none-eabi/lib/armv7-m/libg.a(lib_a-fini.o)
 .bss           0x00000000        0x0 /home/cmatar/bin/gcc-arm-none-eabi-4_9-2015q2/bin/../lib/gcc/arm-none-eabi/4.9.3/../../../../arm-none-eabi/lib/armv7-m/libg.a(lib_a-fini.o)
 .text.__libc_fini_array
                0x00000000       0x2c /home/cmatar/bin/gcc-arm-none-eabi-4_9-2015q2/bin/../lib/gcc/arm-none-eabi/4.9.3/../../../../arm-none-eabi/lib/armv7-m/libg.a(lib_a-fini.o)
 .debug_frame   0x00000000       0x34 /home/cmatar/bin/gcc-arm-none-eabi-4_9-2015q2/bin/../lib/gcc/arm-none-eabi/4.9.3/../../../../arm-none-eabi/lib/armv7-m/libg.a(lib_a-fini.o)
 .ARM.attributes
                0x00000000       0x2d /home/cmatar/bin/gcc-arm-none-eabi-4_9-2015q2/bin/../lib/gcc/arm-none-eabi/4.9.3/../../../../arm-none-eabi/lib/armv7-m/libg.a(lib_a-fini.o)
 .text          0x00000000        0x0 /home/cmatar/bin/gcc-arm-none-eabi-4_9-2015q2/bin/../lib/gcc/arm-none-eabi/4.9.3/../../../../arm-none-eabi/lib/armv7-m/libg.a(lib_a-__atexit.o)
 .data          0x00000000        0x0 /home/cmatar/bin/gcc-arm-none-eabi-4_9-2015q2/bin/../lib/gcc/arm-none-eabi/4.9.3/../../../../arm-none-eabi/lib/armv7-m/libg.a(lib_a-__atexit.o)
 .bss           0x00000000        0x0 /home/cmatar/bin/gcc-arm-none-eabi-4_9-2015q2/bin/../lib/gcc/arm-none-eabi/4.9.3/../../../../arm-none-eabi/lib/armv7-m/libg.a(lib_a-__atexit.o)
 .text.__register_exitproc
                0x00000000       0xa4 /home/cmatar/bin/gcc-arm-none-eabi-4_9-2015q2/bin/../lib/gcc/arm-none-eabi/4.9.3/../../../../arm-none-eabi/lib/armv7-m/libg.a(lib_a-__atexit.o)
 .debug_frame   0x00000000       0x34 /home/cmatar/bin/gcc-arm-none-eabi-4_9-2015q2/bin/../lib/gcc/arm-none-eabi/4.9.3/../../../../arm-none-eabi/lib/armv7-m/libg.a(lib_a-__atexit.o)
 .ARM.attributes
                0x00000000       0x2d /home/cmatar/bin/gcc-arm-none-eabi-4_9-2015q2/bin/../lib/gcc/arm-none-eabi/4.9.3/../../../../arm-none-eabi/lib/armv7-m/libg.a(lib_a-__atexit.o)
 .text          0x00000000        0x0 /home/cmatar/bin/gcc-arm-none-eabi-4_9-2015q2/bin/../lib/gcc/arm-none-eabi/4.9.3/armv7-m/crtend.o
 .data          0x00000000        0x0 /home/cmatar/bin/gcc-arm-none-eabi-4_9-2015q2/bin/../lib/gcc/arm-none-eabi/4.9.3/armv7-m/crtend.o
 .bss           0x00000000        0x0 /home/cmatar/bin/gcc-arm-none-eabi-4_9-2015q2/bin/../lib/gcc/arm-none-eabi/4.9.3/armv7-m/crtend.o
 .eh_frame      0x00000000        0x4 /home/cmatar/bin/gcc-arm-none-eabi-4_9-2015q2/bin/../lib/gcc/arm-none-eabi/4.9.3/armv7-m/crtend.o
 .jcr           0x00000000        0x4 /home/cmatar/bin/gcc-arm-none-eabi-4_9-2015q2/bin/../lib/gcc/arm-none-eabi/4.9.3/armv7-m/crtend.o
 .ARM.attributes
                0x00000000       0x2d /home/cmatar/bin/gcc-arm-none-eabi-4_9-2015q2/bin/../lib/gcc/arm-none-eabi/4.9.3/armv7-m/crtend.o
 .text          0x00000000        0x0 /home/cmatar/bin/gcc-arm-none-eabi-4_9-2015q2/bin/../lib/gcc/arm-none-eabi/4.9.3/armv7-m/crtn.o
 .data          0x00000000        0x0 /home/cmatar/bin/gcc-arm-none-eabi-4_9-2015q2/bin/../lib/gcc/arm-none-eabi/4.9.3/armv7-m/crtn.o
 .bss           0x00000000        0x0 /home/cmatar/bin/gcc-arm-none-eabi-4_9-2015q2/bin/../lib/gcc/arm-none-eabi/4.9.3/armv7-m/crtn.o
 .init          0x00000000        0x8 /home/cmatar/bin/gcc-arm-none-eabi-4_9-2015q2/bin/../lib/gcc/arm-none-eabi/4.9.3/armv7-m/crtn.o
 .fini          0x00000000        0x8 /home/cmatar/bin/gcc-arm-none-eabi-4_9-2015q2/bin/../lib/gcc/arm-none-eabi/4.9.3/armv7-m/crtn.o
 .ARM.attributes
                0x00000000       0x1d /home/cmatar/bin/gcc-arm-none-eabi-4_9-2015q2/bin/../lib/gcc/arm-none-eabi/4.9.3/armv7-m/crtn.o

Memory Configuration

Name             Origin             Length             Attributes
MFlash32         0x00000000         0x00008000         xr
RamLoc8          0x10000000         0x00002000         xrw
*default*        0x00000000         0xffffffff

Linker script and memory map

LOAD /home/cmatar/bin/gcc-arm-none-eabi-4_9-2015q2/bin/../lib/gcc/arm-none-eabi/4.9.3/armv7-m/crti.o
LOAD /home/cmatar/bin/gcc-arm-none-eabi-4_9-2015q2/bin/../lib/gcc/arm-none-eabi/4.9.3/armv7-m/crtbegin.o
LOAD /home/cmatar/bin/gcc-arm-none-eabi-4_9-2015q2/bin/../lib/gcc/arm-none-eabi/4.9.3/../../../../arm-none-eabi/lib/armv7-m/crt0.o
LOAD ./Libraries/SYS/src/cr_startup_lpc13.o
LOAD ./Libraries/SYS/src/system_LPC13xx.o
LOAD ./commands.o
LOAD ./crc.o
LOAD ./gpio.o
LOAD ./main.o
LOAD ./pwm.o
LOAD ./timer.o
LOAD ./uart.o
START GROUP
LOAD /home/cmatar/bin/gcc-arm-none-eabi-4_9-2015q2/bin/../lib/gcc/arm-none-eabi/4.9.3/armv7-m/libgcc.a
LOAD /home/cmatar/bin/gcc-arm-none-eabi-4_9-2015q2/bin/../lib/gcc/arm-none-eabi/4.9.3/../../../../arm-none-eabi/lib/armv7-m/libg.a
LOAD /home/cmatar/bin/gcc-arm-none-eabi-4_9-2015q2/bin/../lib/gcc/arm-none-eabi/4.9.3/../../../../arm-none-eabi/lib/armv7-m/libc.a
END GROUP
LOAD /home/cmatar/bin/gcc-arm-none-eabi-4_9-2015q2/bin/../lib/gcc/arm-none-eabi/4.9.3/armv7-m/crtend.o
LOAD /home/cmatar/bin/gcc-arm-none-eabi-4_9-2015q2/bin/../lib/gcc/arm-none-eabi/4.9.3/armv7-m/crtn.o
                0x00008000                __top_MFlash32 = 0x8000
                0x10002000                __top_RamLoc8 = 0x10002000

.text           0x00000000     0x1c1c
 *(.isr_vector)
 .isr_vector    0x00000000      0x124 ./Libraries/SYS/src/cr_startup_lpc13.o
                0x00000000                g_pfnVectors
 *(.text*)
 .text.Reset_Handler
                0x00000124       0x64 ./Libraries/SYS/src/cr_startup_lpc13.o
                0x00000124                Reset_Handler
                0x00000124                ResetISR
 .text.NMI_Handler
                0x00000188        0x8 ./Libraries/SYS/src/cr_startup_lpc13.o
                0x00000188                NMI_Handler
 .text.HardFault_Handler
                0x00000190        0x8 ./Libraries/SYS/src/cr_startup_lpc13.o
                0x00000190                HardFault_Handler
 .text.MemManage_Handler
                0x00000198        0x8 ./Libraries/SYS/src/cr_startup_lpc13.o
                0x00000198                MemManage_Handler
 .text.BusFault_Handler
                0x000001a0        0x8 ./Libraries/SYS/src/cr_startup_lpc13.o
                0x000001a0                BusFault_Handler
 .text.UsageFault_Handler
                0x000001a8        0x8 ./Libraries/SYS/src/cr_startup_lpc13.o
                0x000001a8                UsageFault_Handler
 .text.SVCall_Handler
                0x000001b0        0x8 ./Libraries/SYS/src/cr_startup_lpc13.o
                0x000001b0                SVCall_Handler
 .text.DebugMon_Handler
                0x000001b8        0x8 ./Libraries/SYS/src/cr_startup_lpc13.o
                0x000001b8                DebugMon_Handler
 .text.PendSV_Handler
                0x000001c0        0x8 ./Libraries/SYS/src/cr_startup_lpc13.o
                0x000001c0                PendSV_Handler
 .text.SysTick_Handler
                0x000001c8        0x8 ./Libraries/SYS/src/cr_startup_lpc13.o
                0x000001c8                SysTick_Handler
 .text.IntDefaultHandler
                0x000001d0        0x8 ./Libraries/SYS/src/cr_startup_lpc13.o
                0x000001d0                TIMER16_0_IRQHandler
                0x000001d0                PIOINT1_IRQHandler
                0x000001d0                SSP_IRQHandler
                0x000001d0                USB_FIQHandler
                0x000001d0                ADC_IRQHandler
                0x000001d0                PIOINT2_IRQHandler
                0x000001d0                USB_IRQHandler
                0x000001d0                BOD_IRQHandler
                0x000001d0                WAKEUP_IRQHandler
                0x000001d0                PIOINT0_IRQHandler
                0x000001d0                I2C_IRQHandler
                0x000001d0                WDT_IRQHandler
                0x000001d0                PIOINT3_IRQHandler
                0x000001d0                FMC_IRQHandler
 .text.SystemInit
                0x000001d8      0x124 ./Libraries/SYS/src/system_LPC13xx.o
                0x000001d8                SystemInit
 .text.hardwareVersion
                0x000002fc       0x60 ./commands.o
                0x000002fc                hardwareVersion
 .text.nack     0x0000035c       0x5c ./commands.o
                0x0000035c                nack
 .text.ack      0x000003b8       0x40 ./commands.o
                0x000003b8                ack
 .text.syncMsg  0x000003f8       0x58 ./commands.o
                0x000003f8                syncMsg
 .text.triggerNotify
                0x00000450       0x5c ./commands.o
                0x00000450                triggerNotify
 .text.frequencyInfo
                0x000004ac       0x64 ./commands.o
                0x000004ac                frequencyInfo
 .text.parseCmd
                0x00000510      0x10c ./commands.o
                0x00000510                parseCmd
 .text.gen_crc16
                0x0000061c       0x90 ./crc.o
                0x0000061c                gen_crc16
 .text.GPIO_SetDirection
                0x000006ac       0x58 ./gpio.o
                0x000006ac                GPIO_SetDirection
 .text.GPIO_SetOutputLevel
                0x00000704       0x68 ./gpio.o
                0x00000704                GPIO_SetOutputLevel
 .text.GPIO_ToggleOutput
                0x0000076c       0x3c ./gpio.o
                0x0000076c                GPIO_ToggleOutput
 .text.GPIO_GetPinLevel
                0x000007a8       0x2c ./gpio.o
                0x000007a8                GPIO_GetPinLevel
 .text.initAll  0x000007d4       0x70 ./main.o
                0x000007d4                initAll
 .text.main     0x00000844       0x24 ./main.o
                0x00000844                main
 .text.NVIC_EnableIRQ
                0x00000868       0x30 ./pwm.o
 .text.NVIC_ClearPendingIRQ
                0x00000898       0x34 ./pwm.o
 .text.NVIC_SetPriority
                0x000008cc       0x54 ./pwm.o
 .text.initPWM  0x00000920      0x194 ./pwm.o
                0x00000920                initPWM
 .text.startPWM
                0x00000ab4       0x34 ./pwm.o
                0x00000ab4                startPWM
 .text.updateDutyCycle
                0x00000ae8       0xf8 ./pwm.o
                0x00000ae8                updateDutyCycle
 .text.TIMER16_1_IRQHandler
                0x00000be0       0x1c ./pwm.o
                0x00000be0                TIMER16_1_IRQHandler
 .text.NVIC_EnableIRQ
                0x00000bfc       0x30 ./timer.o
 .text.NVIC_ClearPendingIRQ
                0x00000c2c       0x34 ./timer.o
 .text.NVIC_SetPriority
                0x00000c60       0x54 ./timer.o
 .text.initTimer
                0x00000cb4      0x114 ./timer.o
                0x00000cb4                initTimer
 .text.startTimer
                0x00000dc8       0x40 ./timer.o
                0x00000dc8                startTimer
 .text.stopTimer
                0x00000e08       0x40 ./timer.o
                0x00000e08                stopTimer
 .text.calculateFrequency
                0x00000e48       0x88 ./timer.o
                0x00000e48                calculateFrequency
 .text.roundValue
                0x00000ed0       0x5c ./timer.o
                0x00000ed0                roundValue
 .text.TIMER32_0_IRQHandler
                0x00000f2c       0x9c ./timer.o
                0x00000f2c                TIMER32_0_IRQHandler
 .text.TIMER32_1_IRQHandler
                0x00000fc8       0x9c ./timer.o
                0x00000fc8                TIMER32_1_IRQHandler
 .text.NVIC_EnableIRQ
                0x00001064       0x30 ./uart.o
 .text.UART_init
                0x00001094      0x104 ./uart.o
                0x00001094                UART_init
 .text.UART_putchar
                0x00001198       0x20 ./uart.o
                0x00001198                UART_putchar
 .text.UART_putstr
                0x000011b8       0x34 ./uart.o
                0x000011b8                UART_putstr
 .text.UART_getchar
                0x000011ec       0x68 ./uart.o
                0x000011ec                UART_getchar
 .text.UART_IRQHandler
                0x00001254       0x48 ./uart.o
                0x00001254                UART_IRQHandler
 .text          0x0000129c      0x370 /home/cmatar/bin/gcc-arm-none-eabi-4_9-2015q2/bin/../lib/gcc/arm-none-eabi/4.9.3/armv7-m/libgcc.a(_arm_addsubdf3.o)
                0x0000129c                __aeabi_drsub
                0x000012a4                __aeabi_dsub
                0x000012a4                __subdf3
                0x000012a8                __adddf3
                0x000012a8                __aeabi_dadd
                0x00001520                __aeabi_ui2d
                0x00001520                __floatunsidf
                0x00001540                __floatsidf
                0x00001540                __aeabi_i2d
                0x00001564                __extendsfdf2
                0x00001564                __aeabi_f2d
                0x000015a0                __aeabi_ul2d
                0x000015a0                __floatundidf
                0x000015b0                __floatdidf
                0x000015b0                __aeabi_l2d
 .text          0x0000160c      0x424 /home/cmatar/bin/gcc-arm-none-eabi-4_9-2015q2/bin/../lib/gcc/arm-none-eabi/4.9.3/armv7-m/libgcc.a(_arm_muldivdf3.o)
                0x0000160c                __aeabi_dmul
                0x0000160c                __muldf3
                0x00001860                __aeabi_ddiv
                0x00001860                __divdf3
 .text          0x00001a30      0x110 /home/cmatar/bin/gcc-arm-none-eabi-4_9-2015q2/bin/../lib/gcc/arm-none-eabi/4.9.3/armv7-m/libgcc.a(_arm_cmpdf2.o)
                0x00001a30                __gtdf2
                0x00001a30                __gedf2
                0x00001a38                __ltdf2
                0x00001a38                __ledf2
                0x00001a40                __cmpdf2
                0x00001a40                __eqdf2
                0x00001a40                __nedf2
                0x00001abc                __aeabi_cdrcmple
                0x00001acc                __aeabi_cdcmple
                0x00001acc                __aeabi_cdcmpeq
                0x00001adc                __aeabi_dcmpeq
                0x00001af0                __aeabi_dcmplt
                0x00001b04                __aeabi_dcmple
                0x00001b18                __aeabi_dcmpge
                0x00001b2c                __aeabi_dcmpgt
 .text          0x00001b40       0x40 /home/cmatar/bin/gcc-arm-none-eabi-4_9-2015q2/bin/../lib/gcc/arm-none-eabi/4.9.3/armv7-m/libgcc.a(_arm_fixunsdfsi.o)
                0x00001b40                __fixunsdfsi
                0x00001b40                __aeabi_d2uiz
 .text.memset   0x00001b80       0x9c /home/cmatar/bin/gcc-arm-none-eabi-4_9-2015q2/bin/../lib/gcc/arm-none-eabi/4.9.3/../../../../arm-none-eabi/lib/armv7-m/libg.a(lib_a-memset.o)
                0x00001b80                memset
 *(.rodata*)

.glue_7         0x00001c1c        0x0
 .glue_7        0x00000000        0x0 linker stubs

.glue_7t        0x00001c1c        0x0
 .glue_7t       0x00000000        0x0 linker stubs

.vfp11_veneer   0x00001c1c        0x0
 .vfp11_veneer  0x00000000        0x0 linker stubs

.v4_bx          0x00001c1c        0x0
 .v4_bx         0x00000000        0x0 linker stubs

.iplt           0x00001c1c        0x0
 .iplt          0x00000000        0x0 /home/cmatar/bin/gcc-arm-none-eabi-4_9-2015q2/bin/../lib/gcc/arm-none-eabi/4.9.3/armv7-m/crtbegin.o

.rel.dyn        0x00001c1c        0x0
 .rel.iplt      0x00000000        0x0 /home/cmatar/bin/gcc-arm-none-eabi-4_9-2015q2/bin/../lib/gcc/arm-none-eabi/4.9.3/armv7-m/crtbegin.o

.ARM.extab
 *(.ARM.extab* .gnu.linkonce.armextab.*)
                0x00001c1c                __exidx_start = .

.ARM.exidx
 *(.ARM.exidx* .gnu.linkonce.armexidx.*)
                0x00001c1c                __exidx_end = .
                0x00001c1c                _etext = .

.data           0x10000000        0x4 load address 0x00001c1c
                0x10000000                _data = .
 *(vtable)
 *(.data*)
 .data.SystemCoreClock
                0x10000000        0x4 ./Libraries/SYS/src/system_LPC13xx.o
                0x10000000                SystemCoreClock
                0x10000004                _edata = .

.igot.plt       0x10000004        0x0 load address 0x00001c20
 .igot.plt      0x00000000        0x0 /home/cmatar/bin/gcc-arm-none-eabi-4_9-2015q2/bin/../lib/gcc/arm-none-eabi/4.9.3/armv7-m/crtbegin.o

.bss            0x10000004       0x3c load address 0x00001c20
                0x10000004                _bss = .
 *(.bss*)
 .bss.i.5284    0x10000004        0x1 ./uart.o
 *fill*         0x10000005        0x3 
 .bss.buf.5283  0x10000008       0x20 ./uart.o
 *(COMMON)
 COMMON         0x10000028       0x18 ./timer.o
                0x10000028                timer_1
                0x10000034                timer_0
                0x10000040                _ebss = .

.cr_heap        0x10000040        0x0 load address 0x00001c20
                0x10000040                end = .
                0x10000040                _pvHeapStart = .
                0x10002000                _vRamTop = __top_RamLoc8
                0x10002000                _vStackTop = (_vRamTop - 0x0)
OUTPUT(LPC1343_Test.elf elf32-littlearm)

.debug_info     0x00000000     0x3fc8
 .debug_info    0x00000000      0x179 ./Libraries/SYS/src/cr_startup_lpc13.o
 .debug_info    0x00000179      0x4e1 ./Libraries/SYS/src/system_LPC13xx.o
 .debug_info    0x0000065a      0x3dd ./commands.o
 .debug_info    0x00000a37      0x139 ./crc.o
 .debug_info    0x00000b70      0x322 ./gpio.o
 .debug_info    0x00000e92      0x70c ./main.o
 .debug_info    0x0000159e      0xe70 ./pwm.o
 .debug_info    0x0000240e      0xf37 ./timer.o
 .debug_info    0x00003345      0xc83 ./uart.o

.debug_abbrev   0x00000000      0xc03
 .debug_abbrev  0x00000000       0xd3 ./Libraries/SYS/src/cr_startup_lpc13.o
 .debug_abbrev  0x000000d3       0xfd ./Libraries/SYS/src/system_LPC13xx.o
 .debug_abbrev  0x000001d0       0xfe ./commands.o
 .debug_abbrev  0x000002ce       0xad ./crc.o
 .debug_abbrev  0x0000037b      0x14c ./gpio.o
 .debug_abbrev  0x000004c7      0x121 ./main.o
 .debug_abbrev  0x000005e8      0x1e9 ./pwm.o
 .debug_abbrev  0x000007d1      0x216 ./timer.o
 .debug_abbrev  0x000009e7      0x21c ./uart.o

.debug_aranges  0x00000000      0x298
 .debug_aranges
                0x00000000       0x70 ./Libraries/SYS/src/cr_startup_lpc13.o
 .debug_aranges
                0x00000070       0x28 ./Libraries/SYS/src/system_LPC13xx.o
 .debug_aranges
                0x00000098       0x50 ./commands.o
 .debug_aranges
                0x000000e8       0x28 ./crc.o
 .debug_aranges
                0x00000110       0x48 ./gpio.o
 .debug_aranges
                0x00000158       0x28 ./main.o
 .debug_aranges
                0x00000180       0x58 ./pwm.o
 .debug_aranges
                0x000001d8       0x70 ./timer.o
 .debug_aranges
                0x00000248       0x50 ./uart.o

.debug_ranges   0x00000000      0x208
 .debug_ranges  0x00000000       0x60 ./Libraries/SYS/src/cr_startup_lpc13.o
 .debug_ranges  0x00000060       0x18 ./Libraries/SYS/src/system_LPC13xx.o
 .debug_ranges  0x00000078       0x40 ./commands.o
 .debug_ranges  0x000000b8       0x18 ./crc.o
 .debug_ranges  0x000000d0       0x38 ./gpio.o
 .debug_ranges  0x00000108       0x18 ./main.o
 .debug_ranges  0x00000120       0x48 ./pwm.o
 .debug_ranges  0x00000168       0x60 ./timer.o
 .debug_ranges  0x000001c8       0x40 ./uart.o

.debug_macro    0x00000000     0x2b9e
 .debug_macro   0x00000000       0x1d ./Libraries/SYS/src/cr_startup_lpc13.o
 .debug_macro   0x0000001d      0x862 ./Libraries/SYS/src/cr_startup_lpc13.o
 .debug_macro   0x0000087f      0x161 ./Libraries/SYS/src/system_LPC13xx.o
 .debug_macro   0x000009e0       0x22 ./Libraries/SYS/src/system_LPC13xx.o
 .debug_macro   0x00000a02       0x44 ./Libraries/SYS/src/system_LPC13xx.o
 .debug_macro   0x00000a46       0x58 ./Libraries/SYS/src/system_LPC13xx.o
 .debug_macro   0x00000a9e       0x22 ./Libraries/SYS/src/system_LPC13xx.o
 .debug_macro   0x00000ac0      0x1df ./Libraries/SYS/src/system_LPC13xx.o
 .debug_macro   0x00000c9f       0x1c ./Libraries/SYS/src/system_LPC13xx.o
 .debug_macro   0x00000cbb       0x3a ./Libraries/SYS/src/system_LPC13xx.o
 .debug_macro   0x00000cf5       0x2d ./Libraries/SYS/src/system_LPC13xx.o
 .debug_macro   0x00000d22      0xbb1 ./Libraries/SYS/src/system_LPC13xx.o
 .debug_macro   0x000018d3      0x115 ./Libraries/SYS/src/system_LPC13xx.o
 .debug_macro   0x000019e8      0x17e ./commands.o
 .debug_macro   0x00001b66       0x58 ./commands.o
 .debug_macro   0x00001bbe       0x35 ./commands.o
 .debug_macro   0x00001bf3       0x9c ./commands.o
 .debug_macro   0x00001c8f      0x16d ./commands.o
 .debug_macro   0x00001dfc       0x52 ./commands.o
 .debug_macro   0x00001e4e       0x16 ./commands.o
 .debug_macro   0x00001e64       0x43 ./commands.o
 .debug_macro   0x00001ea7      0x180 ./commands.o
 .debug_macro   0x00002027      0x27a ./commands.o
 .debug_macro   0x000022a1       0x10 ./commands.o
 .debug_macro   0x000022b1       0x35 ./commands.o
 .debug_macro   0x000022e6       0x28 ./commands.o
 .debug_macro   0x0000230e       0x28 ./commands.o
 .debug_macro   0x00002336       0x3a ./commands.o
 .debug_macro   0x00002370       0x16 ./commands.o
 .debug_macro   0x00002386       0x1c ./commands.o
 .debug_macro   0x000023a2       0xe2 ./commands.o
 .debug_macro   0x00002484       0x63 ./crc.o
 .debug_macro   0x000024e7       0x10 ./crc.o
 .debug_macro   0x000024f7       0x9f ./gpio.o
 .debug_macro   0x00002596       0x22 ./gpio.o
 .debug_macro   0x000025b8      0x190 ./main.o
 .debug_macro   0x00002748       0x1c ./main.o
 .debug_macro   0x00002764       0x10 ./main.o
 .debug_macro   0x00002774       0xa8 ./pwm.o
 .debug_macro   0x0000281c       0x34 ./pwm.o
 .debug_macro   0x00002850      0x188 ./timer.o
 .debug_macro   0x000029d8       0x16 ./timer.o
 .debug_macro   0x000029ee      0x182 ./uart.o
 .debug_macro   0x00002b70       0x2e ./uart.o

.debug_line     0x00000000     0x1b1a
 .debug_line    0x00000000      0x13f ./Libraries/SYS/src/cr_startup_lpc13.o
 .debug_line    0x0000013f      0x30f ./Libraries/SYS/src/system_LPC13xx.o
 .debug_line    0x0000044e      0x3ca ./commands.o
 .debug_line    0x00000818      0x1ef ./crc.o
 .debug_line    0x00000a07      0x2a7 ./gpio.o
 .debug_line    0x00000cae      0x33a ./main.o
 .debug_line    0x00000fe8      0x320 ./pwm.o
 .debug_line    0x00001308      0x446 ./timer.o
 .debug_line    0x0000174e      0x3cc ./uart.o

.debug_str      0x00000000     0xb707
 .debug_str     0x00000000     0x25aa ./Libraries/SYS/src/cr_startup_lpc13.o
                               0x25bc (size before relaxing)
 .debug_str     0x000025aa     0x5f27 ./Libraries/SYS/src/system_LPC13xx.o
                               0x84d5 (size before relaxing)
 .debug_str     0x000084d1     0x2939 ./commands.o
                               0xa862 (size before relaxing)
 .debug_str     0x0000ae0a       0x42 ./crc.o
                               0x3068 (size before relaxing)
 .debug_str     0x0000ae4c       0xa1 ./gpio.o
                               0x7f93 (size before relaxing)
 .debug_str     0x0000aeed       0x84 ./main.o
                               0xaadb (size before relaxing)
 .debug_str     0x0000af71      0x630 ./pwm.o
                               0x88ac (size before relaxing)
 .debug_str     0x0000b5a1      0x106 ./timer.o
                               0xb176 (size before relaxing)
 .debug_str     0x0000b6a7       0x60 ./uart.o
                               0xb026 (size before relaxing)

.comment        0x00000000       0x70
 .comment       0x00000000       0x70 ./Libraries/SYS/src/cr_startup_lpc13.o
                                 0x71 (size before relaxing)
 .comment       0x00000000       0x71 ./Libraries/SYS/src/system_LPC13xx.o
 .comment       0x00000000       0x71 ./commands.o
 .comment       0x00000000       0x71 ./crc.o
 .comment       0x00000000       0x71 ./gpio.o
 .comment       0x00000000       0x71 ./main.o
 .comment       0x00000000       0x71 ./pwm.o
 .comment       0x00000000       0x71 ./timer.o
 .comment       0x00000000       0x71 ./uart.o

.ARM.attributes
                0x00000000       0x29
 .ARM.attributes
                0x00000000       0x33 ./Libraries/SYS/src/cr_startup_lpc13.o
 .ARM.attributes
                0x00000033       0x33 ./Libraries/SYS/src/system_LPC13xx.o
 .ARM.attributes
                0x00000066       0x33 ./commands.o
 .ARM.attributes
                0x00000099       0x33 ./crc.o
 .ARM.attributes
                0x000000cc       0x33 ./gpio.o
 .ARM.attributes
                0x000000ff       0x33 ./main.o
 .ARM.attributes
                0x00000132       0x33 ./pwm.o
 .ARM.attributes
                0x00000165       0x33 ./timer.o
 .ARM.attributes
                0x00000198       0x33 ./uart.o
 .ARM.attributes
                0x000001cb       0x1d /home/cmatar/bin/gcc-arm-none-eabi-4_9-2015q2/bin/../lib/gcc/arm-none-eabi/4.9.3/armv7-m/libgcc.a(_arm_addsubdf3.o)
 .ARM.attributes
                0x000001e8       0x1d /home/cmatar/bin/gcc-arm-none-eabi-4_9-2015q2/bin/../lib/gcc/arm-none-eabi/4.9.3/armv7-m/libgcc.a(_arm_muldivdf3.o)
 .ARM.attributes
                0x00000205       0x1d /home/cmatar/bin/gcc-arm-none-eabi-4_9-2015q2/bin/../lib/gcc/arm-none-eabi/4.9.3/armv7-m/libgcc.a(_arm_cmpdf2.o)
 .ARM.attributes
                0x00000222       0x1d /home/cmatar/bin/gcc-arm-none-eabi-4_9-2015q2/bin/../lib/gcc/arm-none-eabi/4.9.3/armv7-m/libgcc.a(_arm_fixunsdfsi.o)
 .ARM.attributes
                0x0000023f       0x2d /home/cmatar/bin/gcc-arm-none-eabi-4_9-2015q2/bin/../lib/gcc/arm-none-eabi/4.9.3/../../../../arm-none-eabi/lib/armv7-m/libg.a(lib_a-memset.o)

.debug_frame    0x00000000      0x854
 .debug_frame   0x00000000      0x120 ./Libraries/SYS/src/cr_startup_lpc13.o
 .debug_frame   0x00000120       0x60 ./Libraries/SYS/src/system_LPC13xx.o
 .debug_frame   0x00000180      0x10c ./commands.o
 .debug_frame   0x0000028c       0x5c ./crc.o
 .debug_frame   0x000002e8       0xf0 ./gpio.o
 .debug_frame   0x000003d8       0x50 ./main.o
 .debug_frame   0x00000428      0x13c ./pwm.o
 .debug_frame   0x00000564      0x1a4 ./timer.o
 .debug_frame   0x00000708      0x118 ./uart.o
 .debug_frame   0x00000820       0x34 /home/cmatar/bin/gcc-arm-none-eabi-4_9-2015q2/bin/../lib/gcc/arm-none-eabi/4.9.3/../../../../arm-none-eabi/lib/armv7-m/libg.a(lib_a-memset.o)
