Archive member included because of file (symbol)

/home/cmatar/bin/gcc-arm-none-eabi-4_9-2015q2/bin/../lib/gcc/arm-none-eabi/4.9.3/../../../../arm-none-eabi/lib/armv7-m/libg.a(lib_a-exit.o)
                              /home/cmatar/bin/gcc-arm-none-eabi-4_9-2015q2/bin/../lib/gcc/arm-none-eabi/4.9.3/../../../../arm-none-eabi/lib/armv7-m/crt0.o (exit)
/home/cmatar/bin/gcc-arm-none-eabi-4_9-2015q2/bin/../lib/gcc/arm-none-eabi/4.9.3/../../../../arm-none-eabi/lib/armv7-m/libg.a(lib_a-impure.o)
                              /home/cmatar/bin/gcc-arm-none-eabi-4_9-2015q2/bin/../lib/gcc/arm-none-eabi/4.9.3/../../../../arm-none-eabi/lib/armv7-m/libg.a(lib_a-exit.o) (_global_impure_ptr)
/home/cmatar/bin/gcc-arm-none-eabi-4_9-2015q2/bin/../lib/gcc/arm-none-eabi/4.9.3/../../../../arm-none-eabi/lib/armv7-m/libg.a(lib_a-init.o)
                              /home/cmatar/bin/gcc-arm-none-eabi-4_9-2015q2/bin/../lib/gcc/arm-none-eabi/4.9.3/../../../../arm-none-eabi/lib/armv7-m/crt0.o (__libc_init_array)
/home/cmatar/bin/gcc-arm-none-eabi-4_9-2015q2/bin/../lib/gcc/arm-none-eabi/4.9.3/../../../../arm-none-eabi/lib/armv7-m/libg.a(lib_a-memset.o)
                              /home/cmatar/bin/gcc-arm-none-eabi-4_9-2015q2/bin/../lib/gcc/arm-none-eabi/4.9.3/../../../../arm-none-eabi/lib/armv7-m/crt0.o (memset)
/home/cmatar/bin/gcc-arm-none-eabi-4_9-2015q2/bin/../lib/gcc/arm-none-eabi/4.9.3/../../../../arm-none-eabi/lib/armv7-m/libg.a(lib_a-__call_atexit.o)
                              /home/cmatar/bin/gcc-arm-none-eabi-4_9-2015q2/bin/../lib/gcc/arm-none-eabi/4.9.3/../../../../arm-none-eabi/lib/armv7-m/libg.a(lib_a-exit.o) (__call_exitprocs)
/home/cmatar/bin/gcc-arm-none-eabi-4_9-2015q2/bin/../lib/gcc/arm-none-eabi/4.9.3/../../../../arm-none-eabi/lib/armv7-m/libg.a(lib_a-atexit.o)
                              /home/cmatar/bin/gcc-arm-none-eabi-4_9-2015q2/bin/../lib/gcc/arm-none-eabi/4.9.3/../../../../arm-none-eabi/lib/armv7-m/libg.a(lib_a-__call_atexit.o) (atexit)
/home/cmatar/bin/gcc-arm-none-eabi-4_9-2015q2/bin/../lib/gcc/arm-none-eabi/4.9.3/../../../../arm-none-eabi/lib/armv7-m/libg.a(lib_a-fini.o)
                              /home/cmatar/bin/gcc-arm-none-eabi-4_9-2015q2/bin/../lib/gcc/arm-none-eabi/4.9.3/../../../../arm-none-eabi/lib/armv7-m/libg.a(lib_a-__call_atexit.o) (__libc_fini_array)
/home/cmatar/bin/gcc-arm-none-eabi-4_9-2015q2/bin/../lib/gcc/arm-none-eabi/4.9.3/../../../../arm-none-eabi/lib/armv7-m/libg.a(lib_a-__atexit.o)
                              /home/cmatar/bin/gcc-arm-none-eabi-4_9-2015q2/bin/../lib/gcc/arm-none-eabi/4.9.3/../../../../arm-none-eabi/lib/armv7-m/libg.a(lib_a-atexit.o) (__register_exitproc)

Discarded input sections

 .text          0x00000000        0x0 /home/cmatar/bin/gcc-arm-none-eabi-4_9-2015q2/bin/../lib/gcc/arm-none-eabi/4.9.3/armv7-m/crti.o
 .data          0x00000000        0x0 /home/cmatar/bin/gcc-arm-none-eabi-4_9-2015q2/bin/../lib/gcc/arm-none-eabi/4.9.3/armv7-m/crti.o
 .bss           0x00000000        0x0 /home/cmatar/bin/gcc-arm-none-eabi-4_9-2015q2/bin/../lib/gcc/arm-none-eabi/4.9.3/armv7-m/crti.o
 .init          0x00000000        0x4 /home/cmatar/bin/gcc-arm-none-eabi-4_9-2015q2/bin/../lib/gcc/arm-none-eabi/4.9.3/armv7-m/crti.o
 .fini          0x00000000        0x4 /home/cmatar/bin/gcc-arm-none-eabi-4_9-2015q2/bin/../lib/gcc/arm-none-eabi/4.9.3/armv7-m/crti.o
 .ARM.attributes
                0x00000000       0x1d /home/cmatar/bin/gcc-arm-none-eabi-4_9-2015q2/bin/../lib/gcc/arm-none-eabi/4.9.3/armv7-m/crti.o
 .text          0x00000000       0x5c /home/cmatar/bin/gcc-arm-none-eabi-4_9-2015q2/bin/../lib/gcc/arm-none-eabi/4.9.3/armv7-m/crtbegin.o
 .data          0x00000000        0x4 /home/cmatar/bin/gcc-arm-none-eabi-4_9-2015q2/bin/../lib/gcc/arm-none-eabi/4.9.3/armv7-m/crtbegin.o
 .bss           0x00000000       0x1c /home/cmatar/bin/gcc-arm-none-eabi-4_9-2015q2/bin/../lib/gcc/arm-none-eabi/4.9.3/armv7-m/crtbegin.o
 .init_array    0x00000000        0x4 /home/cmatar/bin/gcc-arm-none-eabi-4_9-2015q2/bin/../lib/gcc/arm-none-eabi/4.9.3/armv7-m/crtbegin.o
 .fini_array    0x00000000        0x4 /home/cmatar/bin/gcc-arm-none-eabi-4_9-2015q2/bin/../lib/gcc/arm-none-eabi/4.9.3/armv7-m/crtbegin.o
 .eh_frame      0x00000000        0x0 /home/cmatar/bin/gcc-arm-none-eabi-4_9-2015q2/bin/../lib/gcc/arm-none-eabi/4.9.3/armv7-m/crtbegin.o
 .jcr           0x00000000        0x0 /home/cmatar/bin/gcc-arm-none-eabi-4_9-2015q2/bin/../lib/gcc/arm-none-eabi/4.9.3/armv7-m/crtbegin.o
 .ARM.attributes
                0x00000000       0x2d /home/cmatar/bin/gcc-arm-none-eabi-4_9-2015q2/bin/../lib/gcc/arm-none-eabi/4.9.3/armv7-m/crtbegin.o
 .text          0x00000000       0x74 /home/cmatar/bin/gcc-arm-none-eabi-4_9-2015q2/bin/../lib/gcc/arm-none-eabi/4.9.3/../../../../arm-none-eabi/lib/armv7-m/crt0.o
 .data          0x00000000        0x0 /home/cmatar/bin/gcc-arm-none-eabi-4_9-2015q2/bin/../lib/gcc/arm-none-eabi/4.9.3/../../../../arm-none-eabi/lib/armv7-m/crt0.o
 .bss           0x00000000        0x0 /home/cmatar/bin/gcc-arm-none-eabi-4_9-2015q2/bin/../lib/gcc/arm-none-eabi/4.9.3/../../../../arm-none-eabi/lib/armv7-m/crt0.o
 .ARM.extab     0x00000000        0x0 /home/cmatar/bin/gcc-arm-none-eabi-4_9-2015q2/bin/../lib/gcc/arm-none-eabi/4.9.3/../../../../arm-none-eabi/lib/armv7-m/crt0.o
 .ARM.exidx     0x00000000        0x8 /home/cmatar/bin/gcc-arm-none-eabi-4_9-2015q2/bin/../lib/gcc/arm-none-eabi/4.9.3/../../../../arm-none-eabi/lib/armv7-m/crt0.o
 .ARM.attributes
                0x00000000       0x1b /home/cmatar/bin/gcc-arm-none-eabi-4_9-2015q2/bin/../lib/gcc/arm-none-eabi/4.9.3/../../../../arm-none-eabi/lib/armv7-m/crt0.o
 .group         0x00000000        0x8 ./Libraries/SYS/src/cr_startup_lpc13.o
 .text          0x00000000        0x0 ./Libraries/SYS/src/cr_startup_lpc13.o
 .data          0x00000000        0x0 ./Libraries/SYS/src/cr_startup_lpc13.o
 .bss           0x00000000        0x0 ./Libraries/SYS/src/cr_startup_lpc13.o
 .group         0x00000000        0x8 ./Libraries/SYS/src/system_LPC13xx.o
 .group         0x00000000        0x8 ./Libraries/SYS/src/system_LPC13xx.o
 .group         0x00000000        0x8 ./Libraries/SYS/src/system_LPC13xx.o
 .group         0x00000000        0x8 ./Libraries/SYS/src/system_LPC13xx.o
 .group         0x00000000        0x8 ./Libraries/SYS/src/system_LPC13xx.o
 .group         0x00000000        0x8 ./Libraries/SYS/src/system_LPC13xx.o
 .group         0x00000000        0x8 ./Libraries/SYS/src/system_LPC13xx.o
 .group         0x00000000        0x8 ./Libraries/SYS/src/system_LPC13xx.o
 .group         0x00000000        0x8 ./Libraries/SYS/src/system_LPC13xx.o
 .group         0x00000000        0x8 ./Libraries/SYS/src/system_LPC13xx.o
 .group         0x00000000        0x8 ./Libraries/SYS/src/system_LPC13xx.o
 .text          0x00000000        0x0 ./Libraries/SYS/src/system_LPC13xx.o
 .data          0x00000000        0x0 ./Libraries/SYS/src/system_LPC13xx.o
 .bss           0x00000000        0x0 ./Libraries/SYS/src/system_LPC13xx.o
 .data.SystemCoreClock
                0x00000000        0x4 ./Libraries/SYS/src/system_LPC13xx.o
 .text.SystemCoreClockUpdate
                0x00000000      0x264 ./Libraries/SYS/src/system_LPC13xx.o
 .debug_macro   0x00000000      0x862 ./Libraries/SYS/src/system_LPC13xx.o
 .group         0x00000000        0x8 ./main.o
 .group         0x00000000        0x8 ./main.o
 .group         0x00000000        0x8 ./main.o
 .group         0x00000000        0x8 ./main.o
 .group         0x00000000        0x8 ./main.o
 .group         0x00000000        0x8 ./main.o
 .group         0x00000000        0x8 ./main.o
 .group         0x00000000        0x8 ./main.o
 .group         0x00000000        0x8 ./main.o
 .group         0x00000000        0x8 ./main.o
 .group         0x00000000        0x8 ./main.o
 .group         0x00000000        0x8 ./main.o
 .text          0x00000000        0x0 ./main.o
 .data          0x00000000        0x0 ./main.o
 .bss           0x00000000        0x0 ./main.o
 .debug_macro   0x00000000      0x862 ./main.o
 .debug_macro   0x00000000       0x1c ./main.o
 .debug_macro   0x00000000       0x3a ./main.o
 .debug_macro   0x00000000       0x22 ./main.o
 .debug_macro   0x00000000       0x44 ./main.o
 .debug_macro   0x00000000       0x58 ./main.o
 .debug_macro   0x00000000       0x22 ./main.o
 .debug_macro   0x00000000      0x1df ./main.o
 .debug_macro   0x00000000       0x2d ./main.o
 .debug_macro   0x00000000      0xbb1 ./main.o
 .debug_macro   0x00000000      0x115 ./main.o
 .text          0x00000000        0x0 /home/cmatar/bin/gcc-arm-none-eabi-4_9-2015q2/bin/../lib/gcc/arm-none-eabi/4.9.3/../../../../arm-none-eabi/lib/armv7-m/libg.a(lib_a-exit.o)
 .data          0x00000000        0x0 /home/cmatar/bin/gcc-arm-none-eabi-4_9-2015q2/bin/../lib/gcc/arm-none-eabi/4.9.3/../../../../arm-none-eabi/lib/armv7-m/libg.a(lib_a-exit.o)
 .bss           0x00000000        0x0 /home/cmatar/bin/gcc-arm-none-eabi-4_9-2015q2/bin/../lib/gcc/arm-none-eabi/4.9.3/../../../../arm-none-eabi/lib/armv7-m/libg.a(lib_a-exit.o)
 .text.exit     0x00000000       0x20 /home/cmatar/bin/gcc-arm-none-eabi-4_9-2015q2/bin/../lib/gcc/arm-none-eabi/4.9.3/../../../../arm-none-eabi/lib/armv7-m/libg.a(lib_a-exit.o)
 .debug_frame   0x00000000       0x28 /home/cmatar/bin/gcc-arm-none-eabi-4_9-2015q2/bin/../lib/gcc/arm-none-eabi/4.9.3/../../../../arm-none-eabi/lib/armv7-m/libg.a(lib_a-exit.o)
 .ARM.attributes
                0x00000000       0x2d /home/cmatar/bin/gcc-arm-none-eabi-4_9-2015q2/bin/../lib/gcc/arm-none-eabi/4.9.3/../../../../arm-none-eabi/lib/armv7-m/libg.a(lib_a-exit.o)
 .text          0x00000000        0x0 /home/cmatar/bin/gcc-arm-none-eabi-4_9-2015q2/bin/../lib/gcc/arm-none-eabi/4.9.3/../../../../arm-none-eabi/lib/armv7-m/libg.a(lib_a-impure.o)
 .data          0x00000000        0x0 /home/cmatar/bin/gcc-arm-none-eabi-4_9-2015q2/bin/../lib/gcc/arm-none-eabi/4.9.3/../../../../arm-none-eabi/lib/armv7-m/libg.a(lib_a-impure.o)
 .bss           0x00000000        0x0 /home/cmatar/bin/gcc-arm-none-eabi-4_9-2015q2/bin/../lib/gcc/arm-none-eabi/4.9.3/../../../../arm-none-eabi/lib/armv7-m/libg.a(lib_a-impure.o)
 .data.impure_data
                0x00000000      0x428 /home/cmatar/bin/gcc-arm-none-eabi-4_9-2015q2/bin/../lib/gcc/arm-none-eabi/4.9.3/../../../../arm-none-eabi/lib/armv7-m/libg.a(lib_a-impure.o)
 .data._impure_ptr
                0x00000000        0x4 /home/cmatar/bin/gcc-arm-none-eabi-4_9-2015q2/bin/../lib/gcc/arm-none-eabi/4.9.3/../../../../arm-none-eabi/lib/armv7-m/libg.a(lib_a-impure.o)
 .rodata.str1.4
                0x00000000        0x2 /home/cmatar/bin/gcc-arm-none-eabi-4_9-2015q2/bin/../lib/gcc/arm-none-eabi/4.9.3/../../../../arm-none-eabi/lib/armv7-m/libg.a(lib_a-impure.o)
 .rodata._global_impure_ptr
                0x00000000        0x4 /home/cmatar/bin/gcc-arm-none-eabi-4_9-2015q2/bin/../lib/gcc/arm-none-eabi/4.9.3/../../../../arm-none-eabi/lib/armv7-m/libg.a(lib_a-impure.o)
 .ARM.attributes
                0x00000000       0x2d /home/cmatar/bin/gcc-arm-none-eabi-4_9-2015q2/bin/../lib/gcc/arm-none-eabi/4.9.3/../../../../arm-none-eabi/lib/armv7-m/libg.a(lib_a-impure.o)
 .text          0x00000000        0x0 /home/cmatar/bin/gcc-arm-none-eabi-4_9-2015q2/bin/../lib/gcc/arm-none-eabi/4.9.3/../../../../arm-none-eabi/lib/armv7-m/libg.a(lib_a-init.o)
 .data          0x00000000        0x0 /home/cmatar/bin/gcc-arm-none-eabi-4_9-2015q2/bin/../lib/gcc/arm-none-eabi/4.9.3/../../../../arm-none-eabi/lib/armv7-m/libg.a(lib_a-init.o)
 .bss           0x00000000        0x0 /home/cmatar/bin/gcc-arm-none-eabi-4_9-2015q2/bin/../lib/gcc/arm-none-eabi/4.9.3/../../../../arm-none-eabi/lib/armv7-m/libg.a(lib_a-init.o)
 .text.__libc_init_array
                0x00000000       0x50 /home/cmatar/bin/gcc-arm-none-eabi-4_9-2015q2/bin/../lib/gcc/arm-none-eabi/4.9.3/../../../../arm-none-eabi/lib/armv7-m/libg.a(lib_a-init.o)
 .debug_frame   0x00000000       0x2c /home/cmatar/bin/gcc-arm-none-eabi-4_9-2015q2/bin/../lib/gcc/arm-none-eabi/4.9.3/../../../../arm-none-eabi/lib/armv7-m/libg.a(lib_a-init.o)
 .ARM.attributes
                0x00000000       0x2d /home/cmatar/bin/gcc-arm-none-eabi-4_9-2015q2/bin/../lib/gcc/arm-none-eabi/4.9.3/../../../../arm-none-eabi/lib/armv7-m/libg.a(lib_a-init.o)
 .text          0x00000000        0x0 /home/cmatar/bin/gcc-arm-none-eabi-4_9-2015q2/bin/../lib/gcc/arm-none-eabi/4.9.3/../../../../arm-none-eabi/lib/armv7-m/libg.a(lib_a-memset.o)
 .data          0x00000000        0x0 /home/cmatar/bin/gcc-arm-none-eabi-4_9-2015q2/bin/../lib/gcc/arm-none-eabi/4.9.3/../../../../arm-none-eabi/lib/armv7-m/libg.a(lib_a-memset.o)
 .bss           0x00000000        0x0 /home/cmatar/bin/gcc-arm-none-eabi-4_9-2015q2/bin/../lib/gcc/arm-none-eabi/4.9.3/../../../../arm-none-eabi/lib/armv7-m/libg.a(lib_a-memset.o)
 .text.memset   0x00000000       0x9c /home/cmatar/bin/gcc-arm-none-eabi-4_9-2015q2/bin/../lib/gcc/arm-none-eabi/4.9.3/../../../../arm-none-eabi/lib/armv7-m/libg.a(lib_a-memset.o)
 .debug_frame   0x00000000       0x34 /home/cmatar/bin/gcc-arm-none-eabi-4_9-2015q2/bin/../lib/gcc/arm-none-eabi/4.9.3/../../../../arm-none-eabi/lib/armv7-m/libg.a(lib_a-memset.o)
 .ARM.attributes
                0x00000000       0x2d /home/cmatar/bin/gcc-arm-none-eabi-4_9-2015q2/bin/../lib/gcc/arm-none-eabi/4.9.3/../../../../arm-none-eabi/lib/armv7-m/libg.a(lib_a-memset.o)
 .text          0x00000000        0x0 /home/cmatar/bin/gcc-arm-none-eabi-4_9-2015q2/bin/../lib/gcc/arm-none-eabi/4.9.3/../../../../arm-none-eabi/lib/armv7-m/libg.a(lib_a-__call_atexit.o)
 .data          0x00000000        0x0 /home/cmatar/bin/gcc-arm-none-eabi-4_9-2015q2/bin/../lib/gcc/arm-none-eabi/4.9.3/../../../../arm-none-eabi/lib/armv7-m/libg.a(lib_a-__call_atexit.o)
 .bss           0x00000000        0x0 /home/cmatar/bin/gcc-arm-none-eabi-4_9-2015q2/bin/../lib/gcc/arm-none-eabi/4.9.3/../../../../arm-none-eabi/lib/armv7-m/libg.a(lib_a-__call_atexit.o)
 .text.startup.register_fini
                0x00000000       0x14 /home/cmatar/bin/gcc-arm-none-eabi-4_9-2015q2/bin/../lib/gcc/arm-none-eabi/4.9.3/../../../../arm-none-eabi/lib/armv7-m/libg.a(lib_a-__call_atexit.o)
 .init_array.00000
                0x00000000        0x4 /home/cmatar/bin/gcc-arm-none-eabi-4_9-2015q2/bin/../lib/gcc/arm-none-eabi/4.9.3/../../../../arm-none-eabi/lib/armv7-m/libg.a(lib_a-__call_atexit.o)
 .text.__call_exitprocs
                0x00000000       0xd4 /home/cmatar/bin/gcc-arm-none-eabi-4_9-2015q2/bin/../lib/gcc/arm-none-eabi/4.9.3/../../../../arm-none-eabi/lib/armv7-m/libg.a(lib_a-__call_atexit.o)
 .debug_frame   0x00000000       0x50 /home/cmatar/bin/gcc-arm-none-eabi-4_9-2015q2/bin/../lib/gcc/arm-none-eabi/4.9.3/../../../../arm-none-eabi/lib/armv7-m/libg.a(lib_a-__call_atexit.o)
 .ARM.attributes
                0x00000000       0x2d /home/cmatar/bin/gcc-arm-none-eabi-4_9-2015q2/bin/../lib/gcc/arm-none-eabi/4.9.3/../../../../arm-none-eabi/lib/armv7-m/libg.a(lib_a-__call_atexit.o)
 .text          0x00000000        0x0 /home/cmatar/bin/gcc-arm-none-eabi-4_9-2015q2/bin/../lib/gcc/arm-none-eabi/4.9.3/../../../../arm-none-eabi/lib/armv7-m/libg.a(lib_a-atexit.o)
 .data          0x00000000        0x0 /home/cmatar/bin/gcc-arm-none-eabi-4_9-2015q2/bin/../lib/gcc/arm-none-eabi/4.9.3/../../../../arm-none-eabi/lib/armv7-m/libg.a(lib_a-atexit.o)
 .bss           0x00000000        0x0 /home/cmatar/bin/gcc-arm-none-eabi-4_9-2015q2/bin/../lib/gcc/arm-none-eabi/4.9.3/../../../../arm-none-eabi/lib/armv7-m/libg.a(lib_a-atexit.o)
 .text.atexit   0x00000000        0xc /home/cmatar/bin/gcc-arm-none-eabi-4_9-2015q2/bin/../lib/gcc/arm-none-eabi/4.9.3/../../../../arm-none-eabi/lib/armv7-m/libg.a(lib_a-atexit.o)
 .debug_frame   0x00000000       0x20 /home/cmatar/bin/gcc-arm-none-eabi-4_9-2015q2/bin/../lib/gcc/arm-none-eabi/4.9.3/../../../../arm-none-eabi/lib/armv7-m/libg.a(lib_a-atexit.o)
 .ARM.attributes
                0x00000000       0x2d /home/cmatar/bin/gcc-arm-none-eabi-4_9-2015q2/bin/../lib/gcc/arm-none-eabi/4.9.3/../../../../arm-none-eabi/lib/armv7-m/libg.a(lib_a-atexit.o)
 .text          0x00000000        0x0 /home/cmatar/bin/gcc-arm-none-eabi-4_9-2015q2/bin/../lib/gcc/arm-none-eabi/4.9.3/../../../../arm-none-eabi/lib/armv7-m/libg.a(lib_a-fini.o)
 .data          0x00000000        0x0 /home/cmatar/bin/gcc-arm-none-eabi-4_9-2015q2/bin/../lib/gcc/arm-none-eabi/4.9.3/../../../../arm-none-eabi/lib/armv7-m/libg.a(lib_a-fini.o)
 .bss           0x00000000        0x0 /home/cmatar/bin/gcc-arm-none-eabi-4_9-2015q2/bin/../lib/gcc/arm-none-eabi/4.9.3/../../../../arm-none-eabi/lib/armv7-m/libg.a(lib_a-fini.o)
 .text.__libc_fini_array
                0x00000000       0x2c /home/cmatar/bin/gcc-arm-none-eabi-4_9-2015q2/bin/../lib/gcc/arm-none-eabi/4.9.3/../../../../arm-none-eabi/lib/armv7-m/libg.a(lib_a-fini.o)
 .debug_frame   0x00000000       0x34 /home/cmatar/bin/gcc-arm-none-eabi-4_9-2015q2/bin/../lib/gcc/arm-none-eabi/4.9.3/../../../../arm-none-eabi/lib/armv7-m/libg.a(lib_a-fini.o)
 .ARM.attributes
                0x00000000       0x2d /home/cmatar/bin/gcc-arm-none-eabi-4_9-2015q2/bin/../lib/gcc/arm-none-eabi/4.9.3/../../../../arm-none-eabi/lib/armv7-m/libg.a(lib_a-fini.o)
 .text          0x00000000        0x0 /home/cmatar/bin/gcc-arm-none-eabi-4_9-2015q2/bin/../lib/gcc/arm-none-eabi/4.9.3/../../../../arm-none-eabi/lib/armv7-m/libg.a(lib_a-__atexit.o)
 .data          0x00000000        0x0 /home/cmatar/bin/gcc-arm-none-eabi-4_9-2015q2/bin/../lib/gcc/arm-none-eabi/4.9.3/../../../../arm-none-eabi/lib/armv7-m/libg.a(lib_a-__atexit.o)
 .bss           0x00000000        0x0 /home/cmatar/bin/gcc-arm-none-eabi-4_9-2015q2/bin/../lib/gcc/arm-none-eabi/4.9.3/../../../../arm-none-eabi/lib/armv7-m/libg.a(lib_a-__atexit.o)
 .text.__register_exitproc
                0x00000000       0xa4 /home/cmatar/bin/gcc-arm-none-eabi-4_9-2015q2/bin/../lib/gcc/arm-none-eabi/4.9.3/../../../../arm-none-eabi/lib/armv7-m/libg.a(lib_a-__atexit.o)
 .debug_frame   0x00000000       0x34 /home/cmatar/bin/gcc-arm-none-eabi-4_9-2015q2/bin/../lib/gcc/arm-none-eabi/4.9.3/../../../../arm-none-eabi/lib/armv7-m/libg.a(lib_a-__atexit.o)
 .ARM.attributes
                0x00000000       0x2d /home/cmatar/bin/gcc-arm-none-eabi-4_9-2015q2/bin/../lib/gcc/arm-none-eabi/4.9.3/../../../../arm-none-eabi/lib/armv7-m/libg.a(lib_a-__atexit.o)
 .text          0x00000000        0x0 /home/cmatar/bin/gcc-arm-none-eabi-4_9-2015q2/bin/../lib/gcc/arm-none-eabi/4.9.3/armv7-m/crtend.o
 .data          0x00000000        0x0 /home/cmatar/bin/gcc-arm-none-eabi-4_9-2015q2/bin/../lib/gcc/arm-none-eabi/4.9.3/armv7-m/crtend.o
 .bss           0x00000000        0x0 /home/cmatar/bin/gcc-arm-none-eabi-4_9-2015q2/bin/../lib/gcc/arm-none-eabi/4.9.3/armv7-m/crtend.o
 .eh_frame      0x00000000        0x4 /home/cmatar/bin/gcc-arm-none-eabi-4_9-2015q2/bin/../lib/gcc/arm-none-eabi/4.9.3/armv7-m/crtend.o
 .jcr           0x00000000        0x4 /home/cmatar/bin/gcc-arm-none-eabi-4_9-2015q2/bin/../lib/gcc/arm-none-eabi/4.9.3/armv7-m/crtend.o
 .ARM.attributes
                0x00000000       0x2d /home/cmatar/bin/gcc-arm-none-eabi-4_9-2015q2/bin/../lib/gcc/arm-none-eabi/4.9.3/armv7-m/crtend.o
 .text          0x00000000        0x0 /home/cmatar/bin/gcc-arm-none-eabi-4_9-2015q2/bin/../lib/gcc/arm-none-eabi/4.9.3/armv7-m/crtn.o
 .data          0x00000000        0x0 /home/cmatar/bin/gcc-arm-none-eabi-4_9-2015q2/bin/../lib/gcc/arm-none-eabi/4.9.3/armv7-m/crtn.o
 .bss           0x00000000        0x0 /home/cmatar/bin/gcc-arm-none-eabi-4_9-2015q2/bin/../lib/gcc/arm-none-eabi/4.9.3/armv7-m/crtn.o
 .init          0x00000000        0x8 /home/cmatar/bin/gcc-arm-none-eabi-4_9-2015q2/bin/../lib/gcc/arm-none-eabi/4.9.3/armv7-m/crtn.o
 .fini          0x00000000        0x8 /home/cmatar/bin/gcc-arm-none-eabi-4_9-2015q2/bin/../lib/gcc/arm-none-eabi/4.9.3/armv7-m/crtn.o
 .ARM.attributes
                0x00000000       0x1d /home/cmatar/bin/gcc-arm-none-eabi-4_9-2015q2/bin/../lib/gcc/arm-none-eabi/4.9.3/armv7-m/crtn.o

Memory Configuration

Name             Origin             Length             Attributes
MFlash32         0x00000000         0x00008000         xr
RamLoc8          0x10000000         0x00002000         xrw
*default*        0x00000000         0xffffffff

Linker script and memory map

LOAD /home/cmatar/bin/gcc-arm-none-eabi-4_9-2015q2/bin/../lib/gcc/arm-none-eabi/4.9.3/armv7-m/crti.o
LOAD /home/cmatar/bin/gcc-arm-none-eabi-4_9-2015q2/bin/../lib/gcc/arm-none-eabi/4.9.3/armv7-m/crtbegin.o
LOAD /home/cmatar/bin/gcc-arm-none-eabi-4_9-2015q2/bin/../lib/gcc/arm-none-eabi/4.9.3/../../../../arm-none-eabi/lib/armv7-m/crt0.o
LOAD ./Libraries/SYS/src/cr_startup_lpc13.o
LOAD ./Libraries/SYS/src/system_LPC13xx.o
LOAD ./main.o
START GROUP
LOAD /home/cmatar/bin/gcc-arm-none-eabi-4_9-2015q2/bin/../lib/gcc/arm-none-eabi/4.9.3/armv7-m/libgcc.a
LOAD /home/cmatar/bin/gcc-arm-none-eabi-4_9-2015q2/bin/../lib/gcc/arm-none-eabi/4.9.3/../../../../arm-none-eabi/lib/armv7-m/libg.a
LOAD /home/cmatar/bin/gcc-arm-none-eabi-4_9-2015q2/bin/../lib/gcc/arm-none-eabi/4.9.3/../../../../arm-none-eabi/lib/armv7-m/libc.a
END GROUP
LOAD /home/cmatar/bin/gcc-arm-none-eabi-4_9-2015q2/bin/../lib/gcc/arm-none-eabi/4.9.3/armv7-m/crtend.o
LOAD /home/cmatar/bin/gcc-arm-none-eabi-4_9-2015q2/bin/../lib/gcc/arm-none-eabi/4.9.3/armv7-m/crtn.o
                0x00008000                __top_MFlash32 = 0x8000
                0x10002000                __top_RamLoc8 = 0x10002000

.text           0x00000000      0x4a0
 *(.isr_vector)
 .isr_vector    0x00000000      0x124 ./Libraries/SYS/src/cr_startup_lpc13.o
                0x00000000                g_pfnVectors
 *(.text*)
 .text.Reset_Handler
                0x00000124       0x64 ./Libraries/SYS/src/cr_startup_lpc13.o
                0x00000124                Reset_Handler
                0x00000124                ResetISR
 .text.NMI_Handler
                0x00000188        0x8 ./Libraries/SYS/src/cr_startup_lpc13.o
                0x00000188                NMI_Handler
 .text.HardFault_Handler
                0x00000190        0x8 ./Libraries/SYS/src/cr_startup_lpc13.o
                0x00000190                HardFault_Handler
 .text.MemManage_Handler
                0x00000198        0x8 ./Libraries/SYS/src/cr_startup_lpc13.o
                0x00000198                MemManage_Handler
 .text.BusFault_Handler
                0x000001a0        0x8 ./Libraries/SYS/src/cr_startup_lpc13.o
                0x000001a0                BusFault_Handler
 .text.UsageFault_Handler
                0x000001a8        0x8 ./Libraries/SYS/src/cr_startup_lpc13.o
                0x000001a8                UsageFault_Handler
 .text.SVCall_Handler
                0x000001b0        0x8 ./Libraries/SYS/src/cr_startup_lpc13.o
                0x000001b0                SVCall_Handler
 .text.DebugMon_Handler
                0x000001b8        0x8 ./Libraries/SYS/src/cr_startup_lpc13.o
                0x000001b8                DebugMon_Handler
 .text.PendSV_Handler
                0x000001c0        0x8 ./Libraries/SYS/src/cr_startup_lpc13.o
                0x000001c0                PendSV_Handler
 .text.SysTick_Handler
                0x000001c8        0x8 ./Libraries/SYS/src/cr_startup_lpc13.o
                0x000001c8                SysTick_Handler
 .text.IntDefaultHandler
                0x000001d0        0x8 ./Libraries/SYS/src/cr_startup_lpc13.o
                0x000001d0                TIMER16_0_IRQHandler
                0x000001d0                UART_IRQHandler
                0x000001d0                TIMER32_0_IRQHandler
                0x000001d0                TIMER32_1_IRQHandler
                0x000001d0                PIOINT1_IRQHandler
                0x000001d0                SSP_IRQHandler
                0x000001d0                TIMER16_1_IRQHandler
                0x000001d0                USB_FIQHandler
                0x000001d0                ADC_IRQHandler
                0x000001d0                PIOINT2_IRQHandler
                0x000001d0                USB_IRQHandler
                0x000001d0                BOD_IRQHandler
                0x000001d0                WAKEUP_IRQHandler
                0x000001d0                PIOINT0_IRQHandler
                0x000001d0                I2C_IRQHandler
                0x000001d0                WDT_IRQHandler
                0x000001d0                PIOINT3_IRQHandler
                0x000001d0                FMC_IRQHandler
 .text.SystemInit
                0x000001d8      0x124 ./Libraries/SYS/src/system_LPC13xx.o
                0x000001d8                SystemInit
 .text.main     0x000002fc      0x1a4 ./main.o
                0x000002fc                main
 *(.rodata*)

.glue_7         0x000004a0        0x0
 .glue_7        0x00000000        0x0 linker stubs

.glue_7t        0x000004a0        0x0
 .glue_7t       0x00000000        0x0 linker stubs

.vfp11_veneer   0x000004a0        0x0
 .vfp11_veneer  0x00000000        0x0 linker stubs

.v4_bx          0x000004a0        0x0
 .v4_bx         0x00000000        0x0 linker stubs

.iplt           0x000004a0        0x0
 .iplt          0x00000000        0x0 /home/cmatar/bin/gcc-arm-none-eabi-4_9-2015q2/bin/../lib/gcc/arm-none-eabi/4.9.3/armv7-m/crtbegin.o

.rel.dyn        0x000004a0        0x0
 .rel.iplt      0x00000000        0x0 /home/cmatar/bin/gcc-arm-none-eabi-4_9-2015q2/bin/../lib/gcc/arm-none-eabi/4.9.3/armv7-m/crtbegin.o

.ARM.extab
 *(.ARM.extab* .gnu.linkonce.armextab.*)
                0x000004a0                __exidx_start = .

.ARM.exidx
 *(.ARM.exidx* .gnu.linkonce.armexidx.*)
                0x000004a0                __exidx_end = .
                0x000004a0                _etext = .

.data           0x10000000        0x0 load address 0x000004a0
                0x10000000                _data = .
 *(vtable)
 *(.data*)
                0x10000000                _edata = .

.igot.plt       0x10000000        0x0 load address 0x000004a0
 .igot.plt      0x00000000        0x0 /home/cmatar/bin/gcc-arm-none-eabi-4_9-2015q2/bin/../lib/gcc/arm-none-eabi/4.9.3/armv7-m/crtbegin.o

.bss            0x10000000        0x0 load address 0x000004a0
                0x10000000                _bss = .
 *(.bss*)
 *(COMMON)
                0x10000000                _ebss = .

.cr_heap        0x10000000        0x0 load address 0x000004a0
                0x10000000                end = .
                0x10000000                _pvHeapStart = .
                0x10002000                _vRamTop = __top_RamLoc8
                0x10002000                _vStackTop = (_vRamTop - 0x0)
OUTPUT(SoundCard_Osci_Frontend.elf elf32-littlearm)

.debug_info     0x00000000      0xe2c
 .debug_info    0x00000000      0x179 ./Libraries/SYS/src/cr_startup_lpc13.o
 .debug_info    0x00000179      0x4e1 ./Libraries/SYS/src/system_LPC13xx.o
 .debug_info    0x0000065a      0x7d2 ./main.o

.debug_abbrev   0x00000000      0x318
 .debug_abbrev  0x00000000       0xd3 ./Libraries/SYS/src/cr_startup_lpc13.o
 .debug_abbrev  0x000000d3       0xfd ./Libraries/SYS/src/system_LPC13xx.o
 .debug_abbrev  0x000001d0      0x148 ./main.o

.debug_aranges  0x00000000       0xb8
 .debug_aranges
                0x00000000       0x70 ./Libraries/SYS/src/cr_startup_lpc13.o
 .debug_aranges
                0x00000070       0x28 ./Libraries/SYS/src/system_LPC13xx.o
 .debug_aranges
                0x00000098       0x20 ./main.o

.debug_ranges   0x00000000       0x88
 .debug_ranges  0x00000000       0x60 ./Libraries/SYS/src/cr_startup_lpc13.o
 .debug_ranges  0x00000060       0x18 ./Libraries/SYS/src/system_LPC13xx.o
 .debug_ranges  0x00000078       0x10 ./main.o

.debug_macro    0x00000000     0x1adf
 .debug_macro   0x00000000       0x1d ./Libraries/SYS/src/cr_startup_lpc13.o
 .debug_macro   0x0000001d      0x862 ./Libraries/SYS/src/cr_startup_lpc13.o
 .debug_macro   0x0000087f      0x161 ./Libraries/SYS/src/system_LPC13xx.o
 .debug_macro   0x000009e0       0x22 ./Libraries/SYS/src/system_LPC13xx.o
 .debug_macro   0x00000a02       0x44 ./Libraries/SYS/src/system_LPC13xx.o
 .debug_macro   0x00000a46       0x58 ./Libraries/SYS/src/system_LPC13xx.o
 .debug_macro   0x00000a9e       0x22 ./Libraries/SYS/src/system_LPC13xx.o
 .debug_macro   0x00000ac0      0x1df ./Libraries/SYS/src/system_LPC13xx.o
 .debug_macro   0x00000c9f       0x1c ./Libraries/SYS/src/system_LPC13xx.o
 .debug_macro   0x00000cbb       0x3a ./Libraries/SYS/src/system_LPC13xx.o
 .debug_macro   0x00000cf5       0x2d ./Libraries/SYS/src/system_LPC13xx.o
 .debug_macro   0x00000d22      0xbb1 ./Libraries/SYS/src/system_LPC13xx.o
 .debug_macro   0x000018d3      0x115 ./Libraries/SYS/src/system_LPC13xx.o
 .debug_macro   0x000019e8       0xdb ./main.o
 .debug_macro   0x00001ac3       0x1c ./main.o

.debug_line     0x00000000      0x6db
 .debug_line    0x00000000      0x13f ./Libraries/SYS/src/cr_startup_lpc13.o
 .debug_line    0x0000013f      0x31a ./Libraries/SYS/src/system_LPC13xx.o
 .debug_line    0x00000459      0x282 ./main.o

.debug_str      0x00000000     0x8773
 .debug_str     0x00000000     0x25b5 ./Libraries/SYS/src/cr_startup_lpc13.o
                               0x25c7 (size before relaxing)
 .debug_str     0x000025b5     0x5f33 ./Libraries/SYS/src/system_LPC13xx.o
                               0x84e0 (size before relaxing)
 .debug_str     0x000084e8      0x28b ./main.o
                               0x83c6 (size before relaxing)

.comment        0x00000000       0x70
 .comment       0x00000000       0x70 ./Libraries/SYS/src/cr_startup_lpc13.o
                                 0x71 (size before relaxing)
 .comment       0x00000000       0x71 ./Libraries/SYS/src/system_LPC13xx.o
 .comment       0x00000000       0x71 ./main.o

.ARM.attributes
                0x00000000       0x29
 .ARM.attributes
                0x00000000       0x33 ./Libraries/SYS/src/cr_startup_lpc13.o
 .ARM.attributes
                0x00000033       0x33 ./Libraries/SYS/src/system_LPC13xx.o
 .ARM.attributes
                0x00000066       0x33 ./main.o

.debug_frame    0x00000000      0x1b0
 .debug_frame   0x00000000      0x120 ./Libraries/SYS/src/cr_startup_lpc13.o
 .debug_frame   0x00000120       0x60 ./Libraries/SYS/src/system_LPC13xx.o
 .debug_frame   0x00000180       0x30 ./main.o
