******************************************************************************
                  TI ARM Linker PC v5.2.7                      
******************************************************************************
>> Linked Fri Aug 12 13:33:32 2016

OUTPUT FILE NAME:   <usb_dev_cserial.out>
ENTRY POINT SYMBOL: "_c_int00"  address: 0000295d


MEMORY CONFIGURATION

         name            origin    length      used     unused   attr    fill
----------------------  --------  ---------  --------  --------  ----  --------
  FLASH                 00000000   00100000  00004336  000fbcca  R  X
  SRAM                  20000000   00040000  00000b18  0003f4e8  RW X


SEGMENT ALLOCATION MAP

run origin  load origin   length   init length attrs members
----------  ----------- ---------- ----------- ----- -------
00000000    00000000    00004338   00004338    r-x
  00000000    00000000    00000200   00000200    r-- .intvecs
  00000200    00000200    00003bea   00003bea    r-x .text
  00003dec    00003dec    0000046c   0000046c    r-- .const
  00004258    00004258    000000e0   000000e0    r-- .cinit
20000000    20000000    00000b18   00000000    rw-
  20000000    20000000    000005a0   00000000    rw- .bss
  200005a0    200005a0    00000400   00000000    rw- .stack
  200009a0    200009a0    00000178   00000000    rw- .data


SECTION ALLOCATION MAP

 output                                  attributes/
section   page    origin      length       input sections
--------  ----  ----------  ----------   ----------------
.intvecs   0    00000000    00000200     
                  00000000    00000200     startup_ccs.obj (.intvecs)

.text      0    00000200    00003bea     
                  00000200    0000021c     pinout.obj (.text:PinoutSet)
                  0000041c    000001fc     driverlib.lib : sysctl.obj (.text:SysCtlClockFreqSet)
                  00000618    000001d8     usblib.lib : usbdcomp.obj (.text:BuildCompositeDescriptor)
                  000007f0    00000160                : usbdma.obj (.text:USBLibDMAInit)
                  00000950    00000154                : usbdenum.obj (.text:USBDEP0StateTxConfig)
                  00000aa4    00000148                : usbdenum.obj (.text:USBDCDInit)
                  00000bec    00000140                : usbdconfig.obj (.text:USBDeviceConfig)
                  00000d2c    00000140                : usbdenum.obj (.text:USBDeviceIntHandlerInternal)
                  00000e6c    00000130     driverlib.lib : gpio.obj (.text:GPIOPadConfigSet)
                  00000f9c    000000e8     usblib.lib : usbdma.obj (.text:iDMAUSBTransfer)
                  00001084    000000dc                : usbdenum.obj (.text:USBDGetDescriptor)
                  00001160    000000d8                : usbdenum.obj (.text:USBDeviceEnumHandler)
                  00001238    000000d0                : usbdcdc.obj (.text:HandleRequests)
                  00001308    000000d0                : usbdcomp.obj (.text:USBDCompositeInit)
                  000013d8    000000c0                : usbdma.obj (.text:uDMAUSBChannelAllocate)
                  00001498    000000ba                : usbdma.obj (.text:uDMAUSBTransfer)
                  00001552    00000006                : usbbuffer.obj (.text:USBBufferDataAvailable)
                  00001558    000000b0     usb_dev_cserial.obj (.text:ControlHandler)
                  00001608    000000ac     usblib.lib : usbbuffer.obj (.text:HandleRxAvailable)
                  000016b4    000000a2                : usbdcdc.obj (.text:HandleDevice)
                  00001756    00000002                : usbdma.obj (.text:iDMAUSBArbSizeSet)
                  00001758    000000a0                : usbdcdc.obj (.text:USBDCDCCompositeInit)
                  000017f8    0000009c     rtsv7M4_T_le_v4SPD16_eabi.lib : memcpy_t2.obj (.text)
                  00001894    00000098     usblib.lib : usbdenum.obj (.text:USBDSetInterface)
                  0000192c    00000096                : usbdcdc.obj (.text:SendSerialState)
                  000019c2    00000094                : usbdcdc.obj (.text:CDCTickHandler)
                  00001a56    00000090                : usbbuffer.obj (.text:ScheduleNextTransmission)
                  00001ae6    00000090                : usbdcdc.obj (.text:USBDCDCPacketRead)
                  00001b76    00000002                : usbdma.obj (.text:iDMAUSBUnitSizeSet)
                  00001b78    0000008c                : usbdenum.obj (.text:USBDSetConfiguration)
                  00001c04    0000008c                : usbdconfig.obj (.text:USBDeviceConfigAlternate)
                  00001c90    00000088     usb_dev_cserial.obj (.text:main)
                  00001d18    00000086     usblib.lib : usbdma.obj (.text:iDMAUSBChannelAllocate)
                  00001d9e    00000002                : usbdma.obj (.text:uDMAUSBChannelIntDisable)
                  00001da0    00000080     driverlib.lib : udma.obj (.text:uDMAChannelTransferSet)
                  00001e20    0000007a                   : usb.obj (.text:USBDevEndpointConfigSet)
                  00001e9a    0000007a     rtsv7M4_T_le_v4SPD16_eabi.lib : memset_t2.obj (.text)
                  00001f14    00000078     usblib.lib : usbdenum.obj (.text:USBDClearFeature)
                  00001f8c    00000072                : usbdma.obj (.text:uDMAUSBArbSizeSet)
                  00001ffe    00000002                : usbdma.obj (.text:uDMAUSBChannelIntEnable)
                  00002000    00000070                : usbdenum.obj (.text:USBDEP0StateTx)
                  00002070    00000070                : usbdenum.obj (.text:USBDGetStatus)
                  000020e0    00000070                : usbdma.obj (.text:uDMAUSBUnitSizeSet)
                  00002150    0000006e                : usbdcdc.obj (.text:ProcessDataFromHost)
                  000021be    00000002     --HOLE-- [fill = 0]
                  000021c0    0000006c     rtsv7M4_T_le_v4SPD16_eabi.lib : autoinit.obj (.text)
                  0000222c    0000006a                                   : copy_decompress_rle.obj (.text)
                  00002296    00000002     --HOLE-- [fill = 0]
                  00002298    00000064     driverlib.lib : interrupt.obj (.text:IntIsEnabled)
                  000022fc    00000064     usblib.lib : usbdenum.obj (.text:USBDSetFeature)
                  00002360    00000064                : usbdma.obj (.text:uDMAUSBChannelEnable)
                  000023c4    00000060                : usbdcomp.obj (.text:GetDescriptor)
                  00002424    00000060                : usbdcomp.obj (.text:HandleRequests)
                  00002484    00000060     driverlib.lib : interrupt.obj (.text:IntDisable)
                  000024e4    00000060                   : interrupt.obj (.text:IntEnable)
                  00002544    00000060     usblib.lib : usbbuffer.obj (.text:USBBufferEventCallback)
                  000025a4    00000060                : usbdenum.obj (.text:USBDReadAndDispatchRequest)
                  00002604    0000005e     driverlib.lib : usb.obj (.text:USBDevEndpointStatusClear)
                  00002662    0000005c     usblib.lib : usbdcdc.obj (.text:ProcessDataToHost)
                  000026be    00000002     --HOLE-- [fill = 0]
                  000026c0    0000005c                : usbdenum.obj (.text:USBDStringIndexFromRequest)
                  0000271c    00000056                : usbdcdc.obj (.text:USBDCDCPacketWrite)
                  00002772    00000054                : usbdcomp.obj (.text:HandleDevice)
                  000027c6    00000054                : usbdma.obj (.text:uDMAUSBChannelRelease)
                  0000281a    00000052                : usbulpi.obj (.text:ULPIConfigSet)
                  0000286c    00000050     driverlib.lib : sysctl.obj (.text:SysCtlPeripheralReset)
                  000028bc    00000050     usblib.lib : usbdcdesc.obj (.text:USBDCDConfigDescGet)
                  0000290c    00000050                : usbdenum.obj (.text:USBDeviceResumeTickHandler)
                  0000295c    00000050     rtsv7M4_T_le_v4SPD16_eabi.lib : boot.obj (.text)
                  000029ac    0000004c     usblib.lib : usbdcdesc.obj (.text:ConfigAlternateInterfaceGet)
                  000029f8    0000004c                : usbdconfig.obj (.text:GetEPDescriptorType)
                  00002a44    0000004c                : usbdcdc.obj (.text:HandleEndpoints)
                  00002a90    0000004c     driverlib.lib : usb.obj (.text:USBDevEndpointStallClear)
                  00002adc    0000004c                   : usb.obj (.text:USBEndpointDMAConfigSet)
                  00002b28    0000004c     rtsv7M4_T_le_v4SPD16_eabi.lib : cpy_tbl.obj (.text)
                  00002b74    0000004a     usblib.lib : usbdma.obj (.text:iDMAUSBChannelEnable)
                  00002bbe    0000004a                : usbdma.obj (.text:uDMAUSBChannelDisable)
                  00002c08    00000048     driverlib.lib : sysctl.obj (.text:_SysCtlFrequencyGet)
                  00002c50    00000048                   : udma.obj (.text:uDMAChannelAttributeDisable)
                  00002c98    00000046     usblib.lib : usbdcdc.obj (.text:HandleEP0Data)
                  00002cde    00000002     --HOLE-- [fill = 0]
                  00002ce0    00000044                : usbdenum.obj (.text:USBDCDDeviceInfoInit)
                  00002d24    00000044                : usbdenum.obj (.text:USBDeviceEnumResetHandler)
                  00002d68    00000044     driverlib.lib : usb.obj (.text:USBEndpointDataGet)
                  00002dac    00000044     rtsv7M4_T_le_v4SPD16_eabi.lib : exit.obj (.text)
                  00002df0    00000040     usblib.lib : usbdenum.obj (.text:USBDGetInterface)
                  00002e30    0000003a                : usbdcdesc.obj (.text:USBDCDConfigGetInterfaceEndpoint)
                  00002e6a    0000003a     driverlib.lib : usb.obj (.text:USBFIFOConfigSet)
                  00002ea4    0000003a     usblib.lib : usbdma.obj (.text:iDMAUSBChannelRelease)
                  00002ede    00000038                : usbdcomp.obj (.text:EndpointToIndex)
                  00002f16    00000002     --HOLE-- [fill = 0]
                  00002f18    00000038     usb_dev_cserial.obj (.text:RxHandlerCmd)
                  00002f50    00000038     driverlib.lib : usb.obj (.text:USBIntStatusControl)
                  00002f88    00000036     usblib.lib : usbdcomp.obj (.text:HandleDisconnect)
                  00002fbe    00000036                : usbdcomp.obj (.text:ResetHandler)
                  00002ff4    00000036                : usbdcomp.obj (.text:ResumeHandler)
                  0000302a    00000036                : usbdcdc.obj (.text:SendBreak)
                  00003060    00000036                : usbdcomp.obj (.text:SuspendHandler)
                  00003096    00000036                : usbringbuf.obj (.text:USBRingBufAdvanceWrite)
                  000030cc    00000034                : usbtick.obj (.text:InternalUSBRegisterTickHandler)
                  00003100    00000034                : usbtick.obj (.text:InternalUSBStartOfFrameTick)
                  00003134    00000034     driverlib.lib : sysctl.obj (.text:SysCtlPeripheralEnable)
                  00003168    00000034     usblib.lib : usbdma.obj (.text:iDMAUSBChannelStatus)
                  0000319c    00000032                : usbdcdc.obj (.text:HandleConfigChange)
                  000031ce    00000032                : usbdcomp.obj (.text:InterfaceChange)
                  00003200    00000032                : usbdcdesc.obj (.text:NextConfigDescGet)
                  00003232    00000032                : usbdcdc.obj (.text:ProcessNotificationToHost)
                  00003264    00000032     driverlib.lib : usb.obj (.text:USBDevEndpointStall)
                  00003296    00000032     usblib.lib : usbdma.obj (.text:iDMAUSBChannelDisable)
                  000032c8    00000030                : usbdma.obj (.text:DMAUSBIntHandler)
                  000032f8    00000030                : usbtick.obj (.text:InternalUSBTickInit)
                  00003328    00000030                : usbdenum.obj (.text:USBDGetConfiguration)
                  00003358    00000030     driverlib.lib : usb.obj (.text:USBEndpointDataPut)
                  00003388    0000002e     usblib.lib : usbdcomp.obj (.text:ConfigChangeHandler)
                  000033b6    0000002e                : usbdcomp.obj (.text:HandleEndpoints)
                  000033e4    0000002e                : usbdcdc.obj (.text:USBDCDCRxPacketAvailable)
                  00003412    0000002e     driverlib.lib : usb.obj (.text:USBEndpointDataSend)
                  00003440    0000002c     usblib.lib : usbdcomp.obj (.text:InterfaceToIndex)
                  0000346c    0000002c                : usbbuffer.obj (.text:USBBufferWrite)
                  00003498    0000002c                : usbdesc.obj (.text:USBDescGet)
                  000034c4    0000002c                : usbdma.obj (.text:uDMAUSBIntStatus)
                  000034f0    0000002a     driverlib.lib : gpio.obj (.text:GPIODirModeSet)
                  0000351a    0000002a     usblib.lib : usbdcdesc.obj (.text:USBDCDConfigDescGetNum)
                  00003544    00000028                : usbdesc.obj (.text:USBDescGetNum)
                  0000356c    00000028     driverlib.lib : usb.obj (.text:USBIntEnableControl)
                  00003594    00000028     usblib.lib : usbringbuf.obj (.text:UpdateIndexAtomic)
                  000035bc    00000028     driverlib.lib : udma.obj (.text:uDMAChannelModeGet)
                  000035e4    00000024     usblib.lib : usbbuffer.obj (.text:HandleRequestBuffer)
                  00003608    00000024                : usbbuffer.obj (.text:USBBufferRead)
                  0000362c    00000024                : usbdenum.obj (.text:USBDSetAddress)
                  00003650    00000024     driverlib.lib : usb.obj (.text:USBDevEndpointDataAck)
                  00003674    00000024                   : usb.obj (.text:USBEndpointDMADisable)
                  00003698    00000024                   : usb.obj (.text:USBEndpointDMAEnable)
                  000036bc    00000024                   : udma.obj (.text:uDMAChannelControlSet)
                  000036e0    00000022     usblib.lib : usbdcomp.obj (.text:DataReceived)
                  00003702    00000022                : usbdcomp.obj (.text:DataSent)
                  00003724    00000022                : usbdcdc.obj (.text:HandleDisconnect)
                  00003746    00000022                : usbdcdc.obj (.text:SendLineCodingChange)
                  00003768    00000022                : usbdcdc.obj (.text:SendLineStateChange)
                  0000378a    00000022                : usbdma.obj (.text:uDMAUSBChannelStatus)
                  000037ac    00000020                : usbdconfig.obj (.text:GetEndpointFIFOSize)
                  000037cc    0000001e                : usbdcdc.obj (.text:CheckAndSendBreak)
                  000037ea    0000001e                : usbbuffer.obj (.text:HandleDataRemaining)
                  00003808    0000001e                : usbringbuf.obj (.text:USBRingBufAdvanceRead)
                  00003826    0000001e     driverlib.lib : usb.obj (.text:USBULPIRegRead)
                  00003844    0000001e                   : usb.obj (.text:USBULPIRegWrite)
                  00003862    0000001c     usblib.lib : usbdcomp.obj (.text:CompositeEPChange)
                  0000387e    0000001c                : usbdcomp.obj (.text:CompositeIfaceChange)
                  0000389a    0000001c                : usbdcdc.obj (.text:SetDeferredOpFlag)
                  000038b6    0000001c                : usbdcdesc.obj (.text:USBDCDConfigGetInterface)
                  000038d2    00000002     --HOLE-- [fill = 0]
                  000038d4    0000001c                : usbdenum.obj (.text:USBDCDStallEP0)
                  000038f0    0000001c     driverlib.lib : usb.obj (.text:USBEndpointDataAvail)
                  0000390c    0000001c     usblib.lib : usbringbuf.obj (.text:USBRingBufContigFree)
                  00003928    0000001c     driverlib.lib : sysctl.obj (.text:_SysCtlMemTimingGet)
                  00003944    0000001a     usblib.lib : usbdcdc.obj (.text:DeviceConsumedAllData)
                  0000395e    0000001a     driverlib.lib : usb.obj (.text:USBEndpointDMAChannel)
                  00003978    0000001a     usblib.lib : usbringbuf.obj (.text:USBRingBufRead)
                  00003992    0000001a                : usbringbuf.obj (.text:USBRingBufReadOne)
                  000039ac    0000001a                : usbringbuf.obj (.text:USBRingBufWrite)
                  000039c6    00000002     --HOLE-- [fill = 0]
                  000039c8    00000018                : usbdhandler.obj (.text:USB0DeviceIntHandler)
                  000039e0    00000018                : usbdcdesc.obj (.text:USBDCDConfigDescGetSize)
                  000039f8    00000018                : usbdenum.obj (.text:USBDSetDescriptor)
                  00003a10    00000018                : usbdenum.obj (.text:USBDSyncFrame)
                  00003a28    00000018     rtsv7M4_T_le_v4SPD16_eabi.lib : args_main.obj (.text)
                  00003a40    00000018     driverlib.lib : udma.obj (.text:uDMAChannelDisable)
                  00003a58    00000018                   : udma.obj (.text:uDMAChannelEnable)
                  00003a70    00000016     usblib.lib : usbdcdc.obj (.text:CheckAndSendLineCodingChange)
                  00003a86    00000016                : usbdcdc.obj (.text:CheckAndSendLineStateChange)
                  00003a9c    00000016                : usbbuffer.obj (.text:USBBufferInit)
                  00003ab2    00000016                : usbringbuf.obj (.text:USBRingBufUsed)
                  00003ac8    00000014     driverlib.lib : sysctl.obj (.text:SysCtlUSBPLLEnable)
                  00003adc    00000014     usblib.lib : usbdenum.obj (.text:USBDCDRequestDataEP0)
                  00003af0    00000014                : usbdenum.obj (.text:USBDCDSendDataEP0)
                  00003b04    00000014     driverlib.lib : usb.obj (.text:USBHostResume)
                  00003b18    00000014                   : usb.obj (.text:USBIntEnableEndpoint)
                  00003b2c    00000014     usblib.lib : usbringbuf.obj (.text:USBRingBufFlush)
                  00003b40    00000014     driverlib.lib : usb.obj (.text:_USBIndexWrite)
                  00003b54    00000014     rtsv7M4_T_le_v4SPD16_eabi.lib : _lock.obj (.text)
                  00003b68    00000012     driverlib.lib : gpio.obj (.text:GPIOPinTypeEthernetLED)
                  00003b7a    00000006     usblib.lib : usbbuffer.obj (.text:USBBufferFlush)
                  00003b80    00000012     usb_dev_cserial.obj (.text:GetLineCoding)
                  00003b92    00000012     usblib.lib : usbdcdc.obj (.text:HandleResume)
                  00003ba4    00000012                : usbdcdc.obj (.text:HandleSuspend)
                  00003bb6    00000012                : usbbuffer.obj (.text:HandleTxComplete)
                  00003bc8    00000012     driverlib.lib : usb.obj (.text:USBDMAChannelConfigSet)
                  00003bda    00000012                   : usb.obj (.text:USBDMAChannelDisable)
                  00003bec    00000012                   : usb.obj (.text:USBDMAChannelEnable)
                  00003bfe    00000012                   : usb.obj (.text:USBDMAChannelIntDisable)
                  00003c10    00000012                   : usb.obj (.text:USBDMAChannelIntEnable)
                  00003c22    00000012     usblib.lib : usbringbuf.obj (.text:USBRingBufFree)
                  00003c34    00000012                : usbringbuf.obj (.text:USBRingBufWriteOne)
                  00003c46    00000010     driverlib.lib : usb.obj (.text:USBEndpointStatus)
                  00003c56    00000010     usblib.lib : usbringbuf.obj (.text:USBRingBufContigUsed)
                  00003c66    0000000e                : usbdma.obj (.text:DMAUSBIntStatusClear)
                  00003c74    0000000e                : usbdcdc.obj (.text:USBDCDCTxPacketAvailable)
                  00003c82    0000000e     driverlib.lib : usb.obj (.text:USBDMAChannelStatus)
                  00003c90    0000000e                   : usb.obj (.text:USBDevLPMDisable)
                  00003c9e    0000000e                   : usb.obj (.text:USBDevLPMEnable)
                  00003cac    0000000e                   : usb.obj (.text:USBULPIDisable)
                  00003cba    0000000e                   : usb.obj (.text:USBULPIEnable)
                  00003cc8    0000000e     rtsv7M4_T_le_v4SPD16_eabi.lib : copy_decompress_none.obj (.text:decompress:none)
                  00003cd6    0000000c     driverlib.lib : cpu.obj (.text:CPUcpsid)
                  00003ce2    0000000c                   : cpu.obj (.text:CPUcpsie)
                  00003cee    0000000c                   : usb.obj (.text:USBEndpointPacketCountSet)
                  00003cfa    0000000c                   : usb.obj (.text:USBLPMIntEnable)
                  00003d06    0000000c     usblib.lib : usbringbuf.obj (.text:USBRingBufInit)
                  00003d12    0000000c     rtsv7M4_T_le_v4SPD16_eabi.lib : copy_zero_init.obj (.text:decompress:ZI)
                  00003d1e    0000000a     driverlib.lib : interrupt.obj (.text:IntMasterDisable)
                  00003d28    0000000a                   : interrupt.obj (.text:IntMasterEnable)
                  00003d32    0000000a                   : usb.obj (.text:USBClockEnable)
                  00003d3c    0000000a                   : usb.obj (.text:USBControllerVersion)
                  00003d46    0000000a                   : usb.obj (.text:USBDMAChannelAddressSet)
                  00003d50    0000000a                   : usb.obj (.text:USBDMAChannelCountSet)
                  00003d5a    0000000a                   : usb.obj (.text:USBDevConnect)
                  00003d64    0000000a                   : usb.obj (.text:USBDevDisconnect)
                  00003d6e    0000000a                   : usb.obj (.text:USBIntStatusEndpoint)
                  00003d78    00000008                   : usb.obj (.text:USBDevMode)
                  00003d80    00000008                   : usb.obj (.text:USBFIFOAddrGet)
                  00003d88    00000008                   : usb.obj (.text:USBOTGMode)
                  00003d90    00000008     usblib.lib : usbdma.obj (.text:iDMAUSBChannelIntDisable)
                  00003d98    00000008                : usbdma.obj (.text:iDMAUSBChannelIntEnable)
                  00003da0    00000006     startup_ccs.obj (.text:ResetISR)
                  00003da6    00000006     driverlib.lib : usb.obj (.text:USBDMAChannelIntStatus)
                  00003dac    00000006                   : usb.obj (.text:USBDevLPMConfig)
                  00003db2    00000006                   : usb.obj (.text:USBLPMIntStatus)
                  00003db8    00000006     rtsv7M4_T_le_v4SPD16_eabi.lib : copy_decompress_rle.obj (.text:decompress:rle24)
                  00003dbe    00000006     usblib.lib : usbdma.obj (.text:iDMAUSBIntStatus)
                  00003dc4    00000004     driverlib.lib : cpu.obj (.text:CPUwfi)
                  00003dc8    00000004     usblib.lib : usbdma.obj (.text:DMAUSBStatus)
                  00003dcc    00000004     driverlib.lib : usb.obj (.text:USBDevAddrSet)
                  00003dd0    00000004     usb_dev_cserial.obj (.text:TxHandlerEcho)
                  00003dd4    00000004     rtsv7M4_T_le_v4SPD16_eabi.lib : pre_init.obj (.text)
                  00003dd8    00000002     startup_ccs.obj (.text:FaultISR)
                  00003dda    00000006     --HOLE-- [fill = 0]
                  00003de0    00000002     startup_ccs.obj (.text:IntDefaultHandler)
                  00003de2    00000006     --HOLE-- [fill = 0]
                  00003de8    00000002     startup_ccs.obj (.text:NmiSR)

.const     0    00003dec    0000046c     
                  00003dec    00000120     driverlib.lib : sysctl.obj (.const:g_pppui32XTALtoVCO)
                  00003f0c    00000070                   : interrupt.obj (.const)
                  00003f7c    0000006c                   : sysctl.obj (.const:g_pui32Xtals)
                  00003fe8    00000038     usblib.lib : usbdcdc.obj (.const)
                  00004020    00000036     usb_structs.obj (.const:.string:g_pui8ConfigString)
                  00004056    00000002     --HOLE-- [fill = 0]
                  00004058    00000034     usblib.lib : usbdenum.obj (.const:g_psUSBDStdRequests)
                  0000408c    00000030                : usbdcdc.obj (.const:g_sCDCHandlers)
                  000040bc    00000030                : usbdcomp.obj (.const:g_sCompHandlers)
                  000040ec    00000030     driverlib.lib : sysctl.obj (.const:g_sXTALtoMEMTIM)
                  0000411c    0000002c     usb_structs.obj (.const:.string:g_pui8ControlInterfaceString)
                  00004148    00000024     usb_structs.obj (.const:.string:g_pui8ManufacturerString)
                  0000416c    00000024     usb_structs.obj (.const:g_psRxBuffer)
                  00004190    00000024     usb_structs.obj (.const:g_psTxBuffer)
                  000041b4    00000023     usblib.lib : usbdcdc.obj (.const:.string:g_pui8CDCSerCommInterface)
                  000041d7    00000022     usb_structs.obj (.const:.string:g_pui8ProductString)
                  000041f9    00000003     --HOLE-- [fill = 0]
                  000041fc    00000018     usb_structs.obj (.const)
                  00004214    00000017     usblib.lib : usbdcdc.obj (.const:.string)
                  0000422b    00000016     usb_structs.obj (.const:.string)
                  00004241    00000003     --HOLE-- [fill = 0]
                  00004244    00000009     usblib.lib : usbdcomp.obj (.const:.string)
                  0000424d    00000003     --HOLE-- [fill = 0]
                  00004250    00000008     driverlib.lib : sysctl.obj (.const)

.cinit     0    00004258    000000e0     
                  00004258    000000ba     (.cinit..data.load) [load image, compression = rle]
                  00004312    00000002     --HOLE-- [fill = 0]
                  00004314    0000000c     (__TI_handler_table)
                  00004320    00000008     (.cinit..bss.load) [load image, compression = zero_init]
                  00004328    00000010     (__TI_cinit_table)

.init_array 
*          0    00000000    00000000     UNINITIALIZED

.bss       0    20000000    000005a0     UNINITIALIZED
                  20000000    00000110     usblib.lib : usbdma.obj (.bss:g_psUSBDMAInst)
                  20000110    00000100     usb_dev_cserial.obj (.bss:g_pcCmdBuf)
                  20000210    00000100     usb_structs.obj (.bss:g_ppcUSBTxBuffer)
                  20000310    00000100     usb_structs.obj (.bss:g_ppui8USBRxBuffer)
                  20000410    00000084     usb_dev_cserial.obj (.bss:g_pucDescriptorData)
                  20000494    00000050     usblib.lib : usbdenum.obj (.bss:g_psDCDInst)
                  200004e4    00000040                : usbdenum.obj (.bss:g_pui8DataBufferIn)
                  20000524    00000030                : usbtick.obj (.bss)
                  20000554    00000018     (.common:g_ppucTxBufferWorkspace)
                  2000056c    00000018     (.common:g_ppui8RxBufferWorkspace)
                  20000584    0000000c     (.common:g_psCompEntries)
                  20000590    00000008                : usbdenum.obj (.bss)
                  20000598    00000004                : usbdcomp.obj (.bss)
                  2000059c    00000004     (.common:g_pcStatus)

.TI.noinit 
*          0    20000000    00000000     UNINITIALIZED

.stack     0    200005a0    00000400     UNINITIALIZED
                  200005a0    00000400     --HOLE--

.data      0    200009a0    00000178     UNINITIALIZED
                  200009a0    0000007c     usb_structs.obj (.data:g_sCompDevice)
                  20000a1c    00000060     usb_structs.obj (.data:g_psCDCDevice)
                  20000a7c    00000040     usblib.lib : usbdcdc.obj (.data)
                  20000abc    00000012                : usbdcomp.obj (.data)
                  20000ace    00000002     --HOLE--
                  20000ad0    00000011     usb_dev_cserial.obj (.data)
                  20000ae1    00000003     --HOLE--
                  20000ae4    0000000c     usblib.lib : usbtick.obj (.data)
                  20000af0    00000009                : usbmode.obj (.data)
                  20000af9    00000003     --HOLE--
                  20000afc    00000008     rtsv7M4_T_le_v4SPD16_eabi.lib : _lock.obj (.data)
                  20000b04    00000008                                   : exit.obj (.data)
                  20000b0c    00000008     usblib.lib : usbdenum.obj (.data)
                  20000b14    00000004     rtsv7M4_T_le_v4SPD16_eabi.lib : stkdepth_vars.obj (.data)

.TI.persistent 
*          0    200009a0    00000000     UNINITIALIZED


LINKER GENERATED COPY TABLES

__TI_cinit_table @ 00004328 records: 2, size/record: 8, table size: 16
	.data: load addr=00004258, load size=000000ba bytes, run addr=200009a0, run size=00000178 bytes, compression=rle
	.bss: load addr=00004320, load size=00000008 bytes, run addr=20000000, run size=000005a0 bytes, compression=zero_init


LINKER GENERATED HANDLER TABLE

__TI_handler_table @ 00004314 records: 3, size/record: 4, table size: 12
	index: 0, handler: __TI_decompress_rle24
	index: 1, handler: __TI_decompress_none
	index: 2, handler: __TI_zero_init


GLOBAL SYMBOLS: SORTED ALPHABETICALLY BY Name 

address   name                            
-------   ----                            
00000619  BuildCompositeDescriptor        
00002dad  C$$EXIT                         
00003cd7  CPUcpsid                        
00003ce3  CPUcpsie                        
00003dc5  CPUwfi                          
00001559  ControlHandler                  
000034f1  GPIODirModeSet                  
00000e6d  GPIOPadConfigSet                
00003b69  GPIOPinTypeEthernetLED          
00002485  IntDisable                      
000024e5  IntEnable                       
00002299  IntIsEnabled                    
00003d1f  IntMasterDisable                
00003d29  IntMasterEnable                 
000030cd  InternalUSBRegisterTickHandler  
00003101  InternalUSBStartOfFrameTick     
000032f9  InternalUSBTickInit             
00000201  PinoutSet                       
00002151  ProcessDataFromHost             
00002663  ProcessDataToHost               
00003233  ProcessNotificationToHost       
00003da1  ResetISR                        
00002f19  RxHandlerCmd                    
UNDEFED   SHT$$INIT_ARRAY$$Base           
UNDEFED   SHT$$INIT_ARRAY$$Limit          
0000041d  SysCtlClockFreqSet              
00003135  SysCtlPeripheralEnable          
0000286d  SysCtlPeripheralReset           
00003dc5  SysCtlSleep                     
00003ac9  SysCtlUSBPLLEnable              
00003dd1  TxHandlerEcho                   
0000281b  ULPIConfigSet                   
000039c9  USB0DeviceIntHandler            
00001553  USBBufferDataAvailable          
00002545  USBBufferEventCallback          
00003b7b  USBBufferFlush                  
00003a9d  USBBufferInit                   
00003609  USBBufferRead                   
0000346d  USBBufferWrite                  
00003d33  USBClockEnable                  
00003d3d  USBControllerVersion            
00001759  USBDCDCCompositeInit            
00001ae7  USBDCDCPacketRead               
0000271d  USBDCDCPacketWrite              
000033e5  USBDCDCRxPacketAvailable        
00003c75  USBDCDCTxPacketAvailable        
000028bd  USBDCDConfigDescGet             
0000351b  USBDCDConfigDescGetNum          
000039e1  USBDCDConfigDescGetSize         
000038b7  USBDCDConfigGetInterface        
00002e31  USBDCDConfigGetInterfaceEndpoint
00002ce1  USBDCDDeviceInfoInit            
00000aa5  USBDCDInit                      
00003add  USBDCDRequestDataEP0            
00003af1  USBDCDSendDataEP0               
000038d5  USBDCDStallEP0                  
00001309  USBDCompositeInit               
00003d47  USBDMAChannelAddressSet         
00003bc9  USBDMAChannelConfigSet          
00003d51  USBDMAChannelCountSet           
00003bdb  USBDMAChannelDisable            
00003bed  USBDMAChannelEnable             
00003bff  USBDMAChannelIntDisable         
00003c11  USBDMAChannelIntEnable          
00003da7  USBDMAChannelIntStatus          
00003c83  USBDMAChannelStatus             
00003499  USBDescGet                      
00003545  USBDescGetNum                   
00003dcd  USBDevAddrSet                   
00003d5b  USBDevConnect                   
00003d65  USBDevDisconnect                
00001e21  USBDevEndpointConfigSet         
00003651  USBDevEndpointDataAck           
00003265  USBDevEndpointStall             
00002a91  USBDevEndpointStallClear        
00002605  USBDevEndpointStatusClear       
00003dad  USBDevLPMConfig                 
00003c91  USBDevLPMDisable                
00003c9f  USBDevLPMEnable                 
00003d79  USBDevMode                      
00000bed  USBDeviceConfig                 
00001c05  USBDeviceConfigAlternate        
00001161  USBDeviceEnumHandler            
00002d25  USBDeviceEnumResetHandler       
00000d2d  USBDeviceIntHandlerInternal     
0000290d  USBDeviceResumeTickHandler      
0000395f  USBEndpointDMAChannel           
00002add  USBEndpointDMAConfigSet         
00003675  USBEndpointDMADisable           
00003699  USBEndpointDMAEnable            
000038f1  USBEndpointDataAvail            
00002d69  USBEndpointDataGet              
00003359  USBEndpointDataPut              
00003413  USBEndpointDataSend             
00003cef  USBEndpointPacketCountSet       
00003c47  USBEndpointStatus               
00003d81  USBFIFOAddrGet                  
00002e6b  USBFIFOConfigSet                
00003b05  USBHostResume                   
0000356d  USBIntEnableControl             
00003b19  USBIntEnableEndpoint            
00002f51  USBIntStatusControl             
00003d6f  USBIntStatusEndpoint            
00003cfb  USBLPMIntEnable                 
00003db3  USBLPMIntStatus                 
000007f1  USBLibDMAInit                   
00003d89  USBOTGMode                      
00003809  USBRingBufAdvanceRead           
00003097  USBRingBufAdvanceWrite          
0000390d  USBRingBufContigFree            
00003c57  USBRingBufContigUsed            
00003b2d  USBRingBufFlush                 
00003c23  USBRingBufFree                  
00003d07  USBRingBufInit                  
00003979  USBRingBufRead                  
00003993  USBRingBufReadOne               
00003ab3  USBRingBufUsed                  
000039ad  USBRingBufWrite                 
00003c35  USBRingBufWriteOne              
00003cad  USBULPIDisable                  
00003cbb  USBULPIEnable                   
00003827  USBULPIRegRead                  
00003845  USBULPIRegWrite                 
200009a0  __STACK_END                     
00000400  __STACK_SIZE                    
200009a0  __STACK_TOP                     
00004328  __TI_CINIT_Base                 
00004338  __TI_CINIT_Limit                
00004314  __TI_Handler_Table_Base         
00004320  __TI_Handler_Table_Limit        
000021c1  __TI_auto_init                  
20000b04  __TI_cleanup_ptr                
00003cc9  __TI_decompress_none            
00003db9  __TI_decompress_rle24           
20000b08  __TI_dtors_ptr                  
00000000  __TI_static_base__              
00003d13  __TI_zero_init                  
00001e9b  __aeabi_memclr                  
00001e9b  __aeabi_memclr4                 
00001e9b  __aeabi_memclr8                 
000017f9  __aeabi_memcpy                  
000017f9  __aeabi_memcpy4                 
000017f9  __aeabi_memcpy8                 
00001e9d  __aeabi_memset                  
00001e9d  __aeabi_memset4                 
00001e9d  __aeabi_memset8                 
ffffffff  __binit__                       
ffffffff  __c_args__                      
200005a0  __stack                         
00003a29  _args_main                      
0000295d  _c_int00                        
20000afc  _lock                           
00003b63  _nop                            
00003b5b  _register_lock                  
00003b55  _register_unlock                
00003dd5  _system_pre_init                
20000b00  _unlock                         
00002db1  abort                           
ffffffff  binit                           
00002b29  copy_in                         
00002db9  exit                            
20000ae4  g_bUSBTimerInitialized          
20000af0  g_iUSBMode                      
0000401c  g_pCDCCompSerConfigDescriptors  
2000059c  g_pcStatus                      
20000524  g_pfnTickHandlers               
00000000  g_pfnVectors                    
00004018  g_ppCDCSerConfigDescriptors     
20000598  g_ppCompConfigDescriptors       
20000210  g_ppcUSBTxBuffer                
20000594  g_ppsDevInfo                    
20000554  g_ppucTxBufferWorkspace         
2000056c  g_ppui8RxBufferWorkspace        
20000310  g_ppui8USBRxBuffer              
20000aac  g_psCDCCompSerSections          
20000a1c  g_psCDCDevice                   
20000aa0  g_psCDCSerSections              
20000584  g_psCompEntries                 
20000494  g_psDCDInst                     
0000416c  g_psRxBuffer                    
00004190  g_psTxBuffer                    
20000410  g_pucDescriptorData             
000041b4  g_pui8CDCSerCommInterface       
00004214  g_pui8CDCSerDataInterface       
20000a8e  g_pui8CDCSerDescriptor          
20000a7c  g_pui8CDCSerDeviceDescriptor    
00004020  g_pui8ConfigString              
0000411c  g_pui8ControlInterfaceString    
20000a97  g_pui8IADSerDescriptor          
0000422b  g_pui8LangDescriptor            
00004148  g_pui8ManufacturerString        
000041d7  g_pui8ProductString             
0000422f  g_pui8SerialNumberString        
000041fc  g_pui8StringDescriptors         
2000053c  g_pvTickInstance                
00004010  g_sCDCCompSerConfigHeader       
0000408c  g_sCDCHandlers                  
00003ff8  g_sCDCSerCommInterfaceSection   
00004008  g_sCDCSerConfigHeader           
00003fe8  g_sCDCSerConfigSection          
00004000  g_sCDCSerDataInterfaceSection   
200009a0  g_sCompDevice                   
000040bc  g_sCompHandlers                 
00003ff0  g_sIADSerConfigSection          
20000ae8  g_ui32CurrentUSBTick            
20000adc  g_ui32Flags                     
20000ad0  g_ui32SysClock                  
20000ad8  g_ui32UARTRxCount               
20000ad4  g_ui32UARTTxCount               
20000aec  g_ui32USBSOFCount               
20000af4  g_ui32WaitTicks                 
00001c91  main                            
20000b14  main_func_sp                    
000017f9  memcpy                          
00001ea3  memset                          
00002c51  uDMAChannelAttributeDisable     
000036bd  uDMAChannelControlSet           
00003a41  uDMAChannelDisable              
00003a59  uDMAChannelEnable               
000035bd  uDMAChannelModeGet              
00001da1  uDMAChannelTransferSet          


GLOBAL SYMBOLS: SORTED BY Symbol Address 

address   name                            
-------   ----                            
00000000  __TI_static_base__              
00000000  g_pfnVectors                    
00000201  PinoutSet                       
00000400  __STACK_SIZE                    
0000041d  SysCtlClockFreqSet              
00000619  BuildCompositeDescriptor        
000007f1  USBLibDMAInit                   
00000aa5  USBDCDInit                      
00000bed  USBDeviceConfig                 
00000d2d  USBDeviceIntHandlerInternal     
00000e6d  GPIOPadConfigSet                
00001161  USBDeviceEnumHandler            
00001309  USBDCompositeInit               
00001553  USBBufferDataAvailable          
00001559  ControlHandler                  
00001759  USBDCDCCompositeInit            
000017f9  __aeabi_memcpy                  
000017f9  __aeabi_memcpy4                 
000017f9  __aeabi_memcpy8                 
000017f9  memcpy                          
00001ae7  USBDCDCPacketRead               
00001c05  USBDeviceConfigAlternate        
00001c91  main                            
00001da1  uDMAChannelTransferSet          
00001e21  USBDevEndpointConfigSet         
00001e9b  __aeabi_memclr                  
00001e9b  __aeabi_memclr4                 
00001e9b  __aeabi_memclr8                 
00001e9d  __aeabi_memset                  
00001e9d  __aeabi_memset4                 
00001e9d  __aeabi_memset8                 
00001ea3  memset                          
00002151  ProcessDataFromHost             
000021c1  __TI_auto_init                  
00002299  IntIsEnabled                    
00002485  IntDisable                      
000024e5  IntEnable                       
00002545  USBBufferEventCallback          
00002605  USBDevEndpointStatusClear       
00002663  ProcessDataToHost               
0000271d  USBDCDCPacketWrite              
0000281b  ULPIConfigSet                   
0000286d  SysCtlPeripheralReset           
000028bd  USBDCDConfigDescGet             
0000290d  USBDeviceResumeTickHandler      
0000295d  _c_int00                        
00002a91  USBDevEndpointStallClear        
00002add  USBEndpointDMAConfigSet         
00002b29  copy_in                         
00002c51  uDMAChannelAttributeDisable     
00002ce1  USBDCDDeviceInfoInit            
00002d25  USBDeviceEnumResetHandler       
00002d69  USBEndpointDataGet              
00002dad  C$$EXIT                         
00002db1  abort                           
00002db9  exit                            
00002e31  USBDCDConfigGetInterfaceEndpoint
00002e6b  USBFIFOConfigSet                
00002f19  RxHandlerCmd                    
00002f51  USBIntStatusControl             
00003097  USBRingBufAdvanceWrite          
000030cd  InternalUSBRegisterTickHandler  
00003101  InternalUSBStartOfFrameTick     
00003135  SysCtlPeripheralEnable          
00003233  ProcessNotificationToHost       
00003265  USBDevEndpointStall             
000032f9  InternalUSBTickInit             
00003359  USBEndpointDataPut              
000033e5  USBDCDCRxPacketAvailable        
00003413  USBEndpointDataSend             
0000346d  USBBufferWrite                  
00003499  USBDescGet                      
000034f1  GPIODirModeSet                  
0000351b  USBDCDConfigDescGetNum          
00003545  USBDescGetNum                   
0000356d  USBIntEnableControl             
000035bd  uDMAChannelModeGet              
00003609  USBBufferRead                   
00003651  USBDevEndpointDataAck           
00003675  USBEndpointDMADisable           
00003699  USBEndpointDMAEnable            
000036bd  uDMAChannelControlSet           
00003809  USBRingBufAdvanceRead           
00003827  USBULPIRegRead                  
00003845  USBULPIRegWrite                 
000038b7  USBDCDConfigGetInterface        
000038d5  USBDCDStallEP0                  
000038f1  USBEndpointDataAvail            
0000390d  USBRingBufContigFree            
0000395f  USBEndpointDMAChannel           
00003979  USBRingBufRead                  
00003993  USBRingBufReadOne               
000039ad  USBRingBufWrite                 
000039c9  USB0DeviceIntHandler            
000039e1  USBDCDConfigDescGetSize         
00003a29  _args_main                      
00003a41  uDMAChannelDisable              
00003a59  uDMAChannelEnable               
00003a9d  USBBufferInit                   
00003ab3  USBRingBufUsed                  
00003ac9  SysCtlUSBPLLEnable              
00003add  USBDCDRequestDataEP0            
00003af1  USBDCDSendDataEP0               
00003b05  USBHostResume                   
00003b19  USBIntEnableEndpoint            
00003b2d  USBRingBufFlush                 
00003b55  _register_unlock                
00003b5b  _register_lock                  
00003b63  _nop                            
00003b69  GPIOPinTypeEthernetLED          
00003b7b  USBBufferFlush                  
00003bc9  USBDMAChannelConfigSet          
00003bdb  USBDMAChannelDisable            
00003bed  USBDMAChannelEnable             
00003bff  USBDMAChannelIntDisable         
00003c11  USBDMAChannelIntEnable          
00003c23  USBRingBufFree                  
00003c35  USBRingBufWriteOne              
00003c47  USBEndpointStatus               
00003c57  USBRingBufContigUsed            
00003c75  USBDCDCTxPacketAvailable        
00003c83  USBDMAChannelStatus             
00003c91  USBDevLPMDisable                
00003c9f  USBDevLPMEnable                 
00003cad  USBULPIDisable                  
00003cbb  USBULPIEnable                   
00003cc9  __TI_decompress_none            
00003cd7  CPUcpsid                        
00003ce3  CPUcpsie                        
00003cef  USBEndpointPacketCountSet       
00003cfb  USBLPMIntEnable                 
00003d07  USBRingBufInit                  
00003d13  __TI_zero_init                  
00003d1f  IntMasterDisable                
00003d29  IntMasterEnable                 
00003d33  USBClockEnable                  
00003d3d  USBControllerVersion            
00003d47  USBDMAChannelAddressSet         
00003d51  USBDMAChannelCountSet           
00003d5b  USBDevConnect                   
00003d65  USBDevDisconnect                
00003d6f  USBIntStatusEndpoint            
00003d79  USBDevMode                      
00003d81  USBFIFOAddrGet                  
00003d89  USBOTGMode                      
00003da1  ResetISR                        
00003da7  USBDMAChannelIntStatus          
00003dad  USBDevLPMConfig                 
00003db3  USBLPMIntStatus                 
00003db9  __TI_decompress_rle24           
00003dc5  CPUwfi                          
00003dc5  SysCtlSleep                     
00003dcd  USBDevAddrSet                   
00003dd1  TxHandlerEcho                   
00003dd5  _system_pre_init                
00003fe8  g_sCDCSerConfigSection          
00003ff0  g_sIADSerConfigSection          
00003ff8  g_sCDCSerCommInterfaceSection   
00004000  g_sCDCSerDataInterfaceSection   
00004008  g_sCDCSerConfigHeader           
00004010  g_sCDCCompSerConfigHeader       
00004018  g_ppCDCSerConfigDescriptors     
0000401c  g_pCDCCompSerConfigDescriptors  
00004020  g_pui8ConfigString              
0000408c  g_sCDCHandlers                  
000040bc  g_sCompHandlers                 
0000411c  g_pui8ControlInterfaceString    
00004148  g_pui8ManufacturerString        
0000416c  g_psRxBuffer                    
00004190  g_psTxBuffer                    
000041b4  g_pui8CDCSerCommInterface       
000041d7  g_pui8ProductString             
000041fc  g_pui8StringDescriptors         
00004214  g_pui8CDCSerDataInterface       
0000422b  g_pui8LangDescriptor            
0000422f  g_pui8SerialNumberString        
00004314  __TI_Handler_Table_Base         
00004320  __TI_Handler_Table_Limit        
00004328  __TI_CINIT_Base                 
00004338  __TI_CINIT_Limit                
20000210  g_ppcUSBTxBuffer                
20000310  g_ppui8USBRxBuffer              
20000410  g_pucDescriptorData             
20000494  g_psDCDInst                     
20000524  g_pfnTickHandlers               
2000053c  g_pvTickInstance                
20000554  g_ppucTxBufferWorkspace         
2000056c  g_ppui8RxBufferWorkspace        
20000584  g_psCompEntries                 
20000594  g_ppsDevInfo                    
20000598  g_ppCompConfigDescriptors       
2000059c  g_pcStatus                      
200005a0  __stack                         
200009a0  __STACK_END                     
200009a0  __STACK_TOP                     
200009a0  g_sCompDevice                   
20000a1c  g_psCDCDevice                   
20000a7c  g_pui8CDCSerDeviceDescriptor    
20000a8e  g_pui8CDCSerDescriptor          
20000a97  g_pui8IADSerDescriptor          
20000aa0  g_psCDCSerSections              
20000aac  g_psCDCCompSerSections          
20000ad0  g_ui32SysClock                  
20000ad4  g_ui32UARTTxCount               
20000ad8  g_ui32UARTRxCount               
20000adc  g_ui32Flags                     
20000ae4  g_bUSBTimerInitialized          
20000ae8  g_ui32CurrentUSBTick            
20000aec  g_ui32USBSOFCount               
20000af0  g_iUSBMode                      
20000af4  g_ui32WaitTicks                 
20000afc  _lock                           
20000b00  _unlock                         
20000b04  __TI_cleanup_ptr                
20000b08  __TI_dtors_ptr                  
20000b14  main_func_sp                    
ffffffff  __binit__                       
ffffffff  __c_args__                      
ffffffff  binit                           
UNDEFED   SHT$$INIT_ARRAY$$Base           
UNDEFED   SHT$$INIT_ARRAY$$Limit          

[221 symbols]
