<?xml version="1.0"?>
<link_info>
   <banner>TI ARM Linker PC v5.2.7</banner>
   <copyright>Copyright (c) 1996-2015 Texas Instruments Incorporated</copyright>
   <link_time>0x57adb40c</link_time>
   <link_errors>0x0</link_errors>
   <output_file>usb_dev_cserial.out</output_file>
   <entry_point>
      <name>_c_int00</name>
      <address>0x295d</address>
   </entry_point>
   <input_file_list>
      <input_file id="fl-2">
         <path>.\</path>
         <kind>object</kind>
         <file>startup_ccs.obj</file>
         <name>startup_ccs.obj</name>
      </input_file>
      <input_file id="fl-3">
         <path>.\</path>
         <kind>object</kind>
         <file>usb_dev_cserial.obj</file>
         <name>usb_dev_cserial.obj</name>
      </input_file>
      <input_file id="fl-4">
         <path>.\</path>
         <kind>object</kind>
         <file>usb_structs.obj</file>
         <name>usb_structs.obj</name>
      </input_file>
      <input_file id="fl-5">
         <path>.\utils\</path>
         <kind>object</kind>
         <file>cmdline.obj</file>
         <name>cmdline.obj</name>
      </input_file>
      <input_file id="fl-6">
         <path>.\utils\</path>
         <kind>object</kind>
         <file>ustdlib.obj</file>
         <name>ustdlib.obj</name>
      </input_file>
      <input_file id="fl-7">
         <path>.\drivers\</path>
         <kind>object</kind>
         <file>pinout.obj</file>
         <name>pinout.obj</name>
      </input_file>
      <input_file id="fl-12f">
         <path>C:\ti\ccsv6\tools\compiler\ti-cgt-arm_5.2.7\lib\</path>
         <kind>archive</kind>
         <file>rtsv7M4_T_le_v4SPD16_eabi.lib</file>
         <name>boot.obj</name>
      </input_file>
      <input_file id="fl-130">
         <path>C:\ti\ccsv6\tools\compiler\ti-cgt-arm_5.2.7\lib\</path>
         <kind>archive</kind>
         <file>rtsv7M4_T_le_v4SPD16_eabi.lib</file>
         <name>copy_decompress_none.obj</name>
      </input_file>
      <input_file id="fl-131">
         <path>C:\ti\ccsv6\tools\compiler\ti-cgt-arm_5.2.7\lib\</path>
         <kind>archive</kind>
         <file>rtsv7M4_T_le_v4SPD16_eabi.lib</file>
         <name>copy_decompress_rle.obj</name>
      </input_file>
      <input_file id="fl-132">
         <path>C:\ti\ccsv6\tools\compiler\ti-cgt-arm_5.2.7\lib\</path>
         <kind>archive</kind>
         <file>rtsv7M4_T_le_v4SPD16_eabi.lib</file>
         <name>copy_zero_init.obj</name>
      </input_file>
      <input_file id="fl-133">
         <path>C:\ti\ccsv6\tools\compiler\ti-cgt-arm_5.2.7\lib\</path>
         <kind>archive</kind>
         <file>rtsv7M4_T_le_v4SPD16_eabi.lib</file>
         <name>exit.obj</name>
      </input_file>
      <input_file id="fl-134">
         <path>C:\ti\ccsv6\tools\compiler\ti-cgt-arm_5.2.7\lib\</path>
         <kind>archive</kind>
         <file>rtsv7M4_T_le_v4SPD16_eabi.lib</file>
         <name>memcpy_t2.obj</name>
      </input_file>
      <input_file id="fl-135">
         <path>C:\ti\ccsv6\tools\compiler\ti-cgt-arm_5.2.7\lib\</path>
         <kind>archive</kind>
         <file>rtsv7M4_T_le_v4SPD16_eabi.lib</file>
         <name>memset_t2.obj</name>
      </input_file>
      <input_file id="fl-136">
         <path>C:\ti\ccsv6\tools\compiler\ti-cgt-arm_5.2.7\lib\</path>
         <kind>archive</kind>
         <file>rtsv7M4_T_le_v4SPD16_eabi.lib</file>
         <name>pre_init.obj</name>
      </input_file>
      <input_file id="fl-137">
         <path>C:\ti\ccsv6\tools\compiler\ti-cgt-arm_5.2.7\lib\</path>
         <kind>archive</kind>
         <file>rtsv7M4_T_le_v4SPD16_eabi.lib</file>
         <name>stkdepth_vars.obj</name>
      </input_file>
      <input_file id="fl-138">
         <path>C:\ti\ccsv6\tools\compiler\ti-cgt-arm_5.2.7\lib\</path>
         <kind>archive</kind>
         <file>rtsv7M4_T_le_v4SPD16_eabi.lib</file>
         <name>strcmp.obj</name>
      </input_file>
      <input_file id="fl-139">
         <path>C:\ti\ccsv6\tools\compiler\ti-cgt-arm_5.2.7\lib\</path>
         <kind>archive</kind>
         <file>rtsv7M4_T_le_v4SPD16_eabi.lib</file>
         <name>u_divt2.obj</name>
      </input_file>
      <input_file id="fl-13a">
         <path>C:\ti\ccsv6\tools\compiler\ti-cgt-arm_5.2.7\lib\</path>
         <kind>archive</kind>
         <file>rtsv7M4_T_le_v4SPD16_eabi.lib</file>
         <name>_lock.obj</name>
      </input_file>
      <input_file id="fl-13b">
         <path>C:\ti\ccsv6\tools\compiler\ti-cgt-arm_5.2.7\lib\</path>
         <kind>archive</kind>
         <file>rtsv7M4_T_le_v4SPD16_eabi.lib</file>
         <name>args_main.obj</name>
      </input_file>
      <input_file id="fl-13c">
         <path>C:\ti\ccsv6\tools\compiler\ti-cgt-arm_5.2.7\lib\</path>
         <kind>archive</kind>
         <file>rtsv7M4_T_le_v4SPD16_eabi.lib</file>
         <name>autoinit.obj</name>
      </input_file>
      <input_file id="fl-13d">
         <path>C:\ti\ccsv6\tools\compiler\ti-cgt-arm_5.2.7\lib\</path>
         <kind>archive</kind>
         <file>rtsv7M4_T_le_v4SPD16_eabi.lib</file>
         <name>cpy_tbl.obj</name>
      </input_file>
      <input_file id="fl-13e">
         <path>C:\ti\ccsv6\tools\compiler\ti-cgt-arm_5.2.7\lib\</path>
         <kind>archive</kind>
         <file>rtsv7M4_T_le_v4SPD16_eabi.lib</file>
         <name>i_div0.obj</name>
      </input_file>
      <input_file id="fl-13f">
         <path>C:\ti\SW-TM4C-2.1.0.12573_2\examples\boards\ek-tm4c1294xl\usb_dev_cserial\ccs\..\..\..\..\..\driverlib\ccs\Debug\</path>
         <kind>archive</kind>
         <file>driverlib.lib</file>
         <name>sysctl.obj</name>
      </input_file>
      <input_file id="fl-140">
         <path>C:\ti\SW-TM4C-2.1.0.12573_2\examples\boards\ek-tm4c1294xl\usb_dev_cserial\ccs\..\..\..\..\..\driverlib\ccs\Debug\</path>
         <kind>archive</kind>
         <file>driverlib.lib</file>
         <name>interrupt.obj</name>
      </input_file>
      <input_file id="fl-141">
         <path>C:\ti\SW-TM4C-2.1.0.12573_2\examples\boards\ek-tm4c1294xl\usb_dev_cserial\ccs\..\..\..\..\..\driverlib\ccs\Debug\</path>
         <kind>archive</kind>
         <file>driverlib.lib</file>
         <name>gpio.obj</name>
      </input_file>
      <input_file id="fl-142">
         <path>C:\ti\SW-TM4C-2.1.0.12573_2\examples\boards\ek-tm4c1294xl\usb_dev_cserial\ccs\..\..\..\..\..\driverlib\ccs\Debug\</path>
         <kind>archive</kind>
         <file>driverlib.lib</file>
         <name>cpu.obj</name>
      </input_file>
      <input_file id="fl-143">
         <path>C:\ti\SW-TM4C-2.1.0.12573_2\examples\boards\ek-tm4c1294xl\usb_dev_cserial\ccs\..\..\..\..\..\usblib\ccs\Debug\</path>
         <kind>archive</kind>
         <file>usblib.lib</file>
         <name>usbdhandler.obj</name>
      </input_file>
      <input_file id="fl-144">
         <path>C:\ti\SW-TM4C-2.1.0.12573_2\examples\boards\ek-tm4c1294xl\usb_dev_cserial\ccs\..\..\..\..\..\usblib\ccs\Debug\</path>
         <kind>archive</kind>
         <file>usblib.lib</file>
         <name>usbdenum.obj</name>
      </input_file>
      <input_file id="fl-145">
         <path>C:\ti\SW-TM4C-2.1.0.12573_2\examples\boards\ek-tm4c1294xl\usb_dev_cserial\ccs\..\..\..\..\..\usblib\ccs\Debug\</path>
         <kind>archive</kind>
         <file>usblib.lib</file>
         <name>usbdconfig.obj</name>
      </input_file>
      <input_file id="fl-146">
         <path>C:\ti\SW-TM4C-2.1.0.12573_2\examples\boards\ek-tm4c1294xl\usb_dev_cserial\ccs\..\..\..\..\..\usblib\ccs\Debug\</path>
         <kind>archive</kind>
         <file>usblib.lib</file>
         <name>usbdcomp.obj</name>
      </input_file>
      <input_file id="fl-147">
         <path>C:\ti\SW-TM4C-2.1.0.12573_2\examples\boards\ek-tm4c1294xl\usb_dev_cserial\ccs\..\..\..\..\..\usblib\ccs\Debug\</path>
         <kind>archive</kind>
         <file>usblib.lib</file>
         <name>usbdcdesc.obj</name>
      </input_file>
      <input_file id="fl-148">
         <path>C:\ti\SW-TM4C-2.1.0.12573_2\examples\boards\ek-tm4c1294xl\usb_dev_cserial\ccs\..\..\..\..\..\usblib\ccs\Debug\</path>
         <kind>archive</kind>
         <file>usblib.lib</file>
         <name>usbdcdc.obj</name>
      </input_file>
      <input_file id="fl-149">
         <path>C:\ti\SW-TM4C-2.1.0.12573_2\examples\boards\ek-tm4c1294xl\usb_dev_cserial\ccs\..\..\..\..\..\usblib\ccs\Debug\</path>
         <kind>archive</kind>
         <file>usblib.lib</file>
         <name>usbulpi.obj</name>
      </input_file>
      <input_file id="fl-14a">
         <path>C:\ti\SW-TM4C-2.1.0.12573_2\examples\boards\ek-tm4c1294xl\usb_dev_cserial\ccs\..\..\..\..\..\usblib\ccs\Debug\</path>
         <kind>archive</kind>
         <file>usblib.lib</file>
         <name>usbtick.obj</name>
      </input_file>
      <input_file id="fl-14b">
         <path>C:\ti\SW-TM4C-2.1.0.12573_2\examples\boards\ek-tm4c1294xl\usb_dev_cserial\ccs\..\..\..\..\..\usblib\ccs\Debug\</path>
         <kind>archive</kind>
         <file>usblib.lib</file>
         <name>usbmode.obj</name>
      </input_file>
      <input_file id="fl-14c">
         <path>C:\ti\SW-TM4C-2.1.0.12573_2\examples\boards\ek-tm4c1294xl\usb_dev_cserial\ccs\..\..\..\..\..\usblib\ccs\Debug\</path>
         <kind>archive</kind>
         <file>usblib.lib</file>
         <name>usbdma.obj</name>
      </input_file>
      <input_file id="fl-14d">
         <path>C:\ti\SW-TM4C-2.1.0.12573_2\examples\boards\ek-tm4c1294xl\usb_dev_cserial\ccs\..\..\..\..\..\usblib\ccs\Debug\</path>
         <kind>archive</kind>
         <file>usblib.lib</file>
         <name>usbdesc.obj</name>
      </input_file>
      <input_file id="fl-14e">
         <path>C:\ti\SW-TM4C-2.1.0.12573_2\examples\boards\ek-tm4c1294xl\usb_dev_cserial\ccs\..\..\..\..\..\usblib\ccs\Debug\</path>
         <kind>archive</kind>
         <file>usblib.lib</file>
         <name>usbbuffer.obj</name>
      </input_file>
      <input_file id="fl-14f">
         <path>C:\ti\SW-TM4C-2.1.0.12573_2\examples\boards\ek-tm4c1294xl\usb_dev_cserial\ccs\..\..\..\..\..\usblib\ccs\Debug\</path>
         <kind>archive</kind>
         <file>usblib.lib</file>
         <name>usbhostenum.obj</name>
      </input_file>
      <input_file id="fl-150">
         <path>C:\ti\SW-TM4C-2.1.0.12573_2\examples\boards\ek-tm4c1294xl\usb_dev_cserial\ccs\..\..\..\..\..\usblib\ccs\Debug\</path>
         <kind>archive</kind>
         <file>usblib.lib</file>
         <name>usbhhub.obj</name>
      </input_file>
      <input_file id="fl-151">
         <path>C:\ti\SW-TM4C-2.1.0.12573_2\examples\boards\ek-tm4c1294xl\usb_dev_cserial\ccs\..\..\..\..\..\usblib\ccs\Debug\</path>
         <kind>archive</kind>
         <file>usblib.lib</file>
         <name>usbringbuf.obj</name>
      </input_file>
      <input_file id="fl-152">
         <path>C:\ti\SW-TM4C-2.1.0.12573_2\examples\boards\ek-tm4c1294xl\usb_dev_cserial\ccs\..\..\..\..\..\driverlib\ccs\Debug\</path>
         <kind>archive</kind>
         <file>driverlib.lib</file>
         <name>usb.obj</name>
      </input_file>
      <input_file id="fl-153">
         <path>C:\ti\SW-TM4C-2.1.0.12573_2\examples\boards\ek-tm4c1294xl\usb_dev_cserial\ccs\..\..\..\..\..\driverlib\ccs\Debug\</path>
         <kind>archive</kind>
         <file>driverlib.lib</file>
         <name>udma.obj</name>
      </input_file>
   </input_file_list>
   <object_component_list>
      <object_component id="oc-f">
         <name>.intvecs</name>
         <load_address>0x0</load_address>
         <run_address>0x0</run_address>
         <size>0x200</size>
         <input_file_ref idref="fl-2"/>
      </object_component>
      <object_component id="oc-136">
         <name>.text:PinoutSet</name>
         <load_address>0x200</load_address>
         <run_address>0x200</run_address>
         <size>0x21c</size>
         <input_file_ref idref="fl-7"/>
      </object_component>
      <object_component id="oc-130">
         <name>.text:SysCtlClockFreqSet</name>
         <load_address>0x41c</load_address>
         <run_address>0x41c</run_address>
         <size>0x1fc</size>
         <input_file_ref idref="fl-13f"/>
      </object_component>
      <object_component id="oc-243">
         <name>.text:BuildCompositeDescriptor</name>
         <load_address>0x618</load_address>
         <run_address>0x618</run_address>
         <size>0x1d8</size>
         <input_file_ref idref="fl-146"/>
      </object_component>
      <object_component id="oc-3ee">
         <name>.text:USBLibDMAInit</name>
         <load_address>0x7f0</load_address>
         <run_address>0x7f0</run_address>
         <size>0x160</size>
         <input_file_ref idref="fl-14c"/>
      </object_component>
      <object_component id="oc-1bf">
         <name>.text:USBDEP0StateTxConfig</name>
         <load_address>0x950</load_address>
         <run_address>0x950</run_address>
         <size>0x154</size>
         <input_file_ref idref="fl-144"/>
      </object_component>
      <object_component id="oc-249">
         <name>.text:USBDCDInit</name>
         <load_address>0xaa4</load_address>
         <run_address>0xaa4</run_address>
         <size>0x148</size>
         <input_file_ref idref="fl-144"/>
      </object_component>
      <object_component id="oc-6db">
         <name>.text:USBDeviceConfig</name>
         <load_address>0xbec</load_address>
         <run_address>0xbec</run_address>
         <size>0x140</size>
         <input_file_ref idref="fl-145"/>
      </object_component>
      <object_component id="oc-96">
         <name>.text:USBDeviceIntHandlerInternal</name>
         <load_address>0xd2c</load_address>
         <run_address>0xd2c</run_address>
         <size>0x140</size>
         <input_file_ref idref="fl-144"/>
      </object_component>
      <object_component id="oc-204">
         <name>.text:GPIOPadConfigSet</name>
         <load_address>0xe6c</load_address>
         <run_address>0xe6c</run_address>
         <size>0x130</size>
         <input_file_ref idref="fl-141"/>
      </object_component>
      <object_component id="oc-625">
         <name>.text:iDMAUSBTransfer</name>
         <load_address>0xf9c</load_address>
         <run_address>0xf9c</run_address>
         <size>0xe8</size>
         <input_file_ref idref="fl-14c"/>
      </object_component>
      <object_component id="oc-507">
         <name>.text:USBDGetDescriptor</name>
         <load_address>0x1084</load_address>
         <run_address>0x1084</run_address>
         <size>0xdc</size>
         <input_file_ref idref="fl-144"/>
      </object_component>
      <object_component id="oc-103">
         <name>.text:USBDeviceEnumHandler</name>
         <load_address>0x1160</load_address>
         <run_address>0x1160</run_address>
         <size>0xd8</size>
         <input_file_ref idref="fl-144"/>
      </object_component>
      <object_component id="oc-32d">
         <name>.text:HandleRequests</name>
         <load_address>0x1238</load_address>
         <run_address>0x1238</run_address>
         <size>0xd0</size>
         <input_file_ref idref="fl-148"/>
      </object_component>
      <object_component id="oc-148">
         <name>.text:USBDCompositeInit</name>
         <load_address>0x1308</load_address>
         <run_address>0x1308</run_address>
         <size>0xd0</size>
         <input_file_ref idref="fl-146"/>
      </object_component>
      <object_component id="oc-5b3">
         <name>.text:uDMAUSBChannelAllocate</name>
         <load_address>0x13d8</load_address>
         <run_address>0x13d8</run_address>
         <size>0xc0</size>
         <input_file_ref idref="fl-14c"/>
      </object_component>
      <object_component id="oc-5f5">
         <name>.text:uDMAUSBTransfer</name>
         <load_address>0x1498</load_address>
         <run_address>0x1498</run_address>
         <size>0xba</size>
         <input_file_ref idref="fl-14c"/>
      </object_component>
      <object_component id="oc-482">
         <name>.text:USBBufferDataAvailable</name>
         <load_address>0x1552</load_address>
         <run_address>0x1552</run_address>
         <size>0x6</size>
         <input_file_ref idref="fl-14e"/>
      </object_component>
      <object_component id="oc-29c">
         <name>.text:ControlHandler</name>
         <load_address>0x1558</load_address>
         <run_address>0x1558</run_address>
         <size>0xb0</size>
         <input_file_ref idref="fl-3"/>
      </object_component>
      <object_component id="oc-4df">
         <name>.text:HandleRxAvailable</name>
         <load_address>0x1608</load_address>
         <run_address>0x1608</run_address>
         <size>0xac</size>
         <input_file_ref idref="fl-14e"/>
      </object_component>
      <object_component id="oc-357">
         <name>.text:HandleDevice</name>
         <load_address>0x16b4</load_address>
         <run_address>0x16b4</run_address>
         <size>0xa2</size>
         <input_file_ref idref="fl-148"/>
      </object_component>
      <object_component id="oc-601">
         <name>.text:iDMAUSBArbSizeSet</name>
         <load_address>0x1756</load_address>
         <run_address>0x1756</run_address>
         <size>0x2</size>
         <input_file_ref idref="fl-14c"/>
      </object_component>
      <object_component id="oc-142">
         <name>.text:USBDCDCCompositeInit</name>
         <load_address>0x1758</load_address>
         <run_address>0x1758</run_address>
         <size>0xa0</size>
         <input_file_ref idref="fl-148"/>
      </object_component>
      <object_component id="oc-4b">
         <name>.text</name>
         <load_address>0x17f8</load_address>
         <run_address>0x17f8</run_address>
         <size>0x9c</size>
         <input_file_ref idref="fl-134"/>
      </object_component>
      <object_component id="oc-525">
         <name>.text:USBDSetInterface</name>
         <load_address>0x1894</load_address>
         <run_address>0x1894</run_address>
         <size>0x98</size>
         <input_file_ref idref="fl-144"/>
      </object_component>
      <object_component id="oc-715">
         <name>.text:SendSerialState</name>
         <load_address>0x192c</load_address>
         <run_address>0x192c</run_address>
         <size>0x96</size>
         <input_file_ref idref="fl-148"/>
      </object_component>
      <object_component id="oc-235">
         <name>.text:CDCTickHandler</name>
         <load_address>0x19c2</load_address>
         <run_address>0x19c2</run_address>
         <size>0x94</size>
         <input_file_ref idref="fl-148"/>
      </object_component>
      <object_component id="oc-68e">
         <name>.text:ScheduleNextTransmission</name>
         <load_address>0x1a56</load_address>
         <run_address>0x1a56</run_address>
         <size>0x90</size>
         <input_file_ref idref="fl-14e"/>
      </object_component>
      <object_component id="oc-280">
         <name>.text:USBDCDCPacketRead</name>
         <load_address>0x1ae6</load_address>
         <run_address>0x1ae6</run_address>
         <size>0x90</size>
         <input_file_ref idref="fl-148"/>
      </object_component>
      <object_component id="oc-63d">
         <name>.text:iDMAUSBUnitSizeSet</name>
         <load_address>0x1b76</load_address>
         <run_address>0x1b76</run_address>
         <size>0x2</size>
         <input_file_ref idref="fl-14c"/>
      </object_component>
      <object_component id="oc-519">
         <name>.text:USBDSetConfiguration</name>
         <load_address>0x1b78</load_address>
         <run_address>0x1b78</run_address>
         <size>0x8c</size>
         <input_file_ref idref="fl-144"/>
      </object_component>
      <object_component id="oc-6ef">
         <name>.text:USBDeviceConfigAlternate</name>
         <load_address>0x1c04</load_address>
         <run_address>0x1c04</run_address>
         <size>0x8c</size>
         <input_file_ref idref="fl-145"/>
      </object_component>
      <object_component id="oc-c5">
         <name>.text:main</name>
         <load_address>0x1c90</load_address>
         <run_address>0x1c90</run_address>
         <size>0x88</size>
         <input_file_ref idref="fl-3"/>
      </object_component>
      <object_component id="oc-607">
         <name>.text:iDMAUSBChannelAllocate</name>
         <load_address>0x1d18</load_address>
         <run_address>0x1d18</run_address>
         <size>0x86</size>
         <input_file_ref idref="fl-14c"/>
      </object_component>
      <object_component id="oc-5cb">
         <name>.text:uDMAUSBChannelIntDisable</name>
         <load_address>0x1d9e</load_address>
         <run_address>0x1d9e</run_address>
         <size>0x2</size>
         <input_file_ref idref="fl-14c"/>
      </object_component>
      <object_component id="oc-773">
         <name>.text:uDMAChannelTransferSet</name>
         <load_address>0x1da0</load_address>
         <run_address>0x1da0</run_address>
         <size>0x80</size>
         <input_file_ref idref="fl-153"/>
      </object_component>
      <object_component id="oc-81d">
         <name>.text:USBDevEndpointConfigSet</name>
         <load_address>0x1e20</load_address>
         <run_address>0x1e20</run_address>
         <size>0x7a</size>
         <input_file_ref idref="fl-152"/>
      </object_component>
      <object_component id="oc-64">
         <name>.text</name>
         <load_address>0x1e9a</load_address>
         <run_address>0x1e9a</run_address>
         <size>0x7a</size>
         <input_file_ref idref="fl-135"/>
      </object_component>
      <object_component id="oc-4f5">
         <name>.text:USBDClearFeature</name>
         <load_address>0x1f14</load_address>
         <run_address>0x1f14</run_address>
         <size>0x78</size>
         <input_file_ref idref="fl-144"/>
      </object_component>
      <object_component id="oc-5ad">
         <name>.text:uDMAUSBArbSizeSet</name>
         <load_address>0x1f8c</load_address>
         <run_address>0x1f8c</run_address>
         <size>0x72</size>
         <input_file_ref idref="fl-14c"/>
      </object_component>
      <object_component id="oc-5c5">
         <name>.text:uDMAUSBChannelIntEnable</name>
         <load_address>0x1ffe</load_address>
         <run_address>0x1ffe</run_address>
         <size>0x2</size>
         <input_file_ref idref="fl-14c"/>
      </object_component>
      <object_component id="oc-1c5">
         <name>.text:USBDEP0StateTx</name>
         <load_address>0x2000</load_address>
         <run_address>0x2000</run_address>
         <size>0x70</size>
         <input_file_ref idref="fl-144"/>
      </object_component>
      <object_component id="oc-4ef">
         <name>.text:USBDGetStatus</name>
         <load_address>0x2070</load_address>
         <run_address>0x2070</run_address>
         <size>0x70</size>
         <input_file_ref idref="fl-144"/>
      </object_component>
      <object_component id="oc-5fb">
         <name>.text:uDMAUSBUnitSizeSet</name>
         <load_address>0x20e0</load_address>
         <run_address>0x20e0</run_address>
         <size>0x70</size>
         <input_file_ref idref="fl-14c"/>
      </object_component>
      <object_component id="oc-573">
         <name>.text:ProcessDataFromHost</name>
         <load_address>0x2150</load_address>
         <run_address>0x2150</run_address>
         <size>0x6e</size>
         <input_file_ref idref="fl-148"/>
      </object_component>
      <object_component id="oc-76">
         <name>.text</name>
         <load_address>0x21c0</load_address>
         <run_address>0x21c0</run_address>
         <size>0x6c</size>
         <input_file_ref idref="fl-13c"/>
      </object_component>
      <object_component id="oc-57">
         <name>.text</name>
         <load_address>0x222c</load_address>
         <run_address>0x222c</run_address>
         <size>0x6a</size>
         <input_file_ref idref="fl-131"/>
      </object_component>
      <object_component id="oc-746">
         <name>.text:IntIsEnabled</name>
         <load_address>0x2298</load_address>
         <run_address>0x2298</run_address>
         <size>0x64</size>
         <input_file_ref idref="fl-140"/>
      </object_component>
      <object_component id="oc-4fb">
         <name>.text:USBDSetFeature</name>
         <load_address>0x22fc</load_address>
         <run_address>0x22fc</run_address>
         <size>0x64</size>
         <input_file_ref idref="fl-144"/>
      </object_component>
      <object_component id="oc-5bf">
         <name>.text:uDMAUSBChannelEnable</name>
         <load_address>0x2360</load_address>
         <run_address>0x2360</run_address>
         <size>0x64</size>
         <input_file_ref idref="fl-14c"/>
      </object_component>
      <object_component id="oc-410">
         <name>.text:GetDescriptor</name>
         <load_address>0x23c4</load_address>
         <run_address>0x23c4</run_address>
         <size>0x60</size>
         <input_file_ref idref="fl-146"/>
      </object_component>
      <object_component id="oc-416">
         <name>.text:HandleRequests</name>
         <load_address>0x2424</load_address>
         <run_address>0x2424</run_address>
         <size>0x60</size>
         <input_file_ref idref="fl-146"/>
      </object_component>
      <object_component id="oc-74c">
         <name>.text:IntDisable</name>
         <load_address>0x2484</load_address>
         <run_address>0x2484</run_address>
         <size>0x60</size>
         <input_file_ref idref="fl-140"/>
      </object_component>
      <object_component id="oc-406">
         <name>.text:IntEnable</name>
         <load_address>0x24e4</load_address>
         <run_address>0x24e4</run_address>
         <size>0x60</size>
         <input_file_ref idref="fl-140"/>
      </object_component>
      <object_component id="oc-2a2">
         <name>.text:USBBufferEventCallback</name>
         <load_address>0x2544</load_address>
         <run_address>0x2544</run_address>
         <size>0x60</size>
         <input_file_ref idref="fl-14e"/>
      </object_component>
      <object_component id="oc-1b9">
         <name>.text:USBDReadAndDispatchRequest</name>
         <load_address>0x25a4</load_address>
         <run_address>0x25a4</run_address>
         <size>0x60</size>
         <input_file_ref idref="fl-144"/>
      </object_component>
      <object_component id="oc-1a1">
         <name>.text:USBDevEndpointStatusClear</name>
         <load_address>0x2604</load_address>
         <run_address>0x2604</run_address>
         <size>0x5e</size>
         <input_file_ref idref="fl-152"/>
      </object_component>
      <object_component id="oc-579">
         <name>.text:ProcessDataToHost</name>
         <load_address>0x2662</load_address>
         <run_address>0x2662</run_address>
         <size>0x5c</size>
         <input_file_ref idref="fl-148"/>
      </object_component>
      <object_component id="oc-6d2">
         <name>.text:USBDStringIndexFromRequest</name>
         <load_address>0x26c0</load_address>
         <run_address>0x26c0</run_address>
         <size>0x5c</size>
         <input_file_ref idref="fl-144"/>
      </object_component>
      <object_component id="oc-268">
         <name>.text:USBDCDCPacketWrite</name>
         <load_address>0x271c</load_address>
         <run_address>0x271c</run_address>
         <size>0x56</size>
         <input_file_ref idref="fl-148"/>
      </object_component>
      <object_component id="oc-452">
         <name>.text:HandleDevice</name>
         <load_address>0x2772</load_address>
         <run_address>0x2772</run_address>
         <size>0x54</size>
         <input_file_ref idref="fl-146"/>
      </object_component>
      <object_component id="oc-5d1">
         <name>.text:uDMAUSBChannelRelease</name>
         <load_address>0x27c6</load_address>
         <run_address>0x27c6</run_address>
         <size>0x54</size>
         <input_file_ref idref="fl-14c"/>
      </object_component>
      <object_component id="oc-3c4">
         <name>.text:ULPIConfigSet</name>
         <load_address>0x281a</load_address>
         <run_address>0x281a</run_address>
         <size>0x52</size>
         <input_file_ref idref="fl-149"/>
      </object_component>
      <object_component id="oc-3ac">
         <name>.text:SysCtlPeripheralReset</name>
         <load_address>0x286c</load_address>
         <run_address>0x286c</run_address>
         <size>0x50</size>
         <input_file_ref idref="fl-13f"/>
      </object_component>
      <object_component id="oc-80b">
         <name>.text:USBDCDConfigDescGet</name>
         <load_address>0x28bc</load_address>
         <run_address>0x28bc</run_address>
         <size>0x50</size>
         <input_file_ref idref="fl-147"/>
      </object_component>
      <object_component id="oc-e5">
         <name>.text:USBDeviceResumeTickHandler</name>
         <load_address>0x290c</load_address>
         <run_address>0x290c</run_address>
         <size>0x50</size>
         <input_file_ref idref="fl-144"/>
      </object_component>
      <object_component id="oc-24">
         <name>.text</name>
         <load_address>0x295c</load_address>
         <run_address>0x295c</run_address>
         <size>0x50</size>
         <input_file_ref idref="fl-12f"/>
      </object_component>
      <object_component id="oc-838">
         <name>.text:ConfigAlternateInterfaceGet</name>
         <load_address>0x29ac</load_address>
         <run_address>0x29ac</run_address>
         <size>0x4c</size>
         <input_file_ref idref="fl-147"/>
      </object_component>
      <object_component id="oc-817">
         <name>.text:GetEPDescriptorType</name>
         <load_address>0x29f8</load_address>
         <run_address>0x29f8</run_address>
         <size>0x4c</size>
         <input_file_ref idref="fl-145"/>
      </object_component>
      <object_component id="oc-351">
         <name>.text:HandleEndpoints</name>
         <load_address>0x2a44</load_address>
         <run_address>0x2a44</run_address>
         <size>0x4c</size>
         <input_file_ref idref="fl-148"/>
      </object_component>
      <object_component id="oc-6c9">
         <name>.text:USBDevEndpointStallClear</name>
         <load_address>0x2a90</load_address>
         <run_address>0x2a90</run_address>
         <size>0x4c</size>
         <input_file_ref idref="fl-152"/>
      </object_component>
      <object_component id="oc-77f">
         <name>.text:USBEndpointDMAConfigSet</name>
         <load_address>0x2adc</load_address>
         <run_address>0x2adc</run_address>
         <size>0x4c</size>
         <input_file_ref idref="fl-152"/>
      </object_component>
      <object_component id="oc-bd">
         <name>.text</name>
         <load_address>0x2b28</load_address>
         <run_address>0x2b28</run_address>
         <size>0x4c</size>
         <input_file_ref idref="fl-13d"/>
      </object_component>
      <object_component id="oc-631">
         <name>.text:iDMAUSBChannelEnable</name>
         <load_address>0x2b74</load_address>
         <run_address>0x2b74</run_address>
         <size>0x4a</size>
         <input_file_ref idref="fl-14c"/>
      </object_component>
      <object_component id="oc-5b9">
         <name>.text:uDMAUSBChannelDisable</name>
         <load_address>0x2bbe</load_address>
         <run_address>0x2bbe</run_address>
         <size>0x4a</size>
         <input_file_ref idref="fl-14c"/>
      </object_component>
      <object_component id="oc-1f3">
         <name>.text:_SysCtlFrequencyGet</name>
         <load_address>0x2c08</load_address>
         <run_address>0x2c08</run_address>
         <size>0x48</size>
         <input_file_ref idref="fl-13f"/>
      </object_component>
      <object_component id="oc-732">
         <name>.text:uDMAChannelAttributeDisable</name>
         <load_address>0x2c50</load_address>
         <run_address>0x2c50</run_address>
         <size>0x48</size>
         <input_file_ref idref="fl-153"/>
      </object_component>
      <object_component id="oc-339">
         <name>.text:HandleEP0Data</name>
         <load_address>0x2c98</load_address>
         <run_address>0x2c98</run_address>
         <size>0x46</size>
         <input_file_ref idref="fl-148"/>
      </object_component>
      <object_component id="oc-21a">
         <name>.text:USBDCDDeviceInfoInit</name>
         <load_address>0x2ce0</load_address>
         <run_address>0x2ce0</run_address>
         <size>0x44</size>
         <input_file_ref idref="fl-144"/>
      </object_component>
      <object_component id="oc-df">
         <name>.text:USBDeviceEnumResetHandler</name>
         <load_address>0x2d24</load_address>
         <run_address>0x2d24</run_address>
         <size>0x44</size>
         <input_file_ref idref="fl-144"/>
      </object_component>
      <object_component id="oc-1ad">
         <name>.text:USBEndpointDataGet</name>
         <load_address>0x2d68</load_address>
         <run_address>0x2d68</run_address>
         <size>0x44</size>
         <input_file_ref idref="fl-152"/>
      </object_component>
      <object_component id="oc-82">
         <name>.text</name>
         <load_address>0x2dac</load_address>
         <run_address>0x2dac</run_address>
         <size>0x44</size>
         <input_file_ref idref="fl-133"/>
      </object_component>
      <object_component id="oc-51f">
         <name>.text:USBDGetInterface</name>
         <load_address>0x2df0</load_address>
         <run_address>0x2df0</run_address>
         <size>0x40</size>
         <input_file_ref idref="fl-144"/>
      </object_component>
      <object_component id="oc-811">
         <name>.text:USBDCDConfigGetInterfaceEndpoint</name>
         <load_address>0x2e30</load_address>
         <run_address>0x2e30</run_address>
         <size>0x3a</size>
         <input_file_ref idref="fl-147"/>
      </object_component>
      <object_component id="oc-829">
         <name>.text:USBFIFOConfigSet</name>
         <load_address>0x2e6a</load_address>
         <run_address>0x2e6a</run_address>
         <size>0x3a</size>
         <input_file_ref idref="fl-152"/>
      </object_component>
      <object_component id="oc-62b">
         <name>.text:iDMAUSBChannelRelease</name>
         <load_address>0x2ea4</load_address>
         <run_address>0x2ea4</run_address>
         <size>0x3a</size>
         <input_file_ref idref="fl-14c"/>
      </object_component>
      <object_component id="oc-650">
         <name>.text:EndpointToIndex</name>
         <load_address>0x2ede</load_address>
         <run_address>0x2ede</run_address>
         <size>0x38</size>
         <input_file_ref idref="fl-146"/>
      </object_component>
      <object_component id="oc-27a">
         <name>.text:RxHandlerCmd</name>
         <load_address>0x2f18</load_address>
         <run_address>0x2f18</run_address>
         <size>0x38</size>
         <input_file_ref idref="fl-3"/>
      </object_component>
      <object_component id="oc-90">
         <name>.text:USBIntStatusControl</name>
         <load_address>0x2f50</load_address>
         <run_address>0x2f50</run_address>
         <size>0x38</size>
         <input_file_ref idref="fl-152"/>
      </object_component>
      <object_component id="oc-446">
         <name>.text:HandleDisconnect</name>
         <load_address>0x2f88</load_address>
         <run_address>0x2f88</run_address>
         <size>0x36</size>
         <input_file_ref idref="fl-146"/>
      </object_component>
      <object_component id="oc-434">
         <name>.text:ResetHandler</name>
         <load_address>0x2fbe</load_address>
         <run_address>0x2fbe</run_address>
         <size>0x36</size>
         <input_file_ref idref="fl-146"/>
      </object_component>
      <object_component id="oc-440">
         <name>.text:ResumeHandler</name>
         <load_address>0x2ff4</load_address>
         <run_address>0x2ff4</run_address>
         <size>0x36</size>
         <input_file_ref idref="fl-146"/>
      </object_component>
      <object_component id="oc-369">
         <name>.text:SendBreak</name>
         <load_address>0x302a</load_address>
         <run_address>0x302a</run_address>
         <size>0x36</size>
         <input_file_ref idref="fl-148"/>
      </object_component>
      <object_component id="oc-43a">
         <name>.text:SuspendHandler</name>
         <load_address>0x3060</load_address>
         <run_address>0x3060</run_address>
         <size>0x36</size>
         <input_file_ref idref="fl-146"/>
      </object_component>
      <object_component id="oc-6c0">
         <name>.text:USBRingBufAdvanceWrite</name>
         <load_address>0x3096</load_address>
         <run_address>0x3096</run_address>
         <size>0x36</size>
         <input_file_ref idref="fl-151"/>
      </object_component>
      <object_component id="oc-226">
         <name>.text:InternalUSBRegisterTickHandler</name>
         <load_address>0x30cc</load_address>
         <run_address>0x30cc</run_address>
         <size>0x34</size>
         <input_file_ref idref="fl-14a"/>
      </object_component>
      <object_component id="oc-eb">
         <name>.text:InternalUSBStartOfFrameTick</name>
         <load_address>0x3100</load_address>
         <run_address>0x3100</run_address>
         <size>0x34</size>
         <input_file_ref idref="fl-14a"/>
      </object_component>
      <object_component id="oc-23d">
         <name>.text:SysCtlPeripheralEnable</name>
         <load_address>0x3134</load_address>
         <run_address>0x3134</run_address>
         <size>0x34</size>
         <input_file_ref idref="fl-13f"/>
      </object_component>
      <object_component id="oc-60d">
         <name>.text:iDMAUSBChannelStatus</name>
         <load_address>0x3168</load_address>
         <run_address>0x3168</run_address>
         <size>0x34</size>
         <input_file_ref idref="fl-14c"/>
      </object_component>
      <object_component id="oc-333">
         <name>.text:HandleConfigChange</name>
         <load_address>0x319c</load_address>
         <run_address>0x319c</run_address>
         <size>0x32</size>
         <input_file_ref idref="fl-148"/>
      </object_component>
      <object_component id="oc-41c">
         <name>.text:InterfaceChange</name>
         <load_address>0x31ce</load_address>
         <run_address>0x31ce</run_address>
         <size>0x32</size>
         <input_file_ref idref="fl-146"/>
      </object_component>
      <object_component id="oc-875">
         <name>.text:NextConfigDescGet</name>
         <load_address>0x3200</load_address>
         <run_address>0x3200</run_address>
         <size>0x32</size>
         <input_file_ref idref="fl-147"/>
      </object_component>
      <object_component id="oc-56d">
         <name>.text:ProcessNotificationToHost</name>
         <load_address>0x3232</load_address>
         <run_address>0x3232</run_address>
         <size>0x32</size>
         <input_file_ref idref="fl-148"/>
      </object_component>
      <object_component id="oc-4e6">
         <name>.text:USBDevEndpointStall</name>
         <load_address>0x3264</load_address>
         <run_address>0x3264</run_address>
         <size>0x32</size>
         <input_file_ref idref="fl-152"/>
      </object_component>
      <object_component id="oc-637">
         <name>.text:iDMAUSBChannelDisable</name>
         <load_address>0x3296</load_address>
         <run_address>0x3296</run_address>
         <size>0x32</size>
         <input_file_ref idref="fl-14c"/>
      </object_component>
      <object_component id="oc-5dd">
         <name>.text:DMAUSBIntHandler</name>
         <load_address>0x32c8</load_address>
         <run_address>0x32c8</run_address>
         <size>0x30</size>
         <input_file_ref idref="fl-14c"/>
      </object_component>
      <object_component id="oc-220">
         <name>.text:InternalUSBTickInit</name>
         <load_address>0x32f8</load_address>
         <run_address>0x32f8</run_address>
         <size>0x30</size>
         <input_file_ref idref="fl-14a"/>
      </object_component>
      <object_component id="oc-513">
         <name>.text:USBDGetConfiguration</name>
         <load_address>0x3328</load_address>
         <run_address>0x3328</run_address>
         <size>0x30</size>
         <input_file_ref idref="fl-144"/>
      </object_component>
      <object_component id="oc-2ec">
         <name>.text:USBEndpointDataPut</name>
         <load_address>0x3358</load_address>
         <run_address>0x3358</run_address>
         <size>0x30</size>
         <input_file_ref idref="fl-152"/>
      </object_component>
      <object_component id="oc-422">
         <name>.text:ConfigChangeHandler</name>
         <load_address>0x3388</load_address>
         <run_address>0x3388</run_address>
         <size>0x2e</size>
         <input_file_ref idref="fl-146"/>
      </object_component>
      <object_component id="oc-44c">
         <name>.text:HandleEndpoints</name>
         <load_address>0x33b6</load_address>
         <run_address>0x33b6</run_address>
         <size>0x2e</size>
         <input_file_ref idref="fl-146"/>
      </object_component>
      <object_component id="oc-286">
         <name>.text:USBDCDCRxPacketAvailable</name>
         <load_address>0x33e4</load_address>
         <run_address>0x33e4</run_address>
         <size>0x2e</size>
         <input_file_ref idref="fl-148"/>
      </object_component>
      <object_component id="oc-2f2">
         <name>.text:USBEndpointDataSend</name>
         <load_address>0x3412</load_address>
         <run_address>0x3412</run_address>
         <size>0x2e</size>
         <input_file_ref idref="fl-152"/>
      </object_component>
      <object_component id="oc-656">
         <name>.text:InterfaceToIndex</name>
         <load_address>0x3440</load_address>
         <run_address>0x3440</run_address>
         <size>0x2c</size>
         <input_file_ref idref="fl-146"/>
      </object_component>
      <object_component id="oc-494">
         <name>.text:USBBufferWrite</name>
         <load_address>0x346c</load_address>
         <run_address>0x346c</run_address>
         <size>0x2c</size>
         <input_file_ref idref="fl-14e"/>
      </object_component>
      <object_component id="oc-86e">
         <name>.text:USBDescGet</name>
         <load_address>0x3498</load_address>
         <run_address>0x3498</run_address>
         <size>0x2c</size>
         <input_file_ref idref="fl-14d"/>
      </object_component>
      <object_component id="oc-5e3">
         <name>.text:uDMAUSBIntStatus</name>
         <load_address>0x34c4</load_address>
         <run_address>0x34c4</run_address>
         <size>0x2c</size>
         <input_file_ref idref="fl-14c"/>
      </object_component>
      <object_component id="oc-318">
         <name>.text:GPIODirModeSet</name>
         <load_address>0x34f0</load_address>
         <run_address>0x34f0</run_address>
         <size>0x2a</size>
         <input_file_ref idref="fl-141"/>
      </object_component>
      <object_component id="oc-6e3">
         <name>.text:USBDCDConfigDescGetNum</name>
         <load_address>0x351a</load_address>
         <run_address>0x351a</run_address>
         <size>0x2a</size>
         <input_file_ref idref="fl-147"/>
      </object_component>
      <object_component id="oc-831">
         <name>.text:USBDescGetNum</name>
         <load_address>0x3544</load_address>
         <run_address>0x3544</run_address>
         <size>0x28</size>
         <input_file_ref idref="fl-14d"/>
      </object_component>
      <object_component id="oc-3f4">
         <name>.text:USBIntEnableControl</name>
         <load_address>0x356c</load_address>
         <run_address>0x356c</run_address>
         <size>0x28</size>
         <input_file_ref idref="fl-152"/>
      </object_component>
      <object_component id="oc-800">
         <name>.text:UpdateIndexAtomic</name>
         <load_address>0x3594</load_address>
         <run_address>0x3594</run_address>
         <size>0x28</size>
         <input_file_ref idref="fl-151"/>
      </object_component>
      <object_component id="oc-764">
         <name>.text:uDMAChannelModeGet</name>
         <load_address>0x35bc</load_address>
         <run_address>0x35bc</run_address>
         <size>0x28</size>
         <input_file_ref idref="fl-153"/>
      </object_component>
      <object_component id="oc-4d9">
         <name>.text:HandleRequestBuffer</name>
         <load_address>0x35e4</load_address>
         <run_address>0x35e4</run_address>
         <size>0x24</size>
         <input_file_ref idref="fl-14e"/>
      </object_component>
      <object_component id="oc-488">
         <name>.text:USBBufferRead</name>
         <load_address>0x3608</load_address>
         <run_address>0x3608</run_address>
         <size>0x24</size>
         <input_file_ref idref="fl-14e"/>
      </object_component>
      <object_component id="oc-501">
         <name>.text:USBDSetAddress</name>
         <load_address>0x362c</load_address>
         <run_address>0x362c</run_address>
         <size>0x24</size>
         <input_file_ref idref="fl-144"/>
      </object_component>
      <object_component id="oc-1b3">
         <name>.text:USBDevEndpointDataAck</name>
         <load_address>0x3650</load_address>
         <run_address>0x3650</run_address>
         <size>0x24</size>
         <input_file_ref idref="fl-152"/>
      </object_component>
      <object_component id="oc-738">
         <name>.text:USBEndpointDMADisable</name>
         <load_address>0x3674</load_address>
         <run_address>0x3674</run_address>
         <size>0x24</size>
         <input_file_ref idref="fl-152"/>
      </object_component>
      <object_component id="oc-752">
         <name>.text:USBEndpointDMAEnable</name>
         <load_address>0x3698</load_address>
         <run_address>0x3698</run_address>
         <size>0x24</size>
         <input_file_ref idref="fl-152"/>
      </object_component>
      <object_component id="oc-725">
         <name>.text:uDMAChannelControlSet</name>
         <load_address>0x36bc</load_address>
         <run_address>0x36bc</run_address>
         <size>0x24</size>
         <input_file_ref idref="fl-153"/>
      </object_component>
      <object_component id="oc-428">
         <name>.text:DataReceived</name>
         <load_address>0x36e0</load_address>
         <run_address>0x36e0</run_address>
         <size>0x22</size>
         <input_file_ref idref="fl-146"/>
      </object_component>
      <object_component id="oc-42e">
         <name>.text:DataSent</name>
         <load_address>0x3702</load_address>
         <run_address>0x3702</run_address>
         <size>0x22</size>
         <input_file_ref idref="fl-146"/>
      </object_component>
      <object_component id="oc-34b">
         <name>.text:HandleDisconnect</name>
         <load_address>0x3724</load_address>
         <run_address>0x3724</run_address>
         <size>0x22</size>
         <input_file_ref idref="fl-148"/>
      </object_component>
      <object_component id="oc-37b">
         <name>.text:SendLineCodingChange</name>
         <load_address>0x3746</load_address>
         <run_address>0x3746</run_address>
         <size>0x22</size>
         <input_file_ref idref="fl-148"/>
      </object_component>
      <object_component id="oc-375">
         <name>.text:SendLineStateChange</name>
         <load_address>0x3768</load_address>
         <run_address>0x3768</run_address>
         <size>0x22</size>
         <input_file_ref idref="fl-148"/>
      </object_component>
      <object_component id="oc-5d7">
         <name>.text:uDMAUSBChannelStatus</name>
         <load_address>0x378a</load_address>
         <run_address>0x378a</run_address>
         <size>0x22</size>
         <input_file_ref idref="fl-14c"/>
      </object_component>
      <object_component id="oc-823">
         <name>.text:GetEndpointFIFOSize</name>
         <load_address>0x37ac</load_address>
         <run_address>0x37ac</run_address>
         <size>0x20</size>
         <input_file_ref idref="fl-145"/>
      </object_component>
      <object_component id="oc-544">
         <name>.text:CheckAndSendBreak</name>
         <load_address>0x37cc</load_address>
         <run_address>0x37cc</run_address>
         <size>0x1e</size>
         <input_file_ref idref="fl-148"/>
      </object_component>
      <object_component id="oc-4cd">
         <name>.text:HandleDataRemaining</name>
         <load_address>0x37ea</load_address>
         <run_address>0x37ea</run_address>
         <size>0x1e</size>
         <input_file_ref idref="fl-14e"/>
      </object_component>
      <object_component id="oc-6b2">
         <name>.text:USBRingBufAdvanceRead</name>
         <load_address>0x3808</load_address>
         <run_address>0x3808</run_address>
         <size>0x1e</size>
         <input_file_ref idref="fl-151"/>
      </object_component>
      <object_component id="oc-590">
         <name>.text:USBULPIRegRead</name>
         <load_address>0x3826</load_address>
         <run_address>0x3826</run_address>
         <size>0x1e</size>
         <input_file_ref idref="fl-152"/>
      </object_component>
      <object_component id="oc-596">
         <name>.text:USBULPIRegWrite</name>
         <load_address>0x3844</load_address>
         <run_address>0x3844</run_address>
         <size>0x1e</size>
         <input_file_ref idref="fl-152"/>
      </object_component>
      <object_component id="oc-39f">
         <name>.text:CompositeEPChange</name>
         <load_address>0x3862</load_address>
         <run_address>0x3862</run_address>
         <size>0x1c</size>
         <input_file_ref idref="fl-146"/>
      </object_component>
      <object_component id="oc-3a5">
         <name>.text:CompositeIfaceChange</name>
         <load_address>0x387e</load_address>
         <run_address>0x387e</run_address>
         <size>0x1c</size>
         <input_file_ref idref="fl-146"/>
      </object_component>
      <object_component id="oc-49e">
         <name>.text:SetDeferredOpFlag</name>
         <load_address>0x389a</load_address>
         <run_address>0x389a</run_address>
         <size>0x1c</size>
         <input_file_ref idref="fl-148"/>
      </object_component>
      <object_component id="oc-6e9">
         <name>.text:USBDCDConfigGetInterface</name>
         <load_address>0x38b6</load_address>
         <run_address>0x38b6</run_address>
         <size>0x1c</size>
         <input_file_ref idref="fl-147"/>
      </object_component>
      <object_component id="oc-2d9">
         <name>.text:USBDCDStallEP0</name>
         <load_address>0x38d4</load_address>
         <run_address>0x38d4</run_address>
         <size>0x1c</size>
         <input_file_ref idref="fl-144"/>
      </object_component>
      <object_component id="oc-381">
         <name>.text:USBEndpointDataAvail</name>
         <load_address>0x38f0</load_address>
         <run_address>0x38f0</run_address>
         <size>0x1c</size>
         <input_file_ref idref="fl-152"/>
      </object_component>
      <object_component id="oc-6b9">
         <name>.text:USBRingBufContigFree</name>
         <load_address>0x390c</load_address>
         <run_address>0x390c</run_address>
         <size>0x1c</size>
         <input_file_ref idref="fl-151"/>
      </object_component>
      <object_component id="oc-1ed">
         <name>.text:_SysCtlMemTimingGet</name>
         <load_address>0x3928</load_address>
         <run_address>0x3928</run_address>
         <size>0x1c</size>
         <input_file_ref idref="fl-13f"/>
      </object_component>
      <object_component id="oc-36f">
         <name>.text:DeviceConsumedAllData</name>
         <load_address>0x3944</load_address>
         <run_address>0x3944</run_address>
         <size>0x1a</size>
         <input_file_ref idref="fl-148"/>
      </object_component>
      <object_component id="oc-72c">
         <name>.text:USBEndpointDMAChannel</name>
         <load_address>0x395e</load_address>
         <run_address>0x395e</run_address>
         <size>0x1a</size>
         <input_file_ref idref="fl-152"/>
      </object_component>
      <object_component id="oc-674">
         <name>.text:USBRingBufRead</name>
         <load_address>0x3978</load_address>
         <run_address>0x3978</run_address>
         <size>0x1a</size>
         <input_file_ref idref="fl-151"/>
      </object_component>
      <object_component id="oc-7e7">
         <name>.text:USBRingBufReadOne</name>
         <load_address>0x3992</load_address>
         <run_address>0x3992</run_address>
         <size>0x1a</size>
         <input_file_ref idref="fl-151"/>
      </object_component>
      <object_component id="oc-688">
         <name>.text:USBRingBufWrite</name>
         <load_address>0x39ac</load_address>
         <run_address>0x39ac</run_address>
         <size>0x1a</size>
         <input_file_ref idref="fl-151"/>
      </object_component>
      <object_component id="oc-42">
         <name>.text:USB0DeviceIntHandler</name>
         <load_address>0x39c8</load_address>
         <run_address>0x39c8</run_address>
         <size>0x18</size>
         <input_file_ref idref="fl-143"/>
      </object_component>
      <object_component id="oc-2e6">
         <name>.text:USBDCDConfigDescGetSize</name>
         <load_address>0x39e0</load_address>
         <run_address>0x39e0</run_address>
         <size>0x18</size>
         <input_file_ref idref="fl-147"/>
      </object_component>
      <object_component id="oc-50d">
         <name>.text:USBDSetDescriptor</name>
         <load_address>0x39f8</load_address>
         <run_address>0x39f8</run_address>
         <size>0x18</size>
         <input_file_ref idref="fl-144"/>
      </object_component>
      <object_component id="oc-52b">
         <name>.text:USBDSyncFrame</name>
         <load_address>0x3a10</load_address>
         <run_address>0x3a10</run_address>
         <size>0x18</size>
         <input_file_ref idref="fl-144"/>
      </object_component>
      <object_component id="oc-7c">
         <name>.text</name>
         <load_address>0x3a28</load_address>
         <run_address>0x3a28</run_address>
         <size>0x18</size>
         <input_file_ref idref="fl-13b"/>
      </object_component>
      <object_component id="oc-73f">
         <name>.text:uDMAChannelDisable</name>
         <load_address>0x3a40</load_address>
         <run_address>0x3a40</run_address>
         <size>0x18</size>
         <input_file_ref idref="fl-153"/>
      </object_component>
      <object_component id="oc-758">
         <name>.text:uDMAChannelEnable</name>
         <load_address>0x3a58</load_address>
         <run_address>0x3a58</run_address>
         <size>0x18</size>
         <input_file_ref idref="fl-153"/>
      </object_component>
      <object_component id="oc-563">
         <name>.text:CheckAndSendLineCodingChange</name>
         <load_address>0x3a70</load_address>
         <run_address>0x3a70</run_address>
         <size>0x16</size>
         <input_file_ref idref="fl-148"/>
      </object_component>
      <object_component id="oc-54a">
         <name>.text:CheckAndSendLineStateChange</name>
         <load_address>0x3a86</load_address>
         <run_address>0x3a86</run_address>
         <size>0x16</size>
         <input_file_ref idref="fl-148"/>
      </object_component>
      <object_component id="oc-13c">
         <name>.text:USBBufferInit</name>
         <load_address>0x3a9c</load_address>
         <run_address>0x3a9c</run_address>
         <size>0x16</size>
         <input_file_ref idref="fl-14e"/>
      </object_component>
      <object_component id="oc-66d">
         <name>.text:USBRingBufUsed</name>
         <load_address>0x3ab2</load_address>
         <run_address>0x3ab2</run_address>
         <size>0x16</size>
         <input_file_ref idref="fl-151"/>
      </object_component>
      <object_component id="oc-3b2">
         <name>.text:SysCtlUSBPLLEnable</name>
         <load_address>0x3ac8</load_address>
         <run_address>0x3ac8</run_address>
         <size>0x14</size>
         <input_file_ref idref="fl-13f"/>
      </object_component>
      <object_component id="oc-556">
         <name>.text:USBDCDRequestDataEP0</name>
         <load_address>0x3adc</load_address>
         <run_address>0x3adc</run_address>
         <size>0x14</size>
         <input_file_ref idref="fl-144"/>
      </object_component>
      <object_component id="oc-550">
         <name>.text:USBDCDSendDataEP0</name>
         <load_address>0x3af0</load_address>
         <run_address>0x3af0</run_address>
         <size>0x14</size>
         <input_file_ref idref="fl-144"/>
      </object_component>
      <object_component id="oc-18c">
         <name>.text:USBHostResume</name>
         <load_address>0x3b04</load_address>
         <run_address>0x3b04</run_address>
         <size>0x14</size>
         <input_file_ref idref="fl-152"/>
      </object_component>
      <object_component id="oc-3fa">
         <name>.text:USBIntEnableEndpoint</name>
         <load_address>0x3b18</load_address>
         <run_address>0x3b18</run_address>
         <size>0x14</size>
         <input_file_ref idref="fl-152"/>
      </object_component>
      <object_component id="oc-67b">
         <name>.text:USBRingBufFlush</name>
         <load_address>0x3b2c</load_address>
         <run_address>0x3b2c</run_address>
         <size>0x14</size>
         <input_file_ref idref="fl-151"/>
      </object_component>
      <object_component id="oc-87f">
         <name>.text:_USBIndexWrite</name>
         <load_address>0x3b40</load_address>
         <run_address>0x3b40</run_address>
         <size>0x14</size>
         <input_file_ref idref="fl-152"/>
      </object_component>
      <object_component id="oc-176">
         <name>.text</name>
         <load_address>0x3b54</load_address>
         <run_address>0x3b54</run_address>
         <size>0x14</size>
         <input_file_ref idref="fl-13a"/>
      </object_component>
      <object_component id="oc-20a">
         <name>.text:GPIOPinTypeEthernetLED</name>
         <load_address>0x3b68</load_address>
         <run_address>0x3b68</run_address>
         <size>0x12</size>
         <input_file_ref idref="fl-141"/>
      </object_component>
      <object_component id="oc-48e">
         <name>.text:USBBufferFlush</name>
         <load_address>0x3b7a</load_address>
         <run_address>0x3b7a</run_address>
         <size>0x6</size>
         <input_file_ref idref="fl-14e"/>
      </object_component>
      <object_component id="oc-4c5">
         <name>.text:GetLineCoding</name>
         <load_address>0x3b80</load_address>
         <run_address>0x3b80</run_address>
         <size>0x12</size>
         <input_file_ref idref="fl-3"/>
      </object_component>
      <object_component id="oc-345">
         <name>.text:HandleResume</name>
         <load_address>0x3b92</load_address>
         <run_address>0x3b92</run_address>
         <size>0x12</size>
         <input_file_ref idref="fl-148"/>
      </object_component>
      <object_component id="oc-33f">
         <name>.text:HandleSuspend</name>
         <load_address>0x3ba4</load_address>
         <run_address>0x3ba4</run_address>
         <size>0x12</size>
         <input_file_ref idref="fl-148"/>
      </object_component>
      <object_component id="oc-4d3">
         <name>.text:HandleTxComplete</name>
         <load_address>0x3bb6</load_address>
         <run_address>0x3bb6</run_address>
         <size>0x12</size>
         <input_file_ref idref="fl-14e"/>
      </object_component>
      <object_component id="oc-7b7">
         <name>.text:USBDMAChannelConfigSet</name>
         <load_address>0x3bc8</load_address>
         <run_address>0x3bc8</run_address>
         <size>0x12</size>
         <input_file_ref idref="fl-152"/>
      </object_component>
      <object_component id="oc-788">
         <name>.text:USBDMAChannelDisable</name>
         <load_address>0x3bda</load_address>
         <run_address>0x3bda</run_address>
         <size>0x12</size>
         <input_file_ref idref="fl-152"/>
      </object_component>
      <object_component id="oc-7bd">
         <name>.text:USBDMAChannelEnable</name>
         <load_address>0x3bec</load_address>
         <run_address>0x3bec</run_address>
         <size>0x12</size>
         <input_file_ref idref="fl-152"/>
      </object_component>
      <object_component id="oc-7a4">
         <name>.text:USBDMAChannelIntDisable</name>
         <load_address>0x3bfe</load_address>
         <run_address>0x3bfe</run_address>
         <size>0x12</size>
         <input_file_ref idref="fl-152"/>
      </object_component>
      <object_component id="oc-79d">
         <name>.text:USBDMAChannelIntEnable</name>
         <load_address>0x3c10</load_address>
         <run_address>0x3c10</run_address>
         <size>0x12</size>
         <input_file_ref idref="fl-152"/>
      </object_component>
      <object_component id="oc-682">
         <name>.text:USBRingBufFree</name>
         <load_address>0x3c22</load_address>
         <run_address>0x3c22</run_address>
         <size>0x12</size>
         <input_file_ref idref="fl-151"/>
      </object_component>
      <object_component id="oc-7f0">
         <name>.text:USBRingBufWriteOne</name>
         <load_address>0x3c34</load_address>
         <run_address>0x3c34</run_address>
         <size>0x12</size>
         <input_file_ref idref="fl-151"/>
      </object_component>
      <object_component id="oc-19b">
         <name>.text:USBEndpointStatus</name>
         <load_address>0x3c46</load_address>
         <run_address>0x3c46</run_address>
         <size>0x10</size>
         <input_file_ref idref="fl-152"/>
      </object_component>
      <object_component id="oc-7f7">
         <name>.text:USBRingBufContigUsed</name>
         <load_address>0x3c56</load_address>
         <run_address>0x3c56</run_address>
         <size>0x10</size>
         <input_file_ref idref="fl-151"/>
      </object_component>
      <object_component id="oc-5e9">
         <name>.text:DMAUSBIntStatusClear</name>
         <load_address>0x3c66</load_address>
         <run_address>0x3c66</run_address>
         <size>0xe</size>
         <input_file_ref idref="fl-14c"/>
      </object_component>
      <object_component id="oc-26e">
         <name>.text:USBDCDCTxPacketAvailable</name>
         <load_address>0x3c74</load_address>
         <run_address>0x3c74</run_address>
         <size>0xe</size>
         <input_file_ref idref="fl-148"/>
      </object_component>
      <object_component id="oc-78f">
         <name>.text:USBDMAChannelStatus</name>
         <load_address>0x3c82</load_address>
         <run_address>0x3c82</run_address>
         <size>0xe</size>
         <input_file_ref idref="fl-152"/>
      </object_component>
      <object_component id="oc-3dc">
         <name>.text:USBDevLPMDisable</name>
         <load_address>0x3c90</load_address>
         <run_address>0x3c90</run_address>
         <size>0xe</size>
         <input_file_ref idref="fl-152"/>
      </object_component>
      <object_component id="oc-f7">
         <name>.text:USBDevLPMEnable</name>
         <load_address>0x3c9e</load_address>
         <run_address>0x3c9e</run_address>
         <size>0xe</size>
         <input_file_ref idref="fl-152"/>
      </object_component>
      <object_component id="oc-3ca">
         <name>.text:USBULPIDisable</name>
         <load_address>0x3cac</load_address>
         <run_address>0x3cac</run_address>
         <size>0xe</size>
         <input_file_ref idref="fl-152"/>
      </object_component>
      <object_component id="oc-3be">
         <name>.text:USBULPIEnable</name>
         <load_address>0x3cba</load_address>
         <run_address>0x3cba</run_address>
         <size>0xe</size>
         <input_file_ref idref="fl-152"/>
      </object_component>
      <object_component id="oc-12">
         <name>.text:decompress:none</name>
         <load_address>0x3cc8</load_address>
         <run_address>0x3cc8</run_address>
         <size>0xe</size>
         <input_file_ref idref="fl-130"/>
      </object_component>
      <object_component id="oc-6a2">
         <name>.text:CPUcpsid</name>
         <load_address>0x3cd6</load_address>
         <run_address>0x3cd6</run_address>
         <size>0xc</size>
         <input_file_ref idref="fl-142"/>
      </object_component>
      <object_component id="oc-6a9">
         <name>.text:CPUcpsie</name>
         <load_address>0x3ce2</load_address>
         <run_address>0x3ce2</run_address>
         <size>0xc</size>
         <input_file_ref idref="fl-142"/>
      </object_component>
      <object_component id="oc-779">
         <name>.text:USBEndpointPacketCountSet</name>
         <load_address>0x3cee</load_address>
         <run_address>0x3cee</run_address>
         <size>0xc</size>
         <input_file_ref idref="fl-152"/>
      </object_component>
      <object_component id="oc-3e8">
         <name>.text:USBLPMIntEnable</name>
         <load_address>0x3cfa</load_address>
         <run_address>0x3cfa</run_address>
         <size>0xc</size>
         <input_file_ref idref="fl-152"/>
      </object_component>
      <object_component id="oc-212">
         <name>.text:USBRingBufInit</name>
         <load_address>0x3d06</load_address>
         <run_address>0x3d06</run_address>
         <size>0xc</size>
         <input_file_ref idref="fl-151"/>
      </object_component>
      <object_component id="oc-1e">
         <name>.text:decompress:ZI</name>
         <load_address>0x3d12</load_address>
         <run_address>0x3d12</run_address>
         <size>0xc</size>
         <input_file_ref idref="fl-132"/>
      </object_component>
      <object_component id="oc-4b9">
         <name>.text:IntMasterDisable</name>
         <load_address>0x3d1e</load_address>
         <run_address>0x3d1e</run_address>
         <size>0xa</size>
         <input_file_ref idref="fl-140"/>
      </object_component>
      <object_component id="oc-4bf">
         <name>.text:IntMasterEnable</name>
         <load_address>0x3d28</load_address>
         <run_address>0x3d28</run_address>
         <size>0xa</size>
         <input_file_ref idref="fl-140"/>
      </object_component>
      <object_component id="oc-3b8">
         <name>.text:USBClockEnable</name>
         <load_address>0x3d32</load_address>
         <run_address>0x3d32</run_address>
         <size>0xa</size>
         <input_file_ref idref="fl-152"/>
      </object_component>
      <object_component id="oc-5a4">
         <name>.text:USBControllerVersion</name>
         <load_address>0x3d3c</load_address>
         <run_address>0x3d3c</run_address>
         <size>0xa</size>
         <input_file_ref idref="fl-152"/>
      </object_component>
      <object_component id="oc-7ab">
         <name>.text:USBDMAChannelAddressSet</name>
         <load_address>0x3d46</load_address>
         <run_address>0x3d46</run_address>
         <size>0xa</size>
         <input_file_ref idref="fl-152"/>
      </object_component>
      <object_component id="oc-7b1">
         <name>.text:USBDMAChannelCountSet</name>
         <load_address>0x3d50</load_address>
         <run_address>0x3d50</run_address>
         <size>0xa</size>
         <input_file_ref idref="fl-152"/>
      </object_component>
      <object_component id="oc-400">
         <name>.text:USBDevConnect</name>
         <load_address>0x3d5a</load_address>
         <run_address>0x3d5a</run_address>
         <size>0xa</size>
         <input_file_ref idref="fl-152"/>
      </object_component>
      <object_component id="oc-109">
         <name>.text:USBDevDisconnect</name>
         <load_address>0x3d64</load_address>
         <run_address>0x3d64</run_address>
         <size>0xa</size>
         <input_file_ref idref="fl-152"/>
      </object_component>
      <object_component id="oc-fd">
         <name>.text:USBIntStatusEndpoint</name>
         <load_address>0x3d6e</load_address>
         <run_address>0x3d6e</run_address>
         <size>0xa</size>
         <input_file_ref idref="fl-152"/>
      </object_component>
      <object_component id="oc-3d6">
         <name>.text:USBDevMode</name>
         <load_address>0x3d78</load_address>
         <run_address>0x3d78</run_address>
         <size>0x8</size>
         <input_file_ref idref="fl-152"/>
      </object_component>
      <object_component id="oc-76d">
         <name>.text:USBFIFOAddrGet</name>
         <load_address>0x3d80</load_address>
         <run_address>0x3d80</run_address>
         <size>0x8</size>
         <input_file_ref idref="fl-152"/>
      </object_component>
      <object_component id="oc-3d0">
         <name>.text:USBOTGMode</name>
         <load_address>0x3d88</load_address>
         <run_address>0x3d88</run_address>
         <size>0x8</size>
         <input_file_ref idref="fl-152"/>
      </object_component>
      <object_component id="oc-61f">
         <name>.text:iDMAUSBChannelIntDisable</name>
         <load_address>0x3d90</load_address>
         <run_address>0x3d90</run_address>
         <size>0x8</size>
         <input_file_ref idref="fl-14c"/>
      </object_component>
      <object_component id="oc-619">
         <name>.text:iDMAUSBChannelIntEnable</name>
         <load_address>0x3d98</load_address>
         <run_address>0x3d98</run_address>
         <size>0x8</size>
         <input_file_ref idref="fl-14c"/>
      </object_component>
      <object_component id="oc-2a">
         <name>.text:ResetISR</name>
         <load_address>0x3da0</load_address>
         <run_address>0x3da0</run_address>
         <size>0x6</size>
         <input_file_ref idref="fl-2"/>
      </object_component>
      <object_component id="oc-796">
         <name>.text:USBDMAChannelIntStatus</name>
         <load_address>0x3da6</load_address>
         <run_address>0x3da6</run_address>
         <size>0x6</size>
         <input_file_ref idref="fl-152"/>
      </object_component>
      <object_component id="oc-3e2">
         <name>.text:USBDevLPMConfig</name>
         <load_address>0x3dac</load_address>
         <run_address>0x3dac</run_address>
         <size>0x6</size>
         <input_file_ref idref="fl-152"/>
      </object_component>
      <object_component id="oc-f1">
         <name>.text:USBLPMIntStatus</name>
         <load_address>0x3db2</load_address>
         <run_address>0x3db2</run_address>
         <size>0x6</size>
         <input_file_ref idref="fl-152"/>
      </object_component>
      <object_component id="oc-18">
         <name>.text:decompress:rle24</name>
         <load_address>0x3db8</load_address>
         <run_address>0x3db8</run_address>
         <size>0x6</size>
         <input_file_ref idref="fl-131"/>
      </object_component>
      <object_component id="oc-613">
         <name>.text:iDMAUSBIntStatus</name>
         <load_address>0x3dbe</load_address>
         <run_address>0x3dbe</run_address>
         <size>0x6</size>
         <input_file_ref idref="fl-14c"/>
      </object_component>
      <object_component id="oc-14e">
         <name>.text:CPUwfi</name>
         <load_address>0x3dc4</load_address>
         <run_address>0x3dc4</run_address>
         <size>0x4</size>
         <input_file_ref idref="fl-142"/>
      </object_component>
      <object_component id="oc-5ef">
         <name>.text:DMAUSBStatus</name>
         <load_address>0x3dc8</load_address>
         <run_address>0x3dc8</run_address>
         <size>0x4</size>
         <input_file_ref idref="fl-14c"/>
      </object_component>
      <object_component id="oc-1a7">
         <name>.text:USBDevAddrSet</name>
         <load_address>0x3dcc</load_address>
         <run_address>0x3dcc</run_address>
         <size>0x4</size>
         <input_file_ref idref="fl-152"/>
      </object_component>
      <object_component id="oc-262">
         <name>.text:TxHandlerEcho</name>
         <load_address>0x3dd0</load_address>
         <run_address>0x3dd0</run_address>
         <size>0x4</size>
         <input_file_ref idref="fl-3"/>
      </object_component>
      <object_component id="oc-70">
         <name>.text</name>
         <load_address>0x3dd4</load_address>
         <run_address>0x3dd4</run_address>
         <size>0x4</size>
         <input_file_ref idref="fl-136"/>
      </object_component>
      <object_component id="oc-36">
         <name>.text:FaultISR</name>
         <load_address>0x3dd8</load_address>
         <run_address>0x3dd8</run_address>
         <size>0x2</size>
         <input_file_ref idref="fl-2"/>
      </object_component>
      <object_component id="oc-3c">
         <name>.text:IntDefaultHandler</name>
         <load_address>0x3de0</load_address>
         <run_address>0x3de0</run_address>
         <size>0x2</size>
         <input_file_ref idref="fl-2"/>
      </object_component>
      <object_component id="oc-30">
         <name>.text:NmiSR</name>
         <load_address>0x3de8</load_address>
         <run_address>0x3de8</run_address>
         <size>0x2</size>
         <input_file_ref idref="fl-2"/>
      </object_component>
      <object_component id="oc-1fc">
         <name>.const:g_pppui32XTALtoVCO</name>
         <load_address>0x3dec</load_address>
         <run_address>0x3dec</run_address>
         <size>0x120</size>
         <input_file_ref idref="fl-13f"/>
      </object_component>
      <object_component id="oc-648">
         <name>.const</name>
         <load_address>0x3f0c</load_address>
         <run_address>0x3f0c</run_address>
         <size>0x70</size>
         <input_file_ref idref="fl-140"/>
      </object_component>
      <object_component id="oc-1f9">
         <name>.const:g_pui32Xtals</name>
         <load_address>0x3f7c</load_address>
         <run_address>0x3f7c</run_address>
         <size>0x6c</size>
         <input_file_ref idref="fl-13f"/>
      </object_component>
      <object_component id="oc-232">
         <name>.const</name>
         <load_address>0x3fe8</load_address>
         <run_address>0x3fe8</run_address>
         <size>0x38</size>
         <input_file_ref idref="fl-148"/>
      </object_component>
      <object_component id="oc-4b4">
         <name>.const:.string:g_pui8ConfigString</name>
         <load_address>0x4020</load_address>
         <run_address>0x4020</run_address>
         <size>0x36</size>
         <input_file_ref idref="fl-4"/>
      </object_component>
      <object_component id="oc-2e2">
         <name>.const:g_psUSBDStdRequests</name>
         <load_address>0x4058</load_address>
         <run_address>0x4058</run_address>
         <size>0x34</size>
         <input_file_ref idref="fl-144"/>
      </object_component>
      <object_component id="oc-22c">
         <name>.const:g_sCDCHandlers</name>
         <load_address>0x408c</load_address>
         <run_address>0x408c</run_address>
         <size>0x30</size>
         <input_file_ref idref="fl-148"/>
      </object_component>
      <object_component id="oc-24f">
         <name>.const:g_sCompHandlers</name>
         <load_address>0x40bc</load_address>
         <run_address>0x40bc</run_address>
         <size>0x30</size>
         <input_file_ref idref="fl-146"/>
      </object_component>
      <object_component id="oc-304">
         <name>.const:g_sXTALtoMEMTIM</name>
         <load_address>0x40ec</load_address>
         <run_address>0x40ec</run_address>
         <size>0x30</size>
         <input_file_ref idref="fl-13f"/>
      </object_component>
      <object_component id="oc-4b1">
         <name>.const:.string:g_pui8ControlInterfaceString</name>
         <load_address>0x411c</load_address>
         <run_address>0x411c</run_address>
         <size>0x2c</size>
         <input_file_ref idref="fl-4"/>
      </object_component>
      <object_component id="oc-4ab">
         <name>.const:.string:g_pui8ManufacturerString</name>
         <load_address>0x4148</load_address>
         <run_address>0x4148</run_address>
         <size>0x24</size>
         <input_file_ref idref="fl-4"/>
      </object_component>
      <object_component id="oc-15a">
         <name>.const:g_psRxBuffer</name>
         <load_address>0x416c</load_address>
         <run_address>0x416c</run_address>
         <size>0x24</size>
         <input_file_ref idref="fl-4"/>
      </object_component>
      <object_component id="oc-157">
         <name>.const:g_psTxBuffer</name>
         <load_address>0x4190</load_address>
         <run_address>0x4190</run_address>
         <size>0x24</size>
         <input_file_ref idref="fl-4"/>
      </object_component>
      <object_component id="oc-361">
         <name>.const:.string:g_pui8CDCSerCommInterface</name>
         <load_address>0x41b4</load_address>
         <run_address>0x41b4</run_address>
         <size>0x23</size>
         <input_file_ref idref="fl-148"/>
      </object_component>
      <object_component id="oc-4ae">
         <name>.const:.string:g_pui8ProductString</name>
         <load_address>0x41d7</load_address>
         <run_address>0x41d7</run_address>
         <size>0x22</size>
         <input_file_ref idref="fl-4"/>
      </object_component>
      <object_component id="oc-292">
         <name>.const</name>
         <load_address>0x41fc</load_address>
         <run_address>0x41fc</run_address>
         <size>0x18</size>
         <input_file_ref idref="fl-4"/>
      </object_component>
      <object_component id="oc-364">
         <name>.const:.string</name>
         <load_address>0x4214</load_address>
         <run_address>0x4214</run_address>
         <size>0x17</size>
         <input_file_ref idref="fl-148"/>
      </object_component>
      <object_component id="oc-4a8">
         <name>.const:.string</name>
         <load_address>0x422b</load_address>
         <run_address>0x422b</run_address>
         <size>0x16</size>
         <input_file_ref idref="fl-4"/>
      </object_component>
      <object_component id="oc-258">
         <name>.const:.string</name>
         <load_address>0x4244</load_address>
         <run_address>0x4244</run_address>
         <size>0x9</size>
         <input_file_ref idref="fl-146"/>
      </object_component>
      <object_component id="oc-1ff">
         <name>.const</name>
         <load_address>0x4250</load_address>
         <run_address>0x4250</run_address>
         <size>0x8</size>
         <input_file_ref idref="fl-13f"/>
      </object_component>
      <object_component id="oc-8cb">
         <name>.cinit..data.load</name>
         <load_address>0x4258</load_address>
[...]
         <value>0x20000598</value>
         <object_component_ref idref="oc-255"/>
      </symbol>
      <symbol id="sm-8bb">
         <name>USBDCDConfigDescGet</name>
         <value>0x28bd</value>
         <object_component_ref idref="oc-80b"/>
      </symbol>
      <symbol id="sm-8bc">
         <name>USBDCDConfigGetInterface</name>
         <value>0x38b7</value>
         <object_component_ref idref="oc-6e9"/>
      </symbol>
      <symbol id="sm-8bd">
         <name>USBDCDConfigDescGetSize</name>
         <value>0x39e1</value>
         <object_component_ref idref="oc-2e6"/>
      </symbol>
      <symbol id="sm-8be">
         <name>USBDCDConfigGetInterfaceEndpoint</name>
         <value>0x2e31</value>
         <object_component_ref idref="oc-811"/>
      </symbol>
      <symbol id="sm-8bf">
         <name>USBDCDConfigDescGetNum</name>
         <value>0x351b</value>
         <object_component_ref idref="oc-6e3"/>
      </symbol>
      <symbol id="sm-a1e">
         <name>g_psCDCCompSerSections</name>
         <value>0x20000aac</value>
         <object_component_ref idref="oc-22f"/>
      </symbol>
      <symbol id="sm-a1f">
         <name>g_sCDCCompSerConfigHeader</name>
         <value>0x4010</value>
         <object_component_ref idref="oc-232"/>
      </symbol>
      <symbol id="sm-a20">
         <name>g_sCDCSerCommInterfaceSection</name>
         <value>0x3ff8</value>
         <object_component_ref idref="oc-232"/>
      </symbol>
      <symbol id="sm-a21">
         <name>g_sIADSerConfigSection</name>
         <value>0x3ff0</value>
         <object_component_ref idref="oc-232"/>
      </symbol>
      <symbol id="sm-a22">
         <name>g_ppCDCSerConfigDescriptors</name>
         <value>0x4018</value>
         <object_component_ref idref="oc-232"/>
      </symbol>
      <symbol id="sm-a23">
         <name>g_pCDCCompSerConfigDescriptors</name>
         <value>0x401c</value>
         <object_component_ref idref="oc-232"/>
      </symbol>
      <symbol id="sm-a24">
         <name>USBDCDCCompositeInit</name>
         <value>0x1759</value>
         <object_component_ref idref="oc-142"/>
      </symbol>
      <symbol id="sm-a25">
         <name>USBDCDCTxPacketAvailable</name>
         <value>0x3c75</value>
         <object_component_ref idref="oc-26e"/>
      </symbol>
      <symbol id="sm-a26">
         <name>g_pui8CDCSerDataInterface</name>
         <value>0x4214</value>
         <object_component_ref idref="oc-364"/>
      </symbol>
      <symbol id="sm-a27">
         <name>g_pui8IADSerDescriptor</name>
         <value>0x20000a97</value>
         <object_component_ref idref="oc-22f"/>
      </symbol>
      <symbol id="sm-a28">
         <name>g_sCDCSerDataInterfaceSection</name>
         <value>0x4000</value>
         <object_component_ref idref="oc-232"/>
      </symbol>
      <symbol id="sm-a29">
         <name>ProcessNotificationToHost</name>
         <value>0x3233</value>
         <object_component_ref idref="oc-56d"/>
      </symbol>
      <symbol id="sm-a2a">
         <name>g_sCDCSerConfigSection</name>
         <value>0x3fe8</value>
         <object_component_ref idref="oc-232"/>
      </symbol>
      <symbol id="sm-a2b">
         <name>g_sCDCHandlers</name>
         <value>0x408c</value>
         <object_component_ref idref="oc-22c"/>
      </symbol>
      <symbol id="sm-a2c">
         <name>g_psCDCSerSections</name>
         <value>0x20000aa0</value>
         <object_component_ref idref="oc-22f"/>
      </symbol>
      <symbol id="sm-a2d">
         <name>ProcessDataFromHost</name>
         <value>0x2151</value>
         <object_component_ref idref="oc-573"/>
      </symbol>
      <symbol id="sm-a2e">
         <name>USBDCDCRxPacketAvailable</name>
         <value>0x33e5</value>
         <object_component_ref idref="oc-286"/>
      </symbol>
      <symbol id="sm-a2f">
         <name>g_pui8CDCSerDescriptor</name>
         <value>0x20000a8e</value>
         <object_component_ref idref="oc-22f"/>
      </symbol>
      <symbol id="sm-a30">
         <name>ProcessDataToHost</name>
         <value>0x2663</value>
         <object_component_ref idref="oc-579"/>
      </symbol>
      <symbol id="sm-a31">
         <name>USBDCDCPacketRead</name>
         <value>0x1ae7</value>
         <object_component_ref idref="oc-280"/>
      </symbol>
      <symbol id="sm-a32">
         <name>g_sCDCSerConfigHeader</name>
         <value>0x4008</value>
         <object_component_ref idref="oc-232"/>
      </symbol>
      <symbol id="sm-a33">
         <name>g_pui8CDCSerDeviceDescriptor</name>
         <value>0x20000a7c</value>
         <object_component_ref idref="oc-22f"/>
      </symbol>
      <symbol id="sm-a34">
         <name>g_pui8CDCSerCommInterface</name>
         <value>0x41b4</value>
         <object_component_ref idref="oc-361"/>
      </symbol>
      <symbol id="sm-a35">
         <name>USBDCDCPacketWrite</name>
         <value>0x271d</value>
         <object_component_ref idref="oc-268"/>
      </symbol>
      <symbol id="sm-a42">
         <name>ULPIConfigSet</name>
         <value>0x281b</value>
         <object_component_ref idref="oc-3c4"/>
      </symbol>
      <symbol id="sm-a94">
         <name>g_ui32USBSOFCount</name>
         <value>0x20000aec</value>
         <object_component_ref idref="oc-115"/>
      </symbol>
      <symbol id="sm-a95">
         <name>g_pvTickInstance</name>
         <value>0x2000053c</value>
         <object_component_ref idref="oc-193"/>
      </symbol>
      <symbol id="sm-a96">
         <name>g_bUSBTimerInitialized</name>
         <value>0x20000ae4</value>
         <object_component_ref idref="oc-115"/>
      </symbol>
      <symbol id="sm-a97">
         <name>g_ui32CurrentUSBTick</name>
         <value>0x20000ae8</value>
         <object_component_ref idref="oc-115"/>
      </symbol>
      <symbol id="sm-a98">
         <name>InternalUSBStartOfFrameTick</name>
         <value>0x3101</value>
         <object_component_ref idref="oc-eb"/>
      </symbol>
      <symbol id="sm-a99">
         <name>g_pfnTickHandlers</name>
         <value>0x20000524</value>
         <object_component_ref idref="oc-193"/>
      </symbol>
      <symbol id="sm-a9a">
         <name>InternalUSBRegisterTickHandler</name>
         <value>0x30cd</value>
         <object_component_ref idref="oc-226"/>
      </symbol>
      <symbol id="sm-a9b">
         <name>InternalUSBTickInit</name>
         <value>0x32f9</value>
         <object_component_ref idref="oc-220"/>
      </symbol>
      <symbol id="sm-ac2">
         <name>g_iUSBMode</name>
         <value>0x20000af0</value>
         <object_component_ref idref="oc-40c"/>
      </symbol>
      <symbol id="sm-ac3">
         <name>g_ui32WaitTicks</name>
         <value>0x20000af4</value>
         <object_component_ref idref="oc-40c"/>
      </symbol>
      <symbol id="sm-c1d">
         <name>USBLibDMAInit</name>
         <value>0x7f1</value>
         <object_component_ref idref="oc-3ee"/>
      </symbol>
      <symbol id="sm-c52">
         <name>USBDescGet</name>
         <value>0x3499</value>
         <object_component_ref idref="oc-86e"/>
      </symbol>
      <symbol id="sm-c53">
         <name>USBDescGetNum</name>
         <value>0x3545</value>
         <object_component_ref idref="oc-831"/>
      </symbol>
      <symbol id="sm-ccc">
         <name>USBBufferInit</name>
         <value>0x3a9d</value>
         <object_component_ref idref="oc-13c"/>
      </symbol>
      <symbol id="sm-ccd">
         <name>USBBufferRead</name>
         <value>0x3609</value>
         <object_component_ref idref="oc-488"/>
      </symbol>
      <symbol id="sm-cce">
         <name>USBBufferEventCallback</name>
         <value>0x2545</value>
         <object_component_ref idref="oc-2a2"/>
      </symbol>
      <symbol id="sm-ccf">
         <name>USBBufferWrite</name>
         <value>0x346d</value>
         <object_component_ref idref="oc-494"/>
      </symbol>
      <symbol id="sm-cd0">
         <name>USBBufferDataAvailable</name>
         <value>0x1553</value>
         <object_component_ref idref="oc-482"/>
      </symbol>
      <symbol id="sm-cd1">
         <name>USBBufferFlush</name>
         <value>0x3b7b</value>
         <object_component_ref idref="oc-48e"/>
      </symbol>
      <symbol id="sm-d56">
         <name>USBRingBufWrite</name>
         <value>0x39ad</value>
         <object_component_ref idref="oc-688"/>
      </symbol>
      <symbol id="sm-d57">
         <name>USBRingBufContigUsed</name>
         <value>0x3c57</value>
         <object_component_ref idref="oc-7f7"/>
      </symbol>
      <symbol id="sm-d58">
         <name>USBRingBufFlush</name>
         <value>0x3b2d</value>
         <object_component_ref idref="oc-67b"/>
      </symbol>
      <symbol id="sm-d59">
         <name>USBRingBufAdvanceWrite</name>
         <value>0x3097</value>
         <object_component_ref idref="oc-6c0"/>
      </symbol>
      <symbol id="sm-d5a">
         <name>USBRingBufWriteOne</name>
         <value>0x3c35</value>
         <object_component_ref idref="oc-7f0"/>
      </symbol>
      <symbol id="sm-d5b">
         <name>USBRingBufUsed</name>
         <value>0x3ab3</value>
         <object_component_ref idref="oc-66d"/>
      </symbol>
      <symbol id="sm-d5c">
         <name>USBRingBufFree</name>
         <value>0x3c23</value>
         <object_component_ref idref="oc-682"/>
      </symbol>
      <symbol id="sm-d5d">
         <name>USBRingBufAdvanceRead</name>
         <value>0x3809</value>
         <object_component_ref idref="oc-6b2"/>
      </symbol>
      <symbol id="sm-d5e">
         <name>USBRingBufReadOne</name>
         <value>0x3993</value>
         <object_component_ref idref="oc-7e7"/>
      </symbol>
      <symbol id="sm-d5f">
         <name>USBRingBufInit</name>
         <value>0x3d07</value>
         <object_component_ref idref="oc-212"/>
      </symbol>
      <symbol id="sm-d60">
         <name>USBRingBufRead</name>
         <value>0x3979</value>
         <object_component_ref idref="oc-674"/>
      </symbol>
      <symbol id="sm-d61">
         <name>USBRingBufContigFree</name>
         <value>0x390d</value>
         <object_component_ref idref="oc-6b9"/>
      </symbol>
      <symbol id="sm-f1d">
         <name>USBLPMIntEnable</name>
         <value>0x3cfb</value>
         <object_component_ref idref="oc-3e8"/>
      </symbol>
      <symbol id="sm-f1e">
         <name>USBEndpointDataAvail</name>
         <value>0x38f1</value>
         <object_component_ref idref="oc-381"/>
      </symbol>
      <symbol id="sm-f1f">
         <name>USBClockEnable</name>
         <value>0x3d33</value>
         <object_component_ref idref="oc-3b8"/>
      </symbol>
      <symbol id="sm-f20">
         <name>USBDevDisconnect</name>
         <value>0x3d65</value>
         <object_component_ref idref="oc-109"/>
      </symbol>
      <symbol id="sm-f21">
         <name>USBDevEndpointStallClear</name>
         <value>0x2a91</value>
         <object_component_ref idref="oc-6c9"/>
      </symbol>
      <symbol id="sm-f22">
         <name>USBEndpointDataPut</name>
         <value>0x3359</value>
         <object_component_ref idref="oc-2ec"/>
      </symbol>
      <symbol id="sm-f23">
         <name>USBDMAChannelIntStatus</name>
         <value>0x3da7</value>
         <object_component_ref idref="oc-796"/>
      </symbol>
      <symbol id="sm-f24">
         <name>USBDevAddrSet</name>
         <value>0x3dcd</value>
         <object_component_ref idref="oc-1a7"/>
      </symbol>
      <symbol id="sm-f25">
         <name>USBDMAChannelCountSet</name>
         <value>0x3d51</value>
         <object_component_ref idref="oc-7b1"/>
      </symbol>
      <symbol id="sm-f26">
         <name>USBLPMIntStatus</name>
         <value>0x3db3</value>
         <object_component_ref idref="oc-f1"/>
      </symbol>
      <symbol id="sm-f27">
         <name>USBDMAChannelAddressSet</name>
         <value>0x3d47</value>
         <object_component_ref idref="oc-7ab"/>
      </symbol>
      <symbol id="sm-f28">
         <name>USBULPIDisable</name>
         <value>0x3cad</value>
         <object_component_ref idref="oc-3ca"/>
      </symbol>
      <symbol id="sm-f29">
         <name>USBIntStatusControl</name>
         <value>0x2f51</value>
         <object_component_ref idref="oc-90"/>
      </symbol>
      <symbol id="sm-f2a">
         <name>USBEndpointDMADisable</name>
         <value>0x3675</value>
         <object_component_ref idref="oc-738"/>
      </symbol>
      <symbol id="sm-f2b">
         <name>USBDevEndpointDataAck</name>
         <value>0x3651</value>
         <object_component_ref idref="oc-1b3"/>
      </symbol>
      <symbol id="sm-f2c">
         <name>USBOTGMode</name>
         <value>0x3d89</value>
         <object_component_ref idref="oc-3d0"/>
      </symbol>
      <symbol id="sm-f2d">
         <name>USBDMAChannelConfigSet</name>
         <value>0x3bc9</value>
         <object_component_ref idref="oc-7b7"/>
      </symbol>
      <symbol id="sm-f2e">
         <name>USBULPIRegRead</name>
         <value>0x3827</value>
         <object_component_ref idref="oc-590"/>
      </symbol>
      <symbol id="sm-f2f">
         <name>USBDevMode</name>
         <value>0x3d79</value>
         <object_component_ref idref="oc-3d6"/>
      </symbol>
      <symbol id="sm-f30">
         <name>USBIntEnableEndpoint</name>
         <value>0x3b19</value>
         <object_component_ref idref="oc-3fa"/>
      </symbol>
      <symbol id="sm-f31">
         <name>USBEndpointDataGet</name>
         <value>0x2d69</value>
         <object_component_ref idref="oc-1ad"/>
      </symbol>
      <symbol id="sm-f32">
         <name>USBDevEndpointStatusClear</name>
         <value>0x2605</value>
         <object_component_ref idref="oc-1a1"/>
      </symbol>
      <symbol id="sm-f33">
         <name>USBULPIEnable</name>
         <value>0x3cbb</value>
         <object_component_ref idref="oc-3be"/>
      </symbol>
      <symbol id="sm-f34">
         <name>USBFIFOAddrGet</name>
         <value>0x3d81</value>
         <object_component_ref idref="oc-76d"/>
      </symbol>
      <symbol id="sm-f35">
         <name>USBDMAChannelStatus</name>
         <value>0x3c83</value>
         <object_component_ref idref="oc-78f"/>
      </symbol>
      <symbol id="sm-f36">
         <name>USBULPIRegWrite</name>
         <value>0x3845</value>
         <object_component_ref idref="oc-596"/>
      </symbol>
      <symbol id="sm-f37">
         <name>USBDMAChannelIntEnable</name>
         <value>0x3c11</value>
         <object_component_ref idref="oc-79d"/>
      </symbol>
      <symbol id="sm-f38">
         <name>USBDevLPMConfig</name>
         <value>0x3dad</value>
         <object_component_ref idref="oc-3e2"/>
      </symbol>
      <symbol id="sm-f39">
         <name>USBDevLPMEnable</name>
         <value>0x3c9f</value>
         <object_component_ref idref="oc-f7"/>
      </symbol>
      <symbol id="sm-f3a">
         <name>USBControllerVersion</name>
         <value>0x3d3d</value>
         <object_component_ref idref="oc-5a4"/>
      </symbol>
      <symbol id="sm-f3b">
         <name>USBFIFOConfigSet</name>
         <value>0x2e6b</value>
         <object_component_ref idref="oc-829"/>
      </symbol>
      <symbol id="sm-f3c">
         <name>USBEndpointDMAEnable</name>
         <value>0x3699</value>
         <object_component_ref idref="oc-752"/>
      </symbol>
      <symbol id="sm-f3d">
         <name>USBDevLPMDisable</name>
         <value>0x3c91</value>
         <object_component_ref idref="oc-3dc"/>
      </symbol>
      <symbol id="sm-f3e">
         <name>USBEndpointDataSend</name>
         <value>0x3413</value>
         <object_component_ref idref="oc-2f2"/>
      </symbol>
      <symbol id="sm-f3f">
         <name>USBIntStatusEndpoint</name>
         <value>0x3d6f</value>
         <object_component_ref idref="oc-fd"/>
      </symbol>
      <symbol id="sm-f40">
         <name>USBEndpointStatus</name>
         <value>0x3c47</value>
         <object_component_ref idref="oc-19b"/>
      </symbol>
      <symbol id="sm-f41">
         <name>USBEndpointPacketCountSet</name>
         <value>0x3cef</value>
         <object_component_ref idref="oc-779"/>
      </symbol>
      <symbol id="sm-f42">
         <name>USBDMAChannelIntDisable</name>
         <value>0x3bff</value>
         <object_component_ref idref="oc-7a4"/>
      </symbol>
      <symbol id="sm-f43">
         <name>USBEndpointDMAConfigSet</name>
         <value>0x2add</value>
         <object_component_ref idref="oc-77f"/>
      </symbol>
      <symbol id="sm-f44">
         <name>USBDevEndpointStall</name>
         <value>0x3265</value>
         <object_component_ref idref="oc-4e6"/>
      </symbol>
      <symbol id="sm-f45">
         <name>USBDevConnect</name>
         <value>0x3d5b</value>
         <object_component_ref idref="oc-400"/>
      </symbol>
      <symbol id="sm-f46">
         <name>USBDevEndpointConfigSet</name>
         <value>0x1e21</value>
         <object_component_ref idref="oc-81d"/>
      </symbol>
      <symbol id="sm-f47">
         <name>USBDMAChannelDisable</name>
         <value>0x3bdb</value>
         <object_component_ref idref="oc-788"/>
      </symbol>
      <symbol id="sm-f48">
         <name>USBDMAChannelEnable</name>
         <value>0x3bed</value>
         <object_component_ref idref="oc-7bd"/>
      </symbol>
      <symbol id="sm-f49">
         <name>USBHostResume</name>
         <value>0x3b05</value>
         <object_component_ref idref="oc-18c"/>
      </symbol>
      <symbol id="sm-f4a">
         <name>USBIntEnableControl</name>
         <value>0x356d</value>
         <object_component_ref idref="oc-3f4"/>
      </symbol>
      <symbol id="sm-f4b">
         <name>USBEndpointDMAChannel</name>
         <value>0x395f</value>
         <object_component_ref idref="oc-72c"/>
      </symbol>
      <symbol id="sm-f96">
         <name>uDMAChannelControlSet</name>
         <value>0x36bd</value>
         <object_component_ref idref="oc-725"/>
      </symbol>
      <symbol id="sm-f97">
         <name>uDMAChannelDisable</name>
         <value>0x3a41</value>
         <object_component_ref idref="oc-73f"/>
      </symbol>
      <symbol id="sm-f98">
         <name>uDMAChannelModeGet</name>
         <value>0x35bd</value>
         <object_component_ref idref="oc-764"/>
      </symbol>
      <symbol id="sm-f99">
         <name>uDMAChannelTransferSet</name>
         <value>0x1da1</value>
         <object_component_ref idref="oc-773"/>
      </symbol>
      <symbol id="sm-f9a">
         <name>uDMAChannelAttributeDisable</name>
         <value>0x2c51</value>
         <object_component_ref idref="oc-732"/>
      </symbol>
      <symbol id="sm-f9b">
         <name>uDMAChannelEnable</name>
         <value>0x3a59</value>
         <object_component_ref idref="oc-758"/>
      </symbol>
      <symbol id="sm-f9c">
         <name>__TI_static_base__</name>
         <value>0x0</value>
      </symbol>
      <symbol id="sm-f9f">
         <name>SHT$$INIT_ARRAY$$Limit</name>
         <value>0x0</value>
      </symbol>
      <symbol id="sm-fa0">
         <name>SHT$$INIT_ARRAY$$Base</name>
         <value>0x0</value>
      </symbol>
      <symbol id="sm-fa1">
         <name>SysCtlSleep</name>
         <value>0x3dc5</value>
      </symbol>
   </symbol_table>
   <title>Link successful</title>
</link_info>
