******************************************************************************
                  TI ARM Linker PC v5.2.5                      
******************************************************************************
>> Linked Tue Feb 14 15:36:18 2017

OUTPUT FILE NAME:   <usb_dev_cserial.out>
ENTRY POINT SYMBOL: "_c_int00"  address: 00005cc9


MEMORY CONFIGURATION

         name            origin    length      used     unused   attr    fill
----------------------  --------  ---------  --------  --------  ----  --------
  FLASH                 00000000   00100000  00008124  000f7edc  R  X
  SRAM                  20000000   00040000  00005120  0003aee0  RW X


SEGMENT ALLOCATION MAP

run origin  load origin   length   init length attrs members
----------  ----------- ---------- ----------- ----- -------
00000000    00000000    00008128   00008128    r-x
  00000000    00000000    00000200   00000200    r-- .intvecs
  00000200    00000200    00007700   00007700    r-x .text
  00007900    00007900    0000071c   0000071c    r-- .const
  00008020    00008020    00000108   00000108    r-- .cinit
20000000    20000000    00005120   00000000    rw-
  20000000    20000000    0000026c   00000000    rw- .vtable
  2000026c    2000026c    0000259c   00000000    rw- .data
  20002808    20002808    00002518   00000000    rw- .bss
  20004d20    20004d20    00000400   00000000    rw- .stack


SECTION ALLOCATION MAP

 output                                  attributes/
section   page    origin      length       input sections
--------  ----  ----------  ----------   ----------------
.intvecs   0    00000000    00000200     
                  00000000    00000200     startup_ccs.obj (.intvecs)

.text      0    00000200    00007700     
                  00000200    0000040c     TIVA_GPIO_driver.obj (.text:PortLIntHandler)
                  0000060c    00000348     SetChannelSettings.obj (.text:GainSetting)
                  00000954    0000032c     Protokoll.obj (.text:setEDS1)
                  00000c80    00000308     Protokoll.obj (.text:setEDS2)
                  00000f88    00000278     TIVA_GPIO_lib.obj (.text:SetTriggerType_Mode)
                  00001200    0000026c     pinout.obj (.text:PinoutSet)
                  0000146c    00000208     Protokoll.obj (.text:receive_package)
                  00001674    000001fc     driverlib.lib : sysctl.obj (.text:SysCtlClockFreqSet)
                  00001870    000001e8     TIVA_ADC_lib.obj (.text:SetChannelSettings)
                  00001a58    000001d8     usblib.lib : usbdcomp.obj (.text:BuildCompositeDescriptor)
                  00001c30    000001bc     Protokoll.obj (.text:setSD1)
                  00001dec    000001bc     Protokoll.obj (.text:setSD2)
                  00001fa8    00000190     Protokoll.obj (.text:enableFunction)
                  00002138    00000160     usblib.lib : usbdma.obj (.text:USBLibDMAInit)
                  00002298    00000154                : usbdenum.obj (.text:USBDEP0StateTxConfig)
                  000023ec    00000148                : usbdenum.obj (.text:USBDCDInit)
                  00002534    00000148     TIVA_GPIO_driver.obj (.text:_TIVA_GPIO_PIN_Configuration)
                  0000267c    00000140     usblib.lib : usbdconfig.obj (.text:USBDeviceConfig)
                  000027bc    00000140                : usbdenum.obj (.text:USBDeviceIntHandlerInternal)
                  000028fc    00000138     TIVA_ADC_RTM_driver.obj (.text:Timer0IntHandler)
                  00002a34    00000134     TIVA_ADC_RTM_driver.obj (.text:Timer1IntHandler)
                  00002b68    00000130     driverlib.lib : gpio.obj (.text:GPIOPadConfigSet)
                  00002c98    00000124     TIVA_USB_lib.obj (.text:RxHandlerCmd)
                  00002dbc    00000114     TIVA_uDMA_lib.obj (.text:ADC1_SEQ3_ISR)
                  00002ed0    00000108     TIVA_USB_lib.obj (.text:ControlHandler)
                  00002fd8    00000108     TIVA_PWM_driver.obj (.text:_TIVA_PWM_Configuration)
                  000030e0    00000104     main.obj (.text:main)
                  000031e4    000000f8     TIVA_PWM_lib.obj (.text:SetPWMValue)
                  000032dc    000000ec     SetSamplingMode.obj (.text:SetSamplingMode)
                  000033c8    000000e8     usblib.lib : usbdma.obj (.text:iDMAUSBTransfer)
                  000034b0    000000dc                : usbdenum.obj (.text:USBDGetDescriptor)
                  0000358c    000000d8                : usbdenum.obj (.text:USBDeviceEnumHandler)
                  00003664    000000d8     Protokoll.obj (.text:setHWV)
                  0000373c    000000d8     Protokoll.obj (.text:setSWV)
                  00003814    000000d2     Error_request.obj (.text:error_request)
                  000038e6    000000d0     usblib.lib : usbdcdc.obj (.text:HandleRequests)
                  000039b6    00000002     startup_ccs.obj (.text:FaultISR)
                  000039b8    000000d0     usblib.lib : usbdcomp.obj (.text:USBDCompositeInit)
                  00003a88    000000c0     TIVA_Timer_lib.obj (.text:ETS_Packages)
                  00003b48    000000c0     usblib.lib : usbdma.obj (.text:uDMAUSBChannelAllocate)
                  00003c08    000000ba                : usbdma.obj (.text:uDMAUSBTransfer)
                  00003cc2    00000002     startup_ccs.obj (.text:IntDefaultHandler)
                  00003cc4    000000b4     TIVA_ADC_RTM_driver.obj (.text:_TIVA_ADC_Timer_Configuration)
                  00003d78    000000b4     Protokoll.obj (.text:setNACK)
                  00003e2c    000000ac     usblib.lib : usbbuffer.obj (.text:HandleRxAvailable)
                  00003ed8    000000a4     CRC16.obj (.text:update_good_crc)
                  00003f7c    000000a2     usblib.lib : usbdcdc.obj (.text:HandleDevice)
                  0000401e    00000002     startup_ccs.obj (.text:NmiSR)
                  00004020    000000a0     usblib.lib : usbdcdc.obj (.text:USBDCDCCompositeInit)
                  000040c0    000000a0     Protokoll.obj (.text:setSCS)
                  00004160    0000009c     TIVA_Timer_driver.obj (.text:_TIVA_Timer_Configuration)
                  000041fc    0000009c     rtsv7M4_T_le_v4SPD16_eabi.lib : memcpy_t2.obj (.text)
                  00004298    00000098     usblib.lib : usbdenum.obj (.text:USBDSetInterface)
                  00004330    00000096                : usbdcdc.obj (.text:SendSerialState)
                  000043c6    00000094                : usbdcdc.obj (.text:CDCTickHandler)
                  0000445a    00000090                : usbbuffer.obj (.text:ScheduleNextTransmission)
                  000044ea    00000090                : usbdcdc.obj (.text:USBDCDCPacketRead)
                  0000457a    00000002                : usbdma.obj (.text:iDMAUSBArbSizeSet)
                  0000457c    00000090     Protokoll.obj (.text:setSTB)
                  0000460c    0000008c     usblib.lib : usbdenum.obj (.text:USBDSetConfiguration)
                  00004698    0000008c                : usbdconfig.obj (.text:USBDeviceConfigAlternate)
                  00004724    0000008c     Protokoll.obj (.text:setSSM)
                  000047b0    0000008c     Protokoll.obj (.text:setSTS)
                  0000483c    00000088     TIVA_USB_lib.obj (.text:_TIVA_USB_Configuration)
                  000048c4    00000088     CRC16.obj (.text:crc16)
                  0000494c    00000086     usblib.lib : usbdma.obj (.text:iDMAUSBChannelAllocate)
                  000049d2    00000080     driverlib.lib : adc.obj (.text:ADCSequenceStepConfigure)
                  00004a52    00000002     usblib.lib : usbdma.obj (.text:iDMAUSBUnitSizeSet)
                  00004a54    00000080     driverlib.lib : udma.obj (.text:uDMAChannelTransferSet)
                  00004ad4    0000007c     TIVA_ADC_lib.obj (.text:SetTimeBase)
                  00004b50    0000007c     Protokoll.obj (.text:disableFunction)
                  00004bcc    0000007c     Protokoll.obj (.text:setACK)
                  00004c48    0000007a     driverlib.lib : usb.obj (.text:USBDevEndpointConfigSet)
                  00004cc2    0000007a     rtsv7M4_T_le_v4SPD16_eabi.lib : memset_t2.obj (.text)
                  00004d3c    00000078     usblib.lib : usbdenum.obj (.text:USBDClearFeature)
                  00004db4    00000074     Protokoll.obj (.text:sort_package)
                  00004e28    00000072     usblib.lib : usbdma.obj (.text:uDMAUSBArbSizeSet)
                  00004e9a    00000002                : usbdma.obj (.text:uDMAUSBChannelIntDisable)
                  00004e9c    00000070                : usbdenum.obj (.text:USBDEP0StateTx)
                  00004f0c    00000070                : usbdenum.obj (.text:USBDGetStatus)
                  00004f7c    00000070                : usbdma.obj (.text:uDMAUSBUnitSizeSet)
                  00004fec    0000006e                : usbdcdc.obj (.text:ProcessDataFromHost)
                  0000505a    00000002                : usbdma.obj (.text:uDMAUSBChannelIntEnable)
                  0000505c    0000006c     rtsv7M4_T_le_v4SPD16_eabi.lib : autoinit.obj (.text)
                  000050c8    0000006a                                   : copy_decompress_rle.obj (.text)
                  00005132    00000002     TIVA_uDMA_lib.obj (.text:uDMA_Error_ISR)
                  00005134    00000064     driverlib.lib : interrupt.obj (.text:IntIsEnabled)
                  00005198    00000064     usblib.lib : usbdenum.obj (.text:USBDSetFeature)
                  000051fc    00000064                : usbdma.obj (.text:uDMAUSBChannelEnable)
                  00005260    00000060                : usbdcomp.obj (.text:GetDescriptor)
                  000052c0    00000060                : usbdcomp.obj (.text:HandleRequests)
                  00005320    00000060     driverlib.lib : interrupt.obj (.text:IntDisable)
                  00005380    00000060                   : interrupt.obj (.text:IntEnable)
                  000053e0    00000060     TIVA_Timer_driver.obj (.text:Timer2IntHandler)
                  00005440    00000060     TIVA_Timer_driver.obj (.text:Timer3IntHandler)
                  000054a0    00000060     usblib.lib : usbbuffer.obj (.text:USBBufferEventCallback)
                  00005500    00000060                : usbdenum.obj (.text:USBDReadAndDispatchRequest)
                  00005560    00000060     TIVA_GPIO_driver.obj (.text:_TIVA_GPIO_Interrupt_Configuration)
                  000055c0    0000005e     driverlib.lib : usb.obj (.text:USBDevEndpointStatusClear)
                  0000561e    0000005c     SetSamplingMode.obj (.text:PayloadCrcSSM)
                  0000567a    0000005c     usblib.lib : usbdcdc.obj (.text:ProcessDataToHost)
                  000056d6    00000002     --HOLE-- [fill = 0]
                  000056d8    0000005c     driverlib.lib : timer.obj (.text:TimerConfigure)
                  00005734    0000005c     usblib.lib : usbdenum.obj (.text:USBDStringIndexFromRequest)
                  00005790    0000005c     TIVA_ADC_driver.obj (.text:_TIVA_ADC_PIN_Configuration)
                  000057ec    00000058     driverlib.lib : timer.obj (.text:TimerControlTrigger)
                  00005844    00000056                   : gpio.obj (.text:GPIOIntTypeSet)
                  0000589a    00000056     usblib.lib : usbdcdc.obj (.text:USBDCDCPacketWrite)
                  000058f0    00000054                : usbdcomp.obj (.text:HandleDevice)
                  00005944    00000054     Protokoll.obj (.text:HeaderCrcReceive)
                  00005998    00000054     ExtendedSampleData.obj (.text:PayloadCrcESD)
                  000059ec    00000054     CRC16.obj (.text:go)
                  00005a40    00000054     usblib.lib : usbdma.obj (.text:uDMAUSBChannelRelease)
                  00005a94    00000052     SetTimeBase.obj (.text:PayloadCrcSTB)
                  00005ae6    00000052     usblib.lib : usbulpi.obj (.text:ULPIConfigSet)
                  00005b38    00000050     driverlib.lib : sysctl.obj (.text:SysCtlPeripheralReset)
                  00005b88    00000050     usblib.lib : usbdcdesc.obj (.text:USBDCDConfigDescGet)
                  00005bd8    00000050                : usbdenum.obj (.text:USBDeviceResumeTickHandler)
                  00005c28    00000050     TIVA_ADC_RTM_driver.obj (.text:_TIVA_ADC_RTM_Sequence_Configuration)
                  00005c78    00000050     TIVA_ADC_driver.obj (.text:_TIVA_ADC_Sequence_Configuration)
                  00005cc8    00000050     rtsv7M4_T_le_v4SPD16_eabi.lib : boot.obj (.text)
                  00005d18    0000004e     SampleData.obj (.text:PayloadCrcSD)
                  00005d66    0000004c     usblib.lib : usbdcdesc.obj (.text:ConfigAlternateInterfaceGet)
                  00005db2    0000004c                : usbdconfig.obj (.text:GetEPDescriptorType)
                  00005dfe    0000004c                : usbdcdc.obj (.text:HandleEndpoints)
                  00005e4a    0000004c     driverlib.lib : usb.obj (.text:USBDevEndpointStallClear)
                  00005e96    0000004c                   : usb.obj (.text:USBEndpointDMAConfigSet)
                  00005ee2    00000002     --HOLE-- [fill = 0]
                  00005ee4    0000004c                   : timer.obj (.text:_TimerIntNumberGet)
                  00005f30    0000004c     rtsv7M4_T_le_v4SPD16_eabi.lib : cpy_tbl.obj (.text)
                  00005f7c    0000004a     usblib.lib : usbdma.obj (.text:iDMAUSBChannelEnable)
                  00005fc6    0000004a                : usbdma.obj (.text:uDMAUSBChannelDisable)
                  00006010    00000048     driverlib.lib : gpio.obj (.text:GPIOPinConfigure)
                  00006058    00000048     ExtendedSampleData.obj (.text:HeaderCrcESD)
                  000060a0    00000048     SampleData.obj (.text:HeaderCrcSD)
                  000060e8    00000048     TIVA_USB_lib.obj (.text:SendESD)
                  00006130    00000048     TIVA_USB_lib.obj (.text:SendSD)
                  00006178    00000048     driverlib.lib : sysctl.obj (.text:_SysCtlFrequencyGet)
                  000061c0    00000048     Protokoll.obj (.text:process)
                  00006208    00000048     driverlib.lib : udma.obj (.text:uDMAChannelAttributeDisable)
                  00006250    00000046     usblib.lib : usbdcdc.obj (.text:HandleEP0Data)
                  00006296    00000046     SetTimeBase.obj (.text:SetTimeBaseSettings)
                  000062dc    00000044     Acknowledge.obj (.text:HeaderCrcACK)
                  00006320    00000044     usblib.lib : usbdenum.obj (.text:USBDCDDeviceInfoInit)
                  00006364    00000044                : usbdenum.obj (.text:USBDeviceEnumResetHandler)
                  000063a8    00000044     driverlib.lib : usb.obj (.text:USBEndpointDataGet)
                  000063ec    00000044     rtsv7M4_T_le_v4SPD16_eabi.lib : exit.obj (.text)
                  00006430    00000040     usblib.lib : usbdenum.obj (.text:USBDGetInterface)
                  00006470    00000040     driverlib.lib : gpio.obj (.text:_GPIOIntNumberGet)
                  000064b0    00000040     openlab_embsys_scope.obj (.text:_TIVA_Oscilloscope_Configuration)
                  000064f0    0000003e     driverlib.lib : adc.obj (.text:ADCSequenceConfigure)
                  0000652e    0000003e     HardwareVersion.obj (.text:HeaderCrcHWV)
                  0000656c    0000003e     Notacknowledge.obj (.text:HeaderCrcNACK)
                  000065aa    0000003e     SoftwareVersion.obj (.text:HeaderCrcSWV)
                  000065e8    0000003e     HardwareVersion.obj (.text:PayloadCrcHWV)
                  00006626    0000003e     SoftwareVersion.obj (.text:PayloadCrcSWV)
                  00006664    0000003a     usblib.lib : usbdcdesc.obj (.text:USBDCDConfigGetInterfaceEndpoint)
                  0000669e    0000003a     driverlib.lib : usb.obj (.text:USBFIFOConfigSet)
                  000066d8    0000003a     Error_request.obj (.text:compare_crc)
                  00006712    0000003a     usblib.lib : usbdma.obj (.text:iDMAUSBChannelRelease)
                  0000674c    00000038                : usbdcomp.obj (.text:EndpointToIndex)
                  00006784    00000038     driverlib.lib : usb.obj (.text:USBIntStatusControl)
                  000067bc    00000036     usblib.lib : usbdcomp.obj (.text:HandleDisconnect)
                  000067f2    00000036                : usbdcomp.obj (.text:ResetHandler)
                  00006828    00000036                : usbdcomp.obj (.text:ResumeHandler)
                  0000685e    00000036                : usbdcdc.obj (.text:SendBreak)
                  00006894    00000036                : usbdcomp.obj (.text:SuspendHandler)
                  000068ca    00000036                : usbringbuf.obj (.text:USBRingBufAdvanceWrite)
                  00006900    00000034     driverlib.lib : interrupt.obj (.text:IntRegister)
                  00006934    00000034     usblib.lib : usbtick.obj (.text:InternalUSBRegisterTickHandler)
                  00006968    00000034                : usbtick.obj (.text:InternalUSBStartOfFrameTick)
                  0000699c    00000034     driverlib.lib : sysctl.obj (.text:SysCtlPeripheralDisable)
                  000069d0    00000034                   : sysctl.obj (.text:SysCtlPeripheralEnable)
                  00006a04    00000034     usblib.lib : usbdma.obj (.text:iDMAUSBChannelStatus)
                  00006a38    00000032                : usbdcdc.obj (.text:HandleConfigChange)
                  00006a6a    00000032                : usbdcomp.obj (.text:InterfaceChange)
                  00006a9c    00000032                : usbdcdesc.obj (.text:NextConfigDescGet)
                  00006ace    00000032                : usbdcdc.obj (.text:ProcessNotificationToHost)
                  00006b00    00000032     driverlib.lib : usb.obj (.text:USBDevEndpointStall)
                  00006b32    00000032     usblib.lib : usbdma.obj (.text:iDMAUSBChannelDisable)
                  00006b64    00000030                : usbdma.obj (.text:DMAUSBIntHandler)
                  00006b94    00000030                : usbtick.obj (.text:InternalUSBTickInit)
                  00006bc4    00000030                : usbdenum.obj (.text:USBDGetConfiguration)
                  00006bf4    00000030     driverlib.lib : usb.obj (.text:USBEndpointDataPut)
                  00006c24    0000002e     usblib.lib : usbdcomp.obj (.text:ConfigChangeHandler)
                  00006c52    0000002e                : usbdcomp.obj (.text:HandleEndpoints)
                  00006c80    0000002e                : usbdcdc.obj (.text:USBDCDCRxPacketAvailable)
                  00006cae    0000002e     driverlib.lib : usb.obj (.text:USBEndpointDataSend)
                  00006cdc    0000002c     usblib.lib : usbdcomp.obj (.text:InterfaceToIndex)
                  00006d08    0000002c                : usbbuffer.obj (.text:USBBufferWrite)
                  00006d34    0000002c                : usbdesc.obj (.text:USBDescGet)
                  00006d60    0000002c                : usbdma.obj (.text:uDMAUSBIntStatus)
                  00006d8c    0000002a     driverlib.lib : gpio.obj (.text:GPIODirModeSet)
                  00006db6    0000002a     usblib.lib : usbdcdesc.obj (.text:USBDCDConfigDescGetNum)
                  00006de0    00000028     TIVA_USB_lib.obj (.text:GetLineCoding)
                  00006e08    00000028     usblib.lib : usbdesc.obj (.text:USBDescGetNum)
                  00006e30    00000028     driverlib.lib : usb.obj (.text:USBIntEnableControl)
                  00006e58    00000028     usblib.lib : usbringbuf.obj (.text:UpdateIndexAtomic)
                  00006e80    00000028     driverlib.lib : udma.obj (.text:uDMAChannelModeGet)
                  00006ea8    00000024     usblib.lib : usbbuffer.obj (.text:HandleRequestBuffer)
                  00006ecc    00000024                : usbbuffer.obj (.text:USBBufferRead)
                  00006ef0    00000024                : usbdenum.obj (.text:USBDSetAddress)
                  00006f14    00000024     driverlib.lib : usb.obj (.text:USBDevEndpointDataAck)
                  00006f38    00000024                   : usb.obj (.text:USBEndpointDMADisable)
                  00006f5c    00000024                   : usb.obj (.text:USBEndpointDMAEnable)
                  00006f80    00000024                   : udma.obj (.text:uDMAChannelControlSet)
                  00006fa4    00000022     usblib.lib : usbdcomp.obj (.text:DataReceived)
                  00006fc6    00000022                : usbdcomp.obj (.text:DataSent)
                  00006fe8    00000022                : usbdcdc.obj (.text:HandleDisconnect)
                  0000700a    00000022     driverlib.lib : pwm.obj (.text:PWMGenConfigure)
                  0000702c    00000022     usblib.lib : usbdcdc.obj (.text:SendLineCodingChange)
                  0000704e    00000022                : usbdcdc.obj (.text:SendLineStateChange)
                  00007070    00000022                : usbdma.obj (.text:uDMAUSBChannelStatus)
                  00007092    00000020                : usbdconfig.obj (.text:GetEndpointFIFOSize)
                  000070b2    00000020     Notacknowledge.obj (.text:PayloadCrcNACK)
                  000070d2    0000001e     driverlib.lib : adc.obj (.text:ADCSequenceDataGet)
                  000070f0    0000001e     usblib.lib : usbdcdc.obj (.text:CheckAndSendBreak)
                  0000710e    0000001e                : usbbuffer.obj (.text:HandleDataRemaining)
                  0000712c    0000001e     driverlib.lib : pwm.obj (.text:PWMPulseWidthSet)
                  0000714a    0000001e     usblib.lib : usbringbuf.obj (.text:USBRingBufAdvanceRead)
                  00007168    0000001e     driverlib.lib : usb.obj (.text:USBULPIRegRead)
                  00007186    0000001e                   : usb.obj (.text:USBULPIRegWrite)
                  000071a4    0000001c     usblib.lib : usbdcomp.obj (.text:CompositeEPChange)
                  000071c0    0000001c                : usbdcomp.obj (.text:CompositeIfaceChange)
                  000071dc    0000001c                : usbdcdc.obj (.text:SetDeferredOpFlag)
                  000071f8    0000001c                : usbdcdesc.obj (.text:USBDCDConfigGetInterface)
                  00007214    0000001c                : usbdenum.obj (.text:USBDCDStallEP0)
                  00007230    0000001c     driverlib.lib : usb.obj (.text:USBEndpointDataAvail)
                  0000724c    0000001c     usblib.lib : usbringbuf.obj (.text:USBRingBufContigFree)
                  00007268    0000001c     driverlib.lib : sysctl.obj (.text:_SysCtlMemTimingGet)
                  00007284    0000001a     usblib.lib : usbdcdc.obj (.text:DeviceConsumedAllData)
                  0000729e    0000001a     driverlib.lib : usb.obj (.text:USBEndpointDMAChannel)
                  000072b8    0000001a     usblib.lib : usbringbuf.obj (.text:USBRingBufRead)
                  000072d2    0000001a                : usbringbuf.obj (.text:USBRingBufReadOne)
                  000072ec    0000001a                : usbringbuf.obj (.text:USBRingBufWrite)
                  00007306    00000018     driverlib.lib : adc.obj (.text:ADCClockConfigSet)
                  0000731e    00000018                   : gpio.obj (.text:GPIOIntRegister)
                  00007336    00000018                   : gpio.obj (.text:GPIOPinTypeGPIOOutput)
                  0000734e    00000018                   : timer.obj (.text:TimerIntRegister)
                  00007366    00000002     --HOLE-- [fill = 0]
                  00007368    00000018     usblib.lib : usbdhandler.obj (.text:USB0DeviceIntHandler)
                  00007380    00000018                : usbdcdesc.obj (.text:USBDCDConfigDescGetSize)
                  00007398    00000018                : usbdenum.obj (.text:USBDSetDescriptor)
                  000073b0    00000018                : usbdenum.obj (.text:USBDSyncFrame)
                  000073c8    00000018     rtsv7M4_T_le_v4SPD16_eabi.lib : args_main.obj (.text)
                  000073e0    00000018     driverlib.lib : udma.obj (.text:uDMAChannelDisable)
                  000073f8    00000018                   : udma.obj (.text:uDMAChannelEnable)
                  00007410    00000018                   : udma.obj (.text:uDMAChannelIsEnabled)
                  00007428    00000016     usblib.lib : usbdcdc.obj (.text:CheckAndSendLineCodingChange)
                  0000743e    00000016                : usbdcdc.obj (.text:CheckAndSendLineStateChange)
                  00007454    00000016                : usbbuffer.obj (.text:USBBufferInit)
                  0000746a    00000016                : usbringbuf.obj (.text:USBRingBufUsed)
                  00007480    00000016     TIVA_ADC_driver.obj (.text:_TIVA_ADC_Configuration)
                  00007496    00000002     --HOLE-- [fill = 0]
                  00007498    00000014     driverlib.lib : pwm.obj (.text:PWMClockSet)
                  000074ac    00000014                   : sysctl.obj (.text:SysCtlUSBPLLEnable)
                  000074c0    00000014                   : timer.obj (.text:TimerDisable)
                  000074d4    00000014     TIVA_USB_lib.obj (.text:TxHandlerEcho)
                  000074e8    00000014     usblib.lib : usbdenum.obj (.text:USBDCDRequestDataEP0)
                  000074fc    00000014                : usbdenum.obj (.text:USBDCDSendDataEP0)
                  00007510    00000014     driverlib.lib : usb.obj (.text:USBHostResume)
                  00007524    00000014                   : usb.obj (.text:USBIntEnableEndpoint)
                  00007538    00000014     usblib.lib : usbringbuf.obj (.text:USBRingBufFlush)
                  0000754c    00000014     driverlib.lib : usb.obj (.text:_USBIndexWrite)
                  00007560    00000014     rtsv7M4_T_le_v4SPD16_eabi.lib : _lock.obj (.text)
                  00007574    00000012     driverlib.lib : gpio.obj (.text:GPIOPinTypeADC)
                  00007586    00000012                   : gpio.obj (.text:GPIOPinTypeEthernetLED)
                  00007598    00000012                   : gpio.obj (.text:GPIOPinTypeGPIOInput)
                  000075aa    00000012                   : gpio.obj (.text:GPIOPinTypePWM)
                  000075bc    00000012     usblib.lib : usbdcdc.obj (.text:HandleResume)
                  000075ce    00000012                : usbdcdc.obj (.text:HandleSuspend)
                  000075e0    00000012                : usbbuffer.obj (.text:HandleTxComplete)
                  000075f2    00000012     driverlib.lib : pwm.obj (.text:PWMOutputState)
                  00007604    00000012                   : timer.obj (.text:TimerLoadSet)
                  00007616    00000012                   : usb.obj (.text:USBDMAChannelConfigSet)
                  00007628    00000012                   : usb.obj (.text:USBDMAChannelDisable)
                  0000763a    00000012                   : usb.obj (.text:USBDMAChannelEnable)
                  0000764c    00000012                   : usb.obj (.text:USBDMAChannelIntDisable)
                  0000765e    00000012                   : usb.obj (.text:USBDMAChannelIntEnable)
                  00007670    00000012     usblib.lib : usbringbuf.obj (.text:USBRingBufFree)
                  00007682    00000012                : usbringbuf.obj (.text:USBRingBufWriteOne)
                  00007694    00000010     driverlib.lib : pwm.obj (.text:PWMGenPeriodSet)
                  000076a4    00000010                   : usb.obj (.text:USBEndpointStatus)
                  000076b4    00000010     usblib.lib : usbringbuf.obj (.text:USBRingBufContigUsed)
                  000076c4    0000000e     driverlib.lib : adc.obj (.text:ADCSequenceDisable)
                  000076d2    0000000e                   : adc.obj (.text:ADCSequenceEnable)
                  000076e0    0000000e     usblib.lib : usbdma.obj (.text:DMAUSBIntStatusClear)
                  000076ee    0000000e     driverlib.lib : gpio.obj (.text:GPIOIntDisable)
                  000076fc    0000000e                   : gpio.obj (.text:GPIOIntStatus)
                  0000770a    0000000e                   : timer.obj (.text:TimerEnable)
                  00007718    0000000e     usblib.lib : usbdcdc.obj (.text:USBDCDCTxPacketAvailable)
                  00007726    0000000e     driverlib.lib : usb.obj (.text:USBDMAChannelStatus)
                  00007734    0000000e                   : usb.obj (.text:USBDevLPMDisable)
                  00007742    0000000e                   : usb.obj (.text:USBDevLPMEnable)
                  00007750    0000000e                   : usb.obj (.text:USBULPIDisable)
                  0000775e    0000000e                   : usb.obj (.text:USBULPIEnable)
                  0000776c    0000000e     TIVA_GPIO_driver.obj (.text:_TIVA_GPIO_Configuration)
                  0000777a    0000000e     rtsv7M4_T_le_v4SPD16_eabi.lib : copy_decompress_none.obj (.text:decompress:none)
                  00007788    0000000c     driverlib.lib : cpu.obj (.text:CPUcpsid)
                  00007794    0000000c                   : cpu.obj (.text:CPUcpsie)
                  000077a0    0000000c                   : gpio.obj (.text:GPIOIntEnable)
                  000077ac    0000000c                   : pwm.obj (.text:PWMGenEnable)
                  000077b8    0000000c     TIVA_USB_lib.obj (.text:SendBreak)
                  000077c4    0000000c     TIVA_USB_lib.obj (.text:SetControlLineState)
                  000077d0    0000000c     TIVA_USB_lib.obj (.text:SetLineCoding)
                  000077dc    0000000c     driverlib.lib : usb.obj (.text:USBEndpointPacketCountSet)
                  000077e8    0000000c                   : usb.obj (.text:USBLPMIntEnable)
                  000077f4    0000000c     usblib.lib : usbringbuf.obj (.text:USBRingBufInit)
                  00007800    0000000c     rtsv7M4_T_le_v4SPD16_eabi.lib : copy_zero_init.obj (.text:decompress:ZI)
                  0000780c    0000000a     driverlib.lib : adc.obj (.text:ADCIntDisableEx)
                  00007816    0000000a                   : interrupt.obj (.text:IntMasterDisable)
                  00007820    0000000a                   : interrupt.obj (.text:IntMasterEnable)
                  0000782a    0000000a                   : usb.obj (.text:USBClockEnable)
                  00007834    0000000a                   : usb.obj (.text:USBControllerVersion)
                  0000783e    0000000a                   : usb.obj (.text:USBDMAChannelAddressSet)
                  00007848    0000000a                   : usb.obj (.text:USBDMAChannelCountSet)
                  00007852    0000000a                   : usb.obj (.text:USBDevConnect)
                  0000785c    0000000a                   : usb.obj (.text:USBDevDisconnect)
                  00007866    0000000a                   : usb.obj (.text:USBIntStatusEndpoint)
                  00007870    00000008                   : adc.obj (.text:ADCIntClearEx)
                  00007878    00000008                   : timer.obj (.text:TimerIntEnable)
                  00007880    00000008                   : usb.obj (.text:USBDevMode)
                  00007888    00000008                   : usb.obj (.text:USBFIFOAddrGet)
                  00007890    00000008                   : usb.obj (.text:USBOTGMode)
                  00007898    00000008     usblib.lib : usbdma.obj (.text:iDMAUSBChannelIntDisable)
                  000078a0    00000008                : usbdma.obj (.text:iDMAUSBChannelIntEnable)
                  000078a8    00000006     driverlib.lib : gpio.obj (.text:GPIOIntClear)
                  000078ae    00000006                   : gpio.obj (.text:GPIOPinRead)
                  000078b4    00000006                   : gpio.obj (.text:GPIOPinWrite)
                  000078ba    00000006     startup_ccs.obj (.text:ResetISR)
                  000078c0    00000006     driverlib.lib : sysctl.obj (.text:SysCtlDelay)
                  000078c6    00000006     usblib.lib : usbbuffer.obj (.text:USBBufferDataAvailable)
                  000078cc    00000006                : usbbuffer.obj (.text:USBBufferFlush)
                  000078d2    00000006     driverlib.lib : usb.obj (.text:USBDMAChannelIntStatus)
                  000078d8    00000006                   : usb.obj (.text:USBDevLPMConfig)
                  000078de    00000006                   : usb.obj (.text:USBLPMIntStatus)
                  000078e4    00000006     rtsv7M4_T_le_v4SPD16_eabi.lib : copy_decompress_rle.obj (.text:decompress:rle24)
                  000078ea    00000006     usblib.lib : usbdma.obj (.text:iDMAUSBIntStatus)
                  000078f0    00000004                : usbdma.obj (.text:DMAUSBStatus)
                  000078f4    00000004     driverlib.lib : timer.obj (.text:TimerIntClear)
                  000078f8    00000004                   : usb.obj (.text:USBDevAddrSet)
                  000078fc    00000004     rtsv7M4_T_le_v4SPD16_eabi.lib : pre_init.obj (.text)

.const     0    00007900    0000071c     
                  00007900    00000120     driverlib.lib : sysctl.obj (.const:g_pppui32XTALtoVCO)
                  00007a20    000000c0                   : gpio.obj (.const:g_ppui32GPIOIntMapBlizzard)
                  00007ae0    000000c0                   : gpio.obj (.const:g_ppui32GPIOIntMapSnowflake)
                  00007ba0    00000090                   : gpio.obj (.const:g_pui32GPIOBaseAddrs)
                  00007c30    00000070                   : interrupt.obj (.const)
                  00007ca0    0000006c                   : sysctl.obj (.const:g_pui32Xtals)
                  00007d0c    00000060                   : timer.obj (.const:g_ppui32TimerIntMap)
                  00007d6c    00000040                   : timer.obj (.const:g_ppui32TimerIntMapSnowflake)
                  00007dac    00000038     usblib.lib : usbdcdc.obj (.const)
                  00007de4    00000036     usb_structs.obj (.const:.string:g_pui8ConfigString)
                  00007e1a    00000002     --HOLE-- [fill = 0]
                  00007e1c    00000034     usblib.lib : usbdenum.obj (.const:g_psUSBDStdRequests)
                  00007e50    00000030                : usbdcdc.obj (.const:g_sCDCHandlers)
                  00007e80    00000030                : usbdcomp.obj (.const:g_sCompHandlers)
                  00007eb0    00000030     driverlib.lib : sysctl.obj (.const:g_sXTALtoMEMTIM)
                  00007ee0    0000002c     usb_structs.obj (.const:.string:g_pui8ControlInterfaceString)
                  00007f0c    00000024     usb_structs.obj (.const:.string:g_pui8ManufacturerString)
                  00007f30    00000024     usb_structs.obj (.const:g_psRxBuffer)
                  00007f54    00000024     usb_structs.obj (.const:g_psTxBuffer)
                  00007f78    00000023     usblib.lib : usbdcdc.obj (.const:.string:g_pui8CDCSerCommInterface)
                  00007f9b    00000022     usb_structs.obj (.const:.string:g_pui8ProductString)
                  00007fbd    00000003     --HOLE-- [fill = 0]
                  00007fc0    00000018     usb_structs.obj (.const)
                  00007fd8    00000017     usblib.lib : usbdcdc.obj (.const:.string)
                  00007fef    00000016     usb_structs.obj (.const:.string)
                  00008005    00000003     --HOLE-- [fill = 0]
                  00008008    00000009     usblib.lib : usbdcomp.obj (.const:.string)
                  00008011    00000003     --HOLE-- [fill = 0]
                  00008014    00000008     driverlib.lib : sysctl.obj (.const)

.cinit     0    00008020    00000108     
                  00008020    000000d4     (.cinit..data.load) [load image, compression = rle]
                  000080f4    0000000c     (__TI_handler_table)
                  00008100    00000008     (.cinit..bss.load) [load image, compression = zero_init]
                  00008108    00000008     (.cinit..vtable.load) [load image, compression = zero_init]
                  00008110    00000018     (__TI_cinit_table)

.init_array 
*          0    00000000    00000000     UNINITIALIZED

.vtable    0    20000000    0000026c     UNINITIALIZED
                  20000000    0000026c     driverlib.lib : interrupt.obj (.vtable)

.data      0    2000026c    0000259c     UNINITIALIZED
                  2000026c    00001000     TIVA_uDMA_lib.obj (.data:ADC_VALUE_ALT)
                  2000126c    00001000     TIVA_uDMA_lib.obj (.data:ADC_VALUE_PRI)
                  2000226c    00000400     TIVA_uDMA_lib.obj (.data:ADC_VALUE_ALT_TXD)
                  2000266c    0000007c     usb_structs.obj (.data:g_sCompDevice)
                  200026e8    00000060     usb_structs.obj (.data:g_psCDCDevice)
                  20002748    00000040     usblib.lib : usbdcdc.obj (.data)
                  20002788    0000001c     TIVA_USB_lib.obj (.data)
                  200027a4    00000012     usblib.lib : usbdcomp.obj (.data)
                  200027b6    00000002     --HOLE--
                  200027b8    00000010     Protokoll.obj (.data)
                  200027c8    0000000c     CRC16.obj (.data)
                  200027d4    0000000c     usblib.lib : usbtick.obj (.data)
                  200027e0    00000009                : usbmode.obj (.data)
                  200027e9    00000003     --HOLE--
                  200027ec    00000008     rtsv7M4_T_le_v4SPD16_eabi.lib : _lock.obj (.data)
                  200027f4    00000008                                   : exit.obj (.data)
                  200027fc    00000008     usblib.lib : usbdenum.obj (.data)
                  20002804    00000004     rtsv7M4_T_le_v4SPD16_eabi.lib : stkdepth_vars.obj (.data)

.bss       0    20002808    00002518     UNINITIALIZED
                  20002808    00000800     Protokoll.obj (.bss:adc1)
                  20003008    00000800     Protokoll.obj (.bss:adc2)
                  20003808    00000660     Protokoll.obj (.bss:flags)
                  20003e68    00000660     TIVA_USB_lib.obj (.bss:struc)
                  200044c8    00000228     usb_structs.obj (.bss:g_ppcUSBTxBuffer)
                  200046f0    00000228     usb_structs.obj (.bss:g_ppui8USBRxBuffer)
                  20004918    00000110     usblib.lib : usbdma.obj (.bss:g_psUSBDMAInst)
                  20004a28    00000100     TIVA_USB_lib.obj (.bss:g_pcCmdBuf)
                  20004b28    00000084     TIVA_USB_lib.obj (.bss:g_pucDescriptorData)
                  20004bac    00000050     usblib.lib : usbdenum.obj (.bss:g_psDCDInst)
                  20004bfc    00000040                : usbdenum.obj (.bss:g_pui8DataBufferIn)
                  20004c3c    00000030                : usbtick.obj (.bss)
                  20004c6c    00000020     (.common:ADC2Value)
                  20004c8c    00000020     (.common:ADC3Value)
                  20004cac    00000018     (.common:g_ppucTxBufferWorkspace)
                  20004cc4    00000018     (.common:g_ppui8RxBufferWorkspace)
                  20004cdc    0000000c     (.common:g_psCompEntries)
                  20004ce8    00000008                : usbdenum.obj (.bss)
                  20004cf0    00000004                : usbdcomp.obj (.bss)
                  20004cf4    00000004     (.common:g_pcStatus)
                  20004cf8    00000004     (.common:pBufferSend)
                  20004cfc    00000002     (.common:SETSrounds)
                  20004cfe    00000002     (.common:SETSsamples)
                  20004d00    00000002     (.common:actualRounds)
                  20004d02    00000002     (.common:sampleCH1)
                  20004d04    00000002     (.common:sampleCH2)
                  20004d06    00000001     (.common:GPIOstate1)
                  20004d07    00000001     (.common:GPIOstate2)
                  20004d08    00000001     (.common:Intstate1)
                  20004d09    00000001     (.common:Intstate2)
                  20004d0a    00000001     (.common:Timerstate1)
                  20004d0b    00000001     (.common:Timerstate2)
                  20004d0c    00000001     (.common:adcTimer1)
                  20004d0d    00000001     (.common:adcTimer2)
                  20004d0e    00000001     (.common:channel1)
                  20004d0f    00000001     (.common:channel2)
                  20004d10    00000001     (.common:edge1)
                  20004d11    00000001     (.common:edge2)
                  20004d12    00000001     (.common:markChannel1)
                  20004d13    00000001     (.common:markChannel2)
                  20004d14    00000001     (.common:packet1)
                  20004d15    00000001     (.common:packet1ETS)
                  20004d16    00000001     (.common:packet2)
                  20004d17    00000001     (.common:packet2ETS)
                  20004d18    00000001     (.common:rounds1)
                  20004d19    00000001     (.common:rounds2)
                  20004d1a    00000001     (.common:sampleData1)
                  20004d1b    00000001     (.common:sampleData2)
                  20004d1c    00000001     (.common:sample_mode)
                  20004d1d    00000001     (.common:trigger1)
                  20004d1e    00000001     (.common:trigger2)
                  20004d1f    00000001     (.common:triggerChannel)

.TI.persistent 
*          0    2000026c    00000000     UNINITIALIZED

.TI.noinit 
*          0    20002808    00000000     UNINITIALIZED

.stack     0    20004d20    00000400     UNINITIALIZED
                  20004d20    00000400     --HOLE--


LINKER GENERATED COPY TABLES

__TI_cinit_table @ 00008110 records: 3, size/record: 8, table size: 24
	.data: load addr=00008020, load size=000000d4 bytes, run addr=2000026c, run size=0000259c bytes, compression=rle
	.bss: load addr=00008100, load size=00000008 bytes, run addr=20002808, run size=00002518 bytes, compression=zero_init
	.vtable: load addr=00008108, load size=00000008 bytes, run addr=20000000, run size=0000026c bytes, compression=zero_init


LINKER GENERATED HANDLER TABLE

__TI_handler_table @ 000080f4 records: 3, size/record: 4, table size: 12
	index: 0, handler: __TI_zero_init
	index: 1, handler: __TI_decompress_rle24
	index: 2, handler: __TI_decompress_none


GLOBAL SYMBOLS: SORTED ALPHABETICALLY BY Name 

address   name                                
-------   ----                                
00002dbd  ADC1_SEQ3_ISR                       
20004c6c  ADC2Value                           
20004c8c  ADC3Value                           
00007307  ADCClockConfigSet                   
00007871  ADCIntClearEx                       
0000780d  ADCIntDisableEx                     
000064f1  ADCSequenceConfigure                
000070d3  ADCSequenceDataGet                  
000076c5  ADCSequenceDisable                  
000076d3  ADCSequenceEnable                   
000049d3  ADCSequenceStepConfigure            
00001a59  BuildCompositeDescriptor            
000063ed  C$$EXIT                             
00007789  CPUcpsid                            
00007795  CPUcpsie                            
00002ed1  ControlHandler                      
00003a89  ETS_Packages                        
00006d8d  GPIODirModeSet                      
000078a9  GPIOIntClear                        
000076ef  GPIOIntDisable                      
000077a1  GPIOIntEnable                       
0000731f  GPIOIntRegister                     
000076fd  GPIOIntStatus                       
00005845  GPIOIntTypeSet                      
00002b69  GPIOPadConfigSet                    
00006011  GPIOPinConfigure                    
000078af  GPIOPinRead                         
00007575  GPIOPinTypeADC                      
00007587  GPIOPinTypeEthernetLED              
00007599  GPIOPinTypeGPIOInput                
00007337  GPIOPinTypeGPIOOutput               
000075ab  GPIOPinTypePWM                      
000078b5  GPIOPinWrite                        
20004d06  GPIOstate1                          
20004d07  GPIOstate2                          
0000060d  GainSetting                         
000062dd  HeaderCrcACK                        
00006059  HeaderCrcESD                        
0000652f  HeaderCrcHWV                        
0000656d  HeaderCrcNACK                       
00005945  HeaderCrcReceive                    
000060a1  HeaderCrcSD                         
000065ab  HeaderCrcSWV                        
00005321  IntDisable                          
00005381  IntEnable                           
00005135  IntIsEnabled                        
00007817  IntMasterDisable                    
00007821  IntMasterEnable                     
00006901  IntRegister                         
00006935  InternalUSBRegisterTickHandler      
00006969  InternalUSBStartOfFrameTick         
00006b95  InternalUSBTickInit                 
20004d08  Intstate1                           
20004d09  Intstate2                           
00007499  PWMClockSet                         
0000700b  PWMGenConfigure                     
000077ad  PWMGenEnable                        
00007695  PWMGenPeriodSet                     
000075f3  PWMOutputState                      
0000712d  PWMPulseWidthSet                    
00005999  PayloadCrcESD                       
000065e9  PayloadCrcHWV                       
000070b3  PayloadCrcNACK                      
00005d19  PayloadCrcSD                        
0000561f  PayloadCrcSSM                       
00005a95  PayloadCrcSTB                       
00006627  PayloadCrcSWV                       
00001201  PinoutSet                           
00000201  PortLIntHandler                     
00004fed  ProcessDataFromHost                 
0000567b  ProcessDataToHost                   
00006acf  ProcessNotificationToHost           
000078bb  ResetISR                            
00002c99  RxHandlerCmd                        
20004cfc  SETSrounds                          
20004cfe  SETSsamples                         
UNDEFED   SHT$$INIT_ARRAY$$Base               
UNDEFED   SHT$$INIT_ARRAY$$Limit              
000060e9  SendESD                             
00006131  SendSD                              
00001871  SetChannelSettings                  
000031e5  SetPWMValue                         
000032dd  SetSamplingMode                     
00004ad5  SetTimeBase                         
00006297  SetTimeBaseSettings                 
00000f89  SetTriggerType_Mode                 
20002798  SizeSend                            
00001675  SysCtlClockFreqSet                  
000078c1  SysCtlDelay                         
0000699d  SysCtlPeripheralDisable             
000069d1  SysCtlPeripheralEnable              
00005b39  SysCtlPeripheralReset               
000074ad  SysCtlUSBPLLEnable                  
000028fd  Timer0IntHandler                    
00002a35  Timer1IntHandler                    
000053e1  Timer2IntHandler                    
00005441  Timer3IntHandler                    
000056d9  TimerConfigure                      
000057ed  TimerControlTrigger                 
000074c1  TimerDisable                        
0000770b  TimerEnable                         
000078f5  TimerIntClear                       
00007879  TimerIntEnable                      
0000734f  TimerIntRegister                    
00007605  TimerLoadSet                        
20004d0a  Timerstate1                         
20004d0b  Timerstate2                         
000074d5  TxHandlerEcho                       
00005ae7  ULPIConfigSet                       
00007369  USB0DeviceIntHandler                
000078c7  USBBufferDataAvailable              
000054a1  USBBufferEventCallback              
000078cd  USBBufferFlush                      
00007455  USBBufferInit                       
00006ecd  USBBufferRead                       
00006d09  USBBufferWrite                      
0000782b  USBClockEnable                      
00007835  USBControllerVersion                
00004021  USBDCDCCompositeInit                
000044eb  USBDCDCPacketRead                   
0000589b  USBDCDCPacketWrite                  
00006c81  USBDCDCRxPacketAvailable            
00007719  USBDCDCTxPacketAvailable            
00005b89  USBDCDConfigDescGet                 
00006db7  USBDCDConfigDescGetNum              
00007381  USBDCDConfigDescGetSize             
000071f9  USBDCDConfigGetInterface            
00006665  USBDCDConfigGetInterfaceEndpoint    
00006321  USBDCDDeviceInfoInit                
000023ed  USBDCDInit                          
000074e9  USBDCDRequestDataEP0                
000074fd  USBDCDSendDataEP0                   
00007215  USBDCDStallEP0                      
000039b9  USBDCompositeInit                   
0000783f  USBDMAChannelAddressSet             
00007617  USBDMAChannelConfigSet              
00007849  USBDMAChannelCountSet               
00007629  USBDMAChannelDisable                
0000763b  USBDMAChannelEnable                 
0000764d  USBDMAChannelIntDisable             
0000765f  USBDMAChannelIntEnable              
000078d3  USBDMAChannelIntStatus              
00007727  USBDMAChannelStatus                 
00006d35  USBDescGet                          
00006e09  USBDescGetNum                       
000078f9  USBDevAddrSet                       
00007853  USBDevConnect                       
0000785d  USBDevDisconnect                    
00004c49  USBDevEndpointConfigSet             
00006f15  USBDevEndpointDataAck               
00006b01  USBDevEndpointStall                 
00005e4b  USBDevEndpointStallClear            
000055c1  USBDevEndpointStatusClear           
000078d9  USBDevLPMConfig                     
00007735  USBDevLPMDisable                    
00007743  USBDevLPMEnable                     
00007881  USBDevMode                          
0000267d  USBDeviceConfig                     
00004699  USBDeviceConfigAlternate            
0000358d  USBDeviceEnumHandler                
00006365  USBDeviceEnumResetHandler           
000027bd  USBDeviceIntHandlerInternal         
00005bd9  USBDeviceResumeTickHandler          
0000729f  USBEndpointDMAChannel               
00005e97  USBEndpointDMAConfigSet             
00006f39  USBEndpointDMADisable               
00006f5d  USBEndpointDMAEnable                
00007231  USBEndpointDataAvail                
000063a9  USBEndpointDataGet                  
00006bf5  USBEndpointDataPut                  
00006caf  USBEndpointDataSend                 
000077dd  USBEndpointPacketCountSet           
000076a5  USBEndpointStatus                   
00007889  USBFIFOAddrGet                      
0000669f  USBFIFOConfigSet                    
00007511  USBHostResume                       
00006e31  USBIntEnableControl                 
00007525  USBIntEnableEndpoint                
00006785  USBIntStatusControl                 
00007867  USBIntStatusEndpoint                
000077e9  USBLPMIntEnable                     
000078df  USBLPMIntStatus                     
00002139  USBLibDMAInit                       
00007891  USBOTGMode                          
0000714b  USBRingBufAdvanceRead               
000068cb  USBRingBufAdvanceWrite              
0000724d  USBRingBufContigFree                
000076b5  USBRingBufContigUsed                
00007539  USBRingBufFlush                     
00007671  USBRingBufFree                      
000077f5  USBRingBufInit                      
000072b9  USBRingBufRead                      
000072d3  USBRingBufReadOne                   
0000746b  USBRingBufUsed                      
000072ed  USBRingBufWrite                     
00007683  USBRingBufWriteOne                  
00007751  USBULPIDisable                      
0000775f  USBULPIEnable                       
00007169  USBULPIRegRead                      
00007187  USBULPIRegWrite                     
00007481  _TIVA_ADC_Configuration             
00005791  _TIVA_ADC_PIN_Configuration         
00005c29  _TIVA_ADC_RTM_Sequence_Configuration
00005c79  _TIVA_ADC_Sequence_Configuration    
00003cc5  _TIVA_ADC_Timer_Configuration       
0000776d  _TIVA_GPIO_Configuration            
00005561  _TIVA_GPIO_Interrupt_Configuration  
00002535  _TIVA_GPIO_PIN_Configuration        
000064b1  _TIVA_Oscilloscope_Configuration    
00002fd9  _TIVA_PWM_Configuration             
00004161  _TIVA_Timer_Configuration           
0000483d  _TIVA_USB_Configuration             
20005120  __STACK_END                         
00000400  __STACK_SIZE                        
20004f20  __STACK_TOP                         
00008110  __TI_CINIT_Base                     
00008128  __TI_CINIT_Limit                    
000080f4  __TI_Handler_Table_Base             
00008100  __TI_Handler_Table_Limit            
0000505d  __TI_auto_init                      
200027f4  __TI_cleanup_ptr                    
0000777b  __TI_decompress_none                
000078e5  __TI_decompress_rle24               
200027f8  __TI_dtors_ptr                      
00000000  __TI_static_base__                  
00007801  __TI_zero_init                      
00004cc3  __aeabi_memclr                      
00004cc3  __aeabi_memclr4                     
00004cc3  __aeabi_memclr8                     
000041fd  __aeabi_memcpy                      
000041fd  __aeabi_memcpy4                     
000041fd  __aeabi_memcpy8                     
00004cc5  __aeabi_memset                      
00004cc5  __aeabi_memset4                     
00004cc5  __aeabi_memset8                     
ffffffff  __binit__                           
ffffffff  __c_args__                          
20004d20  __stack                             
000073c9  _args_main                          
00005cc9  _c_int00                            
200027ec  _lock                               
0000756f  _nop                                
00007567  _register_lock                      
00007561  _register_unlock                    
000078fd  _system_pre_init                    
200027f0  _unlock                             
000063f1  abort                               
20004d00  actualRounds                        
20002808  adc1                                
20003008  adc2                                
20004d0c  adcTimer1                           
20004d0d  adcTimer2                           
ffffffff  binit                               
20004d0e  channel1                            
20004d0f  channel2                            
000066d9  compare_crc                         
00005f31  copy_in                             
000048c5  crc16                               
00004b51  disableFunction                     
20004d10  edge1                               
20004d11  edge2                               
00001fa9  enableFunction                      
00003815  error_request                       
000063f9  exit                                
20003808  flags                               
200027d4  g_bUSBTimerInitialized              
200027e0  g_iUSBMode                          
00007de0  g_pCDCCompSerConfigDescriptors      
20004cf4  g_pcStatus                          
20000000  g_pfnRAMVectors                     
20004c3c  g_pfnTickHandlers                   
00000000  g_pfnVectors                        
00007ddc  g_ppCDCSerConfigDescriptors         
20004cf0  g_ppCompConfigDescriptors           
200044c8  g_ppcUSBTxBuffer                    
20004cec  g_ppsDevInfo                        
20004cac  g_ppucTxBufferWorkspace             
20004cc4  g_ppui8RxBufferWorkspace            
200046f0  g_ppui8USBRxBuffer                  
20002778  g_psCDCCompSerSections              
200026e8  g_psCDCDevice                       
2000276c  g_psCDCSerSections                  
20004cdc  g_psCompEntries                     
20004bac  g_psDCDInst                         
00007f30  g_psRxBuffer                        
00007f54  g_psTxBuffer                        
20004b28  g_pucDescriptorData                 
00007f78  g_pui8CDCSerCommInterface           
00007fd8  g_pui8CDCSerDataInterface           
2000275a  g_pui8CDCSerDescriptor              
20002748  g_pui8CDCSerDeviceDescriptor        
00007de4  g_pui8ConfigString                  
00007ee0  g_pui8ControlInterfaceString        
20002763  g_pui8IADSerDescriptor              
00007fef  g_pui8LangDescriptor                
00007f0c  g_pui8ManufacturerString            
00007f9b  g_pui8ProductString                 
00007ff3  g_pui8SerialNumberString            
00007fc0  g_pui8StringDescriptors             
20004c54  g_pvTickInstance                    
00007dd4  g_sCDCCompSerConfigHeader           
00007e50  g_sCDCHandlers                      
00007dbc  g_sCDCSerCommInterfaceSection       
00007dcc  g_sCDCSerConfigHeader               
00007dac  g_sCDCSerConfigSection              
00007dc4  g_sCDCSerDataInterfaceSection       
2000266c  g_sCompDevice                       
00007e80  g_sCompHandlers                     
00007db4  g_sIADSerConfigSection              
200027d8  g_ui32CurrentUSBTick                
20002794  g_ui32Flags                         
20002788  g_ui32SysClock                      
20002790  g_ui32UARTRxCount                   
2000278c  g_ui32UARTTxCount                   
200027dc  g_ui32USBSOFCount                   
200027e4  g_ui32WaitTicks                     
000059ed  go                                  
200027d0  good_crc                            
000030e1  main                                
20002804  main_func_sp                        
20004d12  markChannel1                        
20004d13  markChannel2                        
000041fd  memcpy                              
00004ccb  memset                              
20004cf8  pBufferSend                         
20004d14  packet1                             
20004d15  packet1ETS                          
20004d16  packet2                             
20004d17  packet2ETS                          
000061c1  process                             
0000146d  receive_package                     
20004d18  rounds1                             
20004d19  rounds2                             
20004d02  sampleCH1                           
20004d04  sampleCH2                           
20004d1a  sampleData1                         
20004d1b  sampleData2                         
20004d1c  sample_mode                         
00004bcd  setACK                              
00000955  setEDS1                             
00000c81  setEDS2                             
00003665  setHWV                              
00003d79  setNACK                             
000040c1  setSCS                              
00001c31  setSD1                              
00001ded  setSD2                              
00004725  setSSM                              
0000457d  setSTB                              
000047b1  setSTS                              
0000373d  setSWV                              
00004db5  sort_package                        
20003e68  struc                               
200027c8  text                                
200027d2  text_length                         
20004d1d  trigger1                            
20004d1e  trigger2                            
20004d1f  triggerChannel                      
00006209  uDMAChannelAttributeDisable         
00006f81  uDMAChannelControlSet               
000073e1  uDMAChannelDisable                  
000073f9  uDMAChannelEnable                   
00007411  uDMAChannelIsEnabled                
00006e81  uDMAChannelModeGet                  
00004a55  uDMAChannelTransferSet              
00005133  uDMA_Error_ISR                      
00003ed9  update_good_crc                     


GLOBAL SYMBOLS: SORTED BY Symbol Address 

address   name                                
-------   ----                                
00000000  __TI_static_base__                  
00000000  g_pfnVectors                        
00000201  PortLIntHandler                     
00000400  __STACK_SIZE                        
0000060d  GainSetting                         
00000955  setEDS1                             
00000c81  setEDS2                             
00000f89  SetTriggerType_Mode                 
00001201  PinoutSet                           
0000146d  receive_package                     
00001675  SysCtlClockFreqSet                  
00001871  SetChannelSettings                  
00001a59  BuildCompositeDescriptor            
00001c31  setSD1                              
00001ded  setSD2                              
00001fa9  enableFunction                      
00002139  USBLibDMAInit                       
000023ed  USBDCDInit                          
00002535  _TIVA_GPIO_PIN_Configuration        
0000267d  USBDeviceConfig                     
000027bd  USBDeviceIntHandlerInternal         
000028fd  Timer0IntHandler                    
00002a35  Timer1IntHandler                    
00002b69  GPIOPadConfigSet                    
00002c99  RxHandlerCmd                        
00002dbd  ADC1_SEQ3_ISR                       
00002ed1  ControlHandler                      
00002fd9  _TIVA_PWM_Configuration             
000030e1  main                                
000031e5  SetPWMValue                         
000032dd  SetSamplingMode                     
0000358d  USBDeviceEnumHandler                
00003665  setHWV                              
0000373d  setSWV                              
00003815  error_request                       
000039b9  USBDCompositeInit                   
00003a89  ETS_Packages                        
00003cc5  _TIVA_ADC_Timer_Configuration       
00003d79  setNACK                             
00003ed9  update_good_crc                     
00004021  USBDCDCCompositeInit                
000040c1  setSCS                              
00004161  _TIVA_Timer_Configuration           
000041fd  __aeabi_memcpy                      
000041fd  __aeabi_memcpy4                     
000041fd  __aeabi_memcpy8                     
000041fd  memcpy                              
000044eb  USBDCDCPacketRead                   
0000457d  setSTB                              
00004699  USBDeviceConfigAlternate            
00004725  setSSM                              
000047b1  setSTS                              
0000483d  _TIVA_USB_Configuration             
000048c5  crc16                               
000049d3  ADCSequenceStepConfigure            
00004a55  uDMAChannelTransferSet              
00004ad5  SetTimeBase                         
00004b51  disableFunction                     
00004bcd  setACK                              
00004c49  USBDevEndpointConfigSet             
00004cc3  __aeabi_memclr                      
00004cc3  __aeabi_memclr4                     
00004cc3  __aeabi_memclr8                     
00004cc5  __aeabi_memset                      
00004cc5  __aeabi_memset4                     
00004cc5  __aeabi_memset8                     
00004ccb  memset                              
00004db5  sort_package                        
00004fed  ProcessDataFromHost                 
0000505d  __TI_auto_init                      
00005133  uDMA_Error_ISR                      
00005135  IntIsEnabled                        
00005321  IntDisable                          
00005381  IntEnable                           
000053e1  Timer2IntHandler                    
00005441  Timer3IntHandler                    
000054a1  USBBufferEventCallback              
00005561  _TIVA_GPIO_Interrupt_Configuration  
000055c1  USBDevEndpointStatusClear           
0000561f  PayloadCrcSSM                       
0000567b  ProcessDataToHost                   
000056d9  TimerConfigure                      
00005791  _TIVA_ADC_PIN_Configuration         
000057ed  TimerControlTrigger                 
00005845  GPIOIntTypeSet                      
0000589b  USBDCDCPacketWrite                  
00005945  HeaderCrcReceive                    
00005999  PayloadCrcESD                       
000059ed  go                                  
00005a95  PayloadCrcSTB                       
00005ae7  ULPIConfigSet                       
00005b39  SysCtlPeripheralReset               
00005b89  USBDCDConfigDescGet                 
00005bd9  USBDeviceResumeTickHandler          
00005c29  _TIVA_ADC_RTM_Sequence_Configuration
00005c79  _TIVA_ADC_Sequence_Configuration    
00005cc9  _c_int00                            
00005d19  PayloadCrcSD                        
00005e4b  USBDevEndpointStallClear            
00005e97  USBEndpointDMAConfigSet             
00005f31  copy_in                             
00006011  GPIOPinConfigure                    
00006059  HeaderCrcESD                        
000060a1  HeaderCrcSD                         
000060e9  SendESD                             
00006131  SendSD                              
000061c1  process                             
00006209  uDMAChannelAttributeDisable         
00006297  SetTimeBaseSettings                 
000062dd  HeaderCrcACK                        
00006321  USBDCDDeviceInfoInit                
00006365  USBDeviceEnumResetHandler           
000063a9  USBEndpointDataGet                  
000063ed  C$$EXIT                             
000063f1  abort                               
000063f9  exit                                
000064b1  _TIVA_Oscilloscope_Configuration    
000064f1  ADCSequenceConfigure                
0000652f  HeaderCrcHWV                        
0000656d  HeaderCrcNACK                       
000065ab  HeaderCrcSWV                        
000065e9  PayloadCrcHWV                       
00006627  PayloadCrcSWV                       
00006665  USBDCDConfigGetInterfaceEndpoint    
0000669f  USBFIFOConfigSet                    
000066d9  compare_crc                         
00006785  USBIntStatusControl                 
000068cb  USBRingBufAdvanceWrite              
00006901  IntRegister                         
00006935  InternalUSBRegisterTickHandler      
00006969  InternalUSBStartOfFrameTick         
0000699d  SysCtlPeripheralDisable             
000069d1  SysCtlPeripheralEnable              
00006acf  ProcessNotificationToHost           
00006b01  USBDevEndpointStall                 
00006b95  InternalUSBTickInit                 
00006bf5  USBEndpointDataPut                  
00006c81  USBDCDCRxPacketAvailable            
00006caf  USBEndpointDataSend                 
00006d09  USBBufferWrite                      
00006d35  USBDescGet                          
00006d8d  GPIODirModeSet                      
00006db7  USBDCDConfigDescGetNum              
00006e09  USBDescGetNum                       
00006e31  USBIntEnableControl                 
00006e81  uDMAChannelModeGet                  
00006ecd  USBBufferRead                       
00006f15  USBDevEndpointDataAck               
00006f39  USBEndpointDMADisable               
00006f5d  USBEndpointDMAEnable                
00006f81  uDMAChannelControlSet               
0000700b  PWMGenConfigure                     
000070b3  PayloadCrcNACK                      
000070d3  ADCSequenceDataGet                  
0000712d  PWMPulseWidthSet                    
0000714b  USBRingBufAdvanceRead               
00007169  USBULPIRegRead                      
00007187  USBULPIRegWrite                     
000071f9  USBDCDConfigGetInterface            
00007215  USBDCDStallEP0                      
00007231  USBEndpointDataAvail                
0000724d  USBRingBufContigFree                
0000729f  USBEndpointDMAChannel               
000072b9  USBRingBufRead                      
000072d3  USBRingBufReadOne                   
000072ed  USBRingBufWrite                     
00007307  ADCClockConfigSet                   
0000731f  GPIOIntRegister                     
00007337  GPIOPinTypeGPIOOutput               
0000734f  TimerIntRegister                    
00007369  USB0DeviceIntHandler                
00007381  USBDCDConfigDescGetSize             
000073c9  _args_main                          
000073e1  uDMAChannelDisable                  
000073f9  uDMAChannelEnable                   
00007411  uDMAChannelIsEnabled                
00007455  USBBufferInit                       
0000746b  USBRingBufUsed                      
00007481  _TIVA_ADC_Configuration             
00007499  PWMClockSet                         
000074ad  SysCtlUSBPLLEnable                  
000074c1  TimerDisable                        
000074d5  TxHandlerEcho                       
000074e9  USBDCDRequestDataEP0                
000074fd  USBDCDSendDataEP0                   
00007511  USBHostResume                       
00007525  USBIntEnableEndpoint                
00007539  USBRingBufFlush                     
00007561  _register_unlock                    
00007567  _register_lock                      
0000756f  _nop                                
00007575  GPIOPinTypeADC                      
00007587  GPIOPinTypeEthernetLED              
00007599  GPIOPinTypeGPIOInput                
000075ab  GPIOPinTypePWM                      
000075f3  PWMOutputState                      
00007605  TimerLoadSet                        
00007617  USBDMAChannelConfigSet              
00007629  USBDMAChannelDisable                
0000763b  USBDMAChannelEnable                 
0000764d  USBDMAChannelIntDisable             
0000765f  USBDMAChannelIntEnable              
00007671  USBRingBufFree                      
00007683  USBRingBufWriteOne                  
00007695  PWMGenPeriodSet                     
000076a5  USBEndpointStatus                   
000076b5  USBRingBufContigUsed                
000076c5  ADCSequenceDisable                  
000076d3  ADCSequenceEnable                   
000076ef  GPIOIntDisable                      
000076fd  GPIOIntStatus                       
0000770b  TimerEnable                         
00007719  USBDCDCTxPacketAvailable            
00007727  USBDMAChannelStatus                 
00007735  USBDevLPMDisable                    
00007743  USBDevLPMEnable                     
00007751  USBULPIDisable                      
0000775f  USBULPIEnable                       
0000776d  _TIVA_GPIO_Configuration            
0000777b  __TI_decompress_none                
00007789  CPUcpsid                            
00007795  CPUcpsie                            
000077a1  GPIOIntEnable                       
000077ad  PWMGenEnable                        
000077dd  USBEndpointPacketCountSet           
000077e9  USBLPMIntEnable                     
000077f5  USBRingBufInit                      
00007801  __TI_zero_init                      
0000780d  ADCIntDisableEx                     
00007817  IntMasterDisable                    
00007821  IntMasterEnable                     
0000782b  USBClockEnable                      
00007835  USBControllerVersion                
0000783f  USBDMAChannelAddressSet             
00007849  USBDMAChannelCountSet               
00007853  USBDevConnect                       
0000785d  USBDevDisconnect                    
00007867  USBIntStatusEndpoint                
00007871  ADCIntClearEx                       
00007879  TimerIntEnable                      
00007881  USBDevMode                          
00007889  USBFIFOAddrGet                      
00007891  USBOTGMode                          
000078a9  GPIOIntClear                        
000078af  GPIOPinRead                         
000078b5  GPIOPinWrite                        
000078bb  ResetISR                            
000078c1  SysCtlDelay                         
000078c7  USBBufferDataAvailable              
000078cd  USBBufferFlush                      
000078d3  USBDMAChannelIntStatus              
000078d9  USBDevLPMConfig                     
000078df  USBLPMIntStatus                     
000078e5  __TI_decompress_rle24               
000078f5  TimerIntClear                       
000078f9  USBDevAddrSet                       
000078fd  _system_pre_init                    
00007dac  g_sCDCSerConfigSection              
00007db4  g_sIADSerConfigSection              
00007dbc  g_sCDCSerCommInterfaceSection       
00007dc4  g_sCDCSerDataInterfaceSection       
00007dcc  g_sCDCSerConfigHeader               
00007dd4  g_sCDCCompSerConfigHeader           
00007ddc  g_ppCDCSerConfigDescriptors         
00007de0  g_pCDCCompSerConfigDescriptors      
00007de4  g_pui8ConfigString                  
00007e50  g_sCDCHandlers                      
00007e80  g_sCompHandlers                     
00007ee0  g_pui8ControlInterfaceString        
00007f0c  g_pui8ManufacturerString            
00007f30  g_psRxBuffer                        
00007f54  g_psTxBuffer                        
00007f78  g_pui8CDCSerCommInterface           
00007f9b  g_pui8ProductString                 
00007fc0  g_pui8StringDescriptors             
00007fd8  g_pui8CDCSerDataInterface           
00007fef  g_pui8LangDescriptor                
00007ff3  g_pui8SerialNumberString            
000080f4  __TI_Handler_Table_Base             
00008100  __TI_Handler_Table_Limit            
00008110  __TI_CINIT_Base                     
00008128  __TI_CINIT_Limit                    
20000000  g_pfnRAMVectors                     
2000266c  g_sCompDevice                       
200026e8  g_psCDCDevice                       
20002748  g_pui8CDCSerDeviceDescriptor        
2000275a  g_pui8CDCSerDescriptor              
20002763  g_pui8IADSerDescriptor              
2000276c  g_psCDCSerSections                  
20002778  g_psCDCCompSerSections              
20002788  g_ui32SysClock                      
2000278c  g_ui32UARTTxCount                   
20002790  g_ui32UARTRxCount                   
20002794  g_ui32Flags                         
20002798  SizeSend                            
200027c8  text                                
200027d0  good_crc                            
200027d2  text_length                         
200027d4  g_bUSBTimerInitialized              
200027d8  g_ui32CurrentUSBTick                
200027dc  g_ui32USBSOFCount                   
200027e0  g_iUSBMode                          
200027e4  g_ui32WaitTicks                     
200027ec  _lock                               
200027f0  _unlock                             
200027f4  __TI_cleanup_ptr                    
200027f8  __TI_dtors_ptr                      
20002804  main_func_sp                        
20002808  adc1                                
20003008  adc2                                
20003808  flags                               
20003e68  struc                               
200044c8  g_ppcUSBTxBuffer                    
200046f0  g_ppui8USBRxBuffer                  
20004b28  g_pucDescriptorData                 
20004bac  g_psDCDInst                         
20004c3c  g_pfnTickHandlers                   
20004c54  g_pvTickInstance                    
20004c6c  ADC2Value                           
20004c8c  ADC3Value                           
20004cac  g_ppucTxBufferWorkspace             
20004cc4  g_ppui8RxBufferWorkspace            
20004cdc  g_psCompEntries                     
20004cec  g_ppsDevInfo                        
20004cf0  g_ppCompConfigDescriptors           
20004cf4  g_pcStatus                          
20004cf8  pBufferSend                         
20004cfc  SETSrounds                          
20004cfe  SETSsamples                         
20004d00  actualRounds                        
20004d02  sampleCH1                           
20004d04  sampleCH2                           
20004d06  GPIOstate1                          
20004d07  GPIOstate2                          
20004d08  Intstate1                           
20004d09  Intstate2                           
20004d0a  Timerstate1                         
20004d0b  Timerstate2                         
20004d0c  adcTimer1                           
20004d0d  adcTimer2                           
20004d0e  channel1                            
20004d0f  channel2                            
20004d10  edge1                               
20004d11  edge2                               
20004d12  markChannel1                        
20004d13  markChannel2                        
20004d14  packet1                             
20004d15  packet1ETS                          
20004d16  packet2                             
20004d17  packet2ETS                          
20004d18  rounds1                             
20004d19  rounds2                             
20004d1a  sampleData1                         
20004d1b  sampleData2                         
20004d1c  sample_mode                         
20004d1d  trigger1                            
20004d1e  trigger2                            
20004d1f  triggerChannel                      
20004d20  __stack                             
20004f20  __STACK_TOP                         
20005120  __STACK_END                         
ffffffff  __binit__                           
ffffffff  __c_args__                          
ffffffff  binit                               
UNDEFED   SHT$$INIT_ARRAY$$Base               
UNDEFED   SHT$$INIT_ARRAY$$Limit              

[366 symbols]
