Archive member included to satisfy reference by file (symbol)

/home/gaz/bin/gcc-arm-none-eabi-5_4-2016q2/bin/../lib/gcc/arm-none-eabi/5.4.1/armv7-m/libgcc.a(_arm_addsubdf3.o)
                              ./Libraries/U_ISource/src/pwm_driver_lpc1343.o (__aeabi_dsub)
/home/gaz/bin/gcc-arm-none-eabi-5_4-2016q2/bin/../lib/gcc/arm-none-eabi/5.4.1/armv7-m/libgcc.a(_arm_muldivdf3.o)
                              ./Libraries/U_ISource/src/pwm_driver_lpc1343.o (__aeabi_dmul)
/home/gaz/bin/gcc-arm-none-eabi-5_4-2016q2/bin/../lib/gcc/arm-none-eabi/5.4.1/armv7-m/libgcc.a(_arm_cmpdf2.o)
                              ./Libraries/U_ISource/src/u_i_source_functions.o (__aeabi_dcmplt)
/home/gaz/bin/gcc-arm-none-eabi-5_4-2016q2/bin/../lib/gcc/arm-none-eabi/5.4.1/armv7-m/libgcc.a(_arm_fixdfsi.o)
                              ./Libraries/U_ISource/src/u_i_source_functions.o (__aeabi_d2iz)
/home/gaz/bin/gcc-arm-none-eabi-5_4-2016q2/bin/../lib/gcc/arm-none-eabi/5.4.1/armv7-m/libgcc.a(_arm_fixunsdfsi.o)
                              ./Libraries/U_ISource/src/pwm_driver_lpc1343.o (__aeabi_d2uiz)
/home/gaz/bin/gcc-arm-none-eabi-5_4-2016q2/bin/../lib/gcc/arm-none-eabi/5.4.1/armv7-m/libgcc.a(_arm_truncdfsf2.o)
                              ./Libraries/U_ISource/src/u_i_source_functions.o (__aeabi_d2f)
/home/gaz/bin/gcc-arm-none-eabi-5_4-2016q2/bin/../lib/gcc/arm-none-eabi/5.4.1/armv7-m/libgcc.a(_arm_addsubsf3.o)
                              ./Libraries/U_ISource/src/pwm_driver_lpc1343.o (__aeabi_ui2f)
/home/gaz/bin/gcc-arm-none-eabi-5_4-2016q2/bin/../lib/gcc/arm-none-eabi/5.4.1/armv7-m/libgcc.a(_arm_muldivsf3.o)
                              ./Libraries/U_ISource/src/pwm_driver_lpc1343.o (__aeabi_fmul)
/home/gaz/bin/gcc-arm-none-eabi-5_4-2016q2/bin/../lib/gcc/arm-none-eabi/5.4.1/armv7-m/libgcc.a(_arm_fixunssfsi.o)
                              ./Libraries/U_ISource/src/pwm_driver_lpc1343.o (__aeabi_f2uiz)
/home/gaz/bin/gcc-arm-none-eabi-5_4-2016q2/bin/../lib/gcc/arm-none-eabi/5.4.1/../../../../arm-none-eabi/lib/armv7-m/libg.a(lib_a-exit.o)
                              /home/gaz/bin/gcc-arm-none-eabi-5_4-2016q2/bin/../lib/gcc/arm-none-eabi/5.4.1/../../../../arm-none-eabi/lib/armv7-m/rdimon-crt0.o (exit)
/home/gaz/bin/gcc-arm-none-eabi-5_4-2016q2/bin/../lib/gcc/arm-none-eabi/5.4.1/../../../../arm-none-eabi/lib/armv7-m/libg.a(lib_a-impure.o)
                              /home/gaz/bin/gcc-arm-none-eabi-5_4-2016q2/bin/../lib/gcc/arm-none-eabi/5.4.1/../../../../arm-none-eabi/lib/armv7-m/libg.a(lib_a-exit.o) (_global_impure_ptr)
/home/gaz/bin/gcc-arm-none-eabi-5_4-2016q2/bin/../lib/gcc/arm-none-eabi/5.4.1/../../../../arm-none-eabi/lib/armv7-m/libg.a(lib_a-init.o)
                              /home/gaz/bin/gcc-arm-none-eabi-5_4-2016q2/bin/../lib/gcc/arm-none-eabi/5.4.1/../../../../arm-none-eabi/lib/armv7-m/rdimon-crt0.o (__libc_init_array)
/home/gaz/bin/gcc-arm-none-eabi-5_4-2016q2/bin/../lib/gcc/arm-none-eabi/5.4.1/../../../../arm-none-eabi/lib/armv7-m/libg.a(lib_a-memset.o)
                              /home/gaz/bin/gcc-arm-none-eabi-5_4-2016q2/bin/../lib/gcc/arm-none-eabi/5.4.1/../../../../arm-none-eabi/lib/armv7-m/rdimon-crt0.o (memset)
/home/gaz/bin/gcc-arm-none-eabi-5_4-2016q2/bin/../lib/gcc/arm-none-eabi/5.4.1/../../../../arm-none-eabi/lib/armv7-m/libg.a(lib_a-__call_atexit.o)
                              /home/gaz/bin/gcc-arm-none-eabi-5_4-2016q2/bin/../lib/gcc/arm-none-eabi/5.4.1/../../../../arm-none-eabi/lib/armv7-m/libg.a(lib_a-exit.o) (__call_exitprocs)
/home/gaz/bin/gcc-arm-none-eabi-5_4-2016q2/bin/../lib/gcc/arm-none-eabi/5.4.1/../../../../arm-none-eabi/lib/armv7-m/libg.a(lib_a-atexit.o)
                              /home/gaz/bin/gcc-arm-none-eabi-5_4-2016q2/bin/../lib/gcc/arm-none-eabi/5.4.1/../../../../arm-none-eabi/lib/armv7-m/libg.a(lib_a-__call_atexit.o) (atexit)
/home/gaz/bin/gcc-arm-none-eabi-5_4-2016q2/bin/../lib/gcc/arm-none-eabi/5.4.1/../../../../arm-none-eabi/lib/armv7-m/libg.a(lib_a-fini.o)
                              /home/gaz/bin/gcc-arm-none-eabi-5_4-2016q2/bin/../lib/gcc/arm-none-eabi/5.4.1/../../../../arm-none-eabi/lib/armv7-m/libg.a(lib_a-__call_atexit.o) (__libc_fini_array)
/home/gaz/bin/gcc-arm-none-eabi-5_4-2016q2/bin/../lib/gcc/arm-none-eabi/5.4.1/../../../../arm-none-eabi/lib/armv7-m/libg.a(lib_a-__atexit.o)
                              /home/gaz/bin/gcc-arm-none-eabi-5_4-2016q2/bin/../lib/gcc/arm-none-eabi/5.4.1/../../../../arm-none-eabi/lib/armv7-m/libg.a(lib_a-atexit.o) (__register_exitproc)
/home/gaz/bin/gcc-arm-none-eabi-5_4-2016q2/bin/../lib/gcc/arm-none-eabi/5.4.1/../../../../arm-none-eabi/lib/armv7-m/librdimon.a(rdimon-syscalls.o)
                              /home/gaz/bin/gcc-arm-none-eabi-5_4-2016q2/bin/../lib/gcc/arm-none-eabi/5.4.1/../../../../arm-none-eabi/lib/armv7-m/rdimon-crt0.o (initialise_monitor_handles)
/home/gaz/bin/gcc-arm-none-eabi-5_4-2016q2/bin/../lib/gcc/arm-none-eabi/5.4.1/../../../../arm-none-eabi/lib/armv7-m/librdimon.a(rdimon-_exit.o)
[...]
Memory Configuration

Name             Origin             Length             Attributes
MFlash32         0x00000000         0x00008000         xr
RamLoc8          0x10000000         0x00002000         xrw
*default*        0x00000000         0xffffffff

Linker script and memory map

LOAD /home/gaz/bin/gcc-arm-none-eabi-5_4-2016q2/bin/../lib/gcc/arm-none-eabi/5.4.1/armv7-m/crti.o
LOAD /home/gaz/bin/gcc-arm-none-eabi-5_4-2016q2/bin/../lib/gcc/arm-none-eabi/5.4.1/armv7-m/crtbegin.o
LOAD /home/gaz/bin/gcc-arm-none-eabi-5_4-2016q2/bin/../lib/gcc/arm-none-eabi/5.4.1/../../../../arm-none-eabi/lib/armv7-m/rdimon-crt0.o
LOAD ./Libraries/U_ISource/src/adc_driver_lpc1343.o
LOAD ./Libraries/U_ISource/src/gpio_driver_lpc1343.o
LOAD ./Libraries/U_ISource/src/pwm_driver_lpc1343.o
LOAD ./Libraries/U_ISource/src/timer_dirver_lpc1343.o
LOAD ./Libraries/U_ISource/src/u_i_source_functions.o
LOAD ./Libraries/USB/src/hid_desc.o
LOAD ./Libraries/USB/src/usbcfg.o
LOAD ./Libraries/SYS/src/cr_startup_lpc13.o
LOAD ./Libraries/SYS/src/system_LPC13xx.o
LOAD ./main.o
START GROUP
LOAD /home/gaz/bin/gcc-arm-none-eabi-5_4-2016q2/bin/../lib/gcc/arm-none-eabi/5.4.1/armv7-m/libgcc.a
LOAD /home/gaz/bin/gcc-arm-none-eabi-5_4-2016q2/bin/../lib/gcc/arm-none-eabi/5.4.1/../../../../arm-none-eabi/lib/armv7-m/libg.a
LOAD /home/gaz/bin/gcc-arm-none-eabi-5_4-2016q2/bin/../lib/gcc/arm-none-eabi/5.4.1/../../../../arm-none-eabi/lib/armv7-m/libc.a
END GROUP
START GROUP
LOAD /home/gaz/bin/gcc-arm-none-eabi-5_4-2016q2/bin/../lib/gcc/arm-none-eabi/5.4.1/armv7-m/libgcc.a
LOAD /home/gaz/bin/gcc-arm-none-eabi-5_4-2016q2/bin/../lib/gcc/arm-none-eabi/5.4.1/../../../../arm-none-eabi/lib/armv7-m/libc.a
LOAD /home/gaz/bin/gcc-arm-none-eabi-5_4-2016q2/bin/../lib/gcc/arm-none-eabi/5.4.1/../../../../arm-none-eabi/lib/armv7-m/librdimon.a
END GROUP
LOAD /home/gaz/bin/gcc-arm-none-eabi-5_4-2016q2/bin/../lib/gcc/arm-none-eabi/5.4.1/armv7-m/crtend.o
LOAD /home/gaz/bin/gcc-arm-none-eabi-5_4-2016q2/bin/../lib/gcc/arm-none-eabi/5.4.1/armv7-m/crtn.o
                0x00008000                __top_MFlash32 = 0x8000
                0x10002000                __top_RamLoc8 = 0x10002000

.text           0x00000000     0x2c4d
 *(.isr_vector)
 .isr_vector    0x00000000      0x124 ./Libraries/SYS/src/cr_startup_lpc13.o
                0x00000000                g_pfnVectors
 *(.text*)
 .text.initADC_HW_mode
                0x00000124      0x2ac ./Libraries/U_ISource/src/adc_driver_lpc1343.o
                0x00000124                initADC_HW_mode
 .text.ADC_poweron
                0x000003d0       0x30 ./Libraries/U_ISource/src/adc_driver_lpc1343.o
                0x000003d0                ADC_poweron
 .text.ADCread  0x00000400      0x12c ./Libraries/U_ISource/src/adc_driver_lpc1343.o
                0x00000400                ADCread
 .text.GPIO_SetDirection
                0x0000052c       0x60 ./Libraries/U_ISource/src/gpio_driver_lpc1343.o
                0x0000052c                GPIO_SetDirection
 .text.GPIO_clockEnable
                0x0000058c       0x20 ./Libraries/U_ISource/src/gpio_driver_lpc1343.o
                0x0000058c                GPIO_clockEnable
 .text.GPIO_ON  0x000005ac       0x34 ./Libraries/U_ISource/src/gpio_driver_lpc1343.o
                0x000005ac                GPIO_ON
 .text.GPIO_OFF
                0x000005e0       0x38 ./Libraries/U_ISource/src/gpio_driver_lpc1343.o
                0x000005e0                GPIO_OFF
 .text.initPWM16_0
                0x00000618      0x14c ./Libraries/U_ISource/src/pwm_driver_lpc1343.o
                0x00000618                initPWM16_0
 .text.startPWM16_0
                0x00000764       0x1c ./Libraries/U_ISource/src/pwm_driver_lpc1343.o
                0x00000764                startPWM16_0
 .text.newDutyCyclePWM16_0
                0x00000780      0x148 ./Libraries/U_ISource/src/pwm_driver_lpc1343.o
                0x00000780                newDutyCyclePWM16_0
 .text.NVIC_EnableIRQ
                0x000008c8       0x30 ./Libraries/U_ISource/src/timer_dirver_lpc1343.o
 .text.initTimer32_0
                0x000008f8       0x60 ./Libraries/U_ISource/src/timer_dirver_lpc1343.o
                0x000008f8                initTimer32_0
 .text.startTimer32_0
                0x00000958       0x1c ./Libraries/U_ISource/src/timer_dirver_lpc1343.o
                0x00000958                startTimer32_0
 .text.setTimerIntervall32_0
                0x00000974       0x28 ./Libraries/U_ISource/src/timer_dirver_lpc1343.o
                0x00000974                setTimerIntervall32_0
 .text.TIMER32_0_IRQHandler
                0x0000099c       0x24 ./Libraries/U_ISource/src/timer_dirver_lpc1343.o
                0x0000099c                TIMER32_0_IRQHandler
 .text.init_U_I_Source
                0x000009c0       0x9c ./Libraries/U_ISource/src/u_i_source_functions.o
                0x000009c0                init_U_I_Source
 .text.startPWMADCTimer
                0x00000a5c       0x14 ./Libraries/U_ISource/src/u_i_source_functions.o
                0x00000a5c                startPWMADCTimer
 .text.delay_   0x00000a70       0x28 ./Libraries/U_ISource/src/u_i_source_functions.o
                0x00000a70                delay_
 .text.getCurrentValue
                0x00000a98       0x94 ./Libraries/U_ISource/src/u_i_source_functions.o
                0x00000a98                getCurrentValue
 *fill*         0x00000b2c        0x4 
 .text.controlU_I
                0x00000b30      0x3e0 ./Libraries/U_ISource/src/u_i_source_functions.o
                0x00000b30                controlU_I
 .text.voltageCorrection
                0x00000f10      0x130 ./Libraries/U_ISource/src/u_i_source_functions.o
                0x00000f10                voltageCorrection
 .text.sendUSB  0x00001040       0x20 ./Libraries/U_ISource/src/u_i_source_functions.o
                0x00001040                sendUSB
 .text.getInputMessage
                0x00001060      0x140 ./Libraries/U_ISource/src/u_i_source_functions.o
                0x00001060                getInputMessage
 .text.sampleL1orDiode
                0x000011a0       0xbc ./Libraries/U_ISource/src/u_i_source_functions.o
                0x000011a0                sampleL1orDiode
 .text.NVIC_EnableIRQ
                0x0000125c       0x30 ./Libraries/USB/src/usbcfg.o
 .text.usbclkcfgIO
                0x0000128c       0xe4 ./Libraries/USB/src/usbcfg.o
                0x0000128c                usbclkcfgIO
 .text.usbhidint
                0x00001370       0x64 ./Libraries/USB/src/usbcfg.o
                0x00001370                usbhidint
 .text.writeSIEData
                0x000013d4       0x4c ./Libraries/USB/src/usbcfg.o
                0x000013d4                writeSIEData
 .text.readSIEData
                0x00001420       0x68 ./Libraries/USB/src/usbcfg.o
                0x00001420                readSIEData
 .text.readUSBDataEP
                0x00001488       0x98 ./Libraries/USB/src/usbcfg.o
                0x00001488                readUSBDataEP
 .text.writeUSBDataEP
                0x00001520       0xcc ./Libraries/USB/src/usbcfg.o
                0x00001520                writeUSBDataEP
 .text.delay    0x000015ec       0x2c ./Libraries/USB/src/usbcfg.o
                0x000015ec                delay
 .text.cleanBuffer
                0x00001618       0x24 ./Libraries/USB/src/usbcfg.o
                0x00001618                cleanBuffer
 .text.setupUSBHID
                0x0000163c      0x23c ./Libraries/USB/src/usbcfg.o
                0x0000163c                setupUSBHID
 .text.readInterruptHID
                0x00001878       0xb4 ./Libraries/USB/src/usbcfg.o
                0x00001878                readInterruptHID
 .text.writeInterruptHID
                0x0000192c       0x20 ./Libraries/USB/src/usbcfg.o
                0x0000192c                writeInterruptHID
 .text.cleanInterruptEP
                0x0000194c       0x20 ./Libraries/USB/src/usbcfg.o
                0x0000194c                cleanInterruptEP
 .text.USB_IRQHandler
                0x0000196c       0xc4 ./Libraries/USB/src/usbcfg.o
                0x0000196c                USB_IRQHandler
 .text.Reset_Handler
                0x00001a30       0x64 ./Libraries/SYS/src/cr_startup_lpc13.o
                0x00001a30                Reset_Handler
                0x00001a30                ResetISR
 .text.NMI_Handler
                0x00001a94        0x8 ./Libraries/SYS/src/cr_startup_lpc13.o
                0x00001a94                NMI_Handler
 .text.HardFault_Handler
                0x00001a9c        0x8 ./Libraries/SYS/src/cr_startup_lpc13.o
                0x00001a9c                HardFault_Handler
 .text.MemManage_Handler
                0x00001aa4        0x8 ./Libraries/SYS/src/cr_startup_lpc13.o
                0x00001aa4                MemManage_Handler
 .text.BusFault_Handler
                0x00001aac        0x8 ./Libraries/SYS/src/cr_startup_lpc13.o
                0x00001aac                BusFault_Handler
 .text.UsageFault_Handler
                0x00001ab4        0x8 ./Libraries/SYS/src/cr_startup_lpc13.o
                0x00001ab4                UsageFault_Handler
 .text.SVCall_Handler
                0x00001abc        0x8 ./Libraries/SYS/src/cr_startup_lpc13.o
                0x00001abc                SVCall_Handler
 .text.DebugMon_Handler
                0x00001ac4        0x8 ./Libraries/SYS/src/cr_startup_lpc13.o
                0x00001ac4                DebugMon_Handler
 .text.PendSV_Handler
                0x00001acc        0x8 ./Libraries/SYS/src/cr_startup_lpc13.o
                0x00001acc                PendSV_Handler
 .text.SysTick_Handler
                0x00001ad4        0x8 ./Libraries/SYS/src/cr_startup_lpc13.o
                0x00001ad4                SysTick_Handler
 .text.IntDefaultHandler
                0x00001adc        0x8 ./Libraries/SYS/src/cr_startup_lpc13.o
                0x00001adc                TIMER16_0_IRQHandler
                0x00001adc                UART_IRQHandler
                0x00001adc                TIMER32_1_IRQHandler
                0x00001adc                PIOINT1_IRQHandler
                0x00001adc                SSP_IRQHandler
                0x00001adc                TIMER16_1_IRQHandler
                0x00001adc                USB_FIQHandler
                0x00001adc                ADC_IRQHandler
                0x00001adc                PIOINT2_IRQHandler
                0x00001adc                BOD_IRQHandler
                0x00001adc                WAKEUP_IRQHandler
                0x00001adc                PIOINT0_IRQHandler
                0x00001adc                I2C_IRQHandler
                0x00001adc                WDT_IRQHandler
                0x00001adc                PIOINT3_IRQHandler
                0x00001adc                FMC_IRQHandler
 .text.SystemInit
                0x00001ae4      0x124 ./Libraries/SYS/src/system_LPC13xx.o
                0x00001ae4                SystemInit
 .text.main     0x00001c08       0x10 ./main.o
                0x00001c08                main
 .text          0x00001c18      0x370 /home/gaz/bin/gcc-arm-none-eabi-5_4-2016q2/bin/../lib/gcc/arm-none-eabi/5.4.1/armv7-m/libgcc.a(_arm_addsubdf3.o)
                0x00001c18                __aeabi_drsub
                0x00001c20                __aeabi_dsub
                0x00001c20                __subdf3
                0x00001c24                __adddf3
                0x00001c24                __aeabi_dadd
                0x00001e9c                __aeabi_ui2d
                0x00001e9c                __floatunsidf
                0x00001ebc                __floatsidf
                0x00001ebc                __aeabi_i2d
                0x00001ee0                __extendsfdf2
                0x00001ee0                __aeabi_f2d
                0x00001f1c                __aeabi_ul2d
                0x00001f1c                __floatundidf
                0x00001f2c                __floatdidf
                0x00001f2c                __aeabi_l2d
 .text          0x00001f88      0x424 /home/gaz/bin/gcc-arm-none-eabi-5_4-2016q2/bin/../lib/gcc/arm-none-eabi/5.4.1/armv7-m/libgcc.a(_arm_muldivdf3.o)
                0x00001f88                __aeabi_dmul
                0x00001f88                __muldf3
                0x000021dc                __aeabi_ddiv
                0x000021dc                __divdf3
 .text          0x000023ac      0x110 /home/gaz/bin/gcc-arm-none-eabi-5_4-2016q2/bin/../lib/gcc/arm-none-eabi/5.4.1/armv7-m/libgcc.a(_arm_cmpdf2.o)
                0x000023ac                __gtdf2
                0x000023ac                __gedf2
                0x000023b4                __ltdf2
                0x000023b4                __ledf2
                0x000023bc                __cmpdf2
                0x000023bc                __eqdf2
                0x000023bc                __nedf2
                0x00002438                __aeabi_cdrcmple
                0x00002448                __aeabi_cdcmple
                0x00002448                __aeabi_cdcmpeq
                0x00002458                __aeabi_dcmpeq
                0x0000246c                __aeabi_dcmplt
                0x00002480                __aeabi_dcmple
                0x00002494                __aeabi_dcmpge
                0x000024a8                __aeabi_dcmpgt
 .text          0x000024bc       0x50 /home/gaz/bin/gcc-arm-none-eabi-5_4-2016q2/bin/../lib/gcc/arm-none-eabi/5.4.1/armv7-m/libgcc.a(_arm_fixdfsi.o)
                0x000024bc                __fixdfsi
                0x000024bc                __aeabi_d2iz
 .text          0x0000250c       0x40 /home/gaz/bin/gcc-arm-none-eabi-5_4-2016q2/bin/../lib/gcc/arm-none-eabi/5.4.1/armv7-m/libgcc.a(_arm_fixunsdfsi.o)
                0x0000250c                __fixunsdfsi
                0x0000250c                __aeabi_d2uiz
 .text          0x0000254c       0xa0 /home/gaz/bin/gcc-arm-none-eabi-5_4-2016q2/bin/../lib/gcc/arm-none-eabi/5.4.1/armv7-m/libgcc.a(_arm_truncdfsf2.o)
                0x0000254c                __aeabi_d2f
                0x0000254c                __truncdfsf2
 .text          0x000025ec      0x21c /home/gaz/bin/gcc-arm-none-eabi-5_4-2016q2/bin/../lib/gcc/arm-none-eabi/5.4.1/armv7-m/libgcc.a(_arm_addsubsf3.o)
                0x000025ec                __aeabi_frsub
                0x000025f4                __subsf3
                0x000025f4                __aeabi_fsub
                0x000025f8                __aeabi_fadd
                0x000025f8                __addsf3
                0x00002758                __aeabi_ui2f
                0x00002758                __floatunsisf
                0x00002760                __aeabi_i2f
                0x00002760                __floatsisf
                0x0000277c                __floatundisf
                0x0000277c                __aeabi_ul2f
                0x0000278c                __floatdisf
                0x0000278c                __aeabi_l2f
 .text          0x00002808      0x2a0 /home/gaz/bin/gcc-arm-none-eabi-5_4-2016q2/bin/../lib/gcc/arm-none-eabi/5.4.1/armv7-m/libgcc.a(_arm_muldivsf3.o)
                0x00002808                __mulsf3
                0x00002808                __aeabi_fmul
                0x00002970                __divsf3
                0x00002970                __aeabi_fdiv
 .text          0x00002aa8       0x40 /home/gaz/bin/gcc-arm-none-eabi-5_4-2016q2/bin/../lib/gcc/arm-none-eabi/5.4.1/armv7-m/libgcc.a(_arm_fixunssfsi.o)
                0x00002aa8                __aeabi_f2uiz
                0x00002aa8                __fixunssfsi
 .text.memset   0x00002ae8       0x9c /home/gaz/bin/gcc-arm-none-eabi-5_4-2016q2/bin/../lib/gcc/arm-none-eabi/5.4.1/../../../../arm-none-eabi/lib/armv7-m/libg.a(lib_a-memset.o)
                0x00002ae8                memset
 *(.rodata*)
 .rodata.ReportDescriptor
                0x00002b84       0x1b ./Libraries/USB/src/hid_desc.o
                0x00002b84                ReportDescriptor
 *fill*         0x00002b9f        0x1 
 .rodata.ReportDescSize
                0x00002ba0        0x2 ./Libraries/USB/src/hid_desc.o
                0x00002ba0                ReportDescSize
 *fill*         0x00002ba2        0x2 
 .rodata.HID_DeviceDescriptor
                0x00002ba4       0x12 ./Libraries/USB/src/hid_desc.o
                0x00002ba4                HID_DeviceDescriptor
 *fill*         0x00002bb6        0x2 
 .rodata.Qualifier_Descriptor
                0x00002bb8        0xa ./Libraries/USB/src/hid_desc.o
                0x00002bb8                Qualifier_Descriptor
 *fill*         0x00002bc2        0x2 
 .rodata.HID_StringDescriptor_Info
                0x00002bc4        0x4 ./Libraries/USB/src/hid_desc.o
                0x00002bc4                HID_StringDescriptor_Info
 .rodata.HID_StringDescriptor_Manufacturer
                0x00002bc8       0x1e ./Libraries/USB/src/hid_desc.o
                0x00002bc8                HID_StringDescriptor_Manufacturer
 *fill*         0x00002be6        0x2 
 .rodata.HID_StringDescriptor_Product
                0x00002be8       0x3e ./Libraries/USB/src/hid_desc.o
                0x00002be8                HID_StringDescriptor_Product
 *fill*         0x00002c26        0x2 
 .rodata.HID_StringDescriptor_SerialNumber
                0x00002c28       0x18 ./Libraries/USB/src/hid_desc.o
                0x00002c28                HID_StringDescriptor_SerialNumber
 .rodata.StringDescriptroInterface
                0x00002c40        0x8 ./Libraries/USB/src/hid_desc.o
                0x00002c40                StringDescriptroInterface
 .rodata.StringDescriptorSize
                0x00002c48        0x5 ./Libraries/USB/src/hid_desc.o
                0x00002c48                StringDescriptorSize

.glue_7         0x00002c50        0x0
 .glue_7        0x00002c50        0x0 linker stubs

.glue_7t        0x00002c50        0x0
 .glue_7t       0x00002c50        0x0 linker stubs

.vfp11_veneer   0x00002c50        0x0
 .vfp11_veneer  0x00002c50        0x0 linker stubs

.v4_bx          0x00002c50        0x0
 .v4_bx         0x00002c50        0x0 linker stubs

.init           0x00002c50        0x4
 .init          0x00002c50        0x4 /home/gaz/bin/gcc-arm-none-eabi-5_4-2016q2/bin/../lib/gcc/arm-none-eabi/5.4.1/armv7-m/crti.o
                0x00002c50                _init

.fini           0x00002c54        0x4
 .fini          0x00002c54        0x4 /home/gaz/bin/gcc-arm-none-eabi-5_4-2016q2/bin/../lib/gcc/arm-none-eabi/5.4.1/armv7-m/crti.o
                0x00002c54                _fini

.iplt           0x00002c58        0x0
 .iplt          0x00002c58        0x0 /home/gaz/bin/gcc-arm-none-eabi-5_4-2016q2/bin/../lib/gcc/arm-none-eabi/5.4.1/armv7-m/crtbegin.o

.rel.dyn        0x00002c58        0x0
 .rel.iplt      0x00002c58        0x0 /home/gaz/bin/gcc-arm-none-eabi-5_4-2016q2/bin/../lib/gcc/arm-none-eabi/5.4.1/armv7-m/crtbegin.o

.ARM.extab
 *(.ARM.extab* .gnu.linkonce.armextab.*)
                0x00002c58                __exidx_start = .

.ARM.exidx
 *(.ARM.exidx* .gnu.linkonce.armexidx.*)
                0x00002c58                __exidx_end = .
                0x00002c58                _etext = .

.data           0x10000000       0x44 load address 0x00002c58
                0x10000000                _data = .
 *(vtable)
 *(.data*)
 .data.tick     0x10000000        0x2 ./Libraries/U_ISource/src/pwm_driver_lpc1343.o
                0x10000000                tick
 *fill*         0x10000002        0x2 
 .data.HID_FsConfigDescriptor
                0x10000004       0x2a ./Libraries/USB/src/hid_desc.o
                0x10000004                HID_FsConfigDescriptor
 *fill*         0x1000002e        0x2 
 .data.StringDescriptor
                0x10000030       0x14 ./Libraries/USB/src/hid_desc.o
                0x10000030                StringDescriptor
                0x10000044                _edata = .

.igot.plt       0x10000044        0x0 load address 0x00002c9c
 .igot.plt      0x10000044        0x0 /home/gaz/bin/gcc-arm-none-eabi-5_4-2016q2/bin/../lib/gcc/arm-none-eabi/5.4.1/armv7-m/crtbegin.o

.bss            0x10000044       0xa8 load address 0x00002c9c
                0x10000044                _bss = .
 *(.bss*)
 .bss.callback  0x10000044        0x4 ./Libraries/U_ISource/src/timer_dirver_lpc1343.o
                0x10000044                callback
 .bss.integralCurrent.6203
                0x10000048        0x4 ./Libraries/U_ISource/src/u_i_source_functions.o
 .bss.integralVoltage.6202
                0x1000004c        0x4 ./Libraries/U_ISource/src/u_i_source_functions.o
 .bss.countOverVoltage.6205
                0x10000050        0x1 ./Libraries/U_ISource/src/u_i_source_functions.o
 *fill*         0x10000051        0x1 
 .bss.oldVoltageSetting.6204
                0x10000052        0x2 ./Libraries/U_ISource/src/u_i_source_functions.o
 .bss.configCount.5908
                0x10000054        0x1 ./Libraries/USB/src/usbcfg.o
 .bss.stringCount.5907
                0x10000055        0x1 ./Libraries/USB/src/usbcfg.o
 *(COMMON)
 *fill*         0x10000056        0x2 
 COMMON         0x10000058        0x8 ./Libraries/U_ISource/src/u_i_source_functions.o
                0x10000058                buffer
 COMMON         0x10000060       0x8c ./Libraries/USB/src/usbcfg.o
                0x10000060                read
                0x100000a4                receive
                0x100000ec                _ebss = .

.cr_heap        0x100000ec        0x0 load address 0x00002c9c
                0x100000ec                end = .
                0x100000ec                _pvHeapStart = .
                0x10002000                _vRamTop = __top_RamLoc8
                0x10002000                _vStackTop = (_vRamTop - 0x0)
OUTPUT(U_I_source.elf elf32-littlearm)

.ARM.attributes
                0x00000000       0x29
 .ARM.attributes
                0x00000000       0x1d /home/gaz/bin/gcc-arm-none-eabi-5_4-2016q2/bin/../lib/gcc/arm-none-eabi/5.4.1/armv7-m/crti.o
 .ARM.attributes
                0x0000001d       0x33 ./Libraries/U_ISource/src/adc_driver_lpc1343.o
 .ARM.attributes
                0x00000050       0x33 ./Libraries/U_ISource/src/gpio_driver_lpc1343.o
 .ARM.attributes
                0x00000083       0x33 ./Libraries/U_ISource/src/pwm_driver_lpc1343.o
 .ARM.attributes
                0x000000b6       0x33 ./Libraries/U_ISource/src/timer_dirver_lpc1343.o
 .ARM.attributes
                0x000000e9       0x33 ./Libraries/U_ISource/src/u_i_source_functions.o
 .ARM.attributes
                0x0000011c       0x33 ./Libraries/USB/src/hid_desc.o
 .ARM.attributes
                0x0000014f       0x33 ./Libraries/USB/src/usbcfg.o
 .ARM.attributes
                0x00000182       0x33 ./Libraries/SYS/src/cr_startup_lpc13.o
 .ARM.attributes
                0x000001b5       0x33 ./Libraries/SYS/src/system_LPC13xx.o
 .ARM.attributes
                0x000001e8       0x33 ./main.o
 .ARM.attributes
                0x0000021b       0x1d /home/gaz/bin/gcc-arm-none-eabi-5_4-2016q2/bin/../lib/gcc/arm-none-eabi/5.4.1/armv7-m/libgcc.a(_arm_addsubdf3.o)
 .ARM.attributes
                0x00000238       0x1d /home/gaz/bin/gcc-arm-none-eabi-5_4-2016q2/bin/../lib/gcc/arm-none-eabi/5.4.1/armv7-m/libgcc.a(_arm_muldivdf3.o)
 .ARM.attributes
                0x00000255       0x1d /home/gaz/bin/gcc-arm-none-eabi-5_4-2016q2/bin/../lib/gcc/arm-none-eabi/5.4.1/armv7-m/libgcc.a(_arm_cmpdf2.o)
 .ARM.attributes
                0x00000272       0x1d /home/gaz/bin/gcc-arm-none-eabi-5_4-2016q2/bin/../lib/gcc/arm-none-eabi/5.4.1/armv7-m/libgcc.a(_arm_fixdfsi.o)
 .ARM.attributes
                0x0000028f       0x1d /home/gaz/bin/gcc-arm-none-eabi-5_4-2016q2/bin/../lib/gcc/arm-none-eabi/5.4.1/armv7-m/libgcc.a(_arm_fixunsdfsi.o)
 .ARM.attributes
                0x000002ac       0x1d /home/gaz/bin/gcc-arm-none-eabi-5_4-2016q2/bin/../lib/gcc/arm-none-eabi/5.4.1/armv7-m/libgcc.a(_arm_truncdfsf2.o)
 .ARM.attributes
                0x000002c9       0x1d /home/gaz/bin/gcc-arm-none-eabi-5_4-2016q2/bin/../lib/gcc/arm-none-eabi/5.4.1/armv7-m/libgcc.a(_arm_addsubsf3.o)
 .ARM.attributes
                0x000002e6       0x1d /home/gaz/bin/gcc-arm-none-eabi-5_4-2016q2/bin/../lib/gcc/arm-none-eabi/5.4.1/armv7-m/libgcc.a(_arm_muldivsf3.o)
 .ARM.attributes
                0x00000303       0x1d /home/gaz/bin/gcc-arm-none-eabi-5_4-2016q2/bin/../lib/gcc/arm-none-eabi/5.4.1/armv7-m/libgcc.a(_arm_fixunssfsi.o)
 .ARM.attributes
                0x00000320       0x2d /home/gaz/bin/gcc-arm-none-eabi-5_4-2016q2/bin/../lib/gcc/arm-none-eabi/5.4.1/../../../../arm-none-eabi/lib/armv7-m/libg.a(lib_a-memset.o)

.comment        0x00000000       0x6e
 .comment       0x00000000       0x6e ./Libraries/U_ISource/src/adc_driver_lpc1343.o
                                 0x6f (size before relaxing)
 .comment       0x0000006e       0x6f ./Libraries/U_ISource/src/gpio_driver_lpc1343.o
 .comment       0x0000006e       0x6f ./Libraries/U_ISource/src/pwm_driver_lpc1343.o
 .comment       0x0000006e       0x6f ./Libraries/U_ISource/src/timer_dirver_lpc1343.o
 .comment       0x0000006e       0x6f ./Libraries/U_ISource/src/u_i_source_functions.o
 .comment       0x0000006e       0x6f ./Libraries/USB/src/hid_desc.o
 .comment       0x0000006e       0x6f ./Libraries/USB/src/usbcfg.o
 .comment       0x0000006e       0x6f ./Libraries/SYS/src/cr_startup_lpc13.o
 .comment       0x0000006e       0x6f ./Libraries/SYS/src/system_LPC13xx.o
 .comment       0x0000006e       0x6f ./main.o

.debug_info     0x00000000     0x425f
 .debug_info    0x00000000      0x90d ./Libraries/U_ISource/src/adc_driver_lpc1343.o
 .debug_info    0x0000090d      0x64f ./Libraries/U_ISource/src/gpio_driver_lpc1343.o
 .debug_info    0x00000f5c      0x9a1 ./Libraries/U_ISource/src/pwm_driver_lpc1343.o
 .debug_info    0x000018fd      0x93a ./Libraries/U_ISource/src/timer_dirver_lpc1343.o
 .debug_info    0x00002237      0x5e5 ./Libraries/U_ISource/src/u_i_source_functions.o
 .debug_info    0x0000281c      0x291 ./Libraries/USB/src/hid_desc.o
 .debug_info    0x00002aad     0x1092 ./Libraries/USB/src/usbcfg.o
 .debug_info    0x00003b3f      0x17e ./Libraries/SYS/src/cr_startup_lpc13.o
 .debug_info    0x00003cbd      0x4e1 ./Libraries/SYS/src/system_LPC13xx.o
 .debug_info    0x0000419e       0xc1 ./main.o

.debug_abbrev   0x00000000      0xe89
 .debug_abbrev  0x00000000      0x1a7 ./Libraries/U_ISource/src/adc_driver_lpc1343.o
 .debug_abbrev  0x000001a7      0x169 ./Libraries/U_ISource/src/gpio_driver_lpc1343.o
 .debug_abbrev  0x00000310      0x19c ./Libraries/U_ISource/src/pwm_driver_lpc1343.o
 .debug_abbrev  0x000004ac      0x1ed ./Libraries/U_ISource/src/timer_dirver_lpc1343.o
 .debug_abbrev  0x00000699      0x222 ./Libraries/U_ISource/src/u_i_source_functions.o
 .debug_abbrev  0x000008bb       0x92 ./Libraries/USB/src/hid_desc.o
 .debug_abbrev  0x0000094d      0x300 ./Libraries/USB/src/usbcfg.o
 .debug_abbrev  0x00000c4d       0xd3 ./Libraries/SYS/src/cr_startup_lpc13.o
 .debug_abbrev  0x00000d20       0xfd ./Libraries/SYS/src/system_LPC13xx.o
 .debug_abbrev  0x00000e1d       0x6c ./main.o

.debug_aranges  0x00000000      0x2a8
 .debug_aranges
                0x00000000       0x30 ./Libraries/U_ISource/src/adc_driver_lpc1343.o
 .debug_aranges
                0x00000030       0x38 ./Libraries/U_ISource/src/gpio_driver_lpc1343.o
 .debug_aranges
                0x00000068       0x38 ./Libraries/U_ISource/src/pwm_driver_lpc1343.o
 .debug_aranges
                0x000000a0       0x48 ./Libraries/U_ISource/src/timer_dirver_lpc1343.o
 .debug_aranges
                0x000000e8       0x60 ./Libraries/U_ISource/src/u_i_source_functions.o
 .debug_aranges
                0x00000148       0x18 ./Libraries/USB/src/hid_desc.o
 .debug_aranges
                0x00000160       0x90 ./Libraries/USB/src/usbcfg.o
 .debug_aranges
                0x000001f0       0x70 ./Libraries/SYS/src/cr_startup_lpc13.o
 .debug_aranges
                0x00000260       0x28 ./Libraries/SYS/src/system_LPC13xx.o
 .debug_aranges
                0x00000288       0x20 ./main.o

.debug_ranges   0x00000000      0x200
 .debug_ranges  0x00000000       0x20 ./Libraries/U_ISource/src/adc_driver_lpc1343.o
 .debug_ranges  0x00000020       0x28 ./Libraries/U_ISource/src/gpio_driver_lpc1343.o
 .debug_ranges  0x00000048       0x28 ./Libraries/U_ISource/src/pwm_driver_lpc1343.o
 .debug_ranges  0x00000070       0x38 ./Libraries/U_ISource/src/timer_dirver_lpc1343.o
 .debug_ranges  0x000000a8       0x50 ./Libraries/U_ISource/src/u_i_source_functions.o
 .debug_ranges  0x000000f8       0x80 ./Libraries/USB/src/usbcfg.o
 .debug_ranges  0x00000178       0x60 ./Libraries/SYS/src/cr_startup_lpc13.o
 .debug_ranges  0x000001d8       0x18 ./Libraries/SYS/src/system_LPC13xx.o
 .debug_ranges  0x000001f0       0x10 ./main.o

.debug_macro    0x00000000     0x4185
 .debug_macro   0x00000000       0xb7 ./Libraries/U_ISource/src/adc_driver_lpc1343.o
 .debug_macro   0x000000b7      0x85c ./Libraries/U_ISource/src/adc_driver_lpc1343.o
 .debug_macro   0x00000913       0x1c ./Libraries/U_ISource/src/adc_driver_lpc1343.o
 .debug_macro   0x0000092f       0x3a ./Libraries/U_ISource/src/adc_driver_lpc1343.o
 .debug_macro   0x00000969       0x22 ./Libraries/U_ISource/src/adc_driver_lpc1343.o
 .debug_macro   0x0000098b       0x4f ./Libraries/U_ISource/src/adc_driver_lpc1343.o
 .debug_macro   0x000009da       0x44 ./Libraries/U_ISource/src/adc_driver_lpc1343.o
 .debug_macro   0x00000a1e       0xfd ./Libraries/U_ISource/src/adc_driver_lpc1343.o
 .debug_macro   0x00000b1b       0x5e ./Libraries/U_ISource/src/adc_driver_lpc1343.o
 .debug_macro   0x00000b79      0x1df ./Libraries/U_ISource/src/adc_driver_lpc1343.o
 .debug_macro   0x00000d58       0x2d ./Libraries/U_ISource/src/adc_driver_lpc1343.o
 .debug_macro   0x00000d85      0xbb1 ./Libraries/U_ISource/src/adc_driver_lpc1343.o
 .debug_macro   0x00001936      0x115 ./Libraries/U_ISource/src/adc_driver_lpc1343.o
 .debug_macro   0x00001a4b       0x16 ./Libraries/U_ISource/src/adc_driver_lpc1343.o
 .debug_macro   0x00001a61       0x3a ./Libraries/U_ISource/src/adc_driver_lpc1343.o
 .debug_macro   0x00001a9b       0xae ./Libraries/U_ISource/src/gpio_driver_lpc1343.o
 .debug_macro   0x00001b49       0x10 ./Libraries/U_ISource/src/gpio_driver_lpc1343.o
 .debug_macro   0x00001b59       0xb7 ./Libraries/U_ISource/src/pwm_driver_lpc1343.o
 .debug_macro   0x00001c10       0x2e ./Libraries/U_ISource/src/pwm_driver_lpc1343.o
 .debug_macro   0x00001c3e       0xbb ./Libraries/U_ISource/src/timer_dirver_lpc1343.o
 .debug_macro   0x00001cf9       0x10 ./Libraries/U_ISource/src/timer_dirver_lpc1343.o
 .debug_macro   0x00001d09      0x24e ./Libraries/U_ISource/src/u_i_source_functions.o
 .debug_macro   0x00001f57       0x4c ./Libraries/U_ISource/src/u_i_source_functions.o
 .debug_macro   0x00001fa3       0x55 ./Libraries/U_ISource/src/u_i_source_functions.o
 .debug_macro   0x00001ff8       0x35 ./Libraries/U_ISource/src/u_i_source_functions.o
 .debug_macro   0x0000202d       0x9c ./Libraries/U_ISource/src/u_i_source_functions.o
 .debug_macro   0x000020c9       0x16 ./Libraries/U_ISource/src/u_i_source_functions.o
 .debug_macro   0x000020df       0x4a ./Libraries/U_ISource/src/u_i_source_functions.o
 .debug_macro   0x00002129       0x97 ./Libraries/U_ISource/src/u_i_source_functions.o
 .debug_macro   0x000021c0      0x330 ./Libraries/U_ISource/src/u_i_source_functions.o
 .debug_macro   0x000024f0       0xf6 ./Libraries/U_ISource/src/u_i_source_functions.o
 .debug_macro   0x000025e6       0x10 ./Libraries/U_ISource/src/u_i_source_functions.o
 .debug_macro   0x000025f6       0x52 ./Libraries/U_ISource/src/u_i_source_functions.o
 .debug_macro   0x00002648       0x1f ./Libraries/U_ISource/src/u_i_source_functions.o
 .debug_macro   0x00002667       0x43 ./Libraries/U_ISource/src/u_i_source_functions.o
 .debug_macro   0x000026aa       0x20 ./Libraries/U_ISource/src/u_i_source_functions.o
 .debug_macro   0x000026ca      0x187 ./Libraries/U_ISource/src/u_i_source_functions.o
 .debug_macro   0x00002851       0x10 ./Libraries/U_ISource/src/u_i_source_functions.o
 .debug_macro   0x00002861       0xb6 ./Libraries/U_ISource/src/u_i_source_functions.o
 .debug_macro   0x00002917       0x16 ./Libraries/U_ISource/src/u_i_source_functions.o
 .debug_macro   0x0000292d      0x143 ./Libraries/U_ISource/src/u_i_source_functions.o
 .debug_macro   0x00002a70       0x22 ./Libraries/U_ISource/src/u_i_source_functions.o
 .debug_macro   0x00002a92       0x5f ./Libraries/U_ISource/src/u_i_source_functions.o
 .debug_macro   0x00002af1      0x26c ./Libraries/U_ISource/src/u_i_source_functions.o
 .debug_macro   0x00002d5d      0x68d ./Libraries/U_ISource/src/u_i_source_functions.o
 .debug_macro   0x000033ea       0x9a ./Libraries/U_ISource/src/u_i_source_functions.o
 .debug_macro   0x00003484       0x16 ./Libraries/U_ISource/src/u_i_source_functions.o
 .debug_macro   0x0000349a       0x35 ./Libraries/U_ISource/src/u_i_source_functions.o
 .debug_macro   0x000034cf      0x17e ./Libraries/U_ISource/src/u_i_source_functions.o
 .debug_macro   0x0000364d       0x40 ./Libraries/U_ISource/src/u_i_source_functions.o
 .debug_macro   0x0000368d       0x34 ./Libraries/U_ISource/src/u_i_source_functions.o
 .debug_macro   0x000036c1       0x16 ./Libraries/U_ISource/src/u_i_source_functions.o
 .debug_macro   0x000036d7       0x16 ./Libraries/U_ISource/src/u_i_source_functions.o
 .debug_macro   0x000036ed       0x22 ./Libraries/U_ISource/src/u_i_source_functions.o
 .debug_macro   0x0000370f       0xa6 ./Libraries/U_ISource/src/u_i_source_functions.o
 .debug_macro   0x000037b5      0x1b3 ./Libraries/USB/src/hid_desc.o
 .debug_macro   0x00003968       0x66 ./Libraries/USB/src/hid_desc.o
 .debug_macro   0x000039ce       0x52 ./Libraries/USB/src/hid_desc.o
 .debug_macro   0x00003a20      0x16d ./Libraries/USB/src/hid_desc.o
 .debug_macro   0x00003b8d       0x10 ./Libraries/USB/src/hid_desc.o
 .debug_macro   0x00003b9d      0x1f1 ./Libraries/USB/src/usbcfg.o
 .debug_macro   0x00003d8e       0x1c ./Libraries/USB/src/usbcfg.o
 .debug_macro   0x00003daa       0x1d ./Libraries/SYS/src/cr_startup_lpc13.o
 .debug_macro   0x00003dc7      0x170 ./Libraries/SYS/src/system_LPC13xx.o
 .debug_macro   0x00003f37      0x24e ./main.o

.debug_line     0x00000000     0x25a1
 .debug_line    0x00000000      0x377 ./Libraries/U_ISource/src/adc_driver_lpc1343.o
 .debug_line    0x00000377      0x2e9 ./Libraries/U_ISource/src/gpio_driver_lpc1343.o
 .debug_line    0x00000660      0x327 ./Libraries/U_ISource/src/pwm_driver_lpc1343.o
 .debug_line    0x00000987      0x339 ./Libraries/U_ISource/src/timer_dirver_lpc1343.o
 .debug_line    0x00000cc0      0x649 ./Libraries/U_ISource/src/u_i_source_functions.o
 .debug_line    0x00001309      0x39c ./Libraries/USB/src/hid_desc.o
 .debug_line    0x000016a5      0x661 ./Libraries/USB/src/usbcfg.o
 .debug_line    0x00001d06      0x13f ./Libraries/SYS/src/cr_startup_lpc13.o
 .debug_line    0x00001e45      0x30e ./Libraries/SYS/src/system_LPC13xx.o
 .debug_line    0x00002153      0x44e ./main.o

.debug_str      0x00000000     0xfc5d
 .debug_str     0x00000000     0x851f ./Libraries/U_ISource/src/adc_driver_lpc1343.o
                               0x86a6 (size before relaxing)
 .debug_str     0x0000851f       0x6a ./Libraries/U_ISource/src/gpio_driver_lpc1343.o
                               0x847f (size before relaxing)
 .debug_str     0x00008589      0x11b ./Libraries/U_ISource/src/pwm_driver_lpc1343.o
                               0x86dc (size before relaxing)
 .debug_str     0x000086a4      0x48e ./Libraries/U_ISource/src/timer_dirver_lpc1343.o
                               0x889e (size before relaxing)
 .debug_str     0x00008b32     0x688e ./Libraries/U_ISource/src/u_i_source_functions.o
                               0xebe1 (size before relaxing)
 .debug_str     0x0000f3c0      0x19c ./Libraries/USB/src/hid_desc.o
                               0xe022 (size before relaxing)
 .debug_str     0x0000f55c      0x1f0 ./Libraries/USB/src/usbcfg.o
                               0xf0cd (size before relaxing)
 .debug_str     0x0000f74c      0x15e ./Libraries/SYS/src/cr_startup_lpc13.o
                               0x25af (size before relaxing)
 .debug_str     0x0000f8aa      0x3a4 ./Libraries/SYS/src/system_LPC13xx.o
                               0x875c (size before relaxing)
 .debug_str     0x0000fc4e        0xf ./main.o
                               0xe932 (size before relaxing)

.debug_frame    0x00000000      0x824
 .debug_frame   0x00000000       0x80 ./Libraries/U_ISource/src/adc_driver_lpc1343.o
 .debug_frame   0x00000080       0xa8 ./Libraries/U_ISource/src/gpio_driver_lpc1343.o
 .debug_frame   0x00000128       0xa4 ./Libraries/U_ISource/src/pwm_driver_lpc1343.o
 .debug_frame   0x000001cc       0xe0 ./Libraries/U_ISource/src/timer_dirver_lpc1343.o
 .debug_frame   0x000002ac      0x154 ./Libraries/U_ISource/src/u_i_source_functions.o
 .debug_frame   0x00000400      0x244 ./Libraries/USB/src/usbcfg.o
 .debug_frame   0x00000644      0x120 ./Libraries/SYS/src/cr_startup_lpc13.o
 .debug_frame   0x00000764       0x60 ./Libraries/SYS/src/system_LPC13xx.o
 .debug_frame   0x000007c4       0x2c ./main.o
 .debug_frame   0x000007f0       0x34 /home/gaz/bin/gcc-arm-none-eabi-5_4-2016q2/bin/../lib/gcc/arm-none-eabi/5.4.1/../../../../arm-none-eabi/lib/armv7-m/libg.a(lib_a-memset.o)
