******************************************************************************
                  TI ARM Linker PC v5.2.7                      
******************************************************************************
>> Linked Fri Aug 12 13:33:49 2016

OUTPUT FILE NAME:   <usb_dev_cserial.out>
ENTRY POINT SYMBOL: "_c_int00"  address: 000029bd


MEMORY CONFIGURATION

         name            origin    length      used     unused   attr    fill
----------------------  --------  ---------  --------  --------  ----  --------
  FLASH                 00000000   00100000  00004396  000fbc6a  R  X
  SRAM                  20000000   00040000  00000b18  0003f4e8  RW X


SEGMENT ALLOCATION MAP

run origin  load origin   length   init length attrs members
----------  ----------- ---------- ----------- ----- -------
00000000    00000000    00004398   00004398    r-x
  00000000    00000000    00000200   00000200    r-- .intvecs
  00000200    00000200    00003c4a   00003c4a    r-x .text
  00003e4c    00003e4c    0000046c   0000046c    r-- .const
  000042b8    000042b8    000000e0   000000e0    r-- .cinit
20000000    20000000    00000b18   00000000    rw-
  20000000    20000000    000005a0   00000000    rw- .bss
  200005a0    200005a0    00000400   00000000    rw- .stack
  200009a0    200009a0    00000178   00000000    rw- .data


SECTION ALLOCATION MAP

 output                                  attributes/
section   page    origin      length       input sections
--------  ----  ----------  ----------   ----------------
.intvecs   0    00000000    00000200     
                  00000000    00000200     startup_ccs.obj (.intvecs)

.text      0    00000200    00003c4a     
                  00000200    0000024e     pinout.obj (.text:PinoutSet)
                  0000044e    00000002     usblib.lib : usbdma.obj (.text:iDMAUSBArbSizeSet)
                  00000450    000001fc     driverlib.lib : sysctl.obj (.text:SysCtlClockFreqSet)
                  0000064c    000001d8     usblib.lib : usbdcomp.obj (.text:BuildCompositeDescriptor)
                  00000824    00000160                : usbdma.obj (.text:USBLibDMAInit)
                  00000984    00000154                : usbdenum.obj (.text:USBDEP0StateTxConfig)
                  00000ad8    00000148                : usbdenum.obj (.text:USBDCDInit)
                  00000c20    00000140                : usbdconfig.obj (.text:USBDeviceConfig)
                  00000d60    00000140                : usbdenum.obj (.text:USBDeviceIntHandlerInternal)
                  00000ea0    00000130     driverlib.lib : gpio.obj (.text:GPIOPadConfigSet)
                  00000fd0    000000e8     usblib.lib : usbdma.obj (.text:iDMAUSBTransfer)
                  000010b8    000000dc                : usbdenum.obj (.text:USBDGetDescriptor)
                  00001194    000000d8                : usbdenum.obj (.text:USBDeviceEnumHandler)
                  0000126c    000000d0                : usbdcdc.obj (.text:HandleRequests)
                  0000133c    000000d0                : usbdcomp.obj (.text:USBDCompositeInit)
                  0000140c    00000004     driverlib.lib : cpu.obj (.text:CPUwfi)
                  00001410    000000c4     usb_dev_cserial.obj (.text:ControlHandler)
                  000014d4    000000c0     usblib.lib : usbdma.obj (.text:uDMAUSBChannelAllocate)
                  00001594    000000ba                : usbdma.obj (.text:uDMAUSBTransfer)
                  0000164e    000000ac                : usbbuffer.obj (.text:HandleRxAvailable)
                  000016fa    000000a2                : usbdcdc.obj (.text:HandleDevice)
                  0000179c    000000a0                : usbdcdc.obj (.text:USBDCDCCompositeInit)
                  0000183c    00000004                : usbdma.obj (.text:DMAUSBStatus)
                  00001840    0000009e     usb_dev_cserial.obj (.text:main)
                  000018de    0000009c     rtsv7M4_T_le_v4SPD16_eabi.lib : memcpy_t2.obj (.text)
                  0000197a    00000002     usblib.lib : usbdma.obj (.text:iDMAUSBUnitSizeSet)
                  0000197c    00000098                : usbdenum.obj (.text:USBDSetInterface)
                  00001a14    00000096                : usbdcdc.obj (.text:SendSerialState)
                  00001aaa    00000094                : usbdcdc.obj (.text:CDCTickHandler)
                  00001b3e    00000090                : usbbuffer.obj (.text:ScheduleNextTransmission)
                  00001bce    00000090                : usbdcdc.obj (.text:USBDCDCPacketRead)
                  00001c5e    00000002                : usbdma.obj (.text:uDMAUSBChannelIntDisable)
                  00001c60    0000008c                : usbdenum.obj (.text:USBDSetConfiguration)
                  00001cec    0000008c                : usbdconfig.obj (.text:USBDeviceConfigAlternate)
                  00001d78    00000086                : usbdma.obj (.text:iDMAUSBChannelAllocate)
                  00001dfe    00000002                : usbdma.obj (.text:uDMAUSBChannelIntEnable)
                  00001e00    00000080     driverlib.lib : udma.obj (.text:uDMAChannelTransferSet)
                  00001e80    0000007a                   : usb.obj (.text:USBDevEndpointConfigSet)
                  00001efa    0000007a     rtsv7M4_T_le_v4SPD16_eabi.lib : memset_t2.obj (.text)
                  00001f74    00000078     usblib.lib : usbdenum.obj (.text:USBDClearFeature)
                  00001fec    00000072                : usbdma.obj (.text:uDMAUSBArbSizeSet)
                  0000205e    00000002     --HOLE-- [fill = 0]
                  00002060    00000070                : usbdenum.obj (.text:USBDEP0StateTx)
                  000020d0    00000070                : usbdenum.obj (.text:USBDGetStatus)
                  00002140    00000070                : usbdma.obj (.text:uDMAUSBUnitSizeSet)
                  000021b0    0000006e                : usbdcdc.obj (.text:ProcessDataFromHost)
                  0000221e    00000002     --HOLE-- [fill = 0]
                  00002220    0000006c     rtsv7M4_T_le_v4SPD16_eabi.lib : autoinit.obj (.text)
                  0000228c    0000006a                                   : copy_decompress_rle.obj (.text)
                  000022f6    00000002     --HOLE-- [fill = 0]
                  000022f8    00000064     driverlib.lib : interrupt.obj (.text:IntIsEnabled)
                  0000235c    00000064     usblib.lib : usbdenum.obj (.text:USBDSetFeature)
                  000023c0    00000064                : usbdma.obj (.text:uDMAUSBChannelEnable)
                  00002424    00000060                : usbdcomp.obj (.text:GetDescriptor)
                  00002484    00000060                : usbdcomp.obj (.text:HandleRequests)
                  000024e4    00000060     driverlib.lib : interrupt.obj (.text:IntDisable)
                  00002544    00000060                   : interrupt.obj (.text:IntEnable)
                  000025a4    00000060     usblib.lib : usbbuffer.obj (.text:USBBufferEventCallback)
                  00002604    00000060                : usbdenum.obj (.text:USBDReadAndDispatchRequest)
                  00002664    0000005e     driverlib.lib : usb.obj (.text:USBDevEndpointStatusClear)
                  000026c2    0000005c     usblib.lib : usbdcdc.obj (.text:ProcessDataToHost)
                  0000271e    00000002     --HOLE-- [fill = 0]
                  00002720    0000005c                : usbdenum.obj (.text:USBDStringIndexFromRequest)
                  0000277c    00000056                : usbdcdc.obj (.text:USBDCDCPacketWrite)
                  000027d2    00000054                : usbdcomp.obj (.text:HandleDevice)
                  00002826    00000054                : usbdma.obj (.text:uDMAUSBChannelRelease)
                  0000287a    00000052                : usbulpi.obj (.text:ULPIConfigSet)
                  000028cc    00000050     driverlib.lib : sysctl.obj (.text:SysCtlPeripheralReset)
                  0000291c    00000050     usblib.lib : usbdcdesc.obj (.text:USBDCDConfigDescGet)
                  0000296c    00000050                : usbdenum.obj (.text:USBDeviceResumeTickHandler)
                  000029bc    00000050     rtsv7M4_T_le_v4SPD16_eabi.lib : boot.obj (.text)
                  00002a0c    0000004c     usblib.lib : usbdcdesc.obj (.text:ConfigAlternateInterfaceGet)
                  00002a58    0000004c                : usbdconfig.obj (.text:GetEPDescriptorType)
                  00002aa4    0000004c                : usbdcdc.obj (.text:HandleEndpoints)
                  00002af0    0000004c     driverlib.lib : usb.obj (.text:USBDevEndpointStallClear)
                  00002b3c    0000004c                   : usb.obj (.text:USBEndpointDMAConfigSet)
                  00002b88    0000004c     rtsv7M4_T_le_v4SPD16_eabi.lib : cpy_tbl.obj (.text)
                  00002bd4    0000004a     usblib.lib : usbdma.obj (.text:iDMAUSBChannelEnable)
                  00002c1e    0000004a                : usbdma.obj (.text:uDMAUSBChannelDisable)
                  00002c68    00000048     driverlib.lib : sysctl.obj (.text:_SysCtlFrequencyGet)
                  00002cb0    00000048                   : udma.obj (.text:uDMAChannelAttributeDisable)
                  00002cf8    00000046     usblib.lib : usbdcdc.obj (.text:HandleEP0Data)
                  00002d3e    00000002     --HOLE-- [fill = 0]
                  00002d40    00000044                : usbdenum.obj (.text:USBDCDDeviceInfoInit)
                  00002d84    00000044                : usbdenum.obj (.text:USBDeviceEnumResetHandler)
                  00002dc8    00000044     driverlib.lib : usb.obj (.text:USBEndpointDataGet)
                  00002e0c    00000044     rtsv7M4_T_le_v4SPD16_eabi.lib : exit.obj (.text)
                  00002e50    00000040     usblib.lib : usbdenum.obj (.text:USBDGetInterface)
                  00002e90    0000003a                : usbdcdesc.obj (.text:USBDCDConfigGetInterfaceEndpoint)
                  00002eca    0000003a     driverlib.lib : usb.obj (.text:USBFIFOConfigSet)
                  00002f04    0000003a     usblib.lib : usbdma.obj (.text:iDMAUSBChannelRelease)
                  00002f3e    00000038                : usbdcomp.obj (.text:EndpointToIndex)
                  00002f76    00000002     --HOLE-- [fill = 0]
                  00002f78    00000038     usb_dev_cserial.obj (.text:RxHandlerCmd)
                  00002fb0    00000038     driverlib.lib : usb.obj (.text:USBIntStatusControl)
                  00002fe8    00000036     usblib.lib : usbdcomp.obj (.text:HandleDisconnect)
                  0000301e    00000036                : usbdcomp.obj (.text:ResetHandler)
                  00003054    00000036                : usbdcomp.obj (.text:ResumeHandler)
                  0000308a    00000036                : usbdcdc.obj (.text:SendBreak)
                  000030c0    00000036                : usbdcomp.obj (.text:SuspendHandler)
                  000030f6    00000036                : usbringbuf.obj (.text:USBRingBufAdvanceWrite)
                  0000312c    00000034                : usbtick.obj (.text:InternalUSBRegisterTickHandler)
                  00003160    00000034                : usbtick.obj (.text:InternalUSBStartOfFrameTick)
                  00003194    00000034     driverlib.lib : sysctl.obj (.text:SysCtlPeripheralEnable)
                  000031c8    00000034     usblib.lib : usbdma.obj (.text:iDMAUSBChannelStatus)
                  000031fc    00000032                : usbdcdc.obj (.text:HandleConfigChange)
                  0000322e    00000032                : usbdcomp.obj (.text:InterfaceChange)
                  00003260    00000032                : usbdcdesc.obj (.text:NextConfigDescGet)
                  00003292    00000032                : usbdcdc.obj (.text:ProcessNotificationToHost)
                  000032c4    00000032     driverlib.lib : usb.obj (.text:USBDevEndpointStall)
                  000032f6    00000032     usblib.lib : usbdma.obj (.text:iDMAUSBChannelDisable)
                  00003328    00000030                : usbdma.obj (.text:DMAUSBIntHandler)
                  00003358    00000030                : usbtick.obj (.text:InternalUSBTickInit)
                  00003388    00000030                : usbdenum.obj (.text:USBDGetConfiguration)
                  000033b8    00000030     driverlib.lib : usb.obj (.text:USBEndpointDataPut)
                  000033e8    0000002e     usblib.lib : usbdcomp.obj (.text:ConfigChangeHandler)
                  00003416    0000002e                : usbdcomp.obj (.text:HandleEndpoints)
                  00003444    0000002e                : usbdcdc.obj (.text:USBDCDCRxPacketAvailable)
                  00003472    0000002e     driverlib.lib : usb.obj (.text:USBEndpointDataSend)
                  000034a0    0000002c     usblib.lib : usbdcomp.obj (.text:InterfaceToIndex)
                  000034cc    0000002c                : usbbuffer.obj (.text:USBBufferWrite)
                  000034f8    0000002c                : usbdesc.obj (.text:USBDescGet)
                  00003524    0000002c                : usbdma.obj (.text:uDMAUSBIntStatus)
                  00003550    0000002a     driverlib.lib : gpio.obj (.text:GPIODirModeSet)
                  0000357a    0000002a     usblib.lib : usbdcdesc.obj (.text:USBDCDConfigDescGetNum)
                  000035a4    00000028                : usbdesc.obj (.text:USBDescGetNum)
                  000035cc    00000028     driverlib.lib : usb.obj (.text:USBIntEnableControl)
                  000035f4    00000028     usblib.lib : usbringbuf.obj (.text:UpdateIndexAtomic)
                  0000361c    00000028     driverlib.lib : udma.obj (.text:uDMAChannelModeGet)
                  00003644    00000024     usblib.lib : usbbuffer.obj (.text:HandleRequestBuffer)
                  00003668    00000024                : usbbuffer.obj (.text:USBBufferRead)
                  0000368c    00000024                : usbdenum.obj (.text:USBDSetAddress)
                  000036b0    00000024     driverlib.lib : usb.obj (.text:USBDevEndpointDataAck)
                  000036d4    00000024                   : usb.obj (.text:USBEndpointDMADisable)
                  000036f8    00000024                   : usb.obj (.text:USBEndpointDMAEnable)
                  0000371c    00000024                   : udma.obj (.text:uDMAChannelControlSet)
                  00003740    00000022     usblib.lib : usbdcomp.obj (.text:DataReceived)
                  00003762    00000022                : usbdcomp.obj (.text:DataSent)
                  00003784    00000022                : usbdcdc.obj (.text:HandleDisconnect)
                  000037a6    00000022                : usbdcdc.obj (.text:SendLineCodingChange)
                  000037c8    00000022                : usbdcdc.obj (.text:SendLineStateChange)
                  000037ea    00000022                : usbdma.obj (.text:uDMAUSBChannelStatus)
                  0000380c    00000020                : usbdconfig.obj (.text:GetEndpointFIFOSize)
                  0000382c    0000001e                : usbdcdc.obj (.text:CheckAndSendBreak)
                  0000384a    0000001e                : usbbuffer.obj (.text:HandleDataRemaining)
                  00003868    0000001e                : usbringbuf.obj (.text:USBRingBufAdvanceRead)
                  00003886    0000001e     driverlib.lib : usb.obj (.text:USBULPIRegRead)
                  000038a4    0000001e                   : usb.obj (.text:USBULPIRegWrite)
                  000038c2    0000001c     usblib.lib : usbdcomp.obj (.text:CompositeEPChange)
                  000038de    0000001c                : usbdcomp.obj (.text:CompositeIfaceChange)
                  000038fa    0000001c                : usbdcdc.obj (.text:SetDeferredOpFlag)
                  00003916    0000001c                : usbdcdesc.obj (.text:USBDCDConfigGetInterface)
                  00003932    00000002     --HOLE-- [fill = 0]
                  00003934    0000001c                : usbdenum.obj (.text:USBDCDStallEP0)
                  00003950    0000001c     driverlib.lib : usb.obj (.text:USBEndpointDataAvail)
                  0000396c    0000001c     usblib.lib : usbringbuf.obj (.text:USBRingBufContigFree)
                  00003988    0000001c     driverlib.lib : sysctl.obj (.text:_SysCtlMemTimingGet)
                  000039a4    0000001a     usblib.lib : usbdcdc.obj (.text:DeviceConsumedAllData)
                  000039be    0000001a     driverlib.lib : usb.obj (.text:USBEndpointDMAChannel)
                  000039d8    0000001a     usblib.lib : usbringbuf.obj (.text:USBRingBufRead)
                  000039f2    0000001a                : usbringbuf.obj (.text:USBRingBufReadOne)
                  00003a0c    0000001a                : usbringbuf.obj (.text:USBRingBufWrite)
                  00003a26    00000002     --HOLE-- [fill = 0]
                  00003a28    00000018                : usbdhandler.obj (.text:USB0DeviceIntHandler)
                  00003a40    00000018                : usbdcdesc.obj (.text:USBDCDConfigDescGetSize)
                  00003a58    00000018                : usbdenum.obj (.text:USBDSetDescriptor)
                  00003a70    00000018                : usbdenum.obj (.text:USBDSyncFrame)
                  00003a88    00000018     rtsv7M4_T_le_v4SPD16_eabi.lib : args_main.obj (.text)
                  00003aa0    00000018     driverlib.lib : udma.obj (.text:uDMAChannelDisable)
                  00003ab8    00000018                   : udma.obj (.text:uDMAChannelEnable)
                  00003ad0    00000016     usblib.lib : usbdcdc.obj (.text:CheckAndSendLineCodingChange)
                  00003ae6    00000016                : usbdcdc.obj (.text:CheckAndSendLineStateChange)
                  00003afc    00000016                : usbbuffer.obj (.text:USBBufferInit)
                  00003b12    00000016                : usbringbuf.obj (.text:USBRingBufUsed)
                  00003b28    00000014     driverlib.lib : sysctl.obj (.text:SysCtlUSBPLLEnable)
                  00003b3c    00000014     usblib.lib : usbdenum.obj (.text:USBDCDRequestDataEP0)
                  00003b50    00000014                : usbdenum.obj (.text:USBDCDSendDataEP0)
                  00003b64    00000014     driverlib.lib : usb.obj (.text:USBHostResume)
                  00003b78    00000014                   : usb.obj (.text:USBIntEnableEndpoint)
                  00003b8c    00000014     usblib.lib : usbringbuf.obj (.text:USBRingBufFlush)
                  00003ba0    00000014     driverlib.lib : usb.obj (.text:_USBIndexWrite)
                  00003bb4    00000014     rtsv7M4_T_le_v4SPD16_eabi.lib : _lock.obj (.text)
                  00003bc8    00000012     driverlib.lib : gpio.obj (.text:GPIOPinTypeEthernetLED)
                  00003bda    00000006     usblib.lib : usbbuffer.obj (.text:USBBufferDataAvailable)
                  00003be0    00000012     usb_dev_cserial.obj (.text:GetLineCoding)
                  00003bf2    00000012     usblib.lib : usbdcdc.obj (.text:HandleResume)
                  00003c04    00000012                : usbdcdc.obj (.text:HandleSuspend)
                  00003c16    00000012                : usbbuffer.obj (.text:HandleTxComplete)
                  00003c28    00000012     driverlib.lib : usb.obj (.text:USBDMAChannelConfigSet)
                  00003c3a    00000012                   : usb.obj (.text:USBDMAChannelDisable)
                  00003c4c    00000012                   : usb.obj (.text:USBDMAChannelEnable)
                  00003c5e    00000012                   : usb.obj (.text:USBDMAChannelIntDisable)
                  00003c70    00000012                   : usb.obj (.text:USBDMAChannelIntEnable)
                  00003c82    00000012     usblib.lib : usbringbuf.obj (.text:USBRingBufFree)
                  00003c94    00000012                : usbringbuf.obj (.text:USBRingBufWriteOne)
                  00003ca6    00000010     driverlib.lib : usb.obj (.text:USBEndpointStatus)
                  00003cb6    00000010     usblib.lib : usbringbuf.obj (.text:USBRingBufContigUsed)
                  00003cc6    0000000e                : usbdma.obj (.text:DMAUSBIntStatusClear)
                  00003cd4    0000000e                : usbdcdc.obj (.text:USBDCDCTxPacketAvailable)
                  00003ce2    0000000e     driverlib.lib : usb.obj (.text:USBDMAChannelStatus)
                  00003cf0    0000000e                   : usb.obj (.text:USBDevLPMDisable)
                  00003cfe    0000000e                   : usb.obj (.text:USBDevLPMEnable)
                  00003d0c    0000000e                   : usb.obj (.text:USBULPIDisable)
                  00003d1a    0000000e                   : usb.obj (.text:USBULPIEnable)
                  00003d28    0000000e     rtsv7M4_T_le_v4SPD16_eabi.lib : copy_decompress_none.obj (.text:decompress:none)
                  00003d36    0000000c     driverlib.lib : cpu.obj (.text:CPUcpsid)
                  00003d42    0000000c                   : cpu.obj (.text:CPUcpsie)
                  00003d4e    0000000c                   : usb.obj (.text:USBEndpointPacketCountSet)
                  00003d5a    0000000c                   : usb.obj (.text:USBLPMIntEnable)
                  00003d66    0000000c     usblib.lib : usbringbuf.obj (.text:USBRingBufInit)
                  00003d72    0000000c     rtsv7M4_T_le_v4SPD16_eabi.lib : copy_zero_init.obj (.text:decompress:ZI)
                  00003d7e    0000000a     driverlib.lib : interrupt.obj (.text:IntMasterDisable)
                  00003d88    0000000a                   : interrupt.obj (.text:IntMasterEnable)
                  00003d92    0000000a                   : usb.obj (.text:USBClockEnable)
                  00003d9c    0000000a                   : usb.obj (.text:USBControllerVersion)
                  00003da6    0000000a                   : usb.obj (.text:USBDMAChannelAddressSet)
                  00003db0    0000000a                   : usb.obj (.text:USBDMAChannelCountSet)
                  00003dba    0000000a                   : usb.obj (.text:USBDevConnect)
                  00003dc4    0000000a                   : usb.obj (.text:USBDevDisconnect)
                  00003dce    0000000a                   : usb.obj (.text:USBIntStatusEndpoint)
                  00003dd8    00000008                   : usb.obj (.text:USBDevMode)
                  00003de0    00000008                   : usb.obj (.text:USBFIFOAddrGet)
                  00003de8    00000008                   : usb.obj (.text:USBOTGMode)
                  00003df0    00000008     usblib.lib : usbdma.obj (.text:iDMAUSBChannelIntDisable)
                  00003df8    00000008                : usbdma.obj (.text:iDMAUSBChannelIntEnable)
                  00003e00    00000006     startup_ccs.obj (.text:ResetISR)
                  00003e06    00000006     usblib.lib : usbbuffer.obj (.text:USBBufferFlush)
                  00003e0c    00000006     driverlib.lib : usb.obj (.text:USBDMAChannelIntStatus)
                  00003e12    00000006                   : usb.obj (.text:USBDevLPMConfig)
                  00003e18    00000006                   : usb.obj (.text:USBLPMIntStatus)
                  00003e1e    00000006     rtsv7M4_T_le_v4SPD16_eabi.lib : copy_decompress_rle.obj (.text:decompress:rle24)
                  00003e24    00000006     usblib.lib : usbdma.obj (.text:iDMAUSBIntStatus)
                  00003e2a    00000004     driverlib.lib : usb.obj (.text:USBDevAddrSet)
                  00003e2e    00000002     --HOLE-- [fill = 0]
                  00003e30    00000004     usb_dev_cserial.obj (.text:TxHandlerEcho)
                  00003e34    00000004     rtsv7M4_T_le_v4SPD16_eabi.lib : pre_init.obj (.text)
                  00003e38    00000002     startup_ccs.obj (.text:FaultISR)
                  00003e3a    00000006     --HOLE-- [fill = 0]
                  00003e40    00000002     startup_ccs.obj (.text:IntDefaultHandler)
                  00003e42    00000006     --HOLE-- [fill = 0]
                  00003e48    00000002     startup_ccs.obj (.text:NmiSR)

.const     0    00003e4c    0000046c     
                  00003e4c    00000120     driverlib.lib : sysctl.obj (.const:g_pppui32XTALtoVCO)
                  00003f6c    00000070                   : interrupt.obj (.const)
                  00003fdc    0000006c                   : sysctl.obj (.const:g_pui32Xtals)
                  00004048    00000038     usblib.lib : usbdcdc.obj (.const)
                  00004080    00000036     usb_structs.obj (.const:.string:g_pui8ConfigString)
                  000040b6    00000002     --HOLE-- [fill = 0]
                  000040b8    00000034     usblib.lib : usbdenum.obj (.const:g_psUSBDStdRequests)
                  000040ec    00000030                : usbdcdc.obj (.const:g_sCDCHandlers)
                  0000411c    00000030                : usbdcomp.obj (.const:g_sCompHandlers)
                  0000414c    00000030     driverlib.lib : sysctl.obj (.const:g_sXTALtoMEMTIM)
                  0000417c    0000002c     usb_structs.obj (.const:.string:g_pui8ControlInterfaceString)
                  000041a8    00000024     usb_structs.obj (.const:.string:g_pui8ManufacturerString)
                  000041cc    00000024     usb_structs.obj (.const:g_psRxBuffer)
                  000041f0    00000024     usb_structs.obj (.const:g_psTxBuffer)
                  00004214    00000023     usblib.lib : usbdcdc.obj (.const:.string:g_pui8CDCSerCommInterface)
                  00004237    00000022     usb_structs.obj (.const:.string:g_pui8ProductString)
                  00004259    00000003     --HOLE-- [fill = 0]
                  0000425c    00000018     usb_structs.obj (.const)
                  00004274    00000017     usblib.lib : usbdcdc.obj (.const:.string)
                  0000428b    00000016     usb_structs.obj (.const:.string)
                  000042a1    00000003     --HOLE-- [fill = 0]
                  000042a4    00000009     usblib.lib : usbdcomp.obj (.const:.string)
                  000042ad    00000003     --HOLE-- [fill = 0]
                  000042b0    00000008     driverlib.lib : sysctl.obj (.const)

.cinit     0    000042b8    000000e0     
                  000042b8    000000ba     (.cinit..data.load) [load image, compression = rle]
                  00004372    00000002     --HOLE-- [fill = 0]
                  00004374    0000000c     (__TI_handler_table)
                  00004380    00000008     (.cinit..bss.load) [load image, compression = zero_init]
                  00004388    00000010     (__TI_cinit_table)

.init_array 
*          0    00000000    00000000     UNINITIALIZED

.bss       0    20000000    000005a0     UNINITIALIZED
                  20000000    00000110     usblib.lib : usbdma.obj (.bss:g_psUSBDMAInst)
                  20000110    00000100     usb_dev_cserial.obj (.bss:g_pcCmdBuf)
                  20000210    00000100     usb_structs.obj (.bss:g_ppcUSBTxBuffer)
                  20000310    00000100     usb_structs.obj (.bss:g_ppui8USBRxBuffer)
                  20000410    00000084     usb_dev_cserial.obj (.bss:g_pucDescriptorData)
                  20000494    00000050     usblib.lib : usbdenum.obj (.bss:g_psDCDInst)
                  200004e4    00000040                : usbdenum.obj (.bss:g_pui8DataBufferIn)
                  20000524    00000030                : usbtick.obj (.bss)
                  20000554    00000018     (.common:g_ppucTxBufferWorkspace)
                  2000056c    00000018     (.common:g_ppui8RxBufferWorkspace)
                  20000584    0000000c     (.common:g_psCompEntries)
                  20000590    00000008                : usbdenum.obj (.bss)
                  20000598    00000004                : usbdcomp.obj (.bss)
                  2000059c    00000004     (.common:g_pcStatus)

.TI.noinit 
*          0    20000000    00000000     UNINITIALIZED

.stack     0    200005a0    00000400     UNINITIALIZED
                  200005a0    00000400     --HOLE--

.data      0    200009a0    00000178     UNINITIALIZED
                  200009a0    0000007c     usb_structs.obj (.data:g_sCompDevice)
                  20000a1c    00000060     usb_structs.obj (.data:g_psCDCDevice)
                  20000a7c    00000040     usblib.lib : usbdcdc.obj (.data)
                  20000abc    00000012                : usbdcomp.obj (.data)
                  20000ace    00000002     --HOLE--
                  20000ad0    00000011     usb_dev_cserial.obj (.data)
                  20000ae1    00000003     --HOLE--
                  20000ae4    0000000c     usblib.lib : usbtick.obj (.data)
                  20000af0    00000009                : usbmode.obj (.data)
                  20000af9    00000003     --HOLE--
                  20000afc    00000008     rtsv7M4_T_le_v4SPD16_eabi.lib : _lock.obj (.data)
                  20000b04    00000008                                   : exit.obj (.data)
                  20000b0c    00000008     usblib.lib : usbdenum.obj (.data)
                  20000b14    00000004     rtsv7M4_T_le_v4SPD16_eabi.lib : stkdepth_vars.obj (.data)

.TI.persistent 
*          0    200009a0    00000000     UNINITIALIZED


LINKER GENERATED COPY TABLES

__TI_cinit_table @ 00004388 records: 2, size/record: 8, table size: 16
	.data: load addr=000042b8, load size=000000ba bytes, run addr=200009a0, run size=00000178 bytes, compression=rle
	.bss: load addr=00004380, load size=00000008 bytes, run addr=20000000, run size=000005a0 bytes, compression=zero_init


LINKER GENERATED HANDLER TABLE

__TI_handler_table @ 00004374 records: 3, size/record: 4, table size: 12
	index: 0, handler: __TI_decompress_rle24
	index: 1, handler: __TI_decompress_none
	index: 2, handler: __TI_zero_init


GLOBAL SYMBOLS: SORTED ALPHABETICALLY BY Name 

address   name                            
-------   ----                            
0000064d  BuildCompositeDescriptor        
00002e0d  C$$EXIT                         
00003d37  CPUcpsid                        
00003d43  CPUcpsie                        
0000140d  CPUwfi                          
00001411  ControlHandler                  
00003551  GPIODirModeSet                  
00000ea1  GPIOPadConfigSet                
00003bc9  GPIOPinTypeEthernetLED          
000024e5  IntDisable                      
00002545  IntEnable                       
000022f9  IntIsEnabled                    
00003d7f  IntMasterDisable                
00003d89  IntMasterEnable                 
0000312d  InternalUSBRegisterTickHandler  
00003161  InternalUSBStartOfFrameTick     
00003359  InternalUSBTickInit             
00000201  PinoutSet                       
000021b1  ProcessDataFromHost             
000026c3  ProcessDataToHost               
00003293  ProcessNotificationToHost       
00003e01  ResetISR                        
00002f79  RxHandlerCmd                    
UNDEFED   SHT$$INIT_ARRAY$$Base           
UNDEFED   SHT$$INIT_ARRAY$$Limit          
00000451  SysCtlClockFreqSet              
00003195  SysCtlPeripheralEnable          
000028cd  SysCtlPeripheralReset           
0000140d  SysCtlSleep                     
00003b29  SysCtlUSBPLLEnable              
00003e31  TxHandlerEcho                   
0000287b  ULPIConfigSet                   
00003a29  USB0DeviceIntHandler            
00003bdb  USBBufferDataAvailable          
000025a5  USBBufferEventCallback          
00003e07  USBBufferFlush                  
00003afd  USBBufferInit                   
00003669  USBBufferRead                   
000034cd  USBBufferWrite                  
00003d93  USBClockEnable                  
00003d9d  USBControllerVersion            
0000179d  USBDCDCCompositeInit            
00001bcf  USBDCDCPacketRead               
0000277d  USBDCDCPacketWrite              
00003445  USBDCDCRxPacketAvailable        
00003cd5  USBDCDCTxPacketAvailable        
0000291d  USBDCDConfigDescGet             
0000357b  USBDCDConfigDescGetNum          
00003a41  USBDCDConfigDescGetSize         
00003917  USBDCDConfigGetInterface        
00002e91  USBDCDConfigGetInterfaceEndpoint
00002d41  USBDCDDeviceInfoInit            
00000ad9  USBDCDInit                      
00003b3d  USBDCDRequestDataEP0            
00003b51  USBDCDSendDataEP0               
00003935  USBDCDStallEP0                  
0000133d  USBDCompositeInit               
00003da7  USBDMAChannelAddressSet         
00003c29  USBDMAChannelConfigSet          
00003db1  USBDMAChannelCountSet           
00003c3b  USBDMAChannelDisable            
00003c4d  USBDMAChannelEnable             
00003c5f  USBDMAChannelIntDisable         
00003c71  USBDMAChannelIntEnable          
00003e0d  USBDMAChannelIntStatus          
00003ce3  USBDMAChannelStatus             
000034f9  USBDescGet                      
000035a5  USBDescGetNum                   
00003e2b  USBDevAddrSet                   
00003dbb  USBDevConnect                   
00003dc5  USBDevDisconnect                
00001e81  USBDevEndpointConfigSet         
000036b1  USBDevEndpointDataAck           
000032c5  USBDevEndpointStall             
00002af1  USBDevEndpointStallClear        
00002665  USBDevEndpointStatusClear       
00003e13  USBDevLPMConfig                 
00003cf1  USBDevLPMDisable                
00003cff  USBDevLPMEnable                 
00003dd9  USBDevMode                      
00000c21  USBDeviceConfig                 
00001ced  USBDeviceConfigAlternate        
00001195  USBDeviceEnumHandler            
00002d85  USBDeviceEnumResetHandler       
00000d61  USBDeviceIntHandlerInternal     
0000296d  USBDeviceResumeTickHandler      
000039bf  USBEndpointDMAChannel           
00002b3d  USBEndpointDMAConfigSet         
000036d5  USBEndpointDMADisable           
000036f9  USBEndpointDMAEnable            
00003951  USBEndpointDataAvail            
00002dc9  USBEndpointDataGet              
000033b9  USBEndpointDataPut              
00003473  USBEndpointDataSend             
00003d4f  USBEndpointPacketCountSet       
00003ca7  USBEndpointStatus               
00003de1  USBFIFOAddrGet                  
00002ecb  USBFIFOConfigSet                
00003b65  USBHostResume                   
000035cd  USBIntEnableControl             
00003b79  USBIntEnableEndpoint            
00002fb1  USBIntStatusControl             
00003dcf  USBIntStatusEndpoint            
00003d5b  USBLPMIntEnable                 
00003e19  USBLPMIntStatus                 
00000825  USBLibDMAInit                   
00003de9  USBOTGMode                      
00003869  USBRingBufAdvanceRead           
000030f7  USBRingBufAdvanceWrite          
0000396d  USBRingBufContigFree            
00003cb7  USBRingBufContigUsed            
00003b8d  USBRingBufFlush                 
00003c83  USBRingBufFree                  
00003d67  USBRingBufInit                  
000039d9  USBRingBufRead                  
000039f3  USBRingBufReadOne               
00003b13  USBRingBufUsed                  
00003a0d  USBRingBufWrite                 
00003c95  USBRingBufWriteOne              
00003d0d  USBULPIDisable                  
00003d1b  USBULPIEnable                   
00003887  USBULPIRegRead                  
000038a5  USBULPIRegWrite                 
200009a0  __STACK_END                     
00000400  __STACK_SIZE                    
200009a0  __STACK_TOP                     
00004388  __TI_CINIT_Base                 
00004398  __TI_CINIT_Limit                
00004374  __TI_Handler_Table_Base         
00004380  __TI_Handler_Table_Limit        
00002221  __TI_auto_init                  
20000b04  __TI_cleanup_ptr                
00003d29  __TI_decompress_none            
00003e1f  __TI_decompress_rle24           
20000b08  __TI_dtors_ptr                  
00000000  __TI_static_base__              
00003d73  __TI_zero_init                  
00001efb  __aeabi_memclr                  
00001efb  __aeabi_memclr4                 
00001efb  __aeabi_memclr8                 
000018df  __aeabi_memcpy                  
000018df  __aeabi_memcpy4                 
000018df  __aeabi_memcpy8                 
00001efd  __aeabi_memset                  
00001efd  __aeabi_memset4                 
00001efd  __aeabi_memset8                 
ffffffff  __binit__                       
ffffffff  __c_args__                      
200005a0  __stack                         
00003a89  _args_main                      
000029bd  _c_int00                        
20000afc  _lock                           
00003bc3  _nop                            
00003bbb  _register_lock                  
00003bb5  _register_unlock                
00003e35  _system_pre_init                
20000b00  _unlock                         
00002e11  abort                           
ffffffff  binit                           
00002b89  copy_in                         
00002e19  exit                            
20000ae4  g_bUSBTimerInitialized          
20000af0  g_iUSBMode                      
0000407c  g_pCDCCompSerConfigDescriptors  
2000059c  g_pcStatus                      
20000524  g_pfnTickHandlers               
00000000  g_pfnVectors                    
00004078  g_ppCDCSerConfigDescriptors     
20000598  g_ppCompConfigDescriptors       
20000210  g_ppcUSBTxBuffer                
20000594  g_ppsDevInfo                    
20000554  g_ppucTxBufferWorkspace         
2000056c  g_ppui8RxBufferWorkspace        
20000310  g_ppui8USBRxBuffer              
20000aac  g_psCDCCompSerSections          
20000a1c  g_psCDCDevice                   
20000aa0  g_psCDCSerSections              
20000584  g_psCompEntries                 
20000494  g_psDCDInst                     
000041cc  g_psRxBuffer                    
000041f0  g_psTxBuffer                    
20000410  g_pucDescriptorData             
00004214  g_pui8CDCSerCommInterface       
00004274  g_pui8CDCSerDataInterface       
20000a8e  g_pui8CDCSerDescriptor          
20000a7c  g_pui8CDCSerDeviceDescriptor    
00004080  g_pui8ConfigString              
0000417c  g_pui8ControlInterfaceString    
20000a97  g_pui8IADSerDescriptor          
0000428b  g_pui8LangDescriptor            
000041a8  g_pui8ManufacturerString        
00004237  g_pui8ProductString             
0000428f  g_pui8SerialNumberString        
0000425c  g_pui8StringDescriptors         
2000053c  g_pvTickInstance                
00004070  g_sCDCCompSerConfigHeader       
000040ec  g_sCDCHandlers                  
00004058  g_sCDCSerCommInterfaceSection   
00004068  g_sCDCSerConfigHeader           
00004048  g_sCDCSerConfigSection          
00004060  g_sCDCSerDataInterfaceSection   
200009a0  g_sCompDevice                   
0000411c  g_sCompHandlers                 
00004050  g_sIADSerConfigSection          
20000ae8  g_ui32CurrentUSBTick            
20000adc  g_ui32Flags                     
20000ad0  g_ui32SysClock                  
20000ad8  g_ui32UARTRxCount               
20000ad4  g_ui32UARTTxCount               
20000aec  g_ui32USBSOFCount               
20000af4  g_ui32WaitTicks                 
00001841  main                            
20000b14  main_func_sp                    
000018df  memcpy                          
00001f03  memset                          
00002cb1  uDMAChannelAttributeDisable     
0000371d  uDMAChannelControlSet           
00003aa1  uDMAChannelDisable              
00003ab9  uDMAChannelEnable               
0000361d  uDMAChannelModeGet              
00001e01  uDMAChannelTransferSet          


GLOBAL SYMBOLS: SORTED BY Symbol Address 

address   name                            
-------   ----                            
00000000  __TI_static_base__              
00000000  g_pfnVectors                    
00000201  PinoutSet                       
00000400  __STACK_SIZE                    
00000451  SysCtlClockFreqSet              
0000064d  BuildCompositeDescriptor        
00000825  USBLibDMAInit                   
00000ad9  USBDCDInit                      
00000c21  USBDeviceConfig                 
00000d61  USBDeviceIntHandlerInternal     
00000ea1  GPIOPadConfigSet                
00001195  USBDeviceEnumHandler            
0000133d  USBDCompositeInit               
0000140d  CPUwfi                          
0000140d  SysCtlSleep                     
00001411  ControlHandler                  
0000179d  USBDCDCCompositeInit            
00001841  main                            
000018df  __aeabi_memcpy                  
000018df  __aeabi_memcpy4                 
000018df  __aeabi_memcpy8                 
000018df  memcpy                          
00001bcf  USBDCDCPacketRead               
00001ced  USBDeviceConfigAlternate        
00001e01  uDMAChannelTransferSet          
00001e81  USBDevEndpointConfigSet         
00001efb  __aeabi_memclr                  
00001efb  __aeabi_memclr4                 
00001efb  __aeabi_memclr8                 
00001efd  __aeabi_memset                  
00001efd  __aeabi_memset4                 
00001efd  __aeabi_memset8                 
00001f03  memset                          
000021b1  ProcessDataFromHost             
00002221  __TI_auto_init                  
000022f9  IntIsEnabled                    
000024e5  IntDisable                      
00002545  IntEnable                       
000025a5  USBBufferEventCallback          
00002665  USBDevEndpointStatusClear       
000026c3  ProcessDataToHost               
0000277d  USBDCDCPacketWrite              
0000287b  ULPIConfigSet                   
000028cd  SysCtlPeripheralReset           
0000291d  USBDCDConfigDescGet             
0000296d  USBDeviceResumeTickHandler      
000029bd  _c_int00                        
00002af1  USBDevEndpointStallClear        
00002b3d  USBEndpointDMAConfigSet         
00002b89  copy_in                         
00002cb1  uDMAChannelAttributeDisable     
00002d41  USBDCDDeviceInfoInit            
00002d85  USBDeviceEnumResetHandler       
00002dc9  USBEndpointDataGet              
00002e0d  C$$EXIT                         
00002e11  abort                           
00002e19  exit                            
00002e91  USBDCDConfigGetInterfaceEndpoint
00002ecb  USBFIFOConfigSet                
00002f79  RxHandlerCmd                    
00002fb1  USBIntStatusControl             
000030f7  USBRingBufAdvanceWrite          
0000312d  InternalUSBRegisterTickHandler  
00003161  InternalUSBStartOfFrameTick     
00003195  SysCtlPeripheralEnable          
00003293  ProcessNotificationToHost       
000032c5  USBDevEndpointStall             
00003359  InternalUSBTickInit             
000033b9  USBEndpointDataPut              
00003445  USBDCDCRxPacketAvailable        
00003473  USBEndpointDataSend             
000034cd  USBBufferWrite                  
000034f9  USBDescGet                      
00003551  GPIODirModeSet                  
0000357b  USBDCDConfigDescGetNum          
000035a5  USBDescGetNum                   
000035cd  USBIntEnableControl             
0000361d  uDMAChannelModeGet              
00003669  USBBufferRead                   
000036b1  USBDevEndpointDataAck           
000036d5  USBEndpointDMADisable           
000036f9  USBEndpointDMAEnable            
0000371d  uDMAChannelControlSet           
00003869  USBRingBufAdvanceRead           
00003887  USBULPIRegRead                  
000038a5  USBULPIRegWrite                 
00003917  USBDCDConfigGetInterface        
00003935  USBDCDStallEP0                  
00003951  USBEndpointDataAvail            
0000396d  USBRingBufContigFree            
000039bf  USBEndpointDMAChannel           
000039d9  USBRingBufRead                  
000039f3  USBRingBufReadOne               
00003a0d  USBRingBufWrite                 
00003a29  USB0DeviceIntHandler            
00003a41  USBDCDConfigDescGetSize         
00003a89  _args_main                      
00003aa1  uDMAChannelDisable              
00003ab9  uDMAChannelEnable               
00003afd  USBBufferInit                   
00003b13  USBRingBufUsed                  
00003b29  SysCtlUSBPLLEnable              
00003b3d  USBDCDRequestDataEP0            
00003b51  USBDCDSendDataEP0               
00003b65  USBHostResume                   
00003b79  USBIntEnableEndpoint            
00003b8d  USBRingBufFlush                 
00003bb5  _register_unlock                
00003bbb  _register_lock                  
00003bc3  _nop                            
00003bc9  GPIOPinTypeEthernetLED          
00003bdb  USBBufferDataAvailable          
00003c29  USBDMAChannelConfigSet          
00003c3b  USBDMAChannelDisable            
00003c4d  USBDMAChannelEnable             
00003c5f  USBDMAChannelIntDisable         
00003c71  USBDMAChannelIntEnable          
00003c83  USBRingBufFree                  
00003c95  USBRingBufWriteOne              
00003ca7  USBEndpointStatus               
00003cb7  USBRingBufContigUsed            
00003cd5  USBDCDCTxPacketAvailable        
00003ce3  USBDMAChannelStatus             
00003cf1  USBDevLPMDisable                
00003cff  USBDevLPMEnable                 
00003d0d  USBULPIDisable                  
00003d1b  USBULPIEnable                   
00003d29  __TI_decompress_none            
00003d37  CPUcpsid                        
00003d43  CPUcpsie                        
00003d4f  USBEndpointPacketCountSet       
00003d5b  USBLPMIntEnable                 
00003d67  USBRingBufInit                  
00003d73  __TI_zero_init                  
00003d7f  IntMasterDisable                
00003d89  IntMasterEnable                 
00003d93  USBClockEnable                  
00003d9d  USBControllerVersion            
00003da7  USBDMAChannelAddressSet         
00003db1  USBDMAChannelCountSet           
00003dbb  USBDevConnect                   
00003dc5  USBDevDisconnect                
00003dcf  USBIntStatusEndpoint            
00003dd9  USBDevMode                      
00003de1  USBFIFOAddrGet                  
00003de9  USBOTGMode                      
00003e01  ResetISR                        
00003e07  USBBufferFlush                  
00003e0d  USBDMAChannelIntStatus          
00003e13  USBDevLPMConfig                 
00003e19  USBLPMIntStatus                 
00003e1f  __TI_decompress_rle24           
00003e2b  USBDevAddrSet                   
00003e31  TxHandlerEcho                   
00003e35  _system_pre_init                
00004048  g_sCDCSerConfigSection          
00004050  g_sIADSerConfigSection          
00004058  g_sCDCSerCommInterfaceSection   
00004060  g_sCDCSerDataInterfaceSection   
00004068  g_sCDCSerConfigHeader           
00004070  g_sCDCCompSerConfigHeader       
00004078  g_ppCDCSerConfigDescriptors     
0000407c  g_pCDCCompSerConfigDescriptors  
00004080  g_pui8ConfigString              
000040ec  g_sCDCHandlers                  
0000411c  g_sCompHandlers                 
0000417c  g_pui8ControlInterfaceString    
000041a8  g_pui8ManufacturerString        
000041cc  g_psRxBuffer                    
000041f0  g_psTxBuffer                    
00004214  g_pui8CDCSerCommInterface       
00004237  g_pui8ProductString             
0000425c  g_pui8StringDescriptors         
00004274  g_pui8CDCSerDataInterface       
0000428b  g_pui8LangDescriptor            
0000428f  g_pui8SerialNumberString        
00004374  __TI_Handler_Table_Base         
00004380  __TI_Handler_Table_Limit        
00004388  __TI_CINIT_Base                 
00004398  __TI_CINIT_Limit                
20000210  g_ppcUSBTxBuffer                
20000310  g_ppui8USBRxBuffer              
20000410  g_pucDescriptorData             
20000494  g_psDCDInst                     
20000524  g_pfnTickHandlers               
2000053c  g_pvTickInstance                
20000554  g_ppucTxBufferWorkspace         
2000056c  g_ppui8RxBufferWorkspace        
20000584  g_psCompEntries                 
20000594  g_ppsDevInfo                    
20000598  g_ppCompConfigDescriptors       
2000059c  g_pcStatus                      
200005a0  __stack                         
200009a0  __STACK_END                     
200009a0  __STACK_TOP                     
200009a0  g_sCompDevice                   
20000a1c  g_psCDCDevice                   
20000a7c  g_pui8CDCSerDeviceDescriptor    
20000a8e  g_pui8CDCSerDescriptor          
20000a97  g_pui8IADSerDescriptor          
20000aa0  g_psCDCSerSections              
20000aac  g_psCDCCompSerSections          
20000ad0  g_ui32SysClock                  
20000ad4  g_ui32UARTTxCount               
20000ad8  g_ui32UARTRxCount               
20000adc  g_ui32Flags                     
20000ae4  g_bUSBTimerInitialized          
20000ae8  g_ui32CurrentUSBTick            
20000aec  g_ui32USBSOFCount               
20000af0  g_iUSBMode                      
20000af4  g_ui32WaitTicks                 
20000afc  _lock                           
20000b00  _unlock                         
20000b04  __TI_cleanup_ptr                
20000b08  __TI_dtors_ptr                  
20000b14  main_func_sp                    
ffffffff  __binit__                       
ffffffff  __c_args__                      
ffffffff  binit                           
UNDEFED   SHT$$INIT_ARRAY$$Base           
UNDEFED   SHT$$INIT_ARRAY$$Limit          

[221 symbols]
