<?xml version="1.0"?>
<link_info>
   <banner>TI ARM Linker PC v5.2.7</banner>
   <copyright>Copyright (c) 1996-2015 Texas Instruments Incorporated</copyright>
   <link_time>0x57adb41d</link_time>
   <link_errors>0x0</link_errors>
   <output_file>usb_dev_cserial.out</output_file>
   <entry_point>
      <name>_c_int00</name>
      <address>0x29bd</address>
   </entry_point>
   <input_file_list>
      <input_file id="fl-2">
         <path>.\</path>
         <kind>object</kind>
         <file>startup_ccs.obj</file>
         <name>startup_ccs.obj</name>
      </input_file>
      <input_file id="fl-3">
         <path>.\</path>
         <kind>object</kind>
         <file>usb_dev_cserial.obj</file>
         <name>usb_dev_cserial.obj</name>
      </input_file>
      <input_file id="fl-4">
         <path>.\</path>
         <kind>object</kind>
         <file>usb_structs.obj</file>
         <name>usb_structs.obj</name>
      </input_file>
      <input_file id="fl-5">
         <path>.\utils\</path>
         <kind>object</kind>
         <file>cmdline.obj</file>
         <name>cmdline.obj</name>
      </input_file>
      <input_file id="fl-6">
         <path>.\utils\</path>
         <kind>object</kind>
         <file>ustdlib.obj</file>
         <name>ustdlib.obj</name>
      </input_file>
      <input_file id="fl-7">
         <path>.\drivers\</path>
         <kind>object</kind>
         <file>pinout.obj</file>
         <name>pinout.obj</name>
      </input_file>
      <input_file id="fl-12f">
         <path>C:\ti\ccsv6\tools\compiler\ti-cgt-arm_5.2.7\lib\</path>
         <kind>archive</kind>
         <file>rtsv7M4_T_le_v4SPD16_eabi.lib</file>
         <name>boot.obj</name>
      </input_file>
      <input_file id="fl-130">
         <path>C:\ti\ccsv6\tools\compiler\ti-cgt-arm_5.2.7\lib\</path>
         <kind>archive</kind>
         <file>rtsv7M4_T_le_v4SPD16_eabi.lib</file>
         <name>copy_decompress_none.obj</name>
      </input_file>
      <input_file id="fl-131">
         <path>C:\ti\ccsv6\tools\compiler\ti-cgt-arm_5.2.7\lib\</path>
         <kind>archive</kind>
         <file>rtsv7M4_T_le_v4SPD16_eabi.lib</file>
         <name>copy_decompress_rle.obj</name>
      </input_file>
      <input_file id="fl-132">
         <path>C:\ti\ccsv6\tools\compiler\ti-cgt-arm_5.2.7\lib\</path>
         <kind>archive</kind>
         <file>rtsv7M4_T_le_v4SPD16_eabi.lib</file>
         <name>copy_zero_init.obj</name>
      </input_file>
      <input_file id="fl-133">
         <path>C:\ti\ccsv6\tools\compiler\ti-cgt-arm_5.2.7\lib\</path>
         <kind>archive</kind>
         <file>rtsv7M4_T_le_v4SPD16_eabi.lib</file>
         <name>exit.obj</name>
      </input_file>
      <input_file id="fl-134">
         <path>C:\ti\ccsv6\tools\compiler\ti-cgt-arm_5.2.7\lib\</path>
         <kind>archive</kind>
         <file>rtsv7M4_T_le_v4SPD16_eabi.lib</file>
         <name>memcpy_t2.obj</name>
      </input_file>
      <input_file id="fl-135">
         <path>C:\ti\ccsv6\tools\compiler\ti-cgt-arm_5.2.7\lib\</path>
         <kind>archive</kind>
         <file>rtsv7M4_T_le_v4SPD16_eabi.lib</file>
         <name>memset_t2.obj</name>
      </input_file>
      <input_file id="fl-136">
         <path>C:\ti\ccsv6\tools\compiler\ti-cgt-arm_5.2.7\lib\</path>
         <kind>archive</kind>
         <file>rtsv7M4_T_le_v4SPD16_eabi.lib</file>
         <name>pre_init.obj</name>
      </input_file>
      <input_file id="fl-137">
         <path>C:\ti\ccsv6\tools\compiler\ti-cgt-arm_5.2.7\lib\</path>
         <kind>archive</kind>
         <file>rtsv7M4_T_le_v4SPD16_eabi.lib</file>
         <name>stkdepth_vars.obj</name>
      </input_file>
      <input_file id="fl-138">
         <path>C:\ti\ccsv6\tools\compiler\ti-cgt-arm_5.2.7\lib\</path>
         <kind>archive</kind>
         <file>rtsv7M4_T_le_v4SPD16_eabi.lib</file>
         <name>u_divt2.obj</name>
      </input_file>
      <input_file id="fl-139">
         <path>C:\ti\ccsv6\tools\compiler\ti-cgt-arm_5.2.7\lib\</path>
         <kind>archive</kind>
         <file>rtsv7M4_T_le_v4SPD16_eabi.lib</file>
         <name>_lock.obj</name>
      </input_file>
      <input_file id="fl-13a">
         <path>C:\ti\ccsv6\tools\compiler\ti-cgt-arm_5.2.7\lib\</path>
         <kind>archive</kind>
         <file>rtsv7M4_T_le_v4SPD16_eabi.lib</file>
         <name>args_main.obj</name>
      </input_file>
      <input_file id="fl-13b">
         <path>C:\ti\ccsv6\tools\compiler\ti-cgt-arm_5.2.7\lib\</path>
         <kind>archive</kind>
         <file>rtsv7M4_T_le_v4SPD16_eabi.lib</file>
         <name>autoinit.obj</name>
      </input_file>
      <input_file id="fl-13c">
         <path>C:\ti\ccsv6\tools\compiler\ti-cgt-arm_5.2.7\lib\</path>
         <kind>archive</kind>
         <file>rtsv7M4_T_le_v4SPD16_eabi.lib</file>
         <name>cpy_tbl.obj</name>
      </input_file>
      <input_file id="fl-13d">
         <path>C:\ti\ccsv6\tools\compiler\ti-cgt-arm_5.2.7\lib\</path>
         <kind>archive</kind>
         <file>rtsv7M4_T_le_v4SPD16_eabi.lib</file>
         <name>i_div0.obj</name>
      </input_file>
      <input_file id="fl-13e">
         <path>C:\ti\SW-TM4C-2.1.0.12573_2\examples\boards\ek-tm4c1294xl\usb_dev_cserial\ccs\..\..\..\..\..\driverlib\ccs\Debug\</path>
         <kind>archive</kind>
         <file>driverlib.lib</file>
         <name>sysctl.obj</name>
      </input_file>
      <input_file id="fl-13f">
         <path>C:\ti\SW-TM4C-2.1.0.12573_2\examples\boards\ek-tm4c1294xl\usb_dev_cserial\ccs\..\..\..\..\..\driverlib\ccs\Debug\</path>
         <kind>archive</kind>
         <file>driverlib.lib</file>
         <name>interrupt.obj</name>
      </input_file>
      <input_file id="fl-140">
         <path>C:\ti\SW-TM4C-2.1.0.12573_2\examples\boards\ek-tm4c1294xl\usb_dev_cserial\ccs\..\..\..\..\..\driverlib\ccs\Debug\</path>
         <kind>archive</kind>
         <file>driverlib.lib</file>
         <name>gpio.obj</name>
      </input_file>
      <input_file id="fl-141">
         <path>C:\ti\SW-TM4C-2.1.0.12573_2\examples\boards\ek-tm4c1294xl\usb_dev_cserial\ccs\..\..\..\..\..\driverlib\ccs\Debug\</path>
         <kind>archive</kind>
         <file>driverlib.lib</file>
         <name>cpu.obj</name>
      </input_file>
      <input_file id="fl-142">
         <path>C:\ti\SW-TM4C-2.1.0.12573_2\examples\boards\ek-tm4c1294xl\usb_dev_cserial\ccs\..\..\..\..\..\usblib\ccs\Debug\</path>
         <kind>archive</kind>
         <file>usblib.lib</file>
         <name>usbdhandler.obj</name>
      </input_file>
      <input_file id="fl-143">
         <path>C:\ti\SW-TM4C-2.1.0.12573_2\examples\boards\ek-tm4c1294xl\usb_dev_cserial\ccs\..\..\..\..\..\usblib\ccs\Debug\</path>
         <kind>archive</kind>
         <file>usblib.lib</file>
         <name>usbdenum.obj</name>
      </input_file>
      <input_file id="fl-144">
         <path>C:\ti\SW-TM4C-2.1.0.12573_2\examples\boards\ek-tm4c1294xl\usb_dev_cserial\ccs\..\..\..\..\..\usblib\ccs\Debug\</path>
         <kind>archive</kind>
         <file>usblib.lib</file>
         <name>usbdconfig.obj</name>
      </input_file>
      <input_file id="fl-145">
         <path>C:\ti\SW-TM4C-2.1.0.12573_2\examples\boards\ek-tm4c1294xl\usb_dev_cserial\ccs\..\..\..\..\..\usblib\ccs\Debug\</path>
         <kind>archive</kind>
         <file>usblib.lib</file>
         <name>usbdcomp.obj</name>
      </input_file>
      <input_file id="fl-146">
         <path>C:\ti\SW-TM4C-2.1.0.12573_2\examples\boards\ek-tm4c1294xl\usb_dev_cserial\ccs\..\..\..\..\..\usblib\ccs\Debug\</path>
         <kind>archive</kind>
         <file>usblib.lib</file>
         <name>usbdcdesc.obj</name>
      </input_file>
      <input_file id="fl-147">
         <path>C:\ti\SW-TM4C-2.1.0.12573_2\examples\boards\ek-tm4c1294xl\usb_dev_cserial\ccs\..\..\..\..\..\usblib\ccs\Debug\</path>
         <kind>archive</kind>
         <file>usblib.lib</file>
         <name>usbdcdc.obj</name>
      </input_file>
      <input_file id="fl-148">
         <path>C:\ti\SW-TM4C-2.1.0.12573_2\examples\boards\ek-tm4c1294xl\usb_dev_cserial\ccs\..\..\..\..\..\usblib\ccs\Debug\</path>
         <kind>archive</kind>
         <file>usblib.lib</file>
         <name>usbulpi.obj</name>
      </input_file>
      <input_file id="fl-149">
         <path>C:\ti\SW-TM4C-2.1.0.12573_2\examples\boards\ek-tm4c1294xl\usb_dev_cserial\ccs\..\..\..\..\..\usblib\ccs\Debug\</path>
         <kind>archive</kind>
         <file>usblib.lib</file>
         <name>usbtick.obj</name>
      </input_file>
      <input_file id="fl-14a">
         <path>C:\ti\SW-TM4C-2.1.0.12573_2\examples\boards\ek-tm4c1294xl\usb_dev_cserial\ccs\..\..\..\..\..\usblib\ccs\Debug\</path>
         <kind>archive</kind>
         <file>usblib.lib</file>
         <name>usbmode.obj</name>
      </input_file>
      <input_file id="fl-14b">
         <path>C:\ti\SW-TM4C-2.1.0.12573_2\examples\boards\ek-tm4c1294xl\usb_dev_cserial\ccs\..\..\..\..\..\usblib\ccs\Debug\</path>
         <kind>archive</kind>
         <file>usblib.lib</file>
         <name>usbdma.obj</name>
      </input_file>
      <input_file id="fl-14c">
         <path>C:\ti\SW-TM4C-2.1.0.12573_2\examples\boards\ek-tm4c1294xl\usb_dev_cserial\ccs\..\..\..\..\..\usblib\ccs\Debug\</path>
         <kind>archive</kind>
         <file>usblib.lib</file>
         <name>usbdesc.obj</name>
      </input_file>
      <input_file id="fl-14d">
         <path>C:\ti\SW-TM4C-2.1.0.12573_2\examples\boards\ek-tm4c1294xl\usb_dev_cserial\ccs\..\..\..\..\..\usblib\ccs\Debug\</path>
         <kind>archive</kind>
         <file>usblib.lib</file>
         <name>usbbuffer.obj</name>
      </input_file>
      <input_file id="fl-14e">
         <path>C:\ti\SW-TM4C-2.1.0.12573_2\examples\boards\ek-tm4c1294xl\usb_dev_cserial\ccs\..\..\..\..\..\usblib\ccs\Debug\</path>
         <kind>archive</kind>
         <file>usblib.lib</file>
         <name>usbhostenum.obj</name>
      </input_file>
      <input_file id="fl-14f">
         <path>C:\ti\SW-TM4C-2.1.0.12573_2\examples\boards\ek-tm4c1294xl\usb_dev_cserial\ccs\..\..\..\..\..\usblib\ccs\Debug\</path>
         <kind>archive</kind>
         <file>usblib.lib</file>
         <name>usbhhub.obj</name>
      </input_file>
      <input_file id="fl-150">
         <path>C:\ti\SW-TM4C-2.1.0.12573_2\examples\boards\ek-tm4c1294xl\usb_dev_cserial\ccs\..\..\..\..\..\usblib\ccs\Debug\</path>
         <kind>archive</kind>
         <file>usblib.lib</file>
         <name>usbringbuf.obj</name>
      </input_file>
      <input_file id="fl-151">
         <path>C:\ti\SW-TM4C-2.1.0.12573_2\examples\boards\ek-tm4c1294xl\usb_dev_cserial\ccs\..\..\..\..\..\driverlib\ccs\Debug\</path>
         <kind>archive</kind>
         <file>driverlib.lib</file>
         <name>usb.obj</name>
      </input_file>
      <input_file id="fl-152">
         <path>C:\ti\SW-TM4C-2.1.0.12573_2\examples\boards\ek-tm4c1294xl\usb_dev_cserial\ccs\..\..\..\..\..\driverlib\ccs\Debug\</path>
         <kind>archive</kind>
         <file>driverlib.lib</file>
         <name>udma.obj</name>
      </input_file>
   </input_file_list>
   <object_component_list>
      <object_component id="oc-f">
         <name>.intvecs</name>
         <load_address>0x0</load_address>
         <run_address>0x0</run_address>
         <size>0x200</size>
         <input_file_ref idref="fl-2"/>
      </object_component>
      <object_component id="oc-139">
         <name>.text:PinoutSet</name>
         <load_address>0x200</load_address>
         <run_address>0x200</run_address>
         <size>0x24e</size>
         <input_file_ref idref="fl-7"/>
      </object_component>
      <object_component id="oc-65b">
         <name>.text:iDMAUSBArbSizeSet</name>
         <load_address>0x44e</load_address>
         <run_address>0x44e</run_address>
         <size>0x2</size>
         <input_file_ref idref="fl-14b"/>
      </object_component>
      <object_component id="oc-130">
         <name>.text:SysCtlClockFreqSet</name>
         <load_address>0x450</load_address>
         <run_address>0x450</run_address>
         <size>0x1fc</size>
         <input_file_ref idref="fl-13e"/>
      </object_component>
      <object_component id="oc-2a7">
         <name>.text:BuildCompositeDescriptor</name>
         <load_address>0x64c</load_address>
         <run_address>0x64c</run_address>
         <size>0x1d8</size>
         <input_file_ref idref="fl-145"/>
      </object_component>
      <object_component id="oc-463">
         <name>.text:USBLibDMAInit</name>
         <load_address>0x824</load_address>
         <run_address>0x824</run_address>
         <size>0x160</size>
         <input_file_ref idref="fl-14b"/>
      </object_component>
      <object_component id="oc-1bf">
         <name>.text:USBDEP0StateTxConfig</name>
         <load_address>0x984</load_address>
         <run_address>0x984</run_address>
         <size>0x154</size>
         <input_file_ref idref="fl-143"/>
      </object_component>
      <object_component id="oc-2ad">
         <name>.text:USBDCDInit</name>
         <load_address>0xad8</load_address>
         <run_address>0xad8</run_address>
         <size>0x148</size>
         <input_file_ref idref="fl-143"/>
      </object_component>
      <object_component id="oc-6db">
         <name>.text:USBDeviceConfig</name>
         <load_address>0xc20</load_address>
         <run_address>0xc20</run_address>
         <size>0x140</size>
         <input_file_ref idref="fl-144"/>
      </object_component>
      <object_component id="oc-96">
         <name>.text:USBDeviceIntHandlerInternal</name>
         <load_address>0xd60</load_address>
         <run_address>0xd60</run_address>
         <size>0x140</size>
         <input_file_ref idref="fl-143"/>
      </object_component>
      <object_component id="oc-208">
         <name>.text:GPIOPadConfigSet</name>
         <load_address>0xea0</load_address>
         <run_address>0xea0</run_address>
         <size>0x130</size>
         <input_file_ref idref="fl-140"/>
      </object_component>
      <object_component id="oc-67f">
         <name>.text:iDMAUSBTransfer</name>
         <load_address>0xfd0</load_address>
         <run_address>0xfd0</run_address>
         <size>0xe8</size>
         <input_file_ref idref="fl-14b"/>
      </object_component>
      <object_component id="oc-507">
         <name>.text:USBDGetDescriptor</name>
         <load_address>0x10b8</load_address>
         <run_address>0x10b8</run_address>
         <size>0xdc</size>
         <input_file_ref idref="fl-143"/>
      </object_component>
      <object_component id="oc-103">
         <name>.text:USBDeviceEnumHandler</name>
         <load_address>0x1194</load_address>
         <run_address>0x1194</run_address>
         <size>0xd8</size>
         <input_file_ref idref="fl-143"/>
      </object_component>
      <object_component id="oc-3a8">
         <name>.text:HandleRequests</name>
         <load_address>0x126c</load_address>
         <run_address>0x126c</run_address>
         <size>0xd0</size>
         <input_file_ref idref="fl-147"/>
      </object_component>
      <object_component id="oc-15d">
         <name>.text:USBDCompositeInit</name>
         <load_address>0x133c</load_address>
         <run_address>0x133c</run_address>
         <size>0xd0</size>
         <input_file_ref idref="fl-145"/>
      </object_component>
      <object_component id="oc-163">
         <name>.text:CPUwfi</name>
         <load_address>0x140c</load_address>
         <run_address>0x140c</run_address>
         <size>0x4</size>
         <input_file_ref idref="fl-141"/>
      </object_component>
      <object_component id="oc-24e">
         <name>.text:ControlHandler</name>
         <load_address>0x1410</load_address>
         <run_address>0x1410</run_address>
         <size>0xc4</size>
         <input_file_ref idref="fl-3"/>
      </object_component>
      <object_component id="oc-60d">
         <name>.text:uDMAUSBChannelAllocate</name>
         <load_address>0x14d4</load_address>
         <run_address>0x14d4</run_address>
         <size>0xc0</size>
         <input_file_ref idref="fl-14b"/>
      </object_component>
      <object_component id="oc-64f">
         <name>.text:uDMAUSBTransfer</name>
         <load_address>0x1594</load_address>
         <run_address>0x1594</run_address>
         <size>0xba</size>
         <input_file_ref idref="fl-14b"/>
      </object_component>
      <object_component id="oc-38d">
         <name>.text:HandleRxAvailable</name>
         <load_address>0x164e</load_address>
         <run_address>0x164e</run_address>
         <size>0xac</size>
         <input_file_ref idref="fl-14d"/>
      </object_component>
      <object_component id="oc-3d2">
         <name>.text:HandleDevice</name>
         <load_address>0x16fa</load_address>
         <run_address>0x16fa</run_address>
         <size>0xa2</size>
         <input_file_ref idref="fl-147"/>
      </object_component>
      <object_component id="oc-151">
         <name>.text:USBDCDCCompositeInit</name>
         <load_address>0x179c</load_address>
         <run_address>0x179c</run_address>
         <size>0xa0</size>
         <input_file_ref idref="fl-147"/>
      </object_component>
      <object_component id="oc-649">
         <name>.text:DMAUSBStatus</name>
         <load_address>0x183c</load_address>
         <run_address>0x183c</run_address>
         <size>0x4</size>
         <input_file_ref idref="fl-14b"/>
      </object_component>
      <object_component id="oc-c5">
         <name>.text:main</name>
         <load_address>0x1840</load_address>
         <run_address>0x1840</run_address>
         <size>0x9e</size>
         <input_file_ref idref="fl-3"/>
      </object_component>
      <object_component id="oc-4b">
         <name>.text</name>
         <load_address>0x18de</load_address>
         <run_address>0x18de</run_address>
         <size>0x9c</size>
         <input_file_ref idref="fl-134"/>
      </object_component>
      <object_component id="oc-697">
         <name>.text:iDMAUSBUnitSizeSet</name>
         <load_address>0x197a</load_address>
         <run_address>0x197a</run_address>
         <size>0x2</size>
         <input_file_ref idref="fl-14b"/>
      </object_component>
      <object_component id="oc-525">
         <name>.text:USBDSetInterface</name>
         <load_address>0x197c</load_address>
         <run_address>0x197c</run_address>
         <size>0x98</size>
         <input_file_ref idref="fl-143"/>
      </object_component>
      <object_component id="oc-738">
         <name>.text:SendSerialState</name>
         <load_address>0x1a14</load_address>
         <run_address>0x1a14</run_address>
         <size>0x96</size>
         <input_file_ref idref="fl-147"/>
      </object_component>
      <object_component id="oc-290">
         <name>.text:CDCTickHandler</name>
         <load_address>0x1aaa</load_address>
         <run_address>0x1aaa</run_address>
         <size>0x94</size>
         <input_file_ref idref="fl-147"/>
      </object_component>
      <object_component id="oc-567">
         <name>.text:ScheduleNextTransmission</name>
         <load_address>0x1b3e</load_address>
         <run_address>0x1b3e</run_address>
         <size>0x90</size>
         <input_file_ref idref="fl-14d"/>
      </object_component>
      <object_component id="oc-23c">
         <name>.text:USBDCDCPacketRead</name>
         <load_address>0x1bce</load_address>
         <run_address>0x1bce</run_address>
         <size>0x90</size>
         <input_file_ref idref="fl-147"/>
      </object_component>
      <object_component id="oc-625">
         <name>.text:uDMAUSBChannelIntDisable</name>
         <load_address>0x1c5e</load_address>
         <run_address>0x1c5e</run_address>
         <size>0x2</size>
         <input_file_ref idref="fl-14b"/>
      </object_component>
      <object_component id="oc-519">
         <name>.text:USBDSetConfiguration</name>
         <load_address>0x1c60</load_address>
         <run_address>0x1c60</run_address>
         <size>0x8c</size>
         <input_file_ref idref="fl-143"/>
      </object_component>
      <object_component id="oc-6ef">
         <name>.text:USBDeviceConfigAlternate</name>
         <load_address>0x1cec</load_address>
         <run_address>0x1cec</run_address>
         <size>0x8c</size>
         <input_file_ref idref="fl-144"/>
      </object_component>
      <object_component id="oc-661">
         <name>.text:iDMAUSBChannelAllocate</name>
         <load_address>0x1d78</load_address>
         <run_address>0x1d78</run_address>
         <size>0x86</size>
         <input_file_ref idref="fl-14b"/>
      </object_component>
      <object_component id="oc-61f">
         <name>.text:uDMAUSBChannelIntEnable</name>
         <load_address>0x1dfe</load_address>
         <run_address>0x1dfe</run_address>
         <size>0x2</size>
         <input_file_ref idref="fl-14b"/>
      </object_component>
      <object_component id="oc-796">
         <name>.text:uDMAChannelTransferSet</name>
         <load_address>0x1e00</load_address>
         <run_address>0x1e00</run_address>
         <size>0x80</size>
         <input_file_ref idref="fl-152"/>
      </object_component>
      <object_component id="oc-81d">
         <name>.text:USBDevEndpointConfigSet</name>
         <load_address>0x1e80</load_address>
         <run_address>0x1e80</run_address>
         <size>0x7a</size>
         <input_file_ref idref="fl-151"/>
      </object_component>
      <object_component id="oc-64">
         <name>.text</name>
         <load_address>0x1efa</load_address>
         <run_address>0x1efa</run_address>
         <size>0x7a</size>
         <input_file_ref idref="fl-135"/>
      </object_component>
      <object_component id="oc-4f5">
         <name>.text:USBDClearFeature</name>
         <load_address>0x1f74</load_address>
         <run_address>0x1f74</run_address>
         <size>0x78</size>
         <input_file_ref idref="fl-143"/>
      </object_component>
      <object_component id="oc-607">
         <name>.text:uDMAUSBArbSizeSet</name>
         <load_address>0x1fec</load_address>
         <run_address>0x1fec</run_address>
         <size>0x72</size>
         <input_file_ref idref="fl-14b"/>
      </object_component>
      <object_component id="oc-1c5">
         <name>.text:USBDEP0StateTx</name>
         <load_address>0x2060</load_address>
         <run_address>0x2060</run_address>
         <size>0x70</size>
         <input_file_ref idref="fl-143"/>
      </object_component>
      <object_component id="oc-4ef">
         <name>.text:USBDGetStatus</name>
         <load_address>0x20d0</load_address>
         <run_address>0x20d0</run_address>
         <size>0x70</size>
         <input_file_ref idref="fl-143"/>
      </object_component>
      <object_component id="oc-655">
         <name>.text:uDMAUSBUnitSizeSet</name>
         <load_address>0x2140</load_address>
         <run_address>0x2140</run_address>
         <size>0x70</size>
         <input_file_ref idref="fl-14b"/>
      </object_component>
      <object_component id="oc-5ce">
         <name>.text:ProcessDataFromHost</name>
         <load_address>0x21b0</load_address>
         <run_address>0x21b0</run_address>
         <size>0x6e</size>
         <input_file_ref idref="fl-147"/>
      </object_component>
      <object_component id="oc-76">
         <name>.text</name>
         <load_address>0x2220</load_address>
         <run_address>0x2220</run_address>
         <size>0x6c</size>
         <input_file_ref idref="fl-13b"/>
      </object_component>
      <object_component id="oc-57">
         <name>.text</name>
         <load_address>0x228c</load_address>
         <run_address>0x228c</run_address>
         <size>0x6a</size>
         <input_file_ref idref="fl-131"/>
      </object_component>
      <object_component id="oc-769">
         <name>.text:IntIsEnabled</name>
         <load_address>0x22f8</load_address>
         <run_address>0x22f8</run_address>
         <size>0x64</size>
         <input_file_ref idref="fl-13f"/>
      </object_component>
      <object_component id="oc-4fb">
         <name>.text:USBDSetFeature</name>
         <load_address>0x235c</load_address>
         <run_address>0x235c</run_address>
         <size>0x64</size>
         <input_file_ref idref="fl-143"/>
      </object_component>
      <object_component id="oc-619">
         <name>.text:uDMAUSBChannelEnable</name>
         <load_address>0x23c0</load_address>
         <run_address>0x23c0</run_address>
         <size>0x64</size>
         <input_file_ref idref="fl-14b"/>
      </object_component>
      <object_component id="oc-485">
         <name>.text:GetDescriptor</name>
         <load_address>0x2424</load_address>
         <run_address>0x2424</run_address>
         <size>0x60</size>
         <input_file_ref idref="fl-145"/>
      </object_component>
      <object_component id="oc-48b">
         <name>.text:HandleRequests</name>
         <load_address>0x2484</load_address>
         <run_address>0x2484</run_address>
         <size>0x60</size>
         <input_file_ref idref="fl-145"/>
      </object_component>
      <object_component id="oc-76f">
         <name>.text:IntDisable</name>
         <load_address>0x24e4</load_address>
         <run_address>0x24e4</run_address>
         <size>0x60</size>
         <input_file_ref idref="fl-13f"/>
      </object_component>
      <object_component id="oc-47b">
         <name>.text:IntEnable</name>
         <load_address>0x2544</load_address>
         <run_address>0x2544</run_address>
         <size>0x60</size>
         <input_file_ref idref="fl-13f"/>
      </object_component>
      <object_component id="oc-254">
         <name>.text:USBBufferEventCallback</name>
         <load_address>0x25a4</load_address>
         <run_address>0x25a4</run_address>
         <size>0x60</size>
         <input_file_ref idref="fl-14d"/>
      </object_component>
      <object_component id="oc-1b9">
         <name>.text:USBDReadAndDispatchRequest</name>
         <load_address>0x2604</load_address>
         <run_address>0x2604</run_address>
         <size>0x60</size>
         <input_file_ref idref="fl-143"/>
      </object_component>
      <object_component id="oc-1a1">
         <name>.text:USBDevEndpointStatusClear</name>
         <load_address>0x2664</load_address>
         <run_address>0x2664</run_address>
         <size>0x5e</size>
         <input_file_ref idref="fl-151"/>
      </object_component>
      <object_component id="oc-5d4">
         <name>.text:ProcessDataToHost</name>
         <load_address>0x26c2</load_address>
         <run_address>0x26c2</run_address>
         <size>0x5c</size>
         <input_file_ref idref="fl-147"/>
      </object_component>
      <object_component id="oc-6d2">
         <name>.text:USBDStringIndexFromRequest</name>
         <load_address>0x2720</load_address>
         <run_address>0x2720</run_address>
         <size>0x5c</size>
         <input_file_ref idref="fl-143"/>
      </object_component>
      <object_component id="oc-21c">
         <name>.text:USBDCDCPacketWrite</name>
         <load_address>0x277c</load_address>
         <run_address>0x277c</run_address>
         <size>0x56</size>
         <input_file_ref idref="fl-147"/>
      </object_component>
      <object_component id="oc-4c7">
         <name>.text:HandleDevice</name>
         <load_address>0x27d2</load_address>
         <run_address>0x27d2</run_address>
         <size>0x54</size>
         <input_file_ref idref="fl-145"/>
      </object_component>
      <object_component id="oc-62b">
         <name>.text:uDMAUSBChannelRelease</name>
         <load_address>0x2826</load_address>
         <run_address>0x2826</run_address>
         <size>0x54</size>
         <input_file_ref idref="fl-14b"/>
      </object_component>
      <object_component id="oc-439">
         <name>.text:ULPIConfigSet</name>
         <load_address>0x287a</load_address>
         <run_address>0x287a</run_address>
         <size>0x52</size>
         <input_file_ref idref="fl-148"/>
      </object_component>
      <object_component id="oc-421">
         <name>.text:SysCtlPeripheralReset</name>
         <load_address>0x28cc</load_address>
         <run_address>0x28cc</run_address>
         <size>0x50</size>
         <input_file_ref idref="fl-13e"/>
      </object_component>
      <object_component id="oc-80b">
         <name>.text:USBDCDConfigDescGet</name>
         <load_address>0x291c</load_address>
         <run_address>0x291c</run_address>
         <size>0x50</size>
         <input_file_ref idref="fl-146"/>
      </object_component>
      <object_component id="oc-e5">
         <name>.text:USBDeviceResumeTickHandler</name>
         <load_address>0x296c</load_address>
         <run_address>0x296c</run_address>
         <size>0x50</size>
         <input_file_ref idref="fl-143"/>
      </object_component>
      <object_component id="oc-24">
         <name>.text</name>
         <load_address>0x29bc</load_address>
         <run_address>0x29bc</run_address>
         <size>0x50</size>
         <input_file_ref idref="fl-12f"/>
      </object_component>
      <object_component id="oc-838">
         <name>.text:ConfigAlternateInterfaceGet</name>
         <load_address>0x2a0c</load_address>
         <run_address>0x2a0c</run_address>
         <size>0x4c</size>
         <input_file_ref idref="fl-146"/>
      </object_component>
      <object_component id="oc-817">
         <name>.text:GetEPDescriptorType</name>
         <load_address>0x2a58</load_address>
         <run_address>0x2a58</run_address>
         <size>0x4c</size>
         <input_file_ref idref="fl-144"/>
      </object_component>
      <object_component id="oc-3cc">
         <name>.text:HandleEndpoints</name>
         <load_address>0x2aa4</load_address>
         <run_address>0x2aa4</run_address>
         <size>0x4c</size>
         <input_file_ref idref="fl-147"/>
      </object_component>
      <object_component id="oc-6c9">
         <name>.text:USBDevEndpointStallClear</name>
         <load_address>0x2af0</load_address>
         <run_address>0x2af0</run_address>
         <size>0x4c</size>
         <input_file_ref idref="fl-151"/>
      </object_component>
      <object_component id="oc-7a2">
         <name>.text:USBEndpointDMAConfigSet</name>
         <load_address>0x2b3c</load_address>
         <run_address>0x2b3c</run_address>
         <size>0x4c</size>
         <input_file_ref idref="fl-151"/>
      </object_component>
      <object_component id="oc-bd">
         <name>.text</name>
         <load_address>0x2b88</load_address>
         <run_address>0x2b88</run_address>
         <size>0x4c</size>
         <input_file_ref idref="fl-13c"/>
      </object_component>
      <object_component id="oc-68b">
         <name>.text:iDMAUSBChannelEnable</name>
         <load_address>0x2bd4</load_address>
         <run_address>0x2bd4</run_address>
         <size>0x4a</size>
         <input_file_ref idref="fl-14b"/>
      </object_component>
      <object_component id="oc-613">
         <name>.text:uDMAUSBChannelDisable</name>
         <load_address>0x2c1e</load_address>
         <run_address>0x2c1e</run_address>
         <size>0x4a</size>
         <input_file_ref idref="fl-14b"/>
      </object_component>
      <object_component id="oc-1f3">
         <name>.text:_SysCtlFrequencyGet</name>
         <load_address>0x2c68</load_address>
         <run_address>0x2c68</run_address>
         <size>0x48</size>
         <input_file_ref idref="fl-13e"/>
      </object_component>
      <object_component id="oc-755">
         <name>.text:uDMAChannelAttributeDisable</name>
         <load_address>0x2cb0</load_address>
         <run_address>0x2cb0</run_address>
         <size>0x48</size>
         <input_file_ref idref="fl-152"/>
      </object_component>
      <object_component id="oc-3b4">
         <name>.text:HandleEP0Data</name>
         <load_address>0x2cf8</load_address>
         <run_address>0x2cf8</run_address>
         <size>0x46</size>
         <input_file_ref idref="fl-147"/>
      </object_component>
      <object_component id="oc-275">
         <name>.text:USBDCDDeviceInfoInit</name>
         <load_address>0x2d40</load_address>
         <run_address>0x2d40</run_address>
         <size>0x44</size>
         <input_file_ref idref="fl-143"/>
      </object_component>
      <object_component id="oc-df">
         <name>.text:USBDeviceEnumResetHandler</name>
         <load_address>0x2d84</load_address>
         <run_address>0x2d84</run_address>
         <size>0x44</size>
         <input_file_ref idref="fl-143"/>
      </object_component>
      <object_component id="oc-1ad">
         <name>.text:USBEndpointDataGet</name>
         <load_address>0x2dc8</load_address>
         <run_address>0x2dc8</run_address>
         <size>0x44</size>
         <input_file_ref idref="fl-151"/>
      </object_component>
      <object_component id="oc-82">
         <name>.text</name>
         <load_address>0x2e0c</load_address>
         <run_address>0x2e0c</run_address>
         <size>0x44</size>
         <input_file_ref idref="fl-133"/>
      </object_component>
      <object_component id="oc-51f">
         <name>.text:USBDGetInterface</name>
         <load_address>0x2e50</load_address>
         <run_address>0x2e50</run_address>
         <size>0x40</size>
         <input_file_ref idref="fl-143"/>
      </object_component>
      <object_component id="oc-811">
         <name>.text:USBDCDConfigGetInterfaceEndpoint</name>
         <load_address>0x2e90</load_address>
         <run_address>0x2e90</run_address>
         <size>0x3a</size>
         <input_file_ref idref="fl-146"/>
      </object_component>
      <object_component id="oc-829">
         <name>.text:USBFIFOConfigSet</name>
         <load_address>0x2eca</load_address>
         <run_address>0x2eca</run_address>
         <size>0x3a</size>
         <input_file_ref idref="fl-151"/>
      </object_component>
      <object_component id="oc-685">
         <name>.text:iDMAUSBChannelRelease</name>
         <load_address>0x2f04</load_address>
         <run_address>0x2f04</run_address>
         <size>0x3a</size>
         <input_file_ref idref="fl-14b"/>
      </object_component>
      <object_component id="oc-6aa">
         <name>.text:EndpointToIndex</name>
         <load_address>0x2f3e</load_address>
         <run_address>0x2f3e</run_address>
         <size>0x38</size>
         <input_file_ref idref="fl-145"/>
      </object_component>
      <object_component id="oc-236">
         <name>.text:RxHandlerCmd</name>
         <load_address>0x2f78</load_address>
         <run_address>0x2f78</run_address>
         <size>0x38</size>
         <input_file_ref idref="fl-3"/>
      </object_component>
      <object_component id="oc-90">
         <name>.text:USBIntStatusControl</name>
         <load_address>0x2fb0</load_address>
         <run_address>0x2fb0</run_address>
         <size>0x38</size>
         <input_file_ref idref="fl-151"/>
      </object_component>
      <object_component id="oc-4bb">
         <name>.text:HandleDisconnect</name>
         <load_address>0x2fe8</load_address>
         <run_address>0x2fe8</run_address>
         <size>0x36</size>
         <input_file_ref idref="fl-145"/>
      </object_component>
      <object_component id="oc-4a9">
         <name>.text:ResetHandler</name>
         <load_address>0x301e</load_address>
         <run_address>0x301e</run_address>
         <size>0x36</size>
         <input_file_ref idref="fl-145"/>
      </object_component>
      <object_component id="oc-4b5">
         <name>.text:ResumeHandler</name>
         <load_address>0x3054</load_address>
         <run_address>0x3054</run_address>
         <size>0x36</size>
         <input_file_ref idref="fl-145"/>
      </object_component>
      <object_component id="oc-3e4">
         <name>.text:SendBreak</name>
         <load_address>0x308a</load_address>
         <run_address>0x308a</run_address>
         <size>0x36</size>
         <input_file_ref idref="fl-147"/>
      </object_component>
      <object_component id="oc-4af">
         <name>.text:SuspendHandler</name>
         <load_address>0x30c0</load_address>
         <run_address>0x30c0</run_address>
         <size>0x36</size>
         <input_file_ref idref="fl-145"/>
      </object_component>
      <object_component id="oc-58e">
         <name>.text:USBRingBufAdvanceWrite</name>
         <load_address>0x30f6</load_address>
         <run_address>0x30f6</run_address>
         <size>0x36</size>
         <input_file_ref idref="fl-150"/>
      </object_component>
      <object_component id="oc-281">
         <name>.text:InternalUSBRegisterTickHandler</name>
         <load_address>0x312c</load_address>
         <run_address>0x312c</run_address>
         <size>0x34</size>
         <input_file_ref idref="fl-149"/>
      </object_component>
      <object_component id="oc-eb">
         <name>.text:InternalUSBStartOfFrameTick</name>
         <load_address>0x3160</load_address>
         <run_address>0x3160</run_address>
         <size>0x34</size>
         <input_file_ref idref="fl-149"/>
      </object_component>
      <object_component id="oc-2a1">
         <name>.text:SysCtlPeripheralEnable</name>
         <load_address>0x3194</load_address>
         <run_address>0x3194</run_address>
         <size>0x34</size>
         <input_file_ref idref="fl-13e"/>
      </object_component>
      <object_component id="oc-667">
         <name>.text:iDMAUSBChannelStatus</name>
         <load_address>0x31c8</load_address>
         <run_address>0x31c8</run_address>
         <size>0x34</size>
         <input_file_ref idref="fl-14b"/>
      </object_component>
      <object_component id="oc-3ae">
         <name>.text:HandleConfigChange</name>
         <load_address>0x31fc</load_address>
         <run_address>0x31fc</run_address>
         <size>0x32</size>
         <input_file_ref idref="fl-147"/>
      </object_component>
      <object_component id="oc-491">
         <name>.text:InterfaceChange</name>
         <load_address>0x322e</load_address>
         <run_address>0x322e</run_address>
         <size>0x32</size>
         <input_file_ref idref="fl-145"/>
      </object_component>
      <object_component id="oc-875">
         <name>.text:NextConfigDescGet</name>
         <load_address>0x3260</load_address>
         <run_address>0x3260</run_address>
         <size>0x32</size>
         <input_file_ref idref="fl-146"/>
      </object_component>
      <object_component id="oc-5c8">
         <name>.text:ProcessNotificationToHost</name>
         <load_address>0x3292</load_address>
         <run_address>0x3292</run_address>
         <size>0x32</size>
         <input_file_ref idref="fl-147"/>
      </object_component>
      <object_component id="oc-4e6">
         <name>.text:USBDevEndpointStall</name>
         <load_address>0x32c4</load_address>
         <run_address>0x32c4</run_address>
         <size>0x32</size>
         <input_file_ref idref="fl-151"/>
      </object_component>
      <object_component id="oc-691">
         <name>.text:iDMAUSBChannelDisable</name>
         <load_address>0x32f6</load_address>
         <run_address>0x32f6</run_address>
         <size>0x32</size>
         <input_file_ref idref="fl-14b"/>
      </object_component>
      <object_component id="oc-637">
         <name>.text:DMAUSBIntHandler</name>
         <load_address>0x3328</load_address>
         <run_address>0x3328</run_address>
         <size>0x30</size>
         <input_file_ref idref="fl-14b"/>
      </object_component>
      <object_component id="oc-27b">
         <name>.text:InternalUSBTickInit</name>
         <load_address>0x3358</load_address>
         <run_address>0x3358</run_address>
         <size>0x30</size>
         <input_file_ref idref="fl-149"/>
      </object_component>
      <object_component id="oc-513">
         <name>.text:USBDGetConfiguration</name>
         <load_address>0x3388</load_address>
         <run_address>0x3388</run_address>
         <size>0x30</size>
         <input_file_ref idref="fl-143"/>
      </object_component>
      <object_component id="oc-2ec">
         <name>.text:USBEndpointDataPut</name>
         <load_address>0x33b8</load_address>
         <run_address>0x33b8</run_address>
         <size>0x30</size>
         <input_file_ref idref="fl-151"/>
      </object_component>
      <object_component id="oc-497">
         <name>.text:ConfigChangeHandler</name>
         <load_address>0x33e8</load_address>
         <run_address>0x33e8</run_address>
         <size>0x2e</size>
         <input_file_ref idref="fl-145"/>
      </object_component>
      <object_component id="oc-4c1">
         <name>.text:HandleEndpoints</name>
         <load_address>0x3416</load_address>
         <run_address>0x3416</run_address>
         <size>0x2e</size>
         <input_file_ref idref="fl-145"/>
      </object_component>
      <object_component id="oc-242">
         <name>.text:USBDCDCRxPacketAvailable</name>
         <load_address>0x3444</load_address>
         <run_address>0x3444</run_address>
         <size>0x2e</size>
         <input_file_ref idref="fl-147"/>
      </object_component>
      <object_component id="oc-2f2">
         <name>.text:USBEndpointDataSend</name>
         <load_address>0x3472</load_address>
         <run_address>0x3472</run_address>
         <size>0x2e</size>
         <input_file_ref idref="fl-151"/>
      </object_component>
      <object_component id="oc-6b0">
         <name>.text:InterfaceToIndex</name>
         <load_address>0x34a0</load_address>
         <run_address>0x34a0</run_address>
         <size>0x2c</size>
         <input_file_ref idref="fl-145"/>
      </object_component>
      <object_component id="oc-350">
         <name>.text:USBBufferWrite</name>
         <load_address>0x34cc</load_address>
         <run_address>0x34cc</run_address>
         <size>0x2c</size>
         <input_file_ref idref="fl-14d"/>
      </object_component>
      <object_component id="oc-86e">
         <name>.text:USBDescGet</name>
         <load_address>0x34f8</load_address>
         <run_address>0x34f8</run_address>
         <size>0x2c</size>
         <input_file_ref idref="fl-14c"/>
      </object_component>
      <object_component id="oc-63d">
         <name>.text:uDMAUSBIntStatus</name>
         <load_address>0x3524</load_address>
         <run_address>0x3524</run_address>
         <size>0x2c</size>
         <input_file_ref idref="fl-14b"/>
      </object_component>
      <object_component id="oc-324">
         <name>.text:GPIODirModeSet</name>
         <load_address>0x3550</load_address>
         <run_address>0x3550</run_address>
         <size>0x2a</size>
         <input_file_ref idref="fl-140"/>
      </object_component>
      <object_component id="oc-6e3">
         <name>.text:USBDCDConfigDescGetNum</name>
         <load_address>0x357a</load_address>
         <run_address>0x357a</run_address>
         <size>0x2a</size>
         <input_file_ref idref="fl-146"/>
      </object_component>
      <object_component id="oc-831">
         <name>.text:USBDescGetNum</name>
         <load_address>0x35a4</load_address>
         <run_address>0x35a4</run_address>
         <size>0x28</size>
         <input_file_ref idref="fl-14c"/>
      </object_component>
      <object_component id="oc-469">
         <name>.text:USBIntEnableControl</name>
         <load_address>0x35cc</load_address>
         <run_address>0x35cc</run_address>
         <size>0x28</size>
         <input_file_ref idref="fl-151"/>
      </object_component>
      <object_component id="oc-72a">
         <name>.text:UpdateIndexAtomic</name>
         <load_address>0x35f4</load_address>
         <run_address>0x35f4</run_address>
         <size>0x28</size>
         <input_file_ref idref="fl-150"/>
      </object_component>
      <object_component id="oc-787">
         <name>.text:uDMAChannelModeGet</name>
         <load_address>0x361c</load_address>
         <run_address>0x361c</run_address>
         <size>0x28</size>
         <input_file_ref idref="fl-152"/>
      </object_component>
      <object_component id="oc-387">
         <name>.text:HandleRequestBuffer</name>
         <load_address>0x3644</load_address>
         <run_address>0x3644</run_address>
         <size>0x24</size>
         <input_file_ref idref="fl-14d"/>
      </object_component>
      <object_component id="oc-344">
         <name>.text:USBBufferRead</name>
         <load_address>0x3668</load_address>
         <run_address>0x3668</run_address>
         <size>0x24</size>
         <input_file_ref idref="fl-14d"/>
      </object_component>
      <object_component id="oc-501">
         <name>.text:USBDSetAddress</name>
         <load_address>0x368c</load_address>
         <run_address>0x368c</run_address>
         <size>0x24</size>
         <input_file_ref idref="fl-143"/>
      </object_component>
      <object_component id="oc-1b3">
         <name>.text:USBDevEndpointDataAck</name>
         <load_address>0x36b0</load_address>
         <run_address>0x36b0</run_address>
         <size>0x24</size>
         <input_file_ref idref="fl-151"/>
      </object_component>
      <object_component id="oc-75b">
         <name>.text:USBEndpointDMADisable</name>
         <load_address>0x36d4</load_address>
         <run_address>0x36d4</run_address>
         <size>0x24</size>
         <input_file_ref idref="fl-151"/>
      </object_component>
      <object_component id="oc-775">
         <name>.text:USBEndpointDMAEnable</name>
         <load_address>0x36f8</load_address>
         <run_address>0x36f8</run_address>
         <size>0x24</size>
         <input_file_ref idref="fl-151"/>
      </object_component>
      <object_component id="oc-748">
         <name>.text:uDMAChannelControlSet</name>
         <load_address>0x371c</load_address>
         <run_address>0x371c</run_address>
         <size>0x24</size>
         <input_file_ref idref="fl-152"/>
      </object_component>
      <object_component id="oc-49d">
         <name>.text:DataReceived</name>
         <load_address>0x3740</load_address>
         <run_address>0x3740</run_address>
         <size>0x22</size>
         <input_file_ref idref="fl-145"/>
      </object_component>
      <object_component id="oc-4a3">
         <name>.text:DataSent</name>
         <load_address>0x3762</load_address>
         <run_address>0x3762</run_address>
         <size>0x22</size>
         <input_file_ref idref="fl-145"/>
      </object_component>
      <object_component id="oc-3c6">
         <name>.text:HandleDisconnect</name>
         <load_address>0x3784</load_address>
         <run_address>0x3784</run_address>
         <size>0x22</size>
         <input_file_ref idref="fl-147"/>
      </object_component>
      <object_component id="oc-3f6">
         <name>.text:SendLineCodingChange</name>
         <load_address>0x37a6</load_address>
         <run_address>0x37a6</run_address>
         <size>0x22</size>
         <input_file_ref idref="fl-147"/>
      </object_component>
      <object_component id="oc-3f0">
         <name>.text:SendLineStateChange</name>
         <load_address>0x37c8</load_address>
         <run_address>0x37c8</run_address>
         <size>0x22</size>
         <input_file_ref idref="fl-147"/>
      </object_component>
      <object_component id="oc-631">
         <name>.text:uDMAUSBChannelStatus</name>
         <load_address>0x37ea</load_address>
         <run_address>0x37ea</run_address>
         <size>0x22</size>
         <input_file_ref idref="fl-14b"/>
      </object_component>
      <object_component id="oc-823">
         <name>.text:GetEndpointFIFOSize</name>
         <load_address>0x380c</load_address>
         <run_address>0x380c</run_address>
         <size>0x20</size>
         <input_file_ref idref="fl-144"/>
      </object_component>
      <object_component id="oc-59f">
         <name>.text:CheckAndSendBreak</name>
         <load_address>0x382c</load_address>
         <run_address>0x382c</run_address>
         <size>0x1e</size>
         <input_file_ref idref="fl-147"/>
      </object_component>
      <object_component id="oc-37b">
         <name>.text:HandleDataRemaining</name>
         <load_address>0x384a</load_address>
         <run_address>0x384a</run_address>
         <size>0x1e</size>
         <input_file_ref idref="fl-14d"/>
      </object_component>
      <object_component id="oc-580">
         <name>.text:USBRingBufAdvanceRead</name>
         <load_address>0x3868</load_address>
         <run_address>0x3868</run_address>
         <size>0x1e</size>
         <input_file_ref idref="fl-150"/>
      </object_component>
      <object_component id="oc-5ea">
         <name>.text:USBULPIRegRead</name>
         <load_address>0x3886</load_address>
         <run_address>0x3886</run_address>
         <size>0x1e</size>
         <input_file_ref idref="fl-151"/>
      </object_component>
      <object_component id="oc-5f0">
         <name>.text:USBULPIRegWrite</name>
         <load_address>0x38a4</load_address>
         <run_address>0x38a4</run_address>
         <size>0x1e</size>
         <input_file_ref idref="fl-151"/>
      </object_component>
      <object_component id="oc-414">
         <name>.text:CompositeEPChange</name>
         <load_address>0x38c2</load_address>
         <run_address>0x38c2</run_address>
         <size>0x1c</size>
         <input_file_ref idref="fl-145"/>
      </object_component>
      <object_component id="oc-41a">
         <name>.text:CompositeIfaceChange</name>
         <load_address>0x38de</load_address>
         <run_address>0x38de</run_address>
         <size>0x1c</size>
         <input_file_ref idref="fl-145"/>
      </object_component>
      <object_component id="oc-357">
         <name>.text:SetDeferredOpFlag</name>
         <load_address>0x38fa</load_address>
         <run_address>0x38fa</run_address>
         <size>0x1c</size>
         <input_file_ref idref="fl-147"/>
      </object_component>
      <object_component id="oc-6e9">
         <name>.text:USBDCDConfigGetInterface</name>
         <load_address>0x3916</load_address>
         <run_address>0x3916</run_address>
         <size>0x1c</size>
         <input_file_ref idref="fl-146"/>
      </object_component>
      <object_component id="oc-2d9">
         <name>.text:USBDCDStallEP0</name>
         <load_address>0x3934</load_address>
         <run_address>0x3934</run_address>
         <size>0x1c</size>
         <input_file_ref idref="fl-143"/>
      </object_component>
      <object_component id="oc-35d">
         <name>.text:USBEndpointDataAvail</name>
         <load_address>0x3950</load_address>
         <run_address>0x3950</run_address>
         <size>0x1c</size>
         <input_file_ref idref="fl-151"/>
      </object_component>
      <object_component id="oc-587">
         <name>.text:USBRingBufContigFree</name>
         <load_address>0x396c</load_address>
         <run_address>0x396c</run_address>
         <size>0x1c</size>
         <input_file_ref idref="fl-150"/>
      </object_component>
      <object_component id="oc-1ed">
         <name>.text:_SysCtlMemTimingGet</name>
         <load_address>0x3988</load_address>
         <run_address>0x3988</run_address>
         <size>0x1c</size>
         <input_file_ref idref="fl-13e"/>
      </object_component>
      <object_component id="oc-3ea">
         <name>.text:DeviceConsumedAllData</name>
         <load_address>0x39a4</load_address>
         <run_address>0x39a4</run_address>
         <size>0x1a</size>
         <input_file_ref idref="fl-147"/>
      </object_component>
      <object_component id="oc-74f">
         <name>.text:USBEndpointDMAChannel</name>
         <load_address>0x39be</load_address>
         <run_address>0x39be</run_address>
         <size>0x1a</size>
         <input_file_ref idref="fl-151"/>
      </object_component>
      <object_component id="oc-54d">
         <name>.text:USBRingBufRead</name>
         <load_address>0x39d8</load_address>
         <run_address>0x39d8</run_address>
         <size>0x1a</size>
         <input_file_ref idref="fl-150"/>
      </object_component>
      <object_component id="oc-711">
         <name>.text:USBRingBufReadOne</name>
         <load_address>0x39f2</load_address>
         <run_address>0x39f2</run_address>
         <size>0x1a</size>
         <input_file_ref idref="fl-150"/>
      </object_component>
      <object_component id="oc-561">
         <name>.text:USBRingBufWrite</name>
         <load_address>0x3a0c</load_address>
         <run_address>0x3a0c</run_address>
         <size>0x1a</size>
         <input_file_ref idref="fl-150"/>
      </object_component>
      <object_component id="oc-42">
         <name>.text:USB0DeviceIntHandler</name>
         <load_address>0x3a28</load_address>
         <run_address>0x3a28</run_address>
         <size>0x18</size>
         <input_file_ref idref="fl-142"/>
      </object_component>
      <object_component id="oc-2e6">
         <name>.text:USBDCDConfigDescGetSize</name>
         <load_address>0x3a40</load_address>
         <run_address>0x3a40</run_address>
         <size>0x18</size>
         <input_file_ref idref="fl-146"/>
      </object_component>
      <object_component id="oc-50d">
         <name>.text:USBDSetDescriptor</name>
         <load_address>0x3a58</load_address>
         <run_address>0x3a58</run_address>
         <size>0x18</size>
         <input_file_ref idref="fl-143"/>
      </object_component>
      <object_component id="oc-52b">
         <name>.text:USBDSyncFrame</name>
         <load_address>0x3a70</load_address>
         <run_address>0x3a70</run_address>
         <size>0x18</size>
         <input_file_ref idref="fl-143"/>
      </object_component>
      <object_component id="oc-7c">
         <name>.text</name>
         <load_address>0x3a88</load_address>
         <run_address>0x3a88</run_address>
         <size>0x18</size>
         <input_file_ref idref="fl-13a"/>
      </object_component>
      <object_component id="oc-762">
         <name>.text:uDMAChannelDisable</name>
         <load_address>0x3aa0</load_address>
         <run_address>0x3aa0</run_address>
         <size>0x18</size>
         <input_file_ref idref="fl-152"/>
      </object_component>
      <object_component id="oc-77b">
         <name>.text:uDMAChannelEnable</name>
         <load_address>0x3ab8</load_address>
         <run_address>0x3ab8</run_address>
         <size>0x18</size>
         <input_file_ref idref="fl-152"/>
      </object_component>
      <object_component id="oc-5be">
         <name>.text:CheckAndSendLineCodingChange</name>
         <load_address>0x3ad0</load_address>
         <run_address>0x3ad0</run_address>
         <size>0x16</size>
         <input_file_ref idref="fl-147"/>
      </object_component>
      <object_component id="oc-5a5">
         <name>.text:CheckAndSendLineStateChange</name>
         <load_address>0x3ae6</load_address>
         <run_address>0x3ae6</run_address>
         <size>0x16</size>
         <input_file_ref idref="fl-147"/>
      </object_component>
      <object_component id="oc-142">
         <name>.text:USBBufferInit</name>
         <load_address>0x3afc</load_address>
         <run_address>0x3afc</run_address>
         <size>0x16</size>
         <input_file_ref idref="fl-14d"/>
      </object_component>
      <object_component id="oc-544">
         <name>.text:USBRingBufUsed</name>
         <load_address>0x3b12</load_address>
         <run_address>0x3b12</run_address>
         <size>0x16</size>
         <input_file_ref idref="fl-150"/>
      </object_component>
      <object_component id="oc-427">
         <name>.text:SysCtlUSBPLLEnable</name>
         <load_address>0x3b28</load_address>
         <run_address>0x3b28</run_address>
         <size>0x14</size>
         <input_file_ref idref="fl-13e"/>
      </object_component>
      <object_component id="oc-5b1">
         <name>.text:USBDCDRequestDataEP0</name>
         <load_address>0x3b3c</load_address>
         <run_address>0x3b3c</run_address>
         <size>0x14</size>
         <input_file_ref idref="fl-143"/>
      </object_component>
      <object_component id="oc-5ab">
         <name>.text:USBDCDSendDataEP0</name>
         <load_address>0x3b50</load_address>
         <run_address>0x3b50</run_address>
         <size>0x14</size>
         <input_file_ref idref="fl-143"/>
      </object_component>
      <object_component id="oc-18c">
         <name>.text:USBHostResume</name>
         <load_address>0x3b64</load_address>
         <run_address>0x3b64</run_address>
         <size>0x14</size>
         <input_file_ref idref="fl-151"/>
      </object_component>
      <object_component id="oc-46f">
         <name>.text:USBIntEnableEndpoint</name>
         <load_address>0x3b78</load_address>
         <run_address>0x3b78</run_address>
         <size>0x14</size>
         <input_file_ref idref="fl-151"/>
      </object_component>
      <object_component id="oc-554">
         <name>.text:USBRingBufFlush</name>
         <load_address>0x3b8c</load_address>
         <run_address>0x3b8c</run_address>
         <size>0x14</size>
         <input_file_ref idref="fl-150"/>
      </object_component>
      <object_component id="oc-87f">
         <name>.text:_USBIndexWrite</name>
         <load_address>0x3ba0</load_address>
         <run_address>0x3ba0</run_address>
         <size>0x14</size>
         <input_file_ref idref="fl-151"/>
      </object_component>
      <object_component id="oc-176">
         <name>.text</name>
         <load_address>0x3bb4</load_address>
         <run_address>0x3bb4</run_address>
         <size>0x14</size>
         <input_file_ref idref="fl-139"/>
      </object_component>
      <object_component id="oc-20e">
         <name>.text:GPIOPinTypeEthernetLED</name>
         <load_address>0x3bc8</load_address>
         <run_address>0x3bc8</run_address>
         <size>0x12</size>
         <input_file_ref idref="fl-140"/>
      </object_component>
      <object_component id="oc-33b">
         <name>.text:USBBufferDataAvailable</name>
         <load_address>0x3bda</load_address>
         <run_address>0x3bda</run_address>
         <size>0x6</size>
         <input_file_ref idref="fl-14d"/>
      </object_component>
      <object_component id="oc-374">
         <name>.text:GetLineCoding</name>
         <load_address>0x3be0</load_address>
         <run_address>0x3be0</run_address>
         <size>0x12</size>
         <input_file_ref idref="fl-3"/>
      </object_component>
      <object_component id="oc-3c0">
         <name>.text:HandleResume</name>
         <load_address>0x3bf2</load_address>
         <run_address>0x3bf2</run_address>
         <size>0x12</size>
         <input_file_ref idref="fl-147"/>
      </object_component>
      <object_component id="oc-3ba">
         <name>.text:HandleSuspend</name>
         <load_address>0x3c04</load_address>
         <run_address>0x3c04</run_address>
         <size>0x12</size>
         <input_file_ref idref="fl-147"/>
      </object_component>
      <object_component id="oc-381">
         <name>.text:HandleTxComplete</name>
         <load_address>0x3c16</load_address>
         <run_address>0x3c16</run_address>
         <size>0x12</size>
         <input_file_ref idref="fl-14d"/>
      </object_component>
      <object_component id="oc-7da">
         <name>.text:USBDMAChannelConfigSet</name>
         <load_address>0x3c28</load_address>
         <run_address>0x3c28</run_address>
         <size>0x12</size>
         <input_file_ref idref="fl-151"/>
      </object_component>
      <object_component id="oc-7ab">
         <name>.text:USBDMAChannelDisable</name>
         <load_address>0x3c3a</load_address>
         <run_address>0x3c3a</run_address>
         <size>0x12</size>
         <input_file_ref idref="fl-151"/>
      </object_component>
      <object_component id="oc-7e0">
         <name>.text:USBDMAChannelEnable</name>
         <load_address>0x3c4c</load_address>
         <run_address>0x3c4c</run_address>
         <size>0x12</size>
         <input_file_ref idref="fl-151"/>
      </object_component>
      <object_component id="oc-7c7">
         <name>.text:USBDMAChannelIntDisable</name>
         <load_address>0x3c5e</load_address>
         <run_address>0x3c5e</run_address>
         <size>0x12</size>
         <input_file_ref idref="fl-151"/>
      </object_component>
      <object_component id="oc-7c0">
         <name>.text:USBDMAChannelIntEnable</name>
         <load_address>0x3c70</load_address>
         <run_address>0x3c70</run_address>
         <size>0x12</size>
         <input_file_ref idref="fl-151"/>
      </object_component>
      <object_component id="oc-55b">
         <name>.text:USBRingBufFree</name>
         <load_address>0x3c82</load_address>
         <run_address>0x3c82</run_address>
         <size>0x12</size>
         <input_file_ref idref="fl-150"/>
      </object_component>
      <object_component id="oc-71a">
         <name>.text:USBRingBufWriteOne</name>
         <load_address>0x3c94</load_address>
         <run_address>0x3c94</run_address>
         <size>0x12</size>
         <input_file_ref idref="fl-150"/>
      </object_component>
      <object_component id="oc-19b">
         <name>.text:USBEndpointStatus</name>
         <load_address>0x3ca6</load_address>
         <run_address>0x3ca6</run_address>
         <size>0x10</size>
         <input_file_ref idref="fl-151"/>
      </object_component>
      <object_component id="oc-721">
         <name>.text:USBRingBufContigUsed</name>
         <load_address>0x3cb6</load_address>
         <run_address>0x3cb6</run_address>
         <size>0x10</size>
         <input_file_ref idref="fl-150"/>
      </object_component>
      <object_component id="oc-643">
         <name>.text:DMAUSBIntStatusClear</name>
         <load_address>0x3cc6</load_address>
         <run_address>0x3cc6</run_address>
         <size>0xe</size>
         <input_file_ref idref="fl-14b"/>
      </object_component>
      <object_component id="oc-222">
         <name>.text:USBDCDCTxPacketAvailable</name>
         <load_address>0x3cd4</load_address>
         <run_address>0x3cd4</run_address>
         <size>0xe</size>
         <input_file_ref idref="fl-147"/>
      </object_component>
      <object_component id="oc-7b2">
         <name>.text:USBDMAChannelStatus</name>
         <load_address>0x3ce2</load_address>
         <run_address>0x3ce2</run_address>
         <size>0xe</size>
         <input_file_ref idref="fl-151"/>
      </object_component>
      <object_component id="oc-451">
         <name>.text:USBDevLPMDisable</name>
         <load_address>0x3cf0</load_address>
         <run_address>0x3cf0</run_address>
         <size>0xe</size>
         <input_file_ref idref="fl-151"/>
      </object_component>
      <object_component id="oc-f7">
         <name>.text:USBDevLPMEnable</name>
         <load_address>0x3cfe</load_address>
         <run_address>0x3cfe</run_address>
         <size>0xe</size>
         <input_file_ref idref="fl-151"/>
      </object_component>
      <object_component id="oc-43f">
         <name>.text:USBULPIDisable</name>
         <load_address>0x3d0c</load_address>
         <run_address>0x3d0c</run_address>
         <size>0xe</size>
         <input_file_ref idref="fl-151"/>
      </object_component>
      <object_component id="oc-433">
         <name>.text:USBULPIEnable</name>
         <load_address>0x3d1a</load_address>
         <run_address>0x3d1a</run_address>
         <size>0xe</size>
         <input_file_ref idref="fl-151"/>
      </object_component>
      <object_component id="oc-12">
         <name>.text:decompress:none</name>
         <load_address>0x3d28</load_address>
         <run_address>0x3d28</run_address>
         <size>0xe</size>
         <input_file_ref idref="fl-130"/>
      </object_component>
      <object_component id="oc-570">
         <name>.text:CPUcpsid</name>
         <load_address>0x3d36</load_address>
         <run_address>0x3d36</run_address>
         <size>0xc</size>
         <input_file_ref idref="fl-141"/>
      </object_component>
      <object_component id="oc-577">
         <name>.text:CPUcpsie</name>
         <load_address>0x3d42</load_address>
         <run_address>0x3d42</run_address>
         <size>0xc</size>
         <input_file_ref idref="fl-141"/>
      </object_component>
      <object_component id="oc-79c">
         <name>.text:USBEndpointPacketCountSet</name>
         <load_address>0x3d4e</load_address>
         <run_address>0x3d4e</run_address>
         <size>0xc</size>
         <input_file_ref idref="fl-151"/>
      </object_component>
      <object_component id="oc-45d">
         <name>.text:USBLPMIntEnable</name>
         <load_address>0x3d5a</load_address>
         <run_address>0x3d5a</run_address>
         <size>0xc</size>
         <input_file_ref idref="fl-151"/>
      </object_component>
      <object_component id="oc-22e">
         <name>.text:USBRingBufInit</name>
         <load_address>0x3d66</load_address>
         <run_address>0x3d66</run_address>
         <size>0xc</size>
         <input_file_ref idref="fl-150"/>
      </object_component>
      <object_component id="oc-1e">
         <name>.text:decompress:ZI</name>
         <load_address>0x3d72</load_address>
         <run_address>0x3d72</run_address>
         <size>0xc</size>
         <input_file_ref idref="fl-132"/>
      </object_component>
      <object_component id="oc-367">
         <name>.text:IntMasterDisable</name>
         <load_address>0x3d7e</load_address>
         <run_address>0x3d7e</run_address>
         <size>0xa</size>
         <input_file_ref idref="fl-13f"/>
      </object_component>
      <object_component id="oc-36e">
         <name>.text:IntMasterEnable</name>
         <load_address>0x3d88</load_address>
         <run_address>0x3d88</run_address>
         <size>0xa</size>
         <input_file_ref idref="fl-13f"/>
      </object_component>
      <object_component id="oc-42d">
         <name>.text:USBClockEnable</name>
         <load_address>0x3d92</load_address>
         <run_address>0x3d92</run_address>
         <size>0xa</size>
         <input_file_ref idref="fl-151"/>
      </object_component>
      <object_component id="oc-5fe">
         <name>.text:USBControllerVersion</name>
         <load_address>0x3d9c</load_address>
         <run_address>0x3d9c</run_address>
         <size>0xa</size>
         <input_file_ref idref="fl-151"/>
      </object_component>
      <object_component id="oc-7ce">
         <name>.text:USBDMAChannelAddressSet</name>
         <load_address>0x3da6</load_address>
         <run_address>0x3da6</run_address>
         <size>0xa</size>
         <input_file_ref idref="fl-151"/>
      </object_component>
      <object_component id="oc-7d4">
         <name>.text:USBDMAChannelCountSet</name>
         <load_address>0x3db0</load_address>
         <run_address>0x3db0</run_address>
         <size>0xa</size>
         <input_file_ref idref="fl-151"/>
      </object_component>
      <object_component id="oc-475">
         <name>.text:USBDevConnect</name>
         <load_address>0x3dba</load_address>
         <run_address>0x3dba</run_address>
         <size>0xa</size>
         <input_file_ref idref="fl-151"/>
      </object_component>
      <object_component id="oc-109">
         <name>.text:USBDevDisconnect</name>
         <load_address>0x3dc4</load_address>
         <run_address>0x3dc4</run_address>
         <size>0xa</size>
         <input_file_ref idref="fl-151"/>
      </object_component>
      <object_component id="oc-fd">
         <name>.text:USBIntStatusEndpoint</name>
         <load_address>0x3dce</load_address>
         <run_address>0x3dce</run_address>
         <size>0xa</size>
         <input_file_ref idref="fl-151"/>
      </object_component>
      <object_component id="oc-44b">
         <name>.text:USBDevMode</name>
         <load_address>0x3dd8</load_address>
         <run_address>0x3dd8</run_address>
         <size>0x8</size>
         <input_file_ref idref="fl-151"/>
      </object_component>
      <object_component id="oc-790">
         <name>.text:USBFIFOAddrGet</name>
         <load_address>0x3de0</load_address>
         <run_address>0x3de0</run_address>
         <size>0x8</size>
         <input_file_ref idref="fl-151"/>
      </object_component>
      <object_component id="oc-445">
         <name>.text:USBOTGMode</name>
         <load_address>0x3de8</load_address>
         <run_address>0x3de8</run_address>
         <size>0x8</size>
         <input_file_ref idref="fl-151"/>
      </object_component>
      <object_component id="oc-679">
         <name>.text:iDMAUSBChannelIntDisable</name>
         <load_address>0x3df0</load_address>
         <run_address>0x3df0</run_address>
         <size>0x8</size>
         <input_file_ref idref="fl-14b"/>
      </object_component>
      <object_component id="oc-673">
         <name>.text:iDMAUSBChannelIntEnable</name>
         <load_address>0x3df8</load_address>
         <run_address>0x3df8</run_address>
         <size>0x8</size>
         <input_file_ref idref="fl-14b"/>
      </object_component>
      <object_component id="oc-2a">
         <name>.text:ResetISR</name>
         <load_address>0x3e00</load_address>
         <run_address>0x3e00</run_address>
         <size>0x6</size>
         <input_file_ref idref="fl-2"/>
      </object_component>
      <object_component id="oc-34a">
         <name>.text:USBBufferFlush</name>
         <load_address>0x3e06</load_address>
         <run_address>0x3e06</run_address>
         <size>0x6</size>
         <input_file_ref idref="fl-14d"/>
      </object_component>
      <object_component id="oc-7b9">
         <name>.text:USBDMAChannelIntStatus</name>
         <load_address>0x3e0c</load_address>
         <run_address>0x3e0c</run_address>
         <size>0x6</size>
         <input_file_ref idref="fl-151"/>
      </object_component>
      <object_component id="oc-457">
         <name>.text:USBDevLPMConfig</name>
         <load_address>0x3e12</load_address>
         <run_address>0x3e12</run_address>
         <size>0x6</size>
         <input_file_ref idref="fl-151"/>
      </object_component>
      <object_component id="oc-f1">
         <name>.text:USBLPMIntStatus</name>
         <load_address>0x3e18</load_address>
         <run_address>0x3e18</run_address>
         <size>0x6</size>
         <input_file_ref idref="fl-151"/>
      </object_component>
      <object_component id="oc-18">
         <name>.text:decompress:rle24</name>
         <load_address>0x3e1e</load_address>
         <run_address>0x3e1e</run_address>
         <size>0x6</size>
         <input_file_ref idref="fl-131"/>
      </object_component>
      <object_component id="oc-66d">
         <name>.text:iDMAUSBIntStatus</name>
         <load_address>0x3e24</load_address>
         <run_address>0x3e24</run_address>
         <size>0x6</size>
         <input_file_ref idref="fl-14b"/>
      </object_component>
      <object_component id="oc-1a7">
         <name>.text:USBDevAddrSet</name>
         <load_address>0x3e2a</load_address>
         <run_address>0x3e2a</run_address>
         <size>0x4</size>
         <input_file_ref idref="fl-151"/>
      </object_component>
      <object_component id="oc-216">
         <name>.text:TxHandlerEcho</name>
         <load_address>0x3e30</load_address>
         <run_address>0x3e30</run_address>
         <size>0x4</size>
         <input_file_ref idref="fl-3"/>
      </object_component>
      <object_component id="oc-70">
         <name>.text</name>
         <load_address>0x3e34</load_address>
         <run_address>0x3e34</run_address>
         <size>0x4</size>
         <input_file_ref idref="fl-136"/>
      </object_component>
      <object_component id="oc-36">
         <name>.text:FaultISR</name>
         <load_address>0x3e38</load_address>
         <run_address>0x3e38</run_address>
         <size>0x2</size>
         <input_file_ref idref="fl-2"/>
      </object_component>
      <object_component id="oc-3c">
         <name>.text:IntDefaultHandler</name>
         <load_address>0x3e40</load_address>
         <run_address>0x3e40</run_address>
         <size>0x2</size>
         <input_file_ref idref="fl-2"/>
      </object_component>
      <object_component id="oc-30">
         <name>.text:NmiSR</name>
         <load_address>0x3e48</load_address>
         <run_address>0x3e48</run_address>
         <size>0x2</size>
         <input_file_ref idref="fl-2"/>
      </object_component>
      <object_component id="oc-1fc">
         <name>.const:g_pppui32XTALtoVCO</name>
         <load_address>0x3e4c</load_address>
         <run_address>0x3e4c</run_address>
         <size>0x120</size>
         <input_file_ref idref="fl-13e"/>
      </object_component>
      <object_component id="oc-6a2">
         <name>.const</name>
         <load_address>0x3f6c</load_address>
         <run_address>0x3f6c</run_address>
         <size>0x70</size>
         <input_file_ref idref="fl-13f"/>
      </object_component>
      <object_component id="oc-1f9">
         <name>.const:g_pui32Xtals</name>
         <load_address>0x3fdc</load_address>
         <run_address>0x3fdc</run_address>
         <size>0x6c</size>
         <input_file_ref idref="fl-13e"/>
      </object_component>
      <object_component id="oc-28d">
         <name>.const</name>
         <load_address>0x4048</load_address>
         <run_address>0x4048</run_address>
         <size>0x38</size>
         <input_file_ref idref="fl-147"/>
      </object_component>
      <object_component id="oc-3a0">
         <name>.const:.string:g_pui8ConfigString</name>
         <load_address>0x4080</load_address>
         <run_address>0x4080</run_address>
         <size>0x36</size>
         <input_file_ref idref="fl-4"/>
      </object_component>
      <object_component id="oc-2e2">
         <name>.const:g_psUSBDStdRequests</name>
         <load_address>0x40b8</load_address>
         <run_address>0x40b8</run_address>
         <size>0x34</size>
         <input_file_ref idref="fl-143"/>
      </object_component>
      <object_component id="oc-287">
         <name>.const:g_sCDCHandlers</name>
         <load_address>0x40ec</load_address>
         <run_address>0x40ec</run_address>
         <size>0x30</size>
         <input_file_ref idref="fl-147"/>
      </object_component>
      <object_component id="oc-2b3">
         <name>.const:g_sCompHandlers</name>
         <load_address>0x411c</load_address>
         <run_address>0x411c</run_address>
         <size>0x30</size>
         <input_file_ref idref="fl-145"/>
      </object_component>
      <object_component id="oc-304">
         <name>.const:g_sXTALtoMEMTIM</name>
         <load_address>0x414c</load_address>
         <run_address>0x414c</run_address>
         <size>0x30</size>
         <input_file_ref idref="fl-13e"/>
      </object_component>
      <object_component id="oc-39d">
         <name>.const:.string:g_pui8ControlInterfaceString</name>
         <load_address>0x417c</load_address>
         <run_address>0x417c</run_address>
         <size>0x2c</size>
         <input_file_ref idref="fl-4"/>
      </object_component>
      <object_component id="oc-397">
         <name>.const:.string:g_pui8ManufacturerString</name>
         <load_address>0x41a8</load_address>
         <run_address>0x41a8</run_address>
         <size>0x24</size>
         <input_file_ref idref="fl-4"/>
      </object_component>
      <object_component id="oc-148">
         <name>.const:g_psRxBuffer</name>
         <load_address>0x41cc</load_address>
         <run_address>0x41cc</run_address>
         <size>0x24</size>
         <input_file_ref idref="fl-4"/>
      </object_component>
      <object_component id="oc-13f">
         <name>.const:g_psTxBuffer</name>
         <load_address>0x41f0</load_address>
         <run_address>0x41f0</run_address>
         <size>0x24</size>
         <input_file_ref idref="fl-4"/>
      </object_component>
      <object_component id="oc-3dc">
         <name>.const:.string:g_pui8CDCSerCommInterface</name>
         <load_address>0x4214</load_address>
         <run_address>0x4214</run_address>
         <size>0x23</size>
         <input_file_ref idref="fl-147"/>
      </object_component>
      <object_component id="oc-39a">
         <name>.const:.string:g_pui8ProductString</name>
         <load_address>0x4237</load_address>
         <run_address>0x4237</run_address>
         <size>0x22</size>
         <input_file_ref idref="fl-4"/>
      </object_component>
      <object_component id="oc-25a">
         <name>.const</name>
         <load_address>0x425c</load_address>
         <run_address>0x425c</run_address>
         <size>0x18</size>
         <input_file_ref idref="fl-4"/>
      </object_component>
      <object_component id="oc-3df">
         <name>.const:.string</name>
         <load_address>0x4274</load_address>
         <run_address>0x4274</run_address>
         <size>0x17</size>
         <input_file_ref idref="fl-147"/>
      </object_component>
      <object_component id="oc-394">
         <name>.const:.string</name>
         <load_address>0x428b</load_address>
         <run_address>0x428b</run_address>
         <size>0x16</size>
         <input_file_ref idref="fl-4"/>
      </object_component>
      <object_component id="oc-2bc">
         <name>.const:.string</name>
         <load_address>0x42a4</load_address>
         <run_address>0x42a4</run_address>
         <size>0x9</size>
         <input_file_ref idref="fl-145"/>
      </object_component>
      <object_component id="oc-1ff">
         <name>.const</name>
         <load_address>0x42b0</load_address>
         <run_address>0x42b0</run_address>
         <size>0x8</size>
         <input_file_ref idref="fl-13e"/>
      </object_component>
      <object_component id="oc-8cb">
         <name>.cinit..data.load</name>
         <load_address>0x42b8</load_address>
         <run_address>0x42b8</run_address>
         <size>0xba</size>
      </object_component>
      <object_component id="oc-8c9">
         <name>__TI_handler_table</name>
         <load_address>0x4374</load_address>
[...]
         <value>0x20000598</value>
         <object_component_ref idref="oc-2b9"/>
      </symbol>
      <symbol id="sm-898">
         <name>USBDCDConfigDescGet</name>
         <value>0x291d</value>
         <object_component_ref idref="oc-80b"/>
      </symbol>
      <symbol id="sm-899">
         <name>USBDCDConfigGetInterface</name>
         <value>0x3917</value>
         <object_component_ref idref="oc-6e9"/>
      </symbol>
      <symbol id="sm-89a">
         <name>USBDCDConfigDescGetSize</name>
         <value>0x3a41</value>
         <object_component_ref idref="oc-2e6"/>
      </symbol>
      <symbol id="sm-89b">
         <name>USBDCDConfigGetInterfaceEndpoint</name>
         <value>0x2e91</value>
         <object_component_ref idref="oc-811"/>
      </symbol>
      <symbol id="sm-89c">
         <name>USBDCDConfigDescGetNum</name>
         <value>0x357b</value>
         <object_component_ref idref="oc-6e3"/>
      </symbol>
      <symbol id="sm-9fb">
         <name>g_psCDCCompSerSections</name>
         <value>0x20000aac</value>
         <object_component_ref idref="oc-28a"/>
      </symbol>
      <symbol id="sm-9fc">
         <name>g_sCDCCompSerConfigHeader</name>
         <value>0x4070</value>
         <object_component_ref idref="oc-28d"/>
      </symbol>
      <symbol id="sm-9fd">
         <name>g_sCDCSerCommInterfaceSection</name>
         <value>0x4058</value>
         <object_component_ref idref="oc-28d"/>
      </symbol>
      <symbol id="sm-9fe">
         <name>g_sIADSerConfigSection</name>
         <value>0x4050</value>
         <object_component_ref idref="oc-28d"/>
      </symbol>
      <symbol id="sm-9ff">
         <name>g_ppCDCSerConfigDescriptors</name>
         <value>0x4078</value>
         <object_component_ref idref="oc-28d"/>
      </symbol>
      <symbol id="sm-a00">
         <name>g_pCDCCompSerConfigDescriptors</name>
         <value>0x407c</value>
         <object_component_ref idref="oc-28d"/>
      </symbol>
      <symbol id="sm-a01">
         <name>USBDCDCCompositeInit</name>
         <value>0x179d</value>
         <object_component_ref idref="oc-151"/>
      </symbol>
      <symbol id="sm-a02">
         <name>USBDCDCTxPacketAvailable</name>
         <value>0x3cd5</value>
         <object_component_ref idref="oc-222"/>
      </symbol>
      <symbol id="sm-a03">
         <name>g_pui8CDCSerDataInterface</name>
         <value>0x4274</value>
         <object_component_ref idref="oc-3df"/>
      </symbol>
      <symbol id="sm-a04">
         <name>g_pui8IADSerDescriptor</name>
         <value>0x20000a97</value>
         <object_component_ref idref="oc-28a"/>
      </symbol>
      <symbol id="sm-a05">
         <name>g_sCDCSerDataInterfaceSection</name>
         <value>0x4060</value>
         <object_component_ref idref="oc-28d"/>
      </symbol>
      <symbol id="sm-a06">
         <name>ProcessNotificationToHost</name>
         <value>0x3293</value>
         <object_component_ref idref="oc-5c8"/>
      </symbol>
      <symbol id="sm-a07">
         <name>g_sCDCSerConfigSection</name>
         <value>0x4048</value>
         <object_component_ref idref="oc-28d"/>
      </symbol>
      <symbol id="sm-a08">
         <name>g_sCDCHandlers</name>
         <value>0x40ec</value>
         <object_component_ref idref="oc-287"/>
      </symbol>
      <symbol id="sm-a09">
         <name>g_psCDCSerSections</name>
         <value>0x20000aa0</value>
         <object_component_ref idref="oc-28a"/>
      </symbol>
      <symbol id="sm-a0a">
         <name>ProcessDataFromHost</name>
         <value>0x21b1</value>
         <object_component_ref idref="oc-5ce"/>
      </symbol>
      <symbol id="sm-a0b">
         <name>USBDCDCRxPacketAvailable</name>
         <value>0x3445</value>
         <object_component_ref idref="oc-242"/>
      </symbol>
      <symbol id="sm-a0c">
         <name>g_pui8CDCSerDescriptor</name>
         <value>0x20000a8e</value>
         <object_component_ref idref="oc-28a"/>
      </symbol>
      <symbol id="sm-a0d">
         <name>ProcessDataToHost</name>
         <value>0x26c3</value>
         <object_component_ref idref="oc-5d4"/>
      </symbol>
      <symbol id="sm-a0e">
         <name>USBDCDCPacketRead</name>
         <value>0x1bcf</value>
         <object_component_ref idref="oc-23c"/>
      </symbol>
      <symbol id="sm-a0f">
         <name>g_sCDCSerConfigHeader</name>
         <value>0x4068</value>
         <object_component_ref idref="oc-28d"/>
      </symbol>
      <symbol id="sm-a10">
         <name>g_pui8CDCSerDeviceDescriptor</name>
         <value>0x20000a7c</value>
         <object_component_ref idref="oc-28a"/>
      </symbol>
      <symbol id="sm-a11">
         <name>g_pui8CDCSerCommInterface</name>
         <value>0x4214</value>
         <object_component_ref idref="oc-3dc"/>
      </symbol>
      <symbol id="sm-a12">
         <name>USBDCDCPacketWrite</name>
         <value>0x277d</value>
         <object_component_ref idref="oc-21c"/>
      </symbol>
      <symbol id="sm-a1f">
         <name>ULPIConfigSet</name>
         <value>0x287b</value>
         <object_component_ref idref="oc-439"/>
      </symbol>
      <symbol id="sm-a71">
         <name>g_ui32USBSOFCount</name>
         <value>0x20000aec</value>
         <object_component_ref idref="oc-115"/>
      </symbol>
      <symbol id="sm-a72">
         <name>g_pvTickInstance</name>
         <value>0x2000053c</value>
         <object_component_ref idref="oc-193"/>
      </symbol>
      <symbol id="sm-a73">
         <name>g_bUSBTimerInitialized</name>
         <value>0x20000ae4</value>
         <object_component_ref idref="oc-115"/>
      </symbol>
      <symbol id="sm-a74">
         <name>g_ui32CurrentUSBTick</name>
         <value>0x20000ae8</value>
         <object_component_ref idref="oc-115"/>
      </symbol>
      <symbol id="sm-a75">
         <name>InternalUSBStartOfFrameTick</name>
         <value>0x3161</value>
         <object_component_ref idref="oc-eb"/>
      </symbol>
      <symbol id="sm-a76">
         <name>g_pfnTickHandlers</name>
         <value>0x20000524</value>
         <object_component_ref idref="oc-193"/>
      </symbol>
      <symbol id="sm-a77">
         <name>InternalUSBRegisterTickHandler</name>
         <value>0x312d</value>
         <object_component_ref idref="oc-281"/>
      </symbol>
      <symbol id="sm-a78">
         <name>InternalUSBTickInit</name>
         <value>0x3359</value>
         <object_component_ref idref="oc-27b"/>
      </symbol>
      <symbol id="sm-a9f">
         <name>g_iUSBMode</name>
         <value>0x20000af0</value>
         <object_component_ref idref="oc-481"/>
      </symbol>
      <symbol id="sm-aa0">
         <name>g_ui32WaitTicks</name>
         <value>0x20000af4</value>
         <object_component_ref idref="oc-481"/>
      </symbol>
      <symbol id="sm-bfa">
         <name>USBLibDMAInit</name>
         <value>0x825</value>
         <object_component_ref idref="oc-463"/>
      </symbol>
      <symbol id="sm-c2f">
         <name>USBDescGet</name>
         <value>0x34f9</value>
         <object_component_ref idref="oc-86e"/>
      </symbol>
      <symbol id="sm-c30">
         <name>USBDescGetNum</name>
         <value>0x35a5</value>
         <object_component_ref idref="oc-831"/>
      </symbol>
      <symbol id="sm-ca9">
         <name>USBBufferInit</name>
         <value>0x3afd</value>
         <object_component_ref idref="oc-142"/>
      </symbol>
      <symbol id="sm-caa">
         <name>USBBufferRead</name>
         <value>0x3669</value>
         <object_component_ref idref="oc-344"/>
      </symbol>
      <symbol id="sm-cab">
         <name>USBBufferEventCallback</name>
         <value>0x25a5</value>
         <object_component_ref idref="oc-254"/>
      </symbol>
      <symbol id="sm-cac">
         <name>USBBufferWrite</name>
         <value>0x34cd</value>
         <object_component_ref idref="oc-350"/>
      </symbol>
      <symbol id="sm-cad">
         <name>USBBufferDataAvailable</name>
         <value>0x3bdb</value>
         <object_component_ref idref="oc-33b"/>
      </symbol>
      <symbol id="sm-cae">
         <name>USBBufferFlush</name>
         <value>0x3e07</value>
         <object_component_ref idref="oc-34a"/>
      </symbol>
      <symbol id="sm-d33">
         <name>USBRingBufWrite</name>
         <value>0x3a0d</value>
         <object_component_ref idref="oc-561"/>
      </symbol>
      <symbol id="sm-d34">
         <name>USBRingBufContigUsed</name>
         <value>0x3cb7</value>
         <object_component_ref idref="oc-721"/>
      </symbol>
      <symbol id="sm-d35">
         <name>USBRingBufFlush</name>
         <value>0x3b8d</value>
         <object_component_ref idref="oc-554"/>
      </symbol>
      <symbol id="sm-d36">
         <name>USBRingBufAdvanceWrite</name>
         <value>0x30f7</value>
         <object_component_ref idref="oc-58e"/>
      </symbol>
      <symbol id="sm-d37">
         <name>USBRingBufWriteOne</name>
         <value>0x3c95</value>
         <object_component_ref idref="oc-71a"/>
      </symbol>
      <symbol id="sm-d38">
         <name>USBRingBufUsed</name>
         <value>0x3b13</value>
         <object_component_ref idref="oc-544"/>
      </symbol>
      <symbol id="sm-d39">
         <name>USBRingBufFree</name>
         <value>0x3c83</value>
         <object_component_ref idref="oc-55b"/>
      </symbol>
      <symbol id="sm-d3a">
         <name>USBRingBufAdvanceRead</name>
         <value>0x3869</value>
         <object_component_ref idref="oc-580"/>
      </symbol>
      <symbol id="sm-d3b">
         <name>USBRingBufReadOne</name>
         <value>0x39f3</value>
         <object_component_ref idref="oc-711"/>
      </symbol>
      <symbol id="sm-d3c">
         <name>USBRingBufInit</name>
         <value>0x3d67</value>
         <object_component_ref idref="oc-22e"/>
      </symbol>
      <symbol id="sm-d3d">
         <name>USBRingBufRead</name>
         <value>0x39d9</value>
         <object_component_ref idref="oc-54d"/>
      </symbol>
      <symbol id="sm-d3e">
         <name>USBRingBufContigFree</name>
         <value>0x396d</value>
         <object_component_ref idref="oc-587"/>
      </symbol>
      <symbol id="sm-efa">
         <name>USBLPMIntEnable</name>
         <value>0x3d5b</value>
         <object_component_ref idref="oc-45d"/>
      </symbol>
      <symbol id="sm-efb">
         <name>USBEndpointDataAvail</name>
         <value>0x3951</value>
         <object_component_ref idref="oc-35d"/>
      </symbol>
      <symbol id="sm-efc">
         <name>USBClockEnable</name>
         <value>0x3d93</value>
         <object_component_ref idref="oc-42d"/>
      </symbol>
      <symbol id="sm-efd">
         <name>USBDevDisconnect</name>
         <value>0x3dc5</value>
         <object_component_ref idref="oc-109"/>
      </symbol>
      <symbol id="sm-efe">
         <name>USBDevEndpointStallClear</name>
         <value>0x2af1</value>
         <object_component_ref idref="oc-6c9"/>
      </symbol>
      <symbol id="sm-eff">
         <name>USBEndpointDataPut</name>
         <value>0x33b9</value>
         <object_component_ref idref="oc-2ec"/>
      </symbol>
      <symbol id="sm-f00">
         <name>USBDMAChannelIntStatus</name>
         <value>0x3e0d</value>
         <object_component_ref idref="oc-7b9"/>
      </symbol>
      <symbol id="sm-f01">
         <name>USBDevAddrSet</name>
         <value>0x3e2b</value>
         <object_component_ref idref="oc-1a7"/>
      </symbol>
      <symbol id="sm-f02">
         <name>USBDMAChannelCountSet</name>
         <value>0x3db1</value>
         <object_component_ref idref="oc-7d4"/>
      </symbol>
      <symbol id="sm-f03">
         <name>USBLPMIntStatus</name>
         <value>0x3e19</value>
         <object_component_ref idref="oc-f1"/>
      </symbol>
      <symbol id="sm-f04">
         <name>USBDMAChannelAddressSet</name>
         <value>0x3da7</value>
         <object_component_ref idref="oc-7ce"/>
      </symbol>
      <symbol id="sm-f05">
         <name>USBULPIDisable</name>
         <value>0x3d0d</value>
         <object_component_ref idref="oc-43f"/>
      </symbol>
      <symbol id="sm-f06">
         <name>USBIntStatusControl</name>
         <value>0x2fb1</value>
         <object_component_ref idref="oc-90"/>
      </symbol>
      <symbol id="sm-f07">
         <name>USBEndpointDMADisable</name>
         <value>0x36d5</value>
         <object_component_ref idref="oc-75b"/>
      </symbol>
      <symbol id="sm-f08">
         <name>USBDevEndpointDataAck</name>
         <value>0x36b1</value>
         <object_component_ref idref="oc-1b3"/>
      </symbol>
      <symbol id="sm-f09">
         <name>USBOTGMode</name>
         <value>0x3de9</value>
         <object_component_ref idref="oc-445"/>
      </symbol>
      <symbol id="sm-f0a">
         <name>USBDMAChannelConfigSet</name>
         <value>0x3c29</value>
         <object_component_ref idref="oc-7da"/>
      </symbol>
      <symbol id="sm-f0b">
         <name>USBULPIRegRead</name>
         <value>0x3887</value>
         <object_component_ref idref="oc-5ea"/>
      </symbol>
      <symbol id="sm-f0c">
         <name>USBDevMode</name>
         <value>0x3dd9</value>
         <object_component_ref idref="oc-44b"/>
      </symbol>
      <symbol id="sm-f0d">
         <name>USBIntEnableEndpoint</name>
         <value>0x3b79</value>
         <object_component_ref idref="oc-46f"/>
      </symbol>
      <symbol id="sm-f0e">
         <name>USBEndpointDataGet</name>
         <value>0x2dc9</value>
         <object_component_ref idref="oc-1ad"/>
      </symbol>
      <symbol id="sm-f0f">
         <name>USBDevEndpointStatusClear</name>
         <value>0x2665</value>
         <object_component_ref idref="oc-1a1"/>
      </symbol>
      <symbol id="sm-f10">
         <name>USBULPIEnable</name>
         <value>0x3d1b</value>
         <object_component_ref idref="oc-433"/>
      </symbol>
      <symbol id="sm-f11">
         <name>USBFIFOAddrGet</name>
         <value>0x3de1</value>
         <object_component_ref idref="oc-790"/>
      </symbol>
      <symbol id="sm-f12">
         <name>USBDMAChannelStatus</name>
         <value>0x3ce3</value>
         <object_component_ref idref="oc-7b2"/>
      </symbol>
      <symbol id="sm-f13">
         <name>USBULPIRegWrite</name>
         <value>0x38a5</value>
         <object_component_ref idref="oc-5f0"/>
      </symbol>
      <symbol id="sm-f14">
         <name>USBDMAChannelIntEnable</name>
         <value>0x3c71</value>
         <object_component_ref idref="oc-7c0"/>
      </symbol>
      <symbol id="sm-f15">
         <name>USBDevLPMConfig</name>
         <value>0x3e13</value>
         <object_component_ref idref="oc-457"/>
      </symbol>
      <symbol id="sm-f16">
         <name>USBDevLPMEnable</name>
         <value>0x3cff</value>
         <object_component_ref idref="oc-f7"/>
      </symbol>
      <symbol id="sm-f17">
         <name>USBControllerVersion</name>
         <value>0x3d9d</value>
         <object_component_ref idref="oc-5fe"/>
      </symbol>
      <symbol id="sm-f18">
         <name>USBFIFOConfigSet</name>
         <value>0x2ecb</value>
         <object_component_ref idref="oc-829"/>
      </symbol>
      <symbol id="sm-f19">
         <name>USBEndpointDMAEnable</name>
         <value>0x36f9</value>
         <object_component_ref idref="oc-775"/>
      </symbol>
      <symbol id="sm-f1a">
         <name>USBDevLPMDisable</name>
         <value>0x3cf1</value>
         <object_component_ref idref="oc-451"/>
      </symbol>
      <symbol id="sm-f1b">
         <name>USBEndpointDataSend</name>
         <value>0x3473</value>
         <object_component_ref idref="oc-2f2"/>
      </symbol>
      <symbol id="sm-f1c">
         <name>USBIntStatusEndpoint</name>
         <value>0x3dcf</value>
         <object_component_ref idref="oc-fd"/>
      </symbol>
      <symbol id="sm-f1d">
         <name>USBEndpointStatus</name>
         <value>0x3ca7</value>
         <object_component_ref idref="oc-19b"/>
      </symbol>
      <symbol id="sm-f1e">
         <name>USBEndpointPacketCountSet</name>
         <value>0x3d4f</value>
         <object_component_ref idref="oc-79c"/>
      </symbol>
      <symbol id="sm-f1f">
         <name>USBDMAChannelIntDisable</name>
         <value>0x3c5f</value>
         <object_component_ref idref="oc-7c7"/>
      </symbol>
      <symbol id="sm-f20">
         <name>USBEndpointDMAConfigSet</name>
         <value>0x2b3d</value>
         <object_component_ref idref="oc-7a2"/>
      </symbol>
      <symbol id="sm-f21">
         <name>USBDevEndpointStall</name>
         <value>0x32c5</value>
         <object_component_ref idref="oc-4e6"/>
      </symbol>
      <symbol id="sm-f22">
         <name>USBDevConnect</name>
         <value>0x3dbb</value>
         <object_component_ref idref="oc-475"/>
      </symbol>
      <symbol id="sm-f23">
         <name>USBDevEndpointConfigSet</name>
         <value>0x1e81</value>
         <object_component_ref idref="oc-81d"/>
      </symbol>
      <symbol id="sm-f24">
         <name>USBDMAChannelDisable</name>
         <value>0x3c3b</value>
         <object_component_ref idref="oc-7ab"/>
      </symbol>
      <symbol id="sm-f25">
         <name>USBDMAChannelEnable</name>
         <value>0x3c4d</value>
         <object_component_ref idref="oc-7e0"/>
      </symbol>
      <symbol id="sm-f26">
         <name>USBHostResume</name>
         <value>0x3b65</value>
         <object_component_ref idref="oc-18c"/>
      </symbol>
      <symbol id="sm-f27">
         <name>USBIntEnableControl</name>
         <value>0x35cd</value>
         <object_component_ref idref="oc-469"/>
      </symbol>
      <symbol id="sm-f28">
         <name>USBEndpointDMAChannel</name>
         <value>0x39bf</value>
         <object_component_ref idref="oc-74f"/>
      </symbol>
      <symbol id="sm-f73">
         <name>uDMAChannelControlSet</name>
         <value>0x371d</value>
         <object_component_ref idref="oc-748"/>
      </symbol>
      <symbol id="sm-f74">
         <name>uDMAChannelDisable</name>
         <value>0x3aa1</value>
         <object_component_ref idref="oc-762"/>
      </symbol>
      <symbol id="sm-f75">
         <name>uDMAChannelModeGet</name>
         <value>0x361d</value>
         <object_component_ref idref="oc-787"/>
      </symbol>
      <symbol id="sm-f76">
         <name>uDMAChannelTransferSet</name>
         <value>0x1e01</value>
         <object_component_ref idref="oc-796"/>
      </symbol>
      <symbol id="sm-f77">
         <name>uDMAChannelAttributeDisable</name>
         <value>0x2cb1</value>
         <object_component_ref idref="oc-755"/>
      </symbol>
      <symbol id="sm-f78">
         <name>uDMAChannelEnable</name>
         <value>0x3ab9</value>
         <object_component_ref idref="oc-77b"/>
      </symbol>
      <symbol id="sm-f79">
         <name>__TI_static_base__</name>
         <value>0x0</value>
      </symbol>
      <symbol id="sm-f7c">
         <name>SHT$$INIT_ARRAY$$Limit</name>
         <value>0x0</value>
      </symbol>
      <symbol id="sm-f7d">
         <name>SHT$$INIT_ARRAY$$Base</name>
         <value>0x0</value>
      </symbol>
      <symbol id="sm-f7e">
         <name>SysCtlSleep</name>
         <value>0x140d</value>
      </symbol>
   </symbol_table>
   <title>Link successful</title>
</link_info>
