******************************************************************************
                  TI ARM Linker PC v5.2.7                      
******************************************************************************
>> Linked Fri Aug 12 13:33:15 2016

OUTPUT FILE NAME:   <usb_dev_cserial.out>
ENTRY POINT SYMBOL: "_c_int00"  address: 000028f9


MEMORY CONFIGURATION

         name            origin    length      used     unused   attr    fill
----------------------  --------  ---------  --------  --------  ----  --------
  FLASH                 00000000   00100000  000042c6  000fbd3a  R  X
  SRAM                  20000000   00040000  00000b18  0003f4e8  RW X


SEGMENT ALLOCATION MAP

run origin  load origin   length   init length attrs members
----------  ----------- ---------- ----------- ----- -------
00000000    00000000    000042c8   000042c8    r-x
  00000000    00000000    00000200   00000200    r-- .intvecs
  00000200    00000200    00003b7a   00003b7a    r-x .text
  00003d7c    00003d7c    0000046c   0000046c    r-- .const
  000041e8    000041e8    000000e0   000000e0    r-- .cinit
20000000    20000000    00000b18   00000000    rw-
  20000000    20000000    000005a0   00000000    rw- .bss
  200005a0    200005a0    00000400   00000000    rw- .stack
  200009a0    200009a0    00000178   00000000    rw- .data


SECTION ALLOCATION MAP

 output                                  attributes/
section   page    origin      length       input sections
--------  ----  ----------  ----------   ----------------
.intvecs   0    00000000    00000200     
                  00000000    00000200     startup_ccs.obj (.intvecs)

.text      0    00000200    00003b7a     
                  00000200    000001fc     driverlib.lib : sysctl.obj (.text:SysCtlClockFreqSet)
                  000003fc    000001d8     usblib.lib : usbdcomp.obj (.text:BuildCompositeDescriptor)
                  000005d4    000001d4     pinout.obj (.text:PinoutSet)
                  000007a8    00000160     usblib.lib : usbdma.obj (.text:USBLibDMAInit)
                  00000908    00000154                : usbdenum.obj (.text:USBDEP0StateTxConfig)
                  00000a5c    00000148                : usbdenum.obj (.text:USBDCDInit)
                  00000ba4    00000140                : usbdconfig.obj (.text:USBDeviceConfig)
                  00000ce4    00000140                : usbdenum.obj (.text:USBDeviceIntHandlerInternal)
                  00000e24    00000130     driverlib.lib : gpio.obj (.text:GPIOPadConfigSet)
                  00000f54    000000e8     usblib.lib : usbdma.obj (.text:iDMAUSBTransfer)
                  0000103c    000000dc                : usbdenum.obj (.text:USBDGetDescriptor)
                  00001118    000000d8                : usbdenum.obj (.text:USBDeviceEnumHandler)
                  000011f0    000000d0                : usbdcdc.obj (.text:HandleRequests)
                  000012c0    000000d0                : usbdcomp.obj (.text:USBDCompositeInit)
                  00001390    000000c0                : usbdma.obj (.text:uDMAUSBChannelAllocate)
                  00001450    000000ba                : usbdma.obj (.text:uDMAUSBTransfer)
                  0000150a    000000ac                : usbbuffer.obj (.text:HandleRxAvailable)
                  000015b6    000000a2                : usbdcdc.obj (.text:HandleDevice)
                  00001658    000000a0     usb_dev_cserial.obj (.text:ControlHandler)
                  000016f8    000000a0     usblib.lib : usbdcdc.obj (.text:USBDCDCCompositeInit)
                  00001798    0000009c     rtsv7M4_T_le_v4SPD16_eabi.lib : memcpy_t2.obj (.text)
                  00001834    00000098     usblib.lib : usbdenum.obj (.text:USBDSetInterface)
                  000018cc    00000096                : usbdcdc.obj (.text:SendSerialState)
                  00001962    00000094                : usbdcdc.obj (.text:CDCTickHandler)
                  000019f6    00000090                : usbbuffer.obj (.text:ScheduleNextTransmission)
                  00001a86    00000090                : usbdcdc.obj (.text:USBDCDCPacketRead)
                  00001b16    00000002     startup_ccs.obj (.text:FaultISR)
                  00001b18    0000008c     usblib.lib : usbdenum.obj (.text:USBDSetConfiguration)
                  00001ba4    0000008c                : usbdconfig.obj (.text:USBDeviceConfigAlternate)
                  00001c30    00000086                : usbdma.obj (.text:iDMAUSBChannelAllocate)
                  00001cb6    00000002     startup_ccs.obj (.text:IntDefaultHandler)
                  00001cb8    00000084     usb_dev_cserial.obj (.text:main)
                  00001d3c    00000080     driverlib.lib : udma.obj (.text:uDMAChannelTransferSet)
                  00001dbc    0000007a                   : usb.obj (.text:USBDevEndpointConfigSet)
                  00001e36    0000007a     rtsv7M4_T_le_v4SPD16_eabi.lib : memset_t2.obj (.text)
                  00001eb0    00000078     usblib.lib : usbdenum.obj (.text:USBDClearFeature)
                  00001f28    00000072                : usbdma.obj (.text:uDMAUSBArbSizeSet)
                  00001f9a    00000002     startup_ccs.obj (.text:NmiSR)
                  00001f9c    00000070     usblib.lib : usbdenum.obj (.text:USBDEP0StateTx)
                  0000200c    00000070                : usbdenum.obj (.text:USBDGetStatus)
                  0000207c    00000070                : usbdma.obj (.text:uDMAUSBUnitSizeSet)
                  000020ec    0000006e                : usbdcdc.obj (.text:ProcessDataFromHost)
                  0000215a    00000002                : usbdma.obj (.text:iDMAUSBArbSizeSet)
                  0000215c    0000006c     rtsv7M4_T_le_v4SPD16_eabi.lib : autoinit.obj (.text)
                  000021c8    0000006a                                   : copy_decompress_rle.obj (.text)
                  00002232    00000002     usblib.lib : usbdma.obj (.text:iDMAUSBUnitSizeSet)
                  00002234    00000064     driverlib.lib : interrupt.obj (.text:IntIsEnabled)
                  00002298    00000064     usblib.lib : usbdenum.obj (.text:USBDSetFeature)
                  000022fc    00000064                : usbdma.obj (.text:uDMAUSBChannelEnable)
                  00002360    00000060                : usbdcomp.obj (.text:GetDescriptor)
                  000023c0    00000060                : usbdcomp.obj (.text:HandleRequests)
                  00002420    00000060     driverlib.lib : interrupt.obj (.text:IntDisable)
                  00002480    00000060                   : interrupt.obj (.text:IntEnable)
                  000024e0    00000060     usblib.lib : usbbuffer.obj (.text:USBBufferEventCallback)
                  00002540    00000060                : usbdenum.obj (.text:USBDReadAndDispatchRequest)
                  000025a0    0000005e     driverlib.lib : usb.obj (.text:USBDevEndpointStatusClear)
                  000025fe    0000005c     usblib.lib : usbdcdc.obj (.text:ProcessDataToHost)
                  0000265a    00000002                : usbdma.obj (.text:uDMAUSBChannelIntDisable)
                  0000265c    0000005c                : usbdenum.obj (.text:USBDStringIndexFromRequest)
                  000026b8    00000056                : usbdcdc.obj (.text:USBDCDCPacketWrite)
                  0000270e    00000054                : usbdcomp.obj (.text:HandleDevice)
                  00002762    00000054                : usbdma.obj (.text:uDMAUSBChannelRelease)
                  000027b6    00000052                : usbulpi.obj (.text:ULPIConfigSet)
                  00002808    00000050     driverlib.lib : sysctl.obj (.text:SysCtlPeripheralReset)
                  00002858    00000050     usblib.lib : usbdcdesc.obj (.text:USBDCDConfigDescGet)
                  000028a8    00000050                : usbdenum.obj (.text:USBDeviceResumeTickHandler)
                  000028f8    00000050     rtsv7M4_T_le_v4SPD16_eabi.lib : boot.obj (.text)
                  00002948    0000004c     usblib.lib : usbdcdesc.obj (.text:ConfigAlternateInterfaceGet)
                  00002994    0000004c                : usbdconfig.obj (.text:GetEPDescriptorType)
                  000029e0    0000004c                : usbdcdc.obj (.text:HandleEndpoints)
                  00002a2c    0000004c     driverlib.lib : usb.obj (.text:USBDevEndpointStallClear)
                  00002a78    0000004c                   : usb.obj (.text:USBEndpointDMAConfigSet)
                  00002ac4    0000004c     rtsv7M4_T_le_v4SPD16_eabi.lib : cpy_tbl.obj (.text)
                  00002b10    0000004a     usblib.lib : usbdma.obj (.text:iDMAUSBChannelEnable)
                  00002b5a    0000004a                : usbdma.obj (.text:uDMAUSBChannelDisable)
                  00002ba4    00000048     driverlib.lib : sysctl.obj (.text:_SysCtlFrequencyGet)
                  00002bec    00000048                   : udma.obj (.text:uDMAChannelAttributeDisable)
                  00002c34    00000046     usblib.lib : usbdcdc.obj (.text:HandleEP0Data)
                  00002c7a    00000002                : usbdma.obj (.text:uDMAUSBChannelIntEnable)
                  00002c7c    00000044                : usbdenum.obj (.text:USBDCDDeviceInfoInit)
                  00002cc0    00000044                : usbdenum.obj (.text:USBDeviceEnumResetHandler)
                  00002d04    00000044     driverlib.lib : usb.obj (.text:USBEndpointDataGet)
                  00002d48    00000044     rtsv7M4_T_le_v4SPD16_eabi.lib : exit.obj (.text)
                  00002d8c    00000040     usblib.lib : usbdenum.obj (.text:USBDGetInterface)
                  00002dcc    0000003a                : usbdcdesc.obj (.text:USBDCDConfigGetInterfaceEndpoint)
                  00002e06    0000003a     driverlib.lib : usb.obj (.text:USBFIFOConfigSet)
                  00002e40    0000003a     usblib.lib : usbdma.obj (.text:iDMAUSBChannelRelease)
                  00002e7a    00000038                : usbdcomp.obj (.text:EndpointToIndex)
                  00002eb2    00000002     --HOLE-- [fill = 0]
                  00002eb4    00000038     usb_dev_cserial.obj (.text:RxHandlerCmd)
                  00002eec    00000038     driverlib.lib : usb.obj (.text:USBIntStatusControl)
                  00002f24    00000036     usblib.lib : usbdcomp.obj (.text:HandleDisconnect)
                  00002f5a    00000036                : usbdcomp.obj (.text:ResetHandler)
                  00002f90    00000036                : usbdcomp.obj (.text:ResumeHandler)
                  00002fc6    00000036                : usbdcdc.obj (.text:SendBreak)
                  00002ffc    00000036                : usbdcomp.obj (.text:SuspendHandler)
                  00003032    00000036                : usbringbuf.obj (.text:USBRingBufAdvanceWrite)
                  00003068    00000034                : usbtick.obj (.text:InternalUSBRegisterTickHandler)
                  0000309c    00000034                : usbtick.obj (.text:InternalUSBStartOfFrameTick)
                  000030d0    00000034     driverlib.lib : sysctl.obj (.text:SysCtlPeripheralEnable)
                  00003104    00000034     usblib.lib : usbdma.obj (.text:iDMAUSBChannelStatus)
                  00003138    00000032                : usbdcdc.obj (.text:HandleConfigChange)
                  0000316a    00000032                : usbdcomp.obj (.text:InterfaceChange)
                  0000319c    00000032                : usbdcdesc.obj (.text:NextConfigDescGet)
                  000031ce    00000032                : usbdcdc.obj (.text:ProcessNotificationToHost)
                  00003200    00000032     driverlib.lib : usb.obj (.text:USBDevEndpointStall)
                  00003232    00000032     usblib.lib : usbdma.obj (.text:iDMAUSBChannelDisable)
                  00003264    00000030                : usbdma.obj (.text:DMAUSBIntHandler)
                  00003294    00000030                : usbtick.obj (.text:InternalUSBTickInit)
                  000032c4    00000030                : usbdenum.obj (.text:USBDGetConfiguration)
                  000032f4    00000030     driverlib.lib : usb.obj (.text:USBEndpointDataPut)
                  00003324    0000002e     usblib.lib : usbdcomp.obj (.text:ConfigChangeHandler)
                  00003352    0000002e                : usbdcomp.obj (.text:HandleEndpoints)
                  00003380    0000002e                : usbdcdc.obj (.text:USBDCDCRxPacketAvailable)
                  000033ae    0000002e     driverlib.lib : usb.obj (.text:USBEndpointDataSend)
                  000033dc    0000002c     usblib.lib : usbdcomp.obj (.text:InterfaceToIndex)
                  00003408    0000002c                : usbbuffer.obj (.text:USBBufferWrite)
                  00003434    0000002c                : usbdesc.obj (.text:USBDescGet)
                  00003460    0000002c                : usbdma.obj (.text:uDMAUSBIntStatus)
                  0000348c    0000002a     driverlib.lib : gpio.obj (.text:GPIODirModeSet)
                  000034b6    0000002a     usblib.lib : usbdcdesc.obj (.text:USBDCDConfigDescGetNum)
                  000034e0    00000028                : usbdesc.obj (.text:USBDescGetNum)
                  00003508    00000028     driverlib.lib : usb.obj (.text:USBIntEnableControl)
                  00003530    00000028     usblib.lib : usbringbuf.obj (.text:UpdateIndexAtomic)
                  00003558    00000028     driverlib.lib : udma.obj (.text:uDMAChannelModeGet)
                  00003580    00000024     usblib.lib : usbbuffer.obj (.text:HandleRequestBuffer)
                  000035a4    00000024                : usbbuffer.obj (.text:USBBufferRead)
                  000035c8    00000024                : usbdenum.obj (.text:USBDSetAddress)
                  000035ec    00000024     driverlib.lib : usb.obj (.text:USBDevEndpointDataAck)
                  00003610    00000024                   : usb.obj (.text:USBEndpointDMADisable)
                  00003634    00000024                   : usb.obj (.text:USBEndpointDMAEnable)
                  00003658    00000024                   : udma.obj (.text:uDMAChannelControlSet)
                  0000367c    00000022     usblib.lib : usbdcomp.obj (.text:DataReceived)
                  0000369e    00000022                : usbdcomp.obj (.text:DataSent)
                  000036c0    00000022                : usbdcdc.obj (.text:HandleDisconnect)
                  000036e2    00000022                : usbdcdc.obj (.text:SendLineCodingChange)
                  00003704    00000022                : usbdcdc.obj (.text:SendLineStateChange)
                  00003726    00000022                : usbdma.obj (.text:uDMAUSBChannelStatus)
                  00003748    00000020                : usbdconfig.obj (.text:GetEndpointFIFOSize)
                  00003768    0000001e                : usbdcdc.obj (.text:CheckAndSendBreak)
                  00003786    0000001e                : usbbuffer.obj (.text:HandleDataRemaining)
                  000037a4    0000001e                : usbringbuf.obj (.text:USBRingBufAdvanceRead)
                  000037c2    0000001e     driverlib.lib : usb.obj (.text:USBULPIRegRead)
                  000037e0    0000001e                   : usb.obj (.text:USBULPIRegWrite)
                  000037fe    0000001c     usblib.lib : usbdcomp.obj (.text:CompositeEPChange)
                  0000381a    0000001c                : usbdcomp.obj (.text:CompositeIfaceChange)
                  00003836    0000001c                : usbdcdc.obj (.text:SetDeferredOpFlag)
                  00003852    0000001c                : usbdcdesc.obj (.text:USBDCDConfigGetInterface)
                  0000386e    00000002     --HOLE-- [fill = 0]
                  00003870    0000001c                : usbdenum.obj (.text:USBDCDStallEP0)
                  0000388c    0000001c     driverlib.lib : usb.obj (.text:USBEndpointDataAvail)
                  000038a8    0000001c     usblib.lib : usbringbuf.obj (.text:USBRingBufContigFree)
                  000038c4    0000001c     driverlib.lib : sysctl.obj (.text:_SysCtlMemTimingGet)
                  000038e0    0000001a     usblib.lib : usbdcdc.obj (.text:DeviceConsumedAllData)
                  000038fa    0000001a     driverlib.lib : usb.obj (.text:USBEndpointDMAChannel)
                  00003914    0000001a     usblib.lib : usbringbuf.obj (.text:USBRingBufRead)
                  0000392e    0000001a                : usbringbuf.obj (.text:USBRingBufReadOne)
                  00003948    0000001a                : usbringbuf.obj (.text:USBRingBufWrite)
                  00003962    00000002     --HOLE-- [fill = 0]
                  00003964    00000018                : usbdhandler.obj (.text:USB0DeviceIntHandler)
                  0000397c    00000018                : usbdcdesc.obj (.text:USBDCDConfigDescGetSize)
                  00003994    00000018                : usbdenum.obj (.text:USBDSetDescriptor)
                  000039ac    00000018                : usbdenum.obj (.text:USBDSyncFrame)
                  000039c4    00000018     rtsv7M4_T_le_v4SPD16_eabi.lib : args_main.obj (.text)
                  000039dc    00000018     driverlib.lib : udma.obj (.text:uDMAChannelDisable)
                  000039f4    00000018                   : udma.obj (.text:uDMAChannelEnable)
                  00003a0c    00000016     usblib.lib : usbdcdc.obj (.text:CheckAndSendLineCodingChange)
                  00003a22    00000016                : usbdcdc.obj (.text:CheckAndSendLineStateChange)
                  00003a38    00000016                : usbbuffer.obj (.text:USBBufferInit)
                  00003a4e    00000016                : usbringbuf.obj (.text:USBRingBufUsed)
                  00003a64    00000014     driverlib.lib : sysctl.obj (.text:SysCtlUSBPLLEnable)
                  00003a78    00000014     usblib.lib : usbdenum.obj (.text:USBDCDRequestDataEP0)
                  00003a8c    00000014                : usbdenum.obj (.text:USBDCDSendDataEP0)
                  00003aa0    00000014     driverlib.lib : usb.obj (.text:USBHostResume)
                  00003ab4    00000014                   : usb.obj (.text:USBIntEnableEndpoint)
                  00003ac8    00000014     usblib.lib : usbringbuf.obj (.text:USBRingBufFlush)
                  00003adc    00000014     driverlib.lib : usb.obj (.text:_USBIndexWrite)
                  00003af0    00000014     rtsv7M4_T_le_v4SPD16_eabi.lib : _lock.obj (.text)
                  00003b04    00000012     driverlib.lib : gpio.obj (.text:GPIOPinTypeEthernetLED)
                  00003b16    00000012     usb_dev_cserial.obj (.text:GetLineCoding)
                  00003b28    00000012     usblib.lib : usbdcdc.obj (.text:HandleResume)
                  00003b3a    00000012                : usbdcdc.obj (.text:HandleSuspend)
                  00003b4c    00000012                : usbbuffer.obj (.text:HandleTxComplete)
                  00003b5e    00000012     driverlib.lib : usb.obj (.text:USBDMAChannelConfigSet)
                  00003b70    00000012                   : usb.obj (.text:USBDMAChannelDisable)
                  00003b82    00000012                   : usb.obj (.text:USBDMAChannelEnable)
                  00003b94    00000012                   : usb.obj (.text:USBDMAChannelIntDisable)
                  00003ba6    00000012                   : usb.obj (.text:USBDMAChannelIntEnable)
                  00003bb8    00000012     usblib.lib : usbringbuf.obj (.text:USBRingBufFree)
                  00003bca    00000012                : usbringbuf.obj (.text:USBRingBufWriteOne)
                  00003bdc    00000010     driverlib.lib : usb.obj (.text:USBEndpointStatus)
                  00003bec    00000010     usblib.lib : usbringbuf.obj (.text:USBRingBufContigUsed)
                  00003bfc    0000000e                : usbdma.obj (.text:DMAUSBIntStatusClear)
                  00003c0a    0000000e                : usbdcdc.obj (.text:USBDCDCTxPacketAvailable)
                  00003c18    0000000e     driverlib.lib : usb.obj (.text:USBDMAChannelStatus)
                  00003c26    0000000e                   : usb.obj (.text:USBDevLPMDisable)
                  00003c34    0000000e                   : usb.obj (.text:USBDevLPMEnable)
                  00003c42    0000000e                   : usb.obj (.text:USBULPIDisable)
                  00003c50    0000000e                   : usb.obj (.text:USBULPIEnable)
                  00003c5e    0000000e     rtsv7M4_T_le_v4SPD16_eabi.lib : copy_decompress_none.obj (.text:decompress:none)
                  00003c6c    0000000c     driverlib.lib : cpu.obj (.text:CPUcpsid)
                  00003c78    0000000c                   : cpu.obj (.text:CPUcpsie)
                  00003c84    0000000c                   : usb.obj (.text:USBEndpointPacketCountSet)
                  00003c90    0000000c                   : usb.obj (.text:USBLPMIntEnable)
                  00003c9c    0000000c     usblib.lib : usbringbuf.obj (.text:USBRingBufInit)
                  00003ca8    0000000c     rtsv7M4_T_le_v4SPD16_eabi.lib : copy_zero_init.obj (.text:decompress:ZI)
                  00003cb4    0000000a     driverlib.lib : interrupt.obj (.text:IntMasterDisable)
                  00003cbe    0000000a                   : interrupt.obj (.text:IntMasterEnable)
                  00003cc8    0000000a                   : usb.obj (.text:USBClockEnable)
                  00003cd2    0000000a                   : usb.obj (.text:USBControllerVersion)
                  00003cdc    0000000a                   : usb.obj (.text:USBDMAChannelAddressSet)
                  00003ce6    0000000a                   : usb.obj (.text:USBDMAChannelCountSet)
                  00003cf0    0000000a                   : usb.obj (.text:USBDevConnect)
                  00003cfa    0000000a                   : usb.obj (.text:USBDevDisconnect)
                  00003d04    0000000a                   : usb.obj (.text:USBIntStatusEndpoint)
                  00003d0e    00000008                   : usb.obj (.text:USBDevMode)
                  00003d16    00000008                   : usb.obj (.text:USBFIFOAddrGet)
                  00003d1e    00000008                   : usb.obj (.text:USBOTGMode)
                  00003d26    00000008     usblib.lib : usbdma.obj (.text:iDMAUSBChannelIntDisable)
                  00003d2e    00000008                : usbdma.obj (.text:iDMAUSBChannelIntEnable)
                  00003d36    00000006     startup_ccs.obj (.text:ResetISR)
                  00003d3c    00000006     usblib.lib : usbbuffer.obj (.text:USBBufferDataAvailable)
                  00003d42    00000006                : usbbuffer.obj (.text:USBBufferFlush)
                  00003d48    00000006     driverlib.lib : usb.obj (.text:USBDMAChannelIntStatus)
                  00003d4e    00000006                   : usb.obj (.text:USBDevLPMConfig)
                  00003d54    00000006                   : usb.obj (.text:USBLPMIntStatus)
                  00003d5a    00000006     rtsv7M4_T_le_v4SPD16_eabi.lib : copy_decompress_rle.obj (.text:decompress:rle24)
                  00003d60    00000006     usblib.lib : usbdma.obj (.text:iDMAUSBIntStatus)
                  00003d66    00000004     driverlib.lib : cpu.obj (.text:CPUwfi)
                  00003d6a    00000004     usblib.lib : usbdma.obj (.text:DMAUSBStatus)
                  00003d6e    00000004     usb_dev_cserial.obj (.text:TxHandlerEcho)
                  00003d72    00000004     driverlib.lib : usb.obj (.text:USBDevAddrSet)
                  00003d76    00000004     rtsv7M4_T_le_v4SPD16_eabi.lib : pre_init.obj (.text)

.const     0    00003d7c    0000046c     
                  00003d7c    00000120     driverlib.lib : sysctl.obj (.const:g_pppui32XTALtoVCO)
                  00003e9c    00000070                   : interrupt.obj (.const)
                  00003f0c    0000006c                   : sysctl.obj (.const:g_pui32Xtals)
                  00003f78    00000038     usblib.lib : usbdcdc.obj (.const)
                  00003fb0    00000036     usb_structs.obj (.const:.string:g_pui8ConfigString)
                  00003fe6    00000002     --HOLE-- [fill = 0]
                  00003fe8    00000034     usblib.lib : usbdenum.obj (.const:g_psUSBDStdRequests)
                  0000401c    00000030                : usbdcdc.obj (.const:g_sCDCHandlers)
                  0000404c    00000030                : usbdcomp.obj (.const:g_sCompHandlers)
                  0000407c    00000030     driverlib.lib : sysctl.obj (.const:g_sXTALtoMEMTIM)
                  000040ac    0000002c     usb_structs.obj (.const:.string:g_pui8ControlInterfaceString)
                  000040d8    00000024     usb_structs.obj (.const:.string:g_pui8ManufacturerString)
                  000040fc    00000024     usb_structs.obj (.const:g_psRxBuffer)
                  00004120    00000024     usb_structs.obj (.const:g_psTxBuffer)
                  00004144    00000023     usblib.lib : usbdcdc.obj (.const:.string:g_pui8CDCSerCommInterface)
                  00004167    00000022     usb_structs.obj (.const:.string:g_pui8ProductString)
                  00004189    00000003     --HOLE-- [fill = 0]
                  0000418c    00000018     usb_structs.obj (.const)
                  000041a4    00000017     usblib.lib : usbdcdc.obj (.const:.string)
                  000041bb    00000016     usb_structs.obj (.const:.string)
                  000041d1    00000003     --HOLE-- [fill = 0]
                  000041d4    00000009     usblib.lib : usbdcomp.obj (.const:.string)
                  000041dd    00000003     --HOLE-- [fill = 0]
                  000041e0    00000008     driverlib.lib : sysctl.obj (.const)

.cinit     0    000041e8    000000e0     
                  000041e8    000000ba     (.cinit..data.load) [load image, compression = rle]
                  000042a2    00000002     --HOLE-- [fill = 0]
                  000042a4    0000000c     (__TI_handler_table)
                  000042b0    00000008     (.cinit..bss.load) [load image, compression = zero_init]
                  000042b8    00000010     (__TI_cinit_table)

.init_array 
*          0    00000000    00000000     UNINITIALIZED

.bss       0    20000000    000005a0     UNINITIALIZED
                  20000000    00000110     usblib.lib : usbdma.obj (.bss:g_psUSBDMAInst)
                  20000110    00000100     usb_dev_cserial.obj (.bss:g_pcCmdBuf)
                  20000210    00000100     usb_structs.obj (.bss:g_ppcUSBTxBuffer)
                  20000310    00000100     usb_structs.obj (.bss:g_ppui8USBRxBuffer)
                  20000410    00000084     usb_dev_cserial.obj (.bss:g_pucDescriptorData)
                  20000494    00000050     usblib.lib : usbdenum.obj (.bss:g_psDCDInst)
                  200004e4    00000040                : usbdenum.obj (.bss:g_pui8DataBufferIn)
                  20000524    00000030                : usbtick.obj (.bss)
                  20000554    00000018     (.common:g_ppucTxBufferWorkspace)
                  2000056c    00000018     (.common:g_ppui8RxBufferWorkspace)
                  20000584    0000000c     (.common:g_psCompEntries)
                  20000590    00000008                : usbdenum.obj (.bss)
                  20000598    00000004                : usbdcomp.obj (.bss)
                  2000059c    00000004     (.common:g_pcStatus)

.TI.noinit 
*          0    20000000    00000000     UNINITIALIZED

.stack     0    200005a0    00000400     UNINITIALIZED
                  200005a0    00000400     --HOLE--

.data      0    200009a0    00000178     UNINITIALIZED
                  200009a0    0000007c     usb_structs.obj (.data:g_sCompDevice)
                  20000a1c    00000060     usb_structs.obj (.data:g_psCDCDevice)
                  20000a7c    00000040     usblib.lib : usbdcdc.obj (.data)
                  20000abc    00000012                : usbdcomp.obj (.data)
                  20000ace    00000002     --HOLE--
                  20000ad0    00000011     usb_dev_cserial.obj (.data)
                  20000ae1    00000003     --HOLE--
                  20000ae4    0000000c     usblib.lib : usbtick.obj (.data)
                  20000af0    00000009                : usbmode.obj (.data)
                  20000af9    00000003     --HOLE--
                  20000afc    00000008     rtsv7M4_T_le_v4SPD16_eabi.lib : _lock.obj (.data)
                  20000b04    00000008                                   : exit.obj (.data)
                  20000b0c    00000008     usblib.lib : usbdenum.obj (.data)
                  20000b14    00000004     rtsv7M4_T_le_v4SPD16_eabi.lib : stkdepth_vars.obj (.data)

.TI.persistent 
*          0    200009a0    00000000     UNINITIALIZED


LINKER GENERATED COPY TABLES

__TI_cinit_table @ 000042b8 records: 2, size/record: 8, table size: 16
	.data: load addr=000041e8, load size=000000ba bytes, run addr=200009a0, run size=00000178 bytes, compression=rle
	.bss: load addr=000042b0, load size=00000008 bytes, run addr=20000000, run size=000005a0 bytes, compression=zero_init


LINKER GENERATED HANDLER TABLE

__TI_handler_table @ 000042a4 records: 3, size/record: 4, table size: 12
	index: 0, handler: __TI_decompress_rle24
	index: 1, handler: __TI_decompress_none
	index: 2, handler: __TI_zero_init


GLOBAL SYMBOLS: SORTED ALPHABETICALLY BY Name 

address   name                            
-------   ----                            
000003fd  BuildCompositeDescriptor        
00002d49  C$$EXIT                         
00003c6d  CPUcpsid                        
00003c79  CPUcpsie                        
00003d67  CPUwfi                          
00001659  ControlHandler                  
0000348d  GPIODirModeSet                  
00000e25  GPIOPadConfigSet                
00003b05  GPIOPinTypeEthernetLED          
00002421  IntDisable                      
00002481  IntEnable                       
00002235  IntIsEnabled                    
00003cb5  IntMasterDisable                
00003cbf  IntMasterEnable                 
00003069  InternalUSBRegisterTickHandler  
0000309d  InternalUSBStartOfFrameTick     
00003295  InternalUSBTickInit             
000005d5  PinoutSet                       
000020ed  ProcessDataFromHost             
000025ff  ProcessDataToHost               
000031cf  ProcessNotificationToHost       
00003d37  ResetISR                        
00002eb5  RxHandlerCmd                    
UNDEFED   SHT$$INIT_ARRAY$$Base           
UNDEFED   SHT$$INIT_ARRAY$$Limit          
00000201  SysCtlClockFreqSet              
000030d1  SysCtlPeripheralEnable          
00002809  SysCtlPeripheralReset           
00003d67  SysCtlSleep                     
00003a65  SysCtlUSBPLLEnable              
00003d6f  TxHandlerEcho                   
000027b7  ULPIConfigSet                   
00003965  USB0DeviceIntHandler            
00003d3d  USBBufferDataAvailable          
000024e1  USBBufferEventCallback          
00003d43  USBBufferFlush                  
00003a39  USBBufferInit                   
000035a5  USBBufferRead                   
00003409  USBBufferWrite                  
00003cc9  USBClockEnable                  
00003cd3  USBControllerVersion            
000016f9  USBDCDCCompositeInit            
00001a87  USBDCDCPacketRead               
000026b9  USBDCDCPacketWrite              
00003381  USBDCDCRxPacketAvailable        
00003c0b  USBDCDCTxPacketAvailable        
00002859  USBDCDConfigDescGet             
000034b7  USBDCDConfigDescGetNum          
0000397d  USBDCDConfigDescGetSize         
00003853  USBDCDConfigGetInterface        
00002dcd  USBDCDConfigGetInterfaceEndpoint
00002c7d  USBDCDDeviceInfoInit            
00000a5d  USBDCDInit                      
00003a79  USBDCDRequestDataEP0            
00003a8d  USBDCDSendDataEP0               
00003871  USBDCDStallEP0                  
000012c1  USBDCompositeInit               
00003cdd  USBDMAChannelAddressSet         
00003b5f  USBDMAChannelConfigSet          
00003ce7  USBDMAChannelCountSet           
00003b71  USBDMAChannelDisable            
00003b83  USBDMAChannelEnable             
00003b95  USBDMAChannelIntDisable         
00003ba7  USBDMAChannelIntEnable          
00003d49  USBDMAChannelIntStatus          
00003c19  USBDMAChannelStatus             
00003435  USBDescGet                      
000034e1  USBDescGetNum                   
00003d73  USBDevAddrSet                   
00003cf1  USBDevConnect                   
00003cfb  USBDevDisconnect                
00001dbd  USBDevEndpointConfigSet         
000035ed  USBDevEndpointDataAck           
00003201  USBDevEndpointStall             
00002a2d  USBDevEndpointStallClear        
000025a1  USBDevEndpointStatusClear       
00003d4f  USBDevLPMConfig                 
00003c27  USBDevLPMDisable                
00003c35  USBDevLPMEnable                 
00003d0f  USBDevMode                      
00000ba5  USBDeviceConfig                 
00001ba5  USBDeviceConfigAlternate        
00001119  USBDeviceEnumHandler            
00002cc1  USBDeviceEnumResetHandler       
00000ce5  USBDeviceIntHandlerInternal     
000028a9  USBDeviceResumeTickHandler      
000038fb  USBEndpointDMAChannel           
00002a79  USBEndpointDMAConfigSet         
00003611  USBEndpointDMADisable           
00003635  USBEndpointDMAEnable            
0000388d  USBEndpointDataAvail            
00002d05  USBEndpointDataGet              
000032f5  USBEndpointDataPut              
000033af  USBEndpointDataSend             
00003c85  USBEndpointPacketCountSet       
00003bdd  USBEndpointStatus               
00003d17  USBFIFOAddrGet                  
00002e07  USBFIFOConfigSet                
00003aa1  USBHostResume                   
00003509  USBIntEnableControl             
00003ab5  USBIntEnableEndpoint            
00002eed  USBIntStatusControl             
00003d05  USBIntStatusEndpoint            
00003c91  USBLPMIntEnable                 
00003d55  USBLPMIntStatus                 
000007a9  USBLibDMAInit                   
00003d1f  USBOTGMode                      
000037a5  USBRingBufAdvanceRead           
00003033  USBRingBufAdvanceWrite          
000038a9  USBRingBufContigFree            
00003bed  USBRingBufContigUsed            
00003ac9  USBRingBufFlush                 
00003bb9  USBRingBufFree                  
00003c9d  USBRingBufInit                  
00003915  USBRingBufRead                  
0000392f  USBRingBufReadOne               
00003a4f  USBRingBufUsed                  
00003949  USBRingBufWrite                 
00003bcb  USBRingBufWriteOne              
00003c43  USBULPIDisable                  
00003c51  USBULPIEnable                   
000037c3  USBULPIRegRead                  
000037e1  USBULPIRegWrite                 
200009a0  __STACK_END                     
00000400  __STACK_SIZE                    
200009a0  __STACK_TOP                     
000042b8  __TI_CINIT_Base                 
000042c8  __TI_CINIT_Limit                
000042a4  __TI_Handler_Table_Base         
000042b0  __TI_Handler_Table_Limit        
0000215d  __TI_auto_init                  
20000b04  __TI_cleanup_ptr                
00003c5f  __TI_decompress_none            
00003d5b  __TI_decompress_rle24           
20000b08  __TI_dtors_ptr                  
00000000  __TI_static_base__              
00003ca9  __TI_zero_init                  
00001e37  __aeabi_memclr                  
00001e37  __aeabi_memclr4                 
00001e37  __aeabi_memclr8                 
00001799  __aeabi_memcpy                  
00001799  __aeabi_memcpy4                 
00001799  __aeabi_memcpy8                 
00001e39  __aeabi_memset                  
00001e39  __aeabi_memset4                 
00001e39  __aeabi_memset8                 
ffffffff  __binit__                       
ffffffff  __c_args__                      
200005a0  __stack                         
000039c5  _args_main                      
000028f9  _c_int00                        
20000afc  _lock                           
00003aff  _nop                            
00003af7  _register_lock                  
00003af1  _register_unlock                
00003d77  _system_pre_init                
20000b00  _unlock                         
00002d4d  abort                           
ffffffff  binit                           
00002ac5  copy_in                         
00002d55  exit                            
20000ae4  g_bUSBTimerInitialized          
20000af0  g_iUSBMode                      
00003fac  g_pCDCCompSerConfigDescriptors  
2000059c  g_pcStatus                      
20000524  g_pfnTickHandlers               
00000000  g_pfnVectors                    
00003fa8  g_ppCDCSerConfigDescriptors     
20000598  g_ppCompConfigDescriptors       
20000210  g_ppcUSBTxBuffer                
20000594  g_ppsDevInfo                    
20000554  g_ppucTxBufferWorkspace         
2000056c  g_ppui8RxBufferWorkspace        
20000310  g_ppui8USBRxBuffer              
20000aac  g_psCDCCompSerSections          
20000a1c  g_psCDCDevice                   
20000aa0  g_psCDCSerSections              
20000584  g_psCompEntries                 
20000494  g_psDCDInst                     
000040fc  g_psRxBuffer                    
00004120  g_psTxBuffer                    
20000410  g_pucDescriptorData             
00004144  g_pui8CDCSerCommInterface       
000041a4  g_pui8CDCSerDataInterface       
20000a8e  g_pui8CDCSerDescriptor          
20000a7c  g_pui8CDCSerDeviceDescriptor    
00003fb0  g_pui8ConfigString              
000040ac  g_pui8ControlInterfaceString    
20000a97  g_pui8IADSerDescriptor          
000041bb  g_pui8LangDescriptor            
000040d8  g_pui8ManufacturerString        
00004167  g_pui8ProductString             
000041bf  g_pui8SerialNumberString        
0000418c  g_pui8StringDescriptors         
2000053c  g_pvTickInstance                
00003fa0  g_sCDCCompSerConfigHeader       
0000401c  g_sCDCHandlers                  
00003f88  g_sCDCSerCommInterfaceSection   
00003f98  g_sCDCSerConfigHeader           
00003f78  g_sCDCSerConfigSection          
00003f90  g_sCDCSerDataInterfaceSection   
200009a0  g_sCompDevice                   
0000404c  g_sCompHandlers                 
00003f80  g_sIADSerConfigSection          
20000ae8  g_ui32CurrentUSBTick            
20000adc  g_ui32Flags                     
20000ad0  g_ui32SysClock                  
20000ad8  g_ui32UARTRxCount               
20000ad4  g_ui32UARTTxCount               
20000aec  g_ui32USBSOFCount               
20000af4  g_ui32WaitTicks                 
00001cb9  main                            
20000b14  main_func_sp                    
00001799  memcpy                          
00001e3f  memset                          
00002bed  uDMAChannelAttributeDisable     
00003659  uDMAChannelControlSet           
000039dd  uDMAChannelDisable              
000039f5  uDMAChannelEnable               
00003559  uDMAChannelModeGet              
00001d3d  uDMAChannelTransferSet          


GLOBAL SYMBOLS: SORTED BY Symbol Address 

address   name                            
-------   ----                            
00000000  __TI_static_base__              
00000000  g_pfnVectors                    
00000201  SysCtlClockFreqSet              
000003fd  BuildCompositeDescriptor        
00000400  __STACK_SIZE                    
000005d5  PinoutSet                       
000007a9  USBLibDMAInit                   
00000a5d  USBDCDInit                      
00000ba5  USBDeviceConfig                 
00000ce5  USBDeviceIntHandlerInternal     
00000e25  GPIOPadConfigSet                
00001119  USBDeviceEnumHandler            
000012c1  USBDCompositeInit               
00001659  ControlHandler                  
000016f9  USBDCDCCompositeInit            
00001799  __aeabi_memcpy                  
00001799  __aeabi_memcpy4                 
00001799  __aeabi_memcpy8                 
00001799  memcpy                          
00001a87  USBDCDCPacketRead               
00001ba5  USBDeviceConfigAlternate        
00001cb9  main                            
00001d3d  uDMAChannelTransferSet          
00001dbd  USBDevEndpointConfigSet         
00001e37  __aeabi_memclr                  
00001e37  __aeabi_memclr4                 
00001e37  __aeabi_memclr8                 
00001e39  __aeabi_memset                  
00001e39  __aeabi_memset4                 
00001e39  __aeabi_memset8                 
00001e3f  memset                          
000020ed  ProcessDataFromHost             
0000215d  __TI_auto_init                  
00002235  IntIsEnabled                    
00002421  IntDisable                      
00002481  IntEnable                       
000024e1  USBBufferEventCallback          
000025a1  USBDevEndpointStatusClear       
000025ff  ProcessDataToHost               
000026b9  USBDCDCPacketWrite              
000027b7  ULPIConfigSet                   
00002809  SysCtlPeripheralReset           
00002859  USBDCDConfigDescGet             
000028a9  USBDeviceResumeTickHandler      
000028f9  _c_int00                        
00002a2d  USBDevEndpointStallClear        
00002a79  USBEndpointDMAConfigSet         
00002ac5  copy_in                         
00002bed  uDMAChannelAttributeDisable     
00002c7d  USBDCDDeviceInfoInit            
00002cc1  USBDeviceEnumResetHandler       
00002d05  USBEndpointDataGet              
00002d49  C$$EXIT                         
00002d4d  abort                           
00002d55  exit                            
00002dcd  USBDCDConfigGetInterfaceEndpoint
00002e07  USBFIFOConfigSet                
00002eb5  RxHandlerCmd                    
00002eed  USBIntStatusControl             
00003033  USBRingBufAdvanceWrite          
00003069  InternalUSBRegisterTickHandler  
0000309d  InternalUSBStartOfFrameTick     
000030d1  SysCtlPeripheralEnable          
000031cf  ProcessNotificationToHost       
00003201  USBDevEndpointStall             
00003295  InternalUSBTickInit             
000032f5  USBEndpointDataPut              
00003381  USBDCDCRxPacketAvailable        
000033af  USBEndpointDataSend             
00003409  USBBufferWrite                  
00003435  USBDescGet                      
0000348d  GPIODirModeSet                  
000034b7  USBDCDConfigDescGetNum          
000034e1  USBDescGetNum                   
00003509  USBIntEnableControl             
00003559  uDMAChannelModeGet              
000035a5  USBBufferRead                   
000035ed  USBDevEndpointDataAck           
00003611  USBEndpointDMADisable           
00003635  USBEndpointDMAEnable            
00003659  uDMAChannelControlSet           
000037a5  USBRingBufAdvanceRead           
000037c3  USBULPIRegRead                  
000037e1  USBULPIRegWrite                 
00003853  USBDCDConfigGetInterface        
00003871  USBDCDStallEP0                  
0000388d  USBEndpointDataAvail            
000038a9  USBRingBufContigFree            
000038fb  USBEndpointDMAChannel           
00003915  USBRingBufRead                  
0000392f  USBRingBufReadOne               
00003949  USBRingBufWrite                 
00003965  USB0DeviceIntHandler            
0000397d  USBDCDConfigDescGetSize         
000039c5  _args_main                      
000039dd  uDMAChannelDisable              
000039f5  uDMAChannelEnable               
00003a39  USBBufferInit                   
00003a4f  USBRingBufUsed                  
00003a65  SysCtlUSBPLLEnable              
00003a79  USBDCDRequestDataEP0            
00003a8d  USBDCDSendDataEP0               
00003aa1  USBHostResume                   
00003ab5  USBIntEnableEndpoint            
00003ac9  USBRingBufFlush                 
00003af1  _register_unlock                
00003af7  _register_lock                  
00003aff  _nop                            
00003b05  GPIOPinTypeEthernetLED          
00003b5f  USBDMAChannelConfigSet          
00003b71  USBDMAChannelDisable            
00003b83  USBDMAChannelEnable             
00003b95  USBDMAChannelIntDisable         
00003ba7  USBDMAChannelIntEnable          
00003bb9  USBRingBufFree                  
00003bcb  USBRingBufWriteOne              
00003bdd  USBEndpointStatus               
00003bed  USBRingBufContigUsed            
00003c0b  USBDCDCTxPacketAvailable        
00003c19  USBDMAChannelStatus             
00003c27  USBDevLPMDisable                
00003c35  USBDevLPMEnable                 
00003c43  USBULPIDisable                  
00003c51  USBULPIEnable                   
00003c5f  __TI_decompress_none            
00003c6d  CPUcpsid                        
00003c79  CPUcpsie                        
00003c85  USBEndpointPacketCountSet       
00003c91  USBLPMIntEnable                 
00003c9d  USBRingBufInit                  
00003ca9  __TI_zero_init                  
00003cb5  IntMasterDisable                
00003cbf  IntMasterEnable                 
00003cc9  USBClockEnable                  
00003cd3  USBControllerVersion            
00003cdd  USBDMAChannelAddressSet         
00003ce7  USBDMAChannelCountSet           
00003cf1  USBDevConnect                   
00003cfb  USBDevDisconnect                
00003d05  USBIntStatusEndpoint            
00003d0f  USBDevMode                      
00003d17  USBFIFOAddrGet                  
00003d1f  USBOTGMode                      
00003d37  ResetISR                        
00003d3d  USBBufferDataAvailable          
00003d43  USBBufferFlush                  
00003d49  USBDMAChannelIntStatus          
00003d4f  USBDevLPMConfig                 
00003d55  USBLPMIntStatus                 
00003d5b  __TI_decompress_rle24           
00003d67  CPUwfi                          
00003d67  SysCtlSleep                     
00003d6f  TxHandlerEcho                   
00003d73  USBDevAddrSet                   
00003d77  _system_pre_init                
00003f78  g_sCDCSerConfigSection          
00003f80  g_sIADSerConfigSection          
00003f88  g_sCDCSerCommInterfaceSection   
00003f90  g_sCDCSerDataInterfaceSection   
00003f98  g_sCDCSerConfigHeader           
00003fa0  g_sCDCCompSerConfigHeader       
00003fa8  g_ppCDCSerConfigDescriptors     
00003fac  g_pCDCCompSerConfigDescriptors  
00003fb0  g_pui8ConfigString              
0000401c  g_sCDCHandlers                  
0000404c  g_sCompHandlers                 
000040ac  g_pui8ControlInterfaceString    
000040d8  g_pui8ManufacturerString        
000040fc  g_psRxBuffer                    
00004120  g_psTxBuffer                    
00004144  g_pui8CDCSerCommInterface       
00004167  g_pui8ProductString             
0000418c  g_pui8StringDescriptors         
000041a4  g_pui8CDCSerDataInterface       
000041bb  g_pui8LangDescriptor            
000041bf  g_pui8SerialNumberString        
000042a4  __TI_Handler_Table_Base         
000042b0  __TI_Handler_Table_Limit        
000042b8  __TI_CINIT_Base                 
000042c8  __TI_CINIT_Limit                
20000210  g_ppcUSBTxBuffer                
20000310  g_ppui8USBRxBuffer              
20000410  g_pucDescriptorData             
20000494  g_psDCDInst                     
20000524  g_pfnTickHandlers               
2000053c  g_pvTickInstance                
20000554  g_ppucTxBufferWorkspace         
2000056c  g_ppui8RxBufferWorkspace        
20000584  g_psCompEntries                 
20000594  g_ppsDevInfo                    
20000598  g_ppCompConfigDescriptors       
2000059c  g_pcStatus                      
200005a0  __stack                         
200009a0  __STACK_END                     
200009a0  __STACK_TOP                     
200009a0  g_sCompDevice                   
20000a1c  g_psCDCDevice                   
20000a7c  g_pui8CDCSerDeviceDescriptor    
20000a8e  g_pui8CDCSerDescriptor          
20000a97  g_pui8IADSerDescriptor          
20000aa0  g_psCDCSerSections              
20000aac  g_psCDCCompSerSections          
20000ad0  g_ui32SysClock                  
20000ad4  g_ui32UARTTxCount               
20000ad8  g_ui32UARTRxCount               
20000adc  g_ui32Flags                     
20000ae4  g_bUSBTimerInitialized          
20000ae8  g_ui32CurrentUSBTick            
20000aec  g_ui32USBSOFCount               
20000af0  g_iUSBMode                      
20000af4  g_ui32WaitTicks                 
20000afc  _lock                           
20000b00  _unlock                         
20000b04  __TI_cleanup_ptr                
20000b08  __TI_dtors_ptr                  
20000b14  main_func_sp                    
ffffffff  __binit__                       
ffffffff  __c_args__                      
ffffffff  binit                           
UNDEFED   SHT$$INIT_ARRAY$$Base           
UNDEFED   SHT$$INIT_ARRAY$$Limit          

[221 symbols]
