******************************************************************************
                  TI ARM Linker PC v5.2.7                      
******************************************************************************
>> Linked Fri Aug 12 13:33:40 2016

OUTPUT FILE NAME:   <usb_dev_cserial.out>
ENTRY POINT SYMBOL: "_c_int00"  address: 0000298d


MEMORY CONFIGURATION

         name            origin    length      used     unused   attr    fill
----------------------  --------  ---------  --------  --------  ----  --------
  FLASH                 00000000   00100000  0000436e  000fbc92  R  X
  SRAM                  20000000   00040000  00000b18  0003f4e8  RW X


SEGMENT ALLOCATION MAP

run origin  load origin   length   init length attrs members
----------  ----------- ---------- ----------- ----- -------
00000000    00000000    00004370   00004370    r-x
  00000000    00000000    00000200   00000200    r-- .intvecs
  00000200    00000200    00003c22   00003c22    r-x .text
  00003e24    00003e24    0000046c   0000046c    r-- .const
  00004290    00004290    000000e0   000000e0    r-- .cinit
20000000    20000000    00000b18   00000000    rw-
  20000000    20000000    000005a0   00000000    rw- .bss
  200005a0    200005a0    00000400   00000000    rw- .stack
  200009a0    200009a0    00000178   00000000    rw- .data


SECTION ALLOCATION MAP

 output                                  attributes/
section   page    origin      length       input sections
--------  ----  ----------  ----------   ----------------
.intvecs   0    00000000    00000200     
                  00000000    00000200     startup_ccs.obj (.intvecs)

.text      0    00000200    00003c22     
                  00000200    0000022a     pinout.obj (.text:PinoutSet)
                  0000042a    00000002     usblib.lib : usbdma.obj (.text:iDMAUSBArbSizeSet)
                  0000042c    000001fc     driverlib.lib : sysctl.obj (.text:SysCtlClockFreqSet)
                  00000628    000001d8     usblib.lib : usbdcomp.obj (.text:BuildCompositeDescriptor)
                  00000800    00000160                : usbdma.obj (.text:USBLibDMAInit)
                  00000960    00000154                : usbdenum.obj (.text:USBDEP0StateTxConfig)
                  00000ab4    00000148                : usbdenum.obj (.text:USBDCDInit)
                  00000bfc    00000140                : usbdconfig.obj (.text:USBDeviceConfig)
                  00000d3c    00000140                : usbdenum.obj (.text:USBDeviceIntHandlerInternal)
                  00000e7c    00000130     driverlib.lib : gpio.obj (.text:GPIOPadConfigSet)
                  00000fac    000000e8     usblib.lib : usbdma.obj (.text:iDMAUSBTransfer)
                  00001094    000000dc                : usbdenum.obj (.text:USBDGetDescriptor)
                  00001170    000000d8                : usbdenum.obj (.text:USBDeviceEnumHandler)
                  00001248    000000d0                : usbdcdc.obj (.text:HandleRequests)
                  00001318    000000d0                : usbdcomp.obj (.text:USBDCompositeInit)
                  000013e8    000000c0                : usbdma.obj (.text:uDMAUSBChannelAllocate)
                  000014a8    000000bc     usb_dev_cserial.obj (.text:ControlHandler)
                  00001564    000000ba     usblib.lib : usbdma.obj (.text:uDMAUSBTransfer)
                  0000161e    000000ac                : usbbuffer.obj (.text:HandleRxAvailable)
                  000016ca    000000a2                : usbdcdc.obj (.text:HandleDevice)
                  0000176c    000000a0                : usbdcdc.obj (.text:USBDCDCCompositeInit)
                  0000180c    00000004     driverlib.lib : cpu.obj (.text:CPUwfi)
                  00001810    0000009e     usb_dev_cserial.obj (.text:main)
                  000018ae    0000009c     rtsv7M4_T_le_v4SPD16_eabi.lib : memcpy_t2.obj (.text)
                  0000194a    00000002     usblib.lib : usbdma.obj (.text:iDMAUSBUnitSizeSet)
                  0000194c    00000098                : usbdenum.obj (.text:USBDSetInterface)
                  000019e4    00000096                : usbdcdc.obj (.text:SendSerialState)
                  00001a7a    00000094                : usbdcdc.obj (.text:CDCTickHandler)
                  00001b0e    00000090                : usbbuffer.obj (.text:ScheduleNextTransmission)
                  00001b9e    00000090                : usbdcdc.obj (.text:USBDCDCPacketRead)
                  00001c2e    00000002                : usbdma.obj (.text:uDMAUSBChannelIntDisable)
                  00001c30    0000008c                : usbdenum.obj (.text:USBDSetConfiguration)
                  00001cbc    0000008c                : usbdconfig.obj (.text:USBDeviceConfigAlternate)
                  00001d48    00000086                : usbdma.obj (.text:iDMAUSBChannelAllocate)
                  00001dce    00000002                : usbdma.obj (.text:uDMAUSBChannelIntEnable)
                  00001dd0    00000080     driverlib.lib : udma.obj (.text:uDMAChannelTransferSet)
                  00001e50    0000007a                   : usb.obj (.text:USBDevEndpointConfigSet)
                  00001eca    0000007a     rtsv7M4_T_le_v4SPD16_eabi.lib : memset_t2.obj (.text)
                  00001f44    00000078     usblib.lib : usbdenum.obj (.text:USBDClearFeature)
                  00001fbc    00000072                : usbdma.obj (.text:uDMAUSBArbSizeSet)
                  0000202e    00000002     --HOLE-- [fill = 0]
                  00002030    00000070                : usbdenum.obj (.text:USBDEP0StateTx)
                  000020a0    00000070                : usbdenum.obj (.text:USBDGetStatus)
                  00002110    00000070                : usbdma.obj (.text:uDMAUSBUnitSizeSet)
                  00002180    0000006e                : usbdcdc.obj (.text:ProcessDataFromHost)
                  000021ee    00000002     --HOLE-- [fill = 0]
                  000021f0    0000006c     rtsv7M4_T_le_v4SPD16_eabi.lib : autoinit.obj (.text)
                  0000225c    0000006a                                   : copy_decompress_rle.obj (.text)
                  000022c6    00000002     --HOLE-- [fill = 0]
                  000022c8    00000064     driverlib.lib : interrupt.obj (.text:IntIsEnabled)
                  0000232c    00000064     usblib.lib : usbdenum.obj (.text:USBDSetFeature)
                  00002390    00000064                : usbdma.obj (.text:uDMAUSBChannelEnable)
                  000023f4    00000060                : usbdcomp.obj (.text:GetDescriptor)
                  00002454    00000060                : usbdcomp.obj (.text:HandleRequests)
                  000024b4    00000060     driverlib.lib : interrupt.obj (.text:IntDisable)
                  00002514    00000060                   : interrupt.obj (.text:IntEnable)
                  00002574    00000060     usblib.lib : usbbuffer.obj (.text:USBBufferEventCallback)
                  000025d4    00000060                : usbdenum.obj (.text:USBDReadAndDispatchRequest)
                  00002634    0000005e     driverlib.lib : usb.obj (.text:USBDevEndpointStatusClear)
                  00002692    0000005c     usblib.lib : usbdcdc.obj (.text:ProcessDataToHost)
                  000026ee    00000002     --HOLE-- [fill = 0]
                  000026f0    0000005c                : usbdenum.obj (.text:USBDStringIndexFromRequest)
                  0000274c    00000056                : usbdcdc.obj (.text:USBDCDCPacketWrite)
                  000027a2    00000054                : usbdcomp.obj (.text:HandleDevice)
                  000027f6    00000054                : usbdma.obj (.text:uDMAUSBChannelRelease)
                  0000284a    00000052                : usbulpi.obj (.text:ULPIConfigSet)
                  0000289c    00000050     driverlib.lib : sysctl.obj (.text:SysCtlPeripheralReset)
                  000028ec    00000050     usblib.lib : usbdcdesc.obj (.text:USBDCDConfigDescGet)
                  0000293c    00000050                : usbdenum.obj (.text:USBDeviceResumeTickHandler)
                  0000298c    00000050     rtsv7M4_T_le_v4SPD16_eabi.lib : boot.obj (.text)
                  000029dc    0000004c     usblib.lib : usbdcdesc.obj (.text:ConfigAlternateInterfaceGet)
                  00002a28    0000004c                : usbdconfig.obj (.text:GetEPDescriptorType)
                  00002a74    0000004c                : usbdcdc.obj (.text:HandleEndpoints)
                  00002ac0    0000004c     driverlib.lib : usb.obj (.text:USBDevEndpointStallClear)
                  00002b0c    0000004c                   : usb.obj (.text:USBEndpointDMAConfigSet)
                  00002b58    0000004c     rtsv7M4_T_le_v4SPD16_eabi.lib : cpy_tbl.obj (.text)
                  00002ba4    0000004a     usblib.lib : usbdma.obj (.text:iDMAUSBChannelEnable)
                  00002bee    0000004a                : usbdma.obj (.text:uDMAUSBChannelDisable)
                  00002c38    00000048     driverlib.lib : sysctl.obj (.text:_SysCtlFrequencyGet)
                  00002c80    00000048                   : udma.obj (.text:uDMAChannelAttributeDisable)
                  00002cc8    00000046     usblib.lib : usbdcdc.obj (.text:HandleEP0Data)
                  00002d0e    00000002     --HOLE-- [fill = 0]
                  00002d10    00000044                : usbdenum.obj (.text:USBDCDDeviceInfoInit)
                  00002d54    00000044                : usbdenum.obj (.text:USBDeviceEnumResetHandler)
                  00002d98    00000044     driverlib.lib : usb.obj (.text:USBEndpointDataGet)
                  00002ddc    00000044     rtsv7M4_T_le_v4SPD16_eabi.lib : exit.obj (.text)
                  00002e20    00000040     usblib.lib : usbdenum.obj (.text:USBDGetInterface)
                  00002e60    0000003a                : usbdcdesc.obj (.text:USBDCDConfigGetInterfaceEndpoint)
                  00002e9a    0000003a     driverlib.lib : usb.obj (.text:USBFIFOConfigSet)
                  00002ed4    0000003a     usblib.lib : usbdma.obj (.text:iDMAUSBChannelRelease)
                  00002f0e    00000038                : usbdcomp.obj (.text:EndpointToIndex)
                  00002f46    00000002     --HOLE-- [fill = 0]
                  00002f48    00000038     usb_dev_cserial.obj (.text:RxHandlerCmd)
                  00002f80    00000038     driverlib.lib : usb.obj (.text:USBIntStatusControl)
                  00002fb8    00000036     usblib.lib : usbdcomp.obj (.text:HandleDisconnect)
                  00002fee    00000036                : usbdcomp.obj (.text:ResetHandler)
                  00003024    00000036                : usbdcomp.obj (.text:ResumeHandler)
                  0000305a    00000036                : usbdcdc.obj (.text:SendBreak)
                  00003090    00000036                : usbdcomp.obj (.text:SuspendHandler)
                  000030c6    00000036                : usbringbuf.obj (.text:USBRingBufAdvanceWrite)
                  000030fc    00000034                : usbtick.obj (.text:InternalUSBRegisterTickHandler)
                  00003130    00000034                : usbtick.obj (.text:InternalUSBStartOfFrameTick)
                  00003164    00000034     driverlib.lib : sysctl.obj (.text:SysCtlPeripheralEnable)
                  00003198    00000034     usblib.lib : usbdma.obj (.text:iDMAUSBChannelStatus)
                  000031cc    00000032                : usbdcdc.obj (.text:HandleConfigChange)
                  000031fe    00000032                : usbdcomp.obj (.text:InterfaceChange)
                  00003230    00000032                : usbdcdesc.obj (.text:NextConfigDescGet)
                  00003262    00000032                : usbdcdc.obj (.text:ProcessNotificationToHost)
                  00003294    00000032     driverlib.lib : usb.obj (.text:USBDevEndpointStall)
                  000032c6    00000032     usblib.lib : usbdma.obj (.text:iDMAUSBChannelDisable)
                  000032f8    00000030                : usbdma.obj (.text:DMAUSBIntHandler)
                  00003328    00000030                : usbtick.obj (.text:InternalUSBTickInit)
                  00003358    00000030                : usbdenum.obj (.text:USBDGetConfiguration)
                  00003388    00000030     driverlib.lib : usb.obj (.text:USBEndpointDataPut)
                  000033b8    0000002e     usblib.lib : usbdcomp.obj (.text:ConfigChangeHandler)
                  000033e6    0000002e                : usbdcomp.obj (.text:HandleEndpoints)
                  00003414    0000002e                : usbdcdc.obj (.text:USBDCDCRxPacketAvailable)
                  00003442    0000002e     driverlib.lib : usb.obj (.text:USBEndpointDataSend)
                  00003470    0000002c     usblib.lib : usbdcomp.obj (.text:InterfaceToIndex)
                  0000349c    0000002c                : usbbuffer.obj (.text:USBBufferWrite)
                  000034c8    0000002c                : usbdesc.obj (.text:USBDescGet)
                  000034f4    0000002c                : usbdma.obj (.text:uDMAUSBIntStatus)
                  00003520    0000002a     driverlib.lib : gpio.obj (.text:GPIODirModeSet)
                  0000354a    0000002a     usblib.lib : usbdcdesc.obj (.text:USBDCDConfigDescGetNum)
                  00003574    00000028                : usbdesc.obj (.text:USBDescGetNum)
                  0000359c    00000028     driverlib.lib : usb.obj (.text:USBIntEnableControl)
                  000035c4    00000028     usblib.lib : usbringbuf.obj (.text:UpdateIndexAtomic)
                  000035ec    00000028     driverlib.lib : udma.obj (.text:uDMAChannelModeGet)
                  00003614    00000024     usblib.lib : usbbuffer.obj (.text:HandleRequestBuffer)
                  00003638    00000024                : usbbuffer.obj (.text:USBBufferRead)
                  0000365c    00000024                : usbdenum.obj (.text:USBDSetAddress)
                  00003680    00000024     driverlib.lib : usb.obj (.text:USBDevEndpointDataAck)
                  000036a4    00000024                   : usb.obj (.text:USBEndpointDMADisable)
                  000036c8    00000024                   : usb.obj (.text:USBEndpointDMAEnable)
                  000036ec    00000024                   : udma.obj (.text:uDMAChannelControlSet)
                  00003710    00000022     usblib.lib : usbdcomp.obj (.text:DataReceived)
                  00003732    00000022                : usbdcomp.obj (.text:DataSent)
                  00003754    00000022                : usbdcdc.obj (.text:HandleDisconnect)
                  00003776    00000022                : usbdcdc.obj (.text:SendLineCodingChange)
                  00003798    00000022                : usbdcdc.obj (.text:SendLineStateChange)
                  000037ba    00000022                : usbdma.obj (.text:uDMAUSBChannelStatus)
                  000037dc    00000020                : usbdconfig.obj (.text:GetEndpointFIFOSize)
                  000037fc    0000001e                : usbdcdc.obj (.text:CheckAndSendBreak)
                  0000381a    0000001e                : usbbuffer.obj (.text:HandleDataRemaining)
                  00003838    0000001e                : usbringbuf.obj (.text:USBRingBufAdvanceRead)
                  00003856    0000001e     driverlib.lib : usb.obj (.text:USBULPIRegRead)
                  00003874    0000001e                   : usb.obj (.text:USBULPIRegWrite)
                  00003892    0000001c     usblib.lib : usbdcomp.obj (.text:CompositeEPChange)
                  000038ae    0000001c                : usbdcomp.obj (.text:CompositeIfaceChange)
                  000038ca    0000001c                : usbdcdc.obj (.text:SetDeferredOpFlag)
                  000038e6    0000001c                : usbdcdesc.obj (.text:USBDCDConfigGetInterface)
                  00003902    00000002     --HOLE-- [fill = 0]
                  00003904    0000001c                : usbdenum.obj (.text:USBDCDStallEP0)
                  00003920    0000001c     driverlib.lib : usb.obj (.text:USBEndpointDataAvail)
                  0000393c    0000001c     usblib.lib : usbringbuf.obj (.text:USBRingBufContigFree)
                  00003958    0000001c     driverlib.lib : sysctl.obj (.text:_SysCtlMemTimingGet)
                  00003974    0000001a     usblib.lib : usbdcdc.obj (.text:DeviceConsumedAllData)
                  0000398e    0000001a     driverlib.lib : usb.obj (.text:USBEndpointDMAChannel)
                  000039a8    0000001a     usblib.lib : usbringbuf.obj (.text:USBRingBufRead)
                  000039c2    0000001a                : usbringbuf.obj (.text:USBRingBufReadOne)
                  000039dc    0000001a                : usbringbuf.obj (.text:USBRingBufWrite)
                  000039f6    00000002     --HOLE-- [fill = 0]
                  000039f8    00000018                : usbdhandler.obj (.text:USB0DeviceIntHandler)
                  00003a10    00000018                : usbdcdesc.obj (.text:USBDCDConfigDescGetSize)
                  00003a28    00000018                : usbdenum.obj (.text:USBDSetDescriptor)
                  00003a40    00000018                : usbdenum.obj (.text:USBDSyncFrame)
                  00003a58    00000018     rtsv7M4_T_le_v4SPD16_eabi.lib : args_main.obj (.text)
                  00003a70    00000018     driverlib.lib : udma.obj (.text:uDMAChannelDisable)
                  00003a88    00000018                   : udma.obj (.text:uDMAChannelEnable)
                  00003aa0    00000016     usblib.lib : usbdcdc.obj (.text:CheckAndSendLineCodingChange)
                  00003ab6    00000016                : usbdcdc.obj (.text:CheckAndSendLineStateChange)
                  00003acc    00000016                : usbbuffer.obj (.text:USBBufferInit)
                  00003ae2    00000016                : usbringbuf.obj (.text:USBRingBufUsed)
                  00003af8    00000014     driverlib.lib : sysctl.obj (.text:SysCtlUSBPLLEnable)
                  00003b0c    00000014     usblib.lib : usbdenum.obj (.text:USBDCDRequestDataEP0)
                  00003b20    00000014                : usbdenum.obj (.text:USBDCDSendDataEP0)
                  00003b34    00000014     driverlib.lib : usb.obj (.text:USBHostResume)
                  00003b48    00000014                   : usb.obj (.text:USBIntEnableEndpoint)
                  00003b5c    00000014     usblib.lib : usbringbuf.obj (.text:USBRingBufFlush)
                  00003b70    00000014     driverlib.lib : usb.obj (.text:_USBIndexWrite)
                  00003b84    00000014     rtsv7M4_T_le_v4SPD16_eabi.lib : _lock.obj (.text)
                  00003b98    00000012     driverlib.lib : gpio.obj (.text:GPIOPinTypeEthernetLED)
                  00003baa    00000006     usblib.lib : usbbuffer.obj (.text:USBBufferDataAvailable)
                  00003bb0    00000012     usb_dev_cserial.obj (.text:GetLineCoding)
                  00003bc2    00000012     usblib.lib : usbdcdc.obj (.text:HandleResume)
                  00003bd4    00000012                : usbdcdc.obj (.text:HandleSuspend)
                  00003be6    00000012                : usbbuffer.obj (.text:HandleTxComplete)
                  00003bf8    00000012     driverlib.lib : usb.obj (.text:USBDMAChannelConfigSet)
                  00003c0a    00000012                   : usb.obj (.text:USBDMAChannelDisable)
                  00003c1c    00000012                   : usb.obj (.text:USBDMAChannelEnable)
                  00003c2e    00000012                   : usb.obj (.text:USBDMAChannelIntDisable)
                  00003c40    00000012                   : usb.obj (.text:USBDMAChannelIntEnable)
                  00003c52    00000012     usblib.lib : usbringbuf.obj (.text:USBRingBufFree)
                  00003c64    00000012                : usbringbuf.obj (.text:USBRingBufWriteOne)
                  00003c76    00000010     driverlib.lib : usb.obj (.text:USBEndpointStatus)
                  00003c86    00000010     usblib.lib : usbringbuf.obj (.text:USBRingBufContigUsed)
                  00003c96    0000000e                : usbdma.obj (.text:DMAUSBIntStatusClear)
                  00003ca4    0000000e                : usbdcdc.obj (.text:USBDCDCTxPacketAvailable)
                  00003cb2    0000000e     driverlib.lib : usb.obj (.text:USBDMAChannelStatus)
                  00003cc0    0000000e                   : usb.obj (.text:USBDevLPMDisable)
                  00003cce    0000000e                   : usb.obj (.text:USBDevLPMEnable)
                  00003cdc    0000000e                   : usb.obj (.text:USBULPIDisable)
                  00003cea    0000000e                   : usb.obj (.text:USBULPIEnable)
                  00003cf8    0000000e     rtsv7M4_T_le_v4SPD16_eabi.lib : copy_decompress_none.obj (.text:decompress:none)
                  00003d06    0000000c     driverlib.lib : cpu.obj (.text:CPUcpsid)
                  00003d12    0000000c                   : cpu.obj (.text:CPUcpsie)
                  00003d1e    0000000c                   : usb.obj (.text:USBEndpointPacketCountSet)
                  00003d2a    0000000c                   : usb.obj (.text:USBLPMIntEnable)
                  00003d36    0000000c     usblib.lib : usbringbuf.obj (.text:USBRingBufInit)
                  00003d42    0000000c     rtsv7M4_T_le_v4SPD16_eabi.lib : copy_zero_init.obj (.text:decompress:ZI)
                  00003d4e    0000000a     driverlib.lib : interrupt.obj (.text:IntMasterDisable)
                  00003d58    0000000a                   : interrupt.obj (.text:IntMasterEnable)
                  00003d62    0000000a                   : usb.obj (.text:USBClockEnable)
                  00003d6c    0000000a                   : usb.obj (.text:USBControllerVersion)
                  00003d76    0000000a                   : usb.obj (.text:USBDMAChannelAddressSet)
                  00003d80    0000000a                   : usb.obj (.text:USBDMAChannelCountSet)
                  00003d8a    0000000a                   : usb.obj (.text:USBDevConnect)
                  00003d94    0000000a                   : usb.obj (.text:USBDevDisconnect)
                  00003d9e    0000000a                   : usb.obj (.text:USBIntStatusEndpoint)
                  00003da8    00000008                   : usb.obj (.text:USBDevMode)
                  00003db0    00000008                   : usb.obj (.text:USBFIFOAddrGet)
                  00003db8    00000008                   : usb.obj (.text:USBOTGMode)
                  00003dc0    00000008     usblib.lib : usbdma.obj (.text:iDMAUSBChannelIntDisable)
                  00003dc8    00000008                : usbdma.obj (.text:iDMAUSBChannelIntEnable)
                  00003dd0    00000006     startup_ccs.obj (.text:ResetISR)
                  00003dd6    00000006     usblib.lib : usbbuffer.obj (.text:USBBufferFlush)
                  00003ddc    00000006     driverlib.lib : usb.obj (.text:USBDMAChannelIntStatus)
                  00003de2    00000006                   : usb.obj (.text:USBDevLPMConfig)
                  00003de8    00000006                   : usb.obj (.text:USBLPMIntStatus)
                  00003dee    00000006     rtsv7M4_T_le_v4SPD16_eabi.lib : copy_decompress_rle.obj (.text:decompress:rle24)
                  00003df4    00000006     usblib.lib : usbdma.obj (.text:iDMAUSBIntStatus)
                  00003dfa    00000004                : usbdma.obj (.text:DMAUSBStatus)
                  00003dfe    00000002     --HOLE-- [fill = 0]
                  00003e00    00000004     usb_dev_cserial.obj (.text:TxHandlerEcho)
                  00003e04    00000004     driverlib.lib : usb.obj (.text:USBDevAddrSet)
                  00003e08    00000004     rtsv7M4_T_le_v4SPD16_eabi.lib : pre_init.obj (.text)
                  00003e0c    00000004     --HOLE-- [fill = 0]
                  00003e10    00000002     startup_ccs.obj (.text:FaultISR)
                  00003e12    00000006     --HOLE-- [fill = 0]
                  00003e18    00000002     startup_ccs.obj (.text:IntDefaultHandler)
                  00003e1a    00000006     --HOLE-- [fill = 0]
                  00003e20    00000002     startup_ccs.obj (.text:NmiSR)

.const     0    00003e24    0000046c     
                  00003e24    00000120     driverlib.lib : sysctl.obj (.const:g_pppui32XTALtoVCO)
                  00003f44    00000070                   : interrupt.obj (.const)
                  00003fb4    0000006c                   : sysctl.obj (.const:g_pui32Xtals)
                  00004020    00000038     usblib.lib : usbdcdc.obj (.const)
                  00004058    00000036     usb_structs.obj (.const:.string:g_pui8ConfigString)
                  0000408e    00000002     --HOLE-- [fill = 0]
                  00004090    00000034     usblib.lib : usbdenum.obj (.const:g_psUSBDStdRequests)
                  000040c4    00000030                : usbdcdc.obj (.const:g_sCDCHandlers)
                  000040f4    00000030                : usbdcomp.obj (.const:g_sCompHandlers)
                  00004124    00000030     driverlib.lib : sysctl.obj (.const:g_sXTALtoMEMTIM)
                  00004154    0000002c     usb_structs.obj (.const:.string:g_pui8ControlInterfaceString)
                  00004180    00000024     usb_structs.obj (.const:.string:g_pui8ManufacturerString)
                  000041a4    00000024     usb_structs.obj (.const:g_psRxBuffer)
                  000041c8    00000024     usb_structs.obj (.const:g_psTxBuffer)
                  000041ec    00000023     usblib.lib : usbdcdc.obj (.const:.string:g_pui8CDCSerCommInterface)
                  0000420f    00000022     usb_structs.obj (.const:.string:g_pui8ProductString)
                  00004231    00000003     --HOLE-- [fill = 0]
                  00004234    00000018     usb_structs.obj (.const)
                  0000424c    00000017     usblib.lib : usbdcdc.obj (.const:.string)
                  00004263    00000016     usb_structs.obj (.const:.string)
                  00004279    00000003     --HOLE-- [fill = 0]
                  0000427c    00000009     usblib.lib : usbdcomp.obj (.const:.string)
                  00004285    00000003     --HOLE-- [fill = 0]
                  00004288    00000008     driverlib.lib : sysctl.obj (.const)

.cinit     0    00004290    000000e0     
                  00004290    000000ba     (.cinit..data.load) [load image, compression = rle]
                  0000434a    00000002     --HOLE-- [fill = 0]
                  0000434c    0000000c     (__TI_handler_table)
                  00004358    00000008     (.cinit..bss.load) [load image, compression = zero_init]
                  00004360    00000010     (__TI_cinit_table)

.init_array 
*          0    00000000    00000000     UNINITIALIZED

.bss       0    20000000    000005a0     UNINITIALIZED
                  20000000    00000110     usblib.lib : usbdma.obj (.bss:g_psUSBDMAInst)
                  20000110    00000100     usb_dev_cserial.obj (.bss:g_pcCmdBuf)
                  20000210    00000100     usb_structs.obj (.bss:g_ppcUSBTxBuffer)
                  20000310    00000100     usb_structs.obj (.bss:g_ppui8USBRxBuffer)
                  20000410    00000084     usb_dev_cserial.obj (.bss:g_pucDescriptorData)
                  20000494    00000050     usblib.lib : usbdenum.obj (.bss:g_psDCDInst)
                  200004e4    00000040                : usbdenum.obj (.bss:g_pui8DataBufferIn)
                  20000524    00000030                : usbtick.obj (.bss)
                  20000554    00000018     (.common:g_ppucTxBufferWorkspace)
                  2000056c    00000018     (.common:g_ppui8RxBufferWorkspace)
                  20000584    0000000c     (.common:g_psCompEntries)
                  20000590    00000008                : usbdenum.obj (.bss)
                  20000598    00000004                : usbdcomp.obj (.bss)
                  2000059c    00000004     (.common:g_pcStatus)

.TI.noinit 
*          0    20000000    00000000     UNINITIALIZED

.stack     0    200005a0    00000400     UNINITIALIZED
                  200005a0    00000400     --HOLE--

.data      0    200009a0    00000178     UNINITIALIZED
                  200009a0    0000007c     usb_structs.obj (.data:g_sCompDevice)
                  20000a1c    00000060     usb_structs.obj (.data:g_psCDCDevice)
                  20000a7c    00000040     usblib.lib : usbdcdc.obj (.data)
                  20000abc    00000012                : usbdcomp.obj (.data)
                  20000ace    00000002     --HOLE--
                  20000ad0    00000011     usb_dev_cserial.obj (.data)
                  20000ae1    00000003     --HOLE--
                  20000ae4    0000000c     usblib.lib : usbtick.obj (.data)
                  20000af0    00000009                : usbmode.obj (.data)
                  20000af9    00000003     --HOLE--
                  20000afc    00000008     rtsv7M4_T_le_v4SPD16_eabi.lib : _lock.obj (.data)
                  20000b04    00000008                                   : exit.obj (.data)
                  20000b0c    00000008     usblib.lib : usbdenum.obj (.data)
                  20000b14    00000004     rtsv7M4_T_le_v4SPD16_eabi.lib : stkdepth_vars.obj (.data)

.TI.persistent 
*          0    200009a0    00000000     UNINITIALIZED


LINKER GENERATED COPY TABLES

__TI_cinit_table @ 00004360 records: 2, size/record: 8, table size: 16
	.data: load addr=00004290, load size=000000ba bytes, run addr=200009a0, run size=00000178 bytes, compression=rle
	.bss: load addr=00004358, load size=00000008 bytes, run addr=20000000, run size=000005a0 bytes, compression=zero_init


LINKER GENERATED HANDLER TABLE

__TI_handler_table @ 0000434c records: 3, size/record: 4, table size: 12
	index: 0, handler: __TI_decompress_rle24
	index: 1, handler: __TI_decompress_none
	index: 2, handler: __TI_zero_init


GLOBAL SYMBOLS: SORTED ALPHABETICALLY BY Name 

address   name                            
-------   ----                            
00000629  BuildCompositeDescriptor        
00002ddd  C$$EXIT                         
00003d07  CPUcpsid                        
00003d13  CPUcpsie                        
0000180d  CPUwfi                          
000014a9  ControlHandler                  
00003521  GPIODirModeSet                  
00000e7d  GPIOPadConfigSet                
00003b99  GPIOPinTypeEthernetLED          
000024b5  IntDisable                      
00002515  IntEnable                       
000022c9  IntIsEnabled                    
00003d4f  IntMasterDisable                
00003d59  IntMasterEnable                 
000030fd  InternalUSBRegisterTickHandler  
00003131  InternalUSBStartOfFrameTick     
00003329  InternalUSBTickInit             
00000201  PinoutSet                       
00002181  ProcessDataFromHost             
00002693  ProcessDataToHost               
00003263  ProcessNotificationToHost       
00003dd1  ResetISR                        
00002f49  RxHandlerCmd                    
UNDEFED   SHT$$INIT_ARRAY$$Base           
UNDEFED   SHT$$INIT_ARRAY$$Limit          
0000042d  SysCtlClockFreqSet              
00003165  SysCtlPeripheralEnable          
0000289d  SysCtlPeripheralReset           
0000180d  SysCtlSleep                     
00003af9  SysCtlUSBPLLEnable              
00003e01  TxHandlerEcho                   
0000284b  ULPIConfigSet                   
000039f9  USB0DeviceIntHandler            
00003bab  USBBufferDataAvailable          
00002575  USBBufferEventCallback          
00003dd7  USBBufferFlush                  
00003acd  USBBufferInit                   
00003639  USBBufferRead                   
0000349d  USBBufferWrite                  
00003d63  USBClockEnable                  
00003d6d  USBControllerVersion            
0000176d  USBDCDCCompositeInit            
00001b9f  USBDCDCPacketRead               
0000274d  USBDCDCPacketWrite              
00003415  USBDCDCRxPacketAvailable        
00003ca5  USBDCDCTxPacketAvailable        
000028ed  USBDCDConfigDescGet             
0000354b  USBDCDConfigDescGetNum          
00003a11  USBDCDConfigDescGetSize         
000038e7  USBDCDConfigGetInterface        
00002e61  USBDCDConfigGetInterfaceEndpoint
00002d11  USBDCDDeviceInfoInit            
00000ab5  USBDCDInit                      
00003b0d  USBDCDRequestDataEP0            
00003b21  USBDCDSendDataEP0               
00003905  USBDCDStallEP0                  
00001319  USBDCompositeInit               
00003d77  USBDMAChannelAddressSet         
00003bf9  USBDMAChannelConfigSet          
00003d81  USBDMAChannelCountSet           
00003c0b  USBDMAChannelDisable            
00003c1d  USBDMAChannelEnable             
00003c2f  USBDMAChannelIntDisable         
00003c41  USBDMAChannelIntEnable          
00003ddd  USBDMAChannelIntStatus          
00003cb3  USBDMAChannelStatus             
000034c9  USBDescGet                      
00003575  USBDescGetNum                   
00003e05  USBDevAddrSet                   
00003d8b  USBDevConnect                   
00003d95  USBDevDisconnect                
00001e51  USBDevEndpointConfigSet         
00003681  USBDevEndpointDataAck           
00003295  USBDevEndpointStall             
00002ac1  USBDevEndpointStallClear        
00002635  USBDevEndpointStatusClear       
00003de3  USBDevLPMConfig                 
00003cc1  USBDevLPMDisable                
00003ccf  USBDevLPMEnable                 
00003da9  USBDevMode                      
00000bfd  USBDeviceConfig                 
00001cbd  USBDeviceConfigAlternate        
00001171  USBDeviceEnumHandler            
00002d55  USBDeviceEnumResetHandler       
00000d3d  USBDeviceIntHandlerInternal     
0000293d  USBDeviceResumeTickHandler      
0000398f  USBEndpointDMAChannel           
00002b0d  USBEndpointDMAConfigSet         
000036a5  USBEndpointDMADisable           
000036c9  USBEndpointDMAEnable            
00003921  USBEndpointDataAvail            
00002d99  USBEndpointDataGet              
00003389  USBEndpointDataPut              
00003443  USBEndpointDataSend             
00003d1f  USBEndpointPacketCountSet       
00003c77  USBEndpointStatus               
00003db1  USBFIFOAddrGet                  
00002e9b  USBFIFOConfigSet                
00003b35  USBHostResume                   
0000359d  USBIntEnableControl             
00003b49  USBIntEnableEndpoint            
00002f81  USBIntStatusControl             
00003d9f  USBIntStatusEndpoint            
00003d2b  USBLPMIntEnable                 
00003de9  USBLPMIntStatus                 
00000801  USBLibDMAInit                   
00003db9  USBOTGMode                      
00003839  USBRingBufAdvanceRead           
000030c7  USBRingBufAdvanceWrite          
0000393d  USBRingBufContigFree            
00003c87  USBRingBufContigUsed            
00003b5d  USBRingBufFlush                 
00003c53  USBRingBufFree                  
00003d37  USBRingBufInit                  
000039a9  USBRingBufRead                  
000039c3  USBRingBufReadOne               
00003ae3  USBRingBufUsed                  
000039dd  USBRingBufWrite                 
00003c65  USBRingBufWriteOne              
00003cdd  USBULPIDisable                  
00003ceb  USBULPIEnable                   
00003857  USBULPIRegRead                  
00003875  USBULPIRegWrite                 
200009a0  __STACK_END                     
00000400  __STACK_SIZE                    
200009a0  __STACK_TOP                     
00004360  __TI_CINIT_Base                 
00004370  __TI_CINIT_Limit                
0000434c  __TI_Handler_Table_Base         
00004358  __TI_Handler_Table_Limit        
000021f1  __TI_auto_init                  
20000b04  __TI_cleanup_ptr                
00003cf9  __TI_decompress_none            
00003def  __TI_decompress_rle24           
20000b08  __TI_dtors_ptr                  
00000000  __TI_static_base__              
00003d43  __TI_zero_init                  
00001ecb  __aeabi_memclr                  
00001ecb  __aeabi_memclr4                 
00001ecb  __aeabi_memclr8                 
000018af  __aeabi_memcpy                  
000018af  __aeabi_memcpy4                 
000018af  __aeabi_memcpy8                 
00001ecd  __aeabi_memset                  
00001ecd  __aeabi_memset4                 
00001ecd  __aeabi_memset8                 
ffffffff  __binit__                       
ffffffff  __c_args__                      
200005a0  __stack                         
00003a59  _args_main                      
0000298d  _c_int00                        
20000afc  _lock                           
00003b93  _nop                            
00003b8b  _register_lock                  
00003b85  _register_unlock                
00003e09  _system_pre_init                
20000b00  _unlock                         
00002de1  abort                           
ffffffff  binit                           
00002b59  copy_in                         
00002de9  exit                            
20000ae4  g_bUSBTimerInitialized          
20000af0  g_iUSBMode                      
00004054  g_pCDCCompSerConfigDescriptors  
2000059c  g_pcStatus                      
20000524  g_pfnTickHandlers               
00000000  g_pfnVectors                    
00004050  g_ppCDCSerConfigDescriptors     
20000598  g_ppCompConfigDescriptors       
20000210  g_ppcUSBTxBuffer                
20000594  g_ppsDevInfo                    
20000554  g_ppucTxBufferWorkspace         
2000056c  g_ppui8RxBufferWorkspace        
20000310  g_ppui8USBRxBuffer              
20000aac  g_psCDCCompSerSections          
20000a1c  g_psCDCDevice                   
20000aa0  g_psCDCSerSections              
20000584  g_psCompEntries                 
20000494  g_psDCDInst                     
000041a4  g_psRxBuffer                    
000041c8  g_psTxBuffer                    
20000410  g_pucDescriptorData             
000041ec  g_pui8CDCSerCommInterface       
0000424c  g_pui8CDCSerDataInterface       
20000a8e  g_pui8CDCSerDescriptor          
20000a7c  g_pui8CDCSerDeviceDescriptor    
00004058  g_pui8ConfigString              
00004154  g_pui8ControlInterfaceString    
20000a97  g_pui8IADSerDescriptor          
00004263  g_pui8LangDescriptor            
00004180  g_pui8ManufacturerString        
0000420f  g_pui8ProductString             
00004267  g_pui8SerialNumberString        
00004234  g_pui8StringDescriptors         
2000053c  g_pvTickInstance                
00004048  g_sCDCCompSerConfigHeader       
000040c4  g_sCDCHandlers                  
00004030  g_sCDCSerCommInterfaceSection   
00004040  g_sCDCSerConfigHeader           
00004020  g_sCDCSerConfigSection          
00004038  g_sCDCSerDataInterfaceSection   
200009a0  g_sCompDevice                   
000040f4  g_sCompHandlers                 
00004028  g_sIADSerConfigSection          
20000ae8  g_ui32CurrentUSBTick            
20000adc  g_ui32Flags                     
20000ad0  g_ui32SysClock                  
20000ad8  g_ui32UARTRxCount               
20000ad4  g_ui32UARTTxCount               
20000aec  g_ui32USBSOFCount               
20000af4  g_ui32WaitTicks                 
00001811  main                            
20000b14  main_func_sp                    
000018af  memcpy                          
00001ed3  memset                          
00002c81  uDMAChannelAttributeDisable     
000036ed  uDMAChannelControlSet           
00003a71  uDMAChannelDisable              
00003a89  uDMAChannelEnable               
000035ed  uDMAChannelModeGet              
00001dd1  uDMAChannelTransferSet          


GLOBAL SYMBOLS: SORTED BY Symbol Address 

address   name                            
-------   ----                            
00000000  __TI_static_base__              
00000000  g_pfnVectors                    
00000201  PinoutSet                       
00000400  __STACK_SIZE                    
0000042d  SysCtlClockFreqSet              
00000629  BuildCompositeDescriptor        
00000801  USBLibDMAInit                   
00000ab5  USBDCDInit                      
00000bfd  USBDeviceConfig                 
00000d3d  USBDeviceIntHandlerInternal     
00000e7d  GPIOPadConfigSet                
00001171  USBDeviceEnumHandler            
00001319  USBDCompositeInit               
000014a9  ControlHandler                  
0000176d  USBDCDCCompositeInit            
0000180d  CPUwfi                          
0000180d  SysCtlSleep                     
00001811  main                            
000018af  __aeabi_memcpy                  
000018af  __aeabi_memcpy4                 
000018af  __aeabi_memcpy8                 
000018af  memcpy                          
00001b9f  USBDCDCPacketRead               
00001cbd  USBDeviceConfigAlternate        
00001dd1  uDMAChannelTransferSet          
00001e51  USBDevEndpointConfigSet         
00001ecb  __aeabi_memclr                  
00001ecb  __aeabi_memclr4                 
00001ecb  __aeabi_memclr8                 
00001ecd  __aeabi_memset                  
00001ecd  __aeabi_memset4                 
00001ecd  __aeabi_memset8                 
00001ed3  memset                          
00002181  ProcessDataFromHost             
000021f1  __TI_auto_init                  
000022c9  IntIsEnabled                    
000024b5  IntDisable                      
00002515  IntEnable                       
00002575  USBBufferEventCallback          
00002635  USBDevEndpointStatusClear       
00002693  ProcessDataToHost               
0000274d  USBDCDCPacketWrite              
0000284b  ULPIConfigSet                   
0000289d  SysCtlPeripheralReset           
000028ed  USBDCDConfigDescGet             
0000293d  USBDeviceResumeTickHandler      
0000298d  _c_int00                        
00002ac1  USBDevEndpointStallClear        
00002b0d  USBEndpointDMAConfigSet         
00002b59  copy_in                         
00002c81  uDMAChannelAttributeDisable     
00002d11  USBDCDDeviceInfoInit            
00002d55  USBDeviceEnumResetHandler       
00002d99  USBEndpointDataGet              
00002ddd  C$$EXIT                         
00002de1  abort                           
00002de9  exit                            
00002e61  USBDCDConfigGetInterfaceEndpoint
00002e9b  USBFIFOConfigSet                
00002f49  RxHandlerCmd                    
00002f81  USBIntStatusControl             
000030c7  USBRingBufAdvanceWrite          
000030fd  InternalUSBRegisterTickHandler  
00003131  InternalUSBStartOfFrameTick     
00003165  SysCtlPeripheralEnable          
00003263  ProcessNotificationToHost       
00003295  USBDevEndpointStall             
00003329  InternalUSBTickInit             
00003389  USBEndpointDataPut              
00003415  USBDCDCRxPacketAvailable        
00003443  USBEndpointDataSend             
0000349d  USBBufferWrite                  
000034c9  USBDescGet                      
00003521  GPIODirModeSet                  
0000354b  USBDCDConfigDescGetNum          
00003575  USBDescGetNum                   
0000359d  USBIntEnableControl             
000035ed  uDMAChannelModeGet              
00003639  USBBufferRead                   
00003681  USBDevEndpointDataAck           
000036a5  USBEndpointDMADisable           
000036c9  USBEndpointDMAEnable            
000036ed  uDMAChannelControlSet           
00003839  USBRingBufAdvanceRead           
00003857  USBULPIRegRead                  
00003875  USBULPIRegWrite                 
000038e7  USBDCDConfigGetInterface        
00003905  USBDCDStallEP0                  
00003921  USBEndpointDataAvail            
0000393d  USBRingBufContigFree            
0000398f  USBEndpointDMAChannel           
000039a9  USBRingBufRead                  
000039c3  USBRingBufReadOne               
000039dd  USBRingBufWrite                 
000039f9  USB0DeviceIntHandler            
00003a11  USBDCDConfigDescGetSize         
00003a59  _args_main                      
00003a71  uDMAChannelDisable              
00003a89  uDMAChannelEnable               
00003acd  USBBufferInit                   
00003ae3  USBRingBufUsed                  
00003af9  SysCtlUSBPLLEnable              
00003b0d  USBDCDRequestDataEP0            
00003b21  USBDCDSendDataEP0               
00003b35  USBHostResume                   
00003b49  USBIntEnableEndpoint            
00003b5d  USBRingBufFlush                 
00003b85  _register_unlock                
00003b8b  _register_lock                  
00003b93  _nop                            
00003b99  GPIOPinTypeEthernetLED          
00003bab  USBBufferDataAvailable          
00003bf9  USBDMAChannelConfigSet          
00003c0b  USBDMAChannelDisable            
00003c1d  USBDMAChannelEnable             
00003c2f  USBDMAChannelIntDisable         
00003c41  USBDMAChannelIntEnable          
00003c53  USBRingBufFree                  
00003c65  USBRingBufWriteOne              
00003c77  USBEndpointStatus               
00003c87  USBRingBufContigUsed            
00003ca5  USBDCDCTxPacketAvailable        
00003cb3  USBDMAChannelStatus             
00003cc1  USBDevLPMDisable                
00003ccf  USBDevLPMEnable                 
00003cdd  USBULPIDisable                  
00003ceb  USBULPIEnable                   
00003cf9  __TI_decompress_none            
00003d07  CPUcpsid                        
00003d13  CPUcpsie                        
00003d1f  USBEndpointPacketCountSet       
00003d2b  USBLPMIntEnable                 
00003d37  USBRingBufInit                  
00003d43  __TI_zero_init                  
00003d4f  IntMasterDisable                
00003d59  IntMasterEnable                 
00003d63  USBClockEnable                  
00003d6d  USBControllerVersion            
00003d77  USBDMAChannelAddressSet         
00003d81  USBDMAChannelCountSet           
00003d8b  USBDevConnect                   
00003d95  USBDevDisconnect                
00003d9f  USBIntStatusEndpoint            
00003da9  USBDevMode                      
00003db1  USBFIFOAddrGet                  
00003db9  USBOTGMode                      
00003dd1  ResetISR                        
00003dd7  USBBufferFlush                  
00003ddd  USBDMAChannelIntStatus          
00003de3  USBDevLPMConfig                 
00003de9  USBLPMIntStatus                 
00003def  __TI_decompress_rle24           
00003e01  TxHandlerEcho                   
00003e05  USBDevAddrSet                   
00003e09  _system_pre_init                
00004020  g_sCDCSerConfigSection          
00004028  g_sIADSerConfigSection          
00004030  g_sCDCSerCommInterfaceSection   
00004038  g_sCDCSerDataInterfaceSection   
00004040  g_sCDCSerConfigHeader           
00004048  g_sCDCCompSerConfigHeader       
00004050  g_ppCDCSerConfigDescriptors     
00004054  g_pCDCCompSerConfigDescriptors  
00004058  g_pui8ConfigString              
000040c4  g_sCDCHandlers                  
000040f4  g_sCompHandlers                 
00004154  g_pui8ControlInterfaceString    
00004180  g_pui8ManufacturerString        
000041a4  g_psRxBuffer                    
000041c8  g_psTxBuffer                    
000041ec  g_pui8CDCSerCommInterface       
0000420f  g_pui8ProductString             
00004234  g_pui8StringDescriptors         
0000424c  g_pui8CDCSerDataInterface       
00004263  g_pui8LangDescriptor            
00004267  g_pui8SerialNumberString        
0000434c  __TI_Handler_Table_Base         
00004358  __TI_Handler_Table_Limit        
00004360  __TI_CINIT_Base                 
00004370  __TI_CINIT_Limit                
20000210  g_ppcUSBTxBuffer                
20000310  g_ppui8USBRxBuffer              
20000410  g_pucDescriptorData             
20000494  g_psDCDInst                     
20000524  g_pfnTickHandlers               
2000053c  g_pvTickInstance                
20000554  g_ppucTxBufferWorkspace         
2000056c  g_ppui8RxBufferWorkspace        
20000584  g_psCompEntries                 
20000594  g_ppsDevInfo                    
20000598  g_ppCompConfigDescriptors       
2000059c  g_pcStatus                      
200005a0  __stack                         
200009a0  __STACK_END                     
200009a0  __STACK_TOP                     
200009a0  g_sCompDevice                   
20000a1c  g_psCDCDevice                   
20000a7c  g_pui8CDCSerDeviceDescriptor    
20000a8e  g_pui8CDCSerDescriptor          
20000a97  g_pui8IADSerDescriptor          
20000aa0  g_psCDCSerSections              
20000aac  g_psCDCCompSerSections          
20000ad0  g_ui32SysClock                  
20000ad4  g_ui32UARTTxCount               
20000ad8  g_ui32UARTRxCount               
20000adc  g_ui32Flags                     
20000ae4  g_bUSBTimerInitialized          
20000ae8  g_ui32CurrentUSBTick            
20000aec  g_ui32USBSOFCount               
20000af0  g_iUSBMode                      
20000af4  g_ui32WaitTicks                 
20000afc  _lock                           
20000b00  _unlock                         
20000b04  __TI_cleanup_ptr                
20000b08  __TI_dtors_ptr                  
20000b14  main_func_sp                    
ffffffff  __binit__                       
ffffffff  __c_args__                      
ffffffff  binit                           
UNDEFED   SHT$$INIT_ARRAY$$Base           
UNDEFED   SHT$$INIT_ARRAY$$Limit          

[221 symbols]
